    Updating git repository `https://github.com/schungx/rustyline`
    Updating crates.io index
    Updating git repository `https://gitlab.com/jD91mZM2/no-std-compat.git`
 Downloading crates ...
  Downloaded autocfg v1.5.1
  Downloaded getrandom v0.2.17
  Downloaded ipnet v2.12.2
  Downloaded itoa v1.0.15
  Downloaded fs-set-times v0.20.3
  Downloaded cfg-if v1.0.5
  Downloaded const-random-macro v0.1.16
  Downloaded crunchy v0.2.4
  Downloaded const-random v0.1.18
  Downloaded ambient-authority v0.0.2
  Downloaded version_check v0.9.5
  Downloaded maybe-owned v0.3.4
  Downloaded byteorder v1.5.0
  Downloaded ahash v0.8.12
  Downloaded rustix-linux-procfs v0.1.1
  Downloaded static_assertions v1.1.0
  Downloaded tiny-keccak v2.0.2
  Downloaded io-lifetimes v2.0.4
  Downloaded io-lifetimes v3.0.1
  Downloaded smartstring v1.0.1
  Downloaded paste v1.0.15
  Downloaded cap-std v4.0.3
  Downloaded io-extras v0.19.0
  Downloaded quote v1.0.41
  Downloaded smallvec v1.16.2
  Downloaded once_cell v1.21.4
  Downloaded unicode-ident v1.0.22
  Downloaded ryu v1.0.20
  Downloaded thin-vec v0.2.19
  Downloaded rmp v0.8.14
  Downloaded bitflags v2.13.2
  Downloaded proc-macro2 v1.0.103
  Downloaded serde_core v1.0.229
  Downloaded num-traits v0.2.19
  Downloaded getrandom v0.3.4
  Downloaded rmp-serde v1.3.0
  Downloaded errno v0.3.14
  Downloaded cap-primitives v4.0.3
  Downloaded serde v1.0.229
  Downloaded memchr v2.8.3
  Downloaded serde_json v1.0.145
  Downloaded portable-atomic v1.15.0
  Downloaded zerocopy v0.8.59
  Downloaded syn v2.0.106
  Downloaded rustix v1.1.5
  Downloaded libc v0.2.189
  Downloaded linux-raw-sys v0.12.1
 Downloading crates ...
  Downloaded web-time v1.1.0
   Compiling autocfg v1.5.1
   Compiling portable-atomic v1.15.0
   Compiling libc v0.2.189
   Compiling rustix v1.1.5
   Compiling version_check v0.9.5
   Compiling crunchy v0.2.4
   Compiling tiny-keccak v2.0.2
   Compiling proc-macro2 v1.0.103
   Compiling cfg-if v1.0.5
   Compiling io-lifetimes v2.0.4
   Compiling io-lifetimes v3.0.1
   Compiling linux-raw-sys v0.12.1
   Compiling bitflags v2.13.2
   Compiling once_cell v1.21.4
   Compiling num-traits v0.2.19
   Compiling io-extras v0.19.0
   Compiling unicode-ident v1.0.22
   Compiling quote v1.0.41
   Compiling getrandom v0.2.17
   Compiling cap-primitives v4.0.3
   Compiling getrandom v0.3.4
   Compiling zerocopy v0.8.59
   Compiling serde_core v1.0.229
   Compiling const-random-macro v0.1.16
   Compiling fs-set-times v0.20.3
   Compiling rustix-linux-procfs v0.1.1
   Compiling ahash v0.8.12
   Compiling smartstring v1.0.1
   Compiling cap-std v4.0.3
   Compiling ambient-authority v0.0.2
   Compiling ipnet v2.12.2
   Compiling maybe-owned v0.3.4
   Compiling paste v1.0.15
   Compiling syn v2.0.106
   Compiling const-random v0.1.18
   Compiling static_assertions v1.1.0
   Compiling serde v1.0.229
   Compiling rhai v1.26.1 (/var/roothome/.local/share/agent-builds/rhai/x24-trywait-msrv-20261007-2cd5d0062869/agent-build-8yh1q7qo/source)
   Compiling rhai_codegen v3.2.0 (/var/roothome/.local/share/agent-builds/rhai/x24-trywait-msrv-20261007-2cd5d0062869/agent-build-8yh1q7qo/source/codegen)
   Compiling thin-vec v0.2.19
   Compiling serde_json v1.0.145
   Compiling byteorder v1.5.0
   Compiling smallvec v1.16.2
   Compiling rmp v0.8.14
   Compiling memchr v2.8.3
   Compiling itoa v1.0.15
   Compiling ryu v1.0.20
warning: the item `TryFrom` is imported redundantly
   --> src/func/func_call.rs:291:21
    |
291 |                 use std::convert::TryFrom;
    |                     ^^^^^^^^^^^^^^^^^^^^^
   --> /rustc/25ef9e3d85d934b27d9dada2f9dd52b1dc63bb04/library/std/src/prelude/mod.rs:129:13
    |
    = note: the item `TryFrom` is already defined here
    |
    = note: `#[warn(unused_imports)]` on by default

   Compiling rmp-serde v1.3.0
warning: variable does not need to be mutable
   --> src/packages/sys/process/unix.rs:678:13
    |
678 |         let mut wait_operation = "wait for child";
    |             ----^^^^^^^^^^^^^^
    |             |
    |             help: remove this `mut`
    |
    = note: `#[warn(unused_mut)]` on by default

warning: unused variable: `termination`
    --> src/packages/sys/process/unix.rs:1118:22
     |
1118 |                 let (termination, _operation) = if self.managed {
     |                      ^^^^^^^^^^^ help: if this is intentional, prefix it with an underscore: `_termination`
     |
     = note: `#[warn(unused_variables)]` on by default

warning: variable does not need to be mutable
    --> src/packages/sys/process/unix.rs:2192:9
     |
2192 |     let mut child =
     |         ----^^^^^
     |         |
     |         help: remove this `mut`

warning: variable does not need to be mutable
    --> src/packages/sys/process/unix.rs:2514:9
     |
2514 |     let mut pending = input.unwrap_or_default();
     |         ----^^^^^^^
     |         |
     |         help: remove this `mut`

warning: variant `OnlyZombieLeader` is never constructed
  --> src/packages/sys/process/unix.rs:50:5
   |
47 | enum GroupCloseOutcome {
   |      ----------------- variant in this enum
...
50 |     OnlyZombieLeader,
   |     ^^^^^^^^^^^^^^^^
   |
   = note: `GroupCloseOutcome` has derived impls for the traits `Clone` and `Debug`, but these are intentionally ignored during dead code analysis
   = note: `#[warn(dead_code)]` on by default

warning: methods `numeric_operations_probe`, `quarantine_observations_probe`, and `fail_reservation` are never used
    --> src/packages/sys/process/unix.rs:1536:8
     |
1409 | impl ExecutionFaults {
     | -------------------- methods in this implementation
...
1536 |     fn numeric_operations_probe(&self) -> Option<Arc<AtomicUsize>> {
     |        ^^^^^^^^^^^^^^^^^^^^^^^^
...
1547 |     fn quarantine_observations_probe(&self) -> Option<Arc<AtomicUsize>> {
     |        ^^^^^^^^^^^^^^^^^^^^^^^^^^^^^
...
1572 |     fn fail_reservation(&self) -> bool {
     |        ^^^^^^^^^^^^^^^^

warning: `rhai` (lib) generated 7 warnings (run `cargo fix --lib -p rhai` to apply 4 suggestions)
warning: unused import: `PathBuf`
 --> src/bin/rhai-run.rs:8:18
  |
8 |     path::{Path, PathBuf},
  |                  ^^^^^^^
  |
  = note: `#[warn(unused_imports)]` on by default

warning: variable does not need to be mutable
    --> tests/sys_process.rs:1022:9
     |
1022 |     let mut holder = command.spawn().expect("start escaped captured-pipe holder");
     |         ----^^^^^^
     |         |
     |         help: remove this `mut`
     |
     = note: `#[warn(unused_mut)]` on by default

warning: value assigned to `incomplete` is never read
    --> tests/sys_process.rs:1439:17
     |
1439 |         let mut incomplete = false;
     |                 ^^^^^^^^^^
     |
     = help: maybe it is overwritten before being read?
     = note: `#[warn(unused_assignments)]` on by default

warning: unused variable: `state`
    --> tests/sys_process.rs:1741:26
     |
1741 |                 Ok(Some((state, parent, group, start)))
     |                          ^^^^^ help: if this is intentional, prefix it with an underscore: `_state`
     |
     = note: `#[warn(unused_variables)]` on by default

warning: variable does not need to be mutable
    --> tests/sys_process.rs:2334:9
     |
2334 |     let mut sentinel = managed_spawn_sentinel();
     |         ----^^^^^^^^
     |         |
     |         help: remove this `mut`

warning: variable does not need to be mutable
    --> tests/sys_process.rs:2442:9
     |
2442 |     let mut sentinel = managed_spawn_sentinel();
     |         ----^^^^^^^^
     |         |
     |         help: remove this `mut`

warning: variable does not need to be mutable
    --> tests/sys_process.rs:2632:9
     |
2632 |     let mut sentinel = Sentinel(
     |         ----^^^^^^^^
     |         |
     |         help: remove this `mut`

warning: variable does not need to be mutable
    --> tests/sys_process.rs:2763:9
     |
2763 |     let mut sentinel = managed_spawn_sentinel();
     |         ----^^^^^^^^
     |         |
     |         help: remove this `mut`

warning: variable does not need to be mutable
    --> tests/sys_process.rs:2931:9
     |
2931 |     let mut sentinel = Sentinel(
     |         ----^^^^^^^^
     |         |
     |         help: remove this `mut`

warning: variable does not need to be mutable
    --> tests/sys_process.rs:3071:9
     |
3071 |     let mut sentinel = Sentinel(
     |         ----^^^^^^^^
     |         |
     |         help: remove this `mut`

warning: constant `DIRECT_DROP_RECORD_ENV` is never used
  --> tests/sys_process.rs:40:7
   |
40 | const DIRECT_DROP_RECORD_ENV: &str = "RHAI_SYS_DIRECT_DROP_RECORD";
   |       ^^^^^^^^^^^^^^^^^^^^^^
   |
   = note: `#[warn(dead_code)]` on by default

warning: unused `Dynamic` that must be used
   --> tests/fixtures/sys_process_shared_child_contract.rs:260:5
    |
260 |     engine.eval_with_scope::<Dynamic>(&mut scope, "child.kill()").expect("kill after completion is idempotent");
    |     ^^^^^^^^^^^^^^^^^^^^^^^^^^^^^^^^^^^^^^^^^^^^^^^^^^^^^^^^^^^^^^^^^^^^^^^^^^^^^^^^^^^^^^^^^^^^^^^^^^^^^^^^^^^
    |
    = note: `#[warn(unused_must_use)]` on by default
help: use `let _ = ...` to ignore the resulting value
    |
260 |     let _ = engine.eval_with_scope::<Dynamic>(&mut scope, "child.kill()").expect("kill after completion is idempotent");
    |     +++++++

warning: unused `Dynamic` that must be used
   --> tests/fixtures/sys_process_shared_child_contract.rs:261:5
    |
261 |     engine.eval_with_scope::<Dynamic>(&mut scope, "child.kill()").expect("repeated kill after completion is idempotent");
    |     ^^^^^^^^^^^^^^^^^^^^^^^^^^^^^^^^^^^^^^^^^^^^^^^^^^^^^^^^^^^^^^^^^^^^^^^^^^^^^^^^^^^^^^^^^^^^^^^^^^^^^^^^^^^^^^^^^^^^
    |
help: use `let _ = ...` to ignore the resulting value
    |
261 |     let _ = engine.eval_with_scope::<Dynamic>(&mut scope, "child.kill()").expect("repeated kill after completion is idempotent");
    |     +++++++

warning: `rhai` (bin "rhai-run") generated 1 warning (run `cargo fix --bin "rhai-run"` to apply 1 suggestion)
warning: `rhai` (test "sys_process") generated 12 warnings (run `cargo fix --test "sys_process"` to apply 8 suggestions)
    Finished test [unoptimized + debuginfo] target(s) in 18.35s
     Running tests/sys_process.rs (/var/roothome/.local/share/agent-builds/rhai/x24-trywait-msrv-20261007-2cd5d0062869/agent-build-8yh1q7qo/target/debug/deps/sys_process-2037c14dd2370964)
x24_running pid=44409 alive_before_try_wait=true result_is_unit=true
x24_post_exit_try_wait pid=44409 result_observed_before_wait=true code=0 success=true
x24_finished pid=44409 wait_code=0 try_wait_code=0 success=true reaped_esrch=true
