    Updating git repository `https://github.com/schungx/rustyline`
    Updating crates.io index
    Updating git repository `https://gitlab.com/jD91mZM2/no-std-compat.git`
 Downloading crates ...
  Downloaded ahash v0.8.12
  Downloaded autocfg v1.5.1
  Downloaded getrandom v0.2.17
  Downloaded const-random v0.1.18
  Downloaded ambient-authority v0.0.2
  Downloaded crunchy v0.2.4
  Downloaded const-random-macro v0.1.16
  Downloaded fs-set-times v0.20.3
  Downloaded errno v0.3.14
  Downloaded cfg-if v1.0.5
  Downloaded cap-std v4.0.3
  Downloaded maybe-owned v0.3.4
  Downloaded version_check v0.9.5
  Downloaded itoa v1.0.15
  Downloaded byteorder v1.5.0
  Downloaded paste v1.0.15
  Downloaded rustix-linux-procfs v0.1.1
  Downloaded rmp v0.8.14
  Downloaded static_assertions v1.1.0
  Downloaded io-lifetimes v3.0.1
  Downloaded quote v1.0.41
  Downloaded smartstring v1.0.1
  Downloaded tiny-keccak v2.0.2
  Downloaded unicode-ident v1.0.22
  Downloaded ipnet v2.12.2
  Downloaded io-lifetimes v2.0.4
  Downloaded once_cell v1.21.4
  Downloaded ryu v1.0.20
  Downloaded bitflags v2.13.2
  Downloaded smallvec v1.16.2
  Downloaded rmp-serde v1.3.0
  Downloaded io-extras v0.19.0
  Downloaded getrandom v0.3.4
  Downloaded num-traits v0.2.19
  Downloaded thin-vec v0.2.19
  Downloaded serde_core v1.0.229
  Downloaded cap-primitives v4.0.3
  Downloaded serde v1.0.229
  Downloaded proc-macro2 v1.0.103
  Downloaded memchr v2.8.3
  Downloaded serde_json v1.0.145
  Downloaded portable-atomic v1.15.0
  Downloaded syn v2.0.106
  Downloaded zerocopy v0.8.59
  Downloaded rustix v1.1.5
  Downloaded libc v0.2.189
  Downloaded linux-raw-sys v0.12.1
 Downloading crates ...
  Downloaded web-time v1.1.0
 Downloading crates ...
  Downloaded windows-sys v0.59.0
   Compiling autocfg v1.5.1
   Compiling portable-atomic v1.15.0
   Compiling crunchy v0.2.4
   Compiling libc v0.2.189
   Compiling rustix v1.1.5
   Compiling version_check v0.9.5
   Compiling io-lifetimes v2.0.4
   Compiling bitflags v2.13.2
   Compiling cfg-if v1.0.5
   Compiling proc-macro2 v1.0.103
   Compiling tiny-keccak v2.0.2
   Compiling io-lifetimes v3.0.1
   Compiling linux-raw-sys v0.12.1
   Compiling once_cell v1.21.4
   Compiling num-traits v0.2.19
   Compiling serde_core v1.0.229
   Compiling unicode-ident v1.0.22
   Compiling io-extras v0.19.0
   Compiling quote v1.0.41
   Compiling getrandom v0.2.17
   Compiling getrandom v0.3.4
   Compiling zerocopy v0.8.59
   Compiling cap-primitives v4.0.3
   Compiling paste v1.0.15
   Compiling const-random-macro v0.1.16
   Compiling fs-set-times v0.20.3
   Compiling rustix-linux-procfs v0.1.1
   Compiling smartstring v1.0.1
   Compiling ahash v0.8.12
   Compiling serde v1.0.229
   Compiling ambient-authority v0.0.2
   Compiling cap-std v4.0.3
   Compiling ipnet v2.12.2
   Compiling maybe-owned v0.3.4
   Compiling syn v2.0.106
   Compiling const-random v0.1.18
   Compiling byteorder v1.5.0
   Compiling serde_json v1.0.145
   Compiling static_assertions v1.1.0
   Compiling rhai v1.26.1 (/var/roothome/.local/share/agent-builds/rhai/linux-integer-example-edafd90d56a14a1c803e90ffbf8293c3/agent-build-mk391jtj/source)
   Compiling rmp v0.8.14
   Compiling rhai_codegen v3.2.0 (/var/roothome/.local/share/agent-builds/rhai/linux-integer-example-edafd90d56a14a1c803e90ffbf8293c3/agent-build-mk391jtj/source/codegen)
   Compiling itoa v1.0.15
   Compiling memchr v2.8.3
   Compiling ryu v1.0.20
   Compiling smallvec v1.16.2
   Compiling thin-vec v0.2.19
   Compiling rmp-serde v1.3.0
    Finished dev [unoptimized + debuginfo] target(s) in 22.04s
