    Updating git repository `https://github.com/schungx/rustyline`
    Updating crates.io index
    Updating git repository `https://gitlab.com/jD91mZM2/no-std-compat.git`
     Locking 130 packages to latest compatible versions
      Adding getrandom v0.3.4 (available: v0.4.3)
      Adding hashbrown v0.16.1 (available: v0.17.1)
      Adding syn v2.0.119 (available: v3.0.6)
 Downloading crates ...
  Downloaded cfg-if v1.0.5
  Downloaded itoa v1.0.18
  Downloaded version_check v0.9.5
  Downloaded crunchy v0.2.4
  Downloaded const-random v0.1.18
  Downloaded zmij v1.0.23
  Downloaded static_assertions v1.1.0
  Downloaded autocfg v1.5.1
  Downloaded smartstring v1.0.1
  Downloaded getrandom v0.2.17
  Downloaded thin-vec v0.2.20
  Downloaded num-traits v0.2.19
  Downloaded unicode-ident v1.0.26
  Downloaded proc-macro2 v1.0.107
  Downloaded serde v1.0.229
  Downloaded memchr v2.8.3
  Downloaded bitflags v2.13.2
  Downloaded const-random-macro v0.1.16
  Downloaded portable-atomic v1.15.0
  Downloaded tiny-keccak v2.0.2
  Downloaded zerocopy v0.8.59
  Downloaded syn v2.0.119
  Downloaded serde_core v1.0.229
  Downloaded getrandom v0.3.4
  Downloaded smallvec v1.16.2
  Downloaded rmp v0.8.15
  Downloaded once_cell v1.21.4
  Downloaded ahash v0.8.12
  Downloaded quote v1.0.47
  Downloaded libc v0.2.189
  Downloaded rmp-serde v1.3.1
  Downloaded serde_json v1.0.151
 Downloading crates ...
  Downloaded web-time v1.1.0
   Compiling autocfg v1.5.1
   Compiling libc v0.2.189
   Compiling crunchy v0.2.4
   Compiling version_check v0.9.5
   Compiling tiny-keccak v2.0.2
   Compiling cfg-if v1.0.5
   Compiling proc-macro2 v1.0.107
   Compiling num-traits v0.2.19
   Compiling quote v1.0.47
   Compiling portable-atomic v1.15.0
   Compiling unicode-ident v1.0.26
   Compiling getrandom v0.2.17
   Compiling once_cell v1.21.4
   Compiling zerocopy v0.8.59
   Compiling getrandom v0.3.4
   Compiling serde_core v1.0.229
   Compiling const-random-macro v0.1.16
   Compiling ahash v0.8.12
   Compiling smartstring v1.0.1
   Compiling syn v2.0.119
   Compiling const-random v0.1.18
   Compiling serde v1.0.229
   Compiling static_assertions v1.1.0
   Compiling rhai v1.26.1 (/private/var/folders/yk/m4dzf0ss5x9f4j4z3xb2rrv40000gn/T/agent-build-1xhj4n2t/source)
   Compiling zmij v1.0.23
   Compiling rhai_codegen v3.2.0 (/private/var/folders/yk/m4dzf0ss5x9f4j4z3xb2rrv40000gn/T/agent-build-1xhj4n2t/source/codegen)
   Compiling smallvec v1.16.2
   Compiling serde_json v1.0.151
   Compiling bitflags v2.13.2
   Compiling thin-vec v0.2.20
   Compiling rmp v0.8.15
   Compiling itoa v1.0.18
   Compiling memchr v2.8.3
   Compiling rmp-serde v1.3.1
warning: unused import: `PathBuf`
 --> src/bin/rhai-run.rs:8:18
  |
8 |     path::{Path, PathBuf},
  |                  ^^^^^^^
  |
  = note: `#[warn(unused_imports)]` (part of `#[warn(unused)]`) on by default

error[E0277]: `std::sync::mpsc::Receiver<()>` cannot be shared between threads safely
   --> tests/net_writes.rs:163:9
    |
161 |       let (result, peer_bytes) = connected(
    |                                  --------- required by a bound introduced by this call
162 |           NetConfig::default().write_timeout(Duration::from_millis(30)).max_write_bytes(64 * 1024),
163 | /         |mut peer| {
164 | |             release_rx.recv_timeout(Duration::from_secs(3)).expect("script finishes its bounded writes");
165 | |             read_bounded_to_end(&peer, 20 * 1024 * 1024)
166 | |         },
    | |_________^ `std::sync::mpsc::Receiver<()>` cannot be shared between threads safely
    |
    = help: the trait `Sync` is not implemented for `std::sync::mpsc::Receiver<()>`
    = note: required for `&std::sync::mpsc::Receiver<()>` to implement `Send`
note: required because it's used within this closure
   --> tests/net_writes.rs:163:9
    |
163 |         |mut peer| {
    |         ^^^^^^^^^^
note: required by a bound in `connected`
   --> tests/net_writes.rs:26:33
    |
 24 | fn connected<F, P, R>(config: NetConfig, peer_action: F, script: impl FnOnce(&mut Engine, u16) -> R) -> (R, P)
    |    --------- required by a bound in this function
 25 | where
 26 |     F: FnOnce(TcpStream) -> P + Send + 'static,
    |                                 ^^^^ required by this bound in `connected`

warning: variable does not need to be mutable
  --> tests/net_writes.rs:11:24
   |
11 | fn read_bounded_to_end(mut stream: &TcpStream, max_bytes: usize) -> Vec<u8> {
   |                        ----^^^^^^
   |                        |
   |                        help: remove this `mut`
   |
   = note: `#[warn(unused_mut)]` (part of `#[warn(unused)]`) on by default

warning: variable does not need to be mutable
  --> tests/net_writes.rs:62:10
   |
62 |         |mut peer| read_bounded_to_end(&peer, 20 * 1024 * 1024),
   |          ----^^^^
   |          |
   |          help: remove this `mut`

warning: variable does not need to be mutable
  --> tests/net_writes.rs:83:10
   |
83 |         |mut peer| read_bounded_to_end(&peer, 20 * 1024 * 1024),
   |          ----^^^^
   |          |
   |          help: remove this `mut`

warning: variable does not need to be mutable
   --> tests/net_writes.rs:201:10
    |
201 |         |mut peer| read_bounded_to_end(&peer, 20 * 1024 * 1024),
    |          ----^^^^
    |          |
    |          help: remove this `mut`

warning: variable does not need to be mutable
   --> tests/net_writes.rs:221:10
    |
221 |         |mut peer| read_bounded_to_end(&peer, 20 * 1024 * 1024),
    |          ----^^^^
    |          |
    |          help: remove this `mut`

warning: variable does not need to be mutable
   --> tests/net_writes.rs:240:9
    |
240 |     let mut engine = engine(NetConfig::default().allow_listen("127.0.0.1:0".parse().unwrap()));
    |         ----^^^^^^
    |         |
    |         help: remove this `mut`

warning: variable does not need to be mutable
   --> tests/net_writes.rs:244:9
    |
244 |     let mut peer = TcpStream::connect(address.parse::<SocketAddr>().unwrap()).unwrap();
    |         ----^^^^
    |         |
    |         help: remove this `mut`

warning: variable does not need to be mutable
   --> tests/net_writes.rs:261:9
    |
261 |     let mut engine = engine(NetConfig::default().allow_listen("127.0.0.1:0".parse().unwrap()).max_write_bytes(2));
    |         ----^^^^^^
    |         |
    |         help: remove this `mut`

For more information about this error, try `rustc --explain E0277`.
warning: `rhai` (test "net_writes") generated 8 warnings
error: could not compile `rhai` (test "net_writes") due to 1 previous error; 8 warnings emitted
warning: build failed, waiting for other jobs to finish...
warning: `rhai` (bin "rhai-run") generated 1 warning (run `cargo fix --bin "rhai-run" -p rhai` to apply 1 suggestion)
