   Compiling rhai v1.26.1 (/private/var/folders/yk/m4dzf0ss5x9f4j4z3xb2rrv40000gn/T/agent-build-1xhj4n2t/source)
warning: unused import: `PathBuf`
 --> src/bin/rhai-run.rs:8:18
  |
8 |     path::{Path, PathBuf},
  |                  ^^^^^^^
  |
  = note: `#[warn(unused_imports)]` (part of `#[warn(unused)]`) on by default

error[E0433]: failed to resolve: could not find `Blob` in `rhai`
   --> tests/net_writes.rs:115:41
    |
115 |             scope.push("payload", rhai::Blob::from([1_u8]));
    |                                         ^^^^ could not find `Blob` in `rhai`
    |
note: found an item that was configured out
   --> /private/var/folders/yk/m4dzf0ss5x9f4j4z3xb2rrv40000gn/T/agent-build-1xhj4n2t/source/src/lib.rs:316:10
    |
315 | #[cfg(not(feature = "no_index"))]
    |          ---------------------- the item is gated here
316 | pub type Blob = Vec<u8>;
    |          ^^^^

error[E0277]: `std::sync::mpsc::Receiver<()>` cannot be shared between threads safely
   --> tests/net_writes.rs:163:9
    |
161 |       let (result, peer_bytes) = connected(
    |                                  --------- required by a bound introduced by this call
162 |           NetConfig::default().write_timeout(Duration::from_millis(30)).max_write_bytes(64 * 1024),
163 | /         |mut peer| {
164 | |             release_rx.recv_timeout(Duration::from_secs(3)).expect("script finishes its bounded writes");
165 | |             read_bounded_to_end(&peer, 20 * 1024 * 1024)
166 | |         },
    | |_________^ `std::sync::mpsc::Receiver<()>` cannot be shared between threads safely
    |
    = help: the trait `Sync` is not implemented for `std::sync::mpsc::Receiver<()>`
    = note: required for `&std::sync::mpsc::Receiver<()>` to implement `Send`
note: required because it's used within this closure
   --> tests/net_writes.rs:163:9
    |
163 |         |mut peer| {
    |         ^^^^^^^^^^
note: required by a bound in `connected`
   --> tests/net_writes.rs:26:33
    |
 24 | fn connected<F, P, R>(config: NetConfig, peer_action: F, script: impl FnOnce(&mut Engine, u16) -> R) -> (R, P)
    |    --------- required by a bound in this function
 25 | where
 26 |     F: FnOnce(TcpStream) -> P + Send + 'static,
    |                                 ^^^^ required by this bound in `connected`

warning: variable does not need to be mutable
  --> tests/net_writes.rs:11:24
   |
11 | fn read_bounded_to_end(mut stream: &TcpStream, max_bytes: usize) -> Vec<u8> {
   |                        ----^^^^^^
   |                        |
   |                        help: remove this `mut`
   |
   = note: `#[warn(unused_mut)]` (part of `#[warn(unused)]`) on by default

warning: variable does not need to be mutable
  --> tests/net_writes.rs:62:10
   |
62 |         |mut peer| read_bounded_to_end(&peer, 20 * 1024 * 1024),
   |          ----^^^^
   |          |
   |          help: remove this `mut`

warning: variable does not need to be mutable
   --> tests/net_writes.rs:201:10
    |
201 |         |mut peer| read_bounded_to_end(&peer, 20 * 1024 * 1024),
    |          ----^^^^
    |          |
    |          help: remove this `mut`

warning: variable does not need to be mutable
   --> tests/net_writes.rs:221:10
    |
221 |         |mut peer| read_bounded_to_end(&peer, 20 * 1024 * 1024),
    |          ----^^^^
    |          |
    |          help: remove this `mut`

warning: variable does not need to be mutable
   --> tests/net_writes.rs:240:9
    |
240 |     let mut engine = engine(NetConfig::default().allow_listen("127.0.0.1:0".parse().unwrap()));
    |         ----^^^^^^
    |         |
    |         help: remove this `mut`

warning: variable does not need to be mutable
   --> tests/net_writes.rs:244:9
    |
244 |     let mut peer = TcpStream::connect(address.parse::<SocketAddr>().unwrap()).unwrap();
    |         ----^^^^
    |         |
    |         help: remove this `mut`

warning: variable does not need to be mutable
   --> tests/net_writes.rs:261:9
    |
261 |     let mut engine = engine(NetConfig::default().allow_listen("127.0.0.1:0".parse().unwrap()).max_write_bytes(2));
    |         ----^^^^^^
    |         |
    |         help: remove this `mut`

Some errors have detailed explanations: E0277, E0433.
For more information about an error, try `rustc --explain E0277`.
warning: `rhai` (test "net_writes") generated 7 warnings
error: could not compile `rhai` (test "net_writes") due to 2 previous errors; 7 warnings emitted
warning: build failed, waiting for other jobs to finish...
warning: `rhai` (bin "rhai-run") generated 1 warning (run `cargo fix --bin "rhai-run" -p rhai` to apply 1 suggestion)
