warning: the item `TryFrom` is imported redundantly
   --> src/func/func_call.rs:291:21
    |
291 |                 use std::convert::TryFrom;
    |                     ^^^^^^^^^^^^^^^^^^^^^
   --> /rustc/25ef9e3d85d934b27d9dada2f9dd52b1dc63bb04/library/std/src/prelude/mod.rs:129:13
    |
    = note: the item `TryFrom` is already defined here
    |
    = note: `#[warn(unused_imports)]` on by default

warning: variable does not need to be mutable
   --> src/packages/sys/process/unix.rs:668:13
    |
668 |         let mut wait_operation = "wait for child";
    |             ----^^^^^^^^^^^^^^
    |             |
    |             help: remove this `mut`
    |
    = note: `#[warn(unused_mut)]` on by default

warning: unused variable: `termination`
    --> src/packages/sys/process/unix.rs:1106:22
     |
1106 |                 let (termination, _operation) = if self.managed {
     |                      ^^^^^^^^^^^ help: if this is intentional, prefix it with an underscore: `_termination`
     |
     = note: `#[warn(unused_variables)]` on by default

warning: variable does not need to be mutable
    --> src/packages/sys/process/unix.rs:2134:9
     |
2134 |     let mut child =
     |         ----^^^^^
     |         |
     |         help: remove this `mut`

warning: variable does not need to be mutable
    --> src/packages/sys/process/unix.rs:2456:9
     |
2456 |     let mut pending = input.unwrap_or_default();
     |         ----^^^^^^^
     |         |
     |         help: remove this `mut`

warning: variant `OnlyZombieLeader` is never constructed
  --> src/packages/sys/process/unix.rs:50:5
   |
47 | enum GroupCloseOutcome {
   |      ----------------- variant in this enum
...
50 |     OnlyZombieLeader,
   |     ^^^^^^^^^^^^^^^^
   |
   = note: `GroupCloseOutcome` has derived impls for the traits `Clone` and `Debug`, but these are intentionally ignored during dead code analysis
   = note: `#[warn(dead_code)]` on by default

warning: methods `numeric_operations_probe`, `quarantine_observations_probe`, and `fail_reservation` are never used
    --> src/packages/sys/process/unix.rs:1470:8
     |
1390 | impl ExecutionFaults {
     | -------------------- methods in this implementation
...
1470 |     fn numeric_operations_probe(&self) -> Option<Arc<AtomicUsize>> {
     |        ^^^^^^^^^^^^^^^^^^^^^^^^
...
1481 |     fn quarantine_observations_probe(&self) -> Option<Arc<AtomicUsize>> {
     |        ^^^^^^^^^^^^^^^^^^^^^^^^^^^^^
...
1506 |     fn fail_reservation(&self) -> bool {
     |        ^^^^^^^^^^^^^^^^

warning: `rhai` (lib) generated 7 warnings (run `cargo fix --lib -p rhai` to apply 4 suggestions)
warning: unused import: `PathBuf`
 --> src/bin/rhai-run.rs:8:18
  |
8 |     path::{Path, PathBuf},
  |                  ^^^^^^^
  |
  = note: `#[warn(unused_imports)]` on by default

warning: `rhai` (bin "rhai-run") generated 1 warning (run `cargo fix --bin "rhai-run"` to apply 1 suggestion)
warning: variable does not need to be mutable
   --> tests/sys_process.rs:888:9
    |
888 |     let mut holder = command.spawn().expect("start escaped captured-pipe holder");
    |         ----^^^^^^
    |         |
    |         help: remove this `mut`
    |
    = note: `#[warn(unused_mut)]` on by default

warning: value assigned to `incomplete` is never read
    --> tests/sys_process.rs:1302:17
     |
1302 |         let mut incomplete = false;
     |                 ^^^^^^^^^^
     |
     = help: maybe it is overwritten before being read?
     = note: `#[warn(unused_assignments)]` on by default

warning: variable does not need to be mutable
    --> tests/sys_process.rs:2009:9
     |
2009 |     let mut sentinel = managed_spawn_sentinel();
     |         ----^^^^^^^^
     |         |
     |         help: remove this `mut`

warning: variable does not need to be mutable
    --> tests/sys_process.rs:2117:9
     |
2117 |     let mut sentinel = managed_spawn_sentinel();
     |         ----^^^^^^^^
     |         |
     |         help: remove this `mut`

warning: variable does not need to be mutable
    --> tests/sys_process.rs:2307:9
     |
2307 |     let mut sentinel = Sentinel(
     |         ----^^^^^^^^
     |         |
     |         help: remove this `mut`

warning: variable does not need to be mutable
    --> tests/sys_process.rs:2438:9
     |
2438 |     let mut sentinel = Sentinel(
     |         ----^^^^^^^^
     |         |
     |         help: remove this `mut`

warning: constant `DIRECT_DROP_RECORD_ENV` is never used
  --> tests/sys_process.rs:38:7
   |
38 | const DIRECT_DROP_RECORD_ENV: &str = "RHAI_SYS_DIRECT_DROP_RECORD";
   |       ^^^^^^^^^^^^^^^^^^^^^^
   |
   = note: `#[warn(dead_code)]` on by default

warning: unused `Dynamic` that must be used
   --> tests/fixtures/sys_process_shared_child_contract.rs:239:5
    |
239 |     engine.eval_with_scope::<Dynamic>(&mut scope, "child.kill()").expect("kill after completion is idempotent");
    |     ^^^^^^^^^^^^^^^^^^^^^^^^^^^^^^^^^^^^^^^^^^^^^^^^^^^^^^^^^^^^^^^^^^^^^^^^^^^^^^^^^^^^^^^^^^^^^^^^^^^^^^^^^^^
    |
    = note: `#[warn(unused_must_use)]` on by default
help: use `let _ = ...` to ignore the resulting value
    |
239 |     let _ = engine.eval_with_scope::<Dynamic>(&mut scope, "child.kill()").expect("kill after completion is idempotent");
    |     +++++++

warning: unused `Dynamic` that must be used
   --> tests/fixtures/sys_process_shared_child_contract.rs:240:5
    |
240 |     engine.eval_with_scope::<Dynamic>(&mut scope, "child.kill()").expect("repeated kill after completion is idempotent");
    |     ^^^^^^^^^^^^^^^^^^^^^^^^^^^^^^^^^^^^^^^^^^^^^^^^^^^^^^^^^^^^^^^^^^^^^^^^^^^^^^^^^^^^^^^^^^^^^^^^^^^^^^^^^^^^^^^^^^^^
    |
help: use `let _ = ...` to ignore the resulting value
    |
240 |     let _ = engine.eval_with_scope::<Dynamic>(&mut scope, "child.kill()").expect("repeated kill after completion is idempotent");
    |     +++++++

warning: `rhai` (test "sys_process") generated 9 warnings (run `cargo fix --test "sys_process"` to apply 5 suggestions)
    Finished test [unoptimized] target(s) in 0.02s
     Running tests/sys_process.rs (/root/.local/share/agent-builds/rhai/linux-managed-deadline-20261003-bcecd9eb-105/agent-build-l7418bei/target/debug/deps/sys_process-7540f7d2e1301f52)
managed_pidfd_acquired pid=1191512 start=4230126 ppid=1191509 pgid=1191512
managed_pidfd_acquired pid=1191514 start=4230126 ppid=1191512 pgid=1191512
managed_pidfd_acquired pid=1191516 start=4230126 ppid=1191514 pgid=1191512
managed_final_drop_live reaper=1191507 reaper_start=4230125 host=1191509 host_start=4230125 leader=1191512 leader_start=4230126 worker=1191514 worker_start=4230126 leaf=1191516 leaf_start=4230126 group=1191512 sentinel=1191506 sentinel_start=4230125 sentinel_pgid=1191506
managed-scope sentinel_cleanup pid=1191506 status=Some(ExitStatus(unix_wait_status(9))) esrch=true
managed_final_drop_boundary nonfinal_preserved=true leader=1191512 leader_start=4230126 leader_record_start_matches_pidfd=true worker=1191514 worker_start=4230126 worker_record_start_matches_pidfd=true leaf=1191516 leaf_start=4230126 leaf_record_start_matches_pidfd=true worker_record_group_matches=true leaf_record_group_matches=true group=1191512 drop_return_recorded=true closure_observed=true exceptional_cleanup_not_started=true leader_absent=true worker_absent=true leaf_absent=true exact_reaped=true host_live_before_drop=true reaper_live_before_drop=true sentinel_live_before_drop=true host_live_through_closure=true reaper_live_through_closure=true sentinel_live_through_closure=true pidfds_exited=true final_members_live=false reaper_ok=true reaper_status=Some(ExitStatus(unix_wait_status(0))) host_absent_after_cleanup=true sentinel_reaped=true group_empty_after_closure=true observation_error=None api="host=1191509 host_start=4230125 final_drop_returned=true nonfinal_wait_unit=true\n" reaped="worker=1191514 start=4230126 pgid=1191512 reaped=true wait_status=9 leaf=1191516 start=4230126 pgid=1191512 reaped=true wait_status=9 complete=true\n" cleanup="pid=1191507 prompt=true host_status=0 worker=1191514 start=4230126 pgid=1191512 reaped=true wait_status=9 leaf=1191516 start=4230126 pgid=1191512 reaped=true wait_status=9 complete=true\n"
managed_fixture_cleanup worker_pid=Some(1191514) worker_esrch=true leaf_pid=Some(1191516) leaf_esrch=true
managed_spawn_fixture_leader_cleanup leader_pid=Some(1191512) leader_esrch=true
