RHAI_NATIVE_BASELINE_START
RHAI_NATIVE_TARGET_START sys_policy
RHAI_NATIVE_TARGET_EXIT sys_policy 0

running 21 tests
test test_absolute_path_with_parent_components ... ok
test test_absolute_paths ... ok
test test_config_builder ... ok
test test_copy_across_roots ... ok
test test_default_config_denies_fs ... ok
test test_env_allow_list ... ok
test test_error_position ... ok
test test_error_variants ... ok
test test_errors_are_catchable ... ok
test test_function_metadata ... ok
test test_host_can_downcast ... ok
test test_missing_root_fails_early ... ok
test test_multiple_roots ... ok
test test_nested_roots_longest_prefix ... ok
test test_parent_traversal_is_denied ... ok
test test_plain_engine_has_no_sys_functions ... ok
test test_read_only_root ... ok
test test_remove_dir_all_needs_delete_access ... ok
test test_root_with_dot_components ... ok
test test_static_module_and_sharing ... ok
test test_unrestricted_respects_access_level ... ok

test result: ok. 21 passed; 0 failed; 0 ignored; 0 measured; 0 filtered out; finished in 0.10s

    Updating git repository `https://github.com/schungx/rustyline`
    Updating crates.io index
    Updating git repository `https://gitlab.com/jD91mZM2/no-std-compat.git`
     Locking 130 packages to latest compatible versions
      Adding getrandom v0.3.4 (available: v0.4.3)
      Adding hashbrown v0.16.1 (available: v0.17.1)
      Adding syn v2.0.119 (available: v3.0.6)
 Downloading crates ...
  Downloaded const-random v0.1.18
  Downloaded cfg-if v1.0.5
  Downloaded quote v1.0.47
  Downloaded windows-targets v0.52.6
  Downloaded crunchy v0.2.4
  Downloaded windows-targets v0.53.5
  Downloaded smartstring v1.0.1
  Downloaded zmij v1.0.23
  Downloaded smallvec v1.16.2
  Downloaded serde_derive v1.0.229
  Downloaded serde v1.0.229
  Downloaded memchr v2.8.3
  Downloaded cap-primitives v4.0.3
  Downloaded serde_core v1.0.229
  Downloaded serde_json v1.0.151
  Downloaded proc-macro2 v1.0.107
  Downloaded portable-atomic v1.15.0
  Downloaded getrandom v0.3.4
  Downloaded bitflags v2.13.2
  Downloaded zerocopy v0.8.59
  Downloaded rmp-serde v1.3.1
  Downloaded rmp v0.8.15
  Downloaded syn v3.0.6
  Downloaded once_cell v1.21.4
  Downloaded syn v2.0.119
  Downloaded num-traits v0.2.19
  Downloaded io-lifetimes v2.0.4
  Downloaded getrandom v0.2.17
  Downloaded cap-std v4.0.3
  Downloaded ahash v0.8.12
  Downloaded winx v0.36.4
  Downloaded unicode-ident v1.0.26
  Downloaded tiny-keccak v2.0.2
  Downloaded thin-vec v0.2.20
  Downloaded io-lifetimes v3.0.1
  Downloaded ipnet v2.12.2
  Downloaded autocfg v1.5.1
  Downloaded ambient-authority v0.0.2
  Downloaded windows-link v0.2.1
  Downloaded maybe-owned v0.3.4
  Downloaded itoa v1.0.18
  Downloaded const-random-macro v0.1.16
  Downloaded version_check v0.9.5
  Downloaded static_assertions v1.1.0
  Downloaded io-extras v0.19.0
  Downloaded fs-set-times v0.20.3
  Downloaded windows_x86_64_msvc v0.53.1
  Downloaded windows_x86_64_msvc v0.52.6
  Downloaded windows-sys v0.59.0
  Downloaded windows-sys v0.61.2
  Downloaded windows-sys v0.60.2
 Downloading crates ...
  Downloaded web-time v1.1.0
   Compiling proc-macro2 v1.0.107
   Compiling unicode-ident v1.0.26
   Compiling quote v1.0.47
   Compiling windows_x86_64_msvc v0.52.6
   Compiling autocfg v1.5.1
   Compiling windows_x86_64_msvc v0.53.1
   Compiling version_check v0.9.5
   Compiling crunchy v0.2.4
   Compiling serde_core v1.0.229
   Compiling windows-targets v0.52.6
   Compiling io-lifetimes v2.0.4
   Compiling io-lifetimes v3.0.1
   Compiling tiny-keccak v2.0.2
   Compiling cfg-if v1.0.5
   Compiling windows-targets v0.53.5
   Compiling windows-sys v0.59.0
   Compiling syn v3.0.6
   Compiling num-traits v0.2.19
   Compiling io-extras v0.19.0
   Compiling serde v1.0.229
   Compiling portable-atomic v1.15.0
   Compiling serde_derive v1.0.229
   Compiling windows-sys v0.60.2
   Compiling getrandom v0.2.17
   Compiling zerocopy v0.8.59
   Compiling windows-link v0.2.1
   Compiling bitflags v2.13.2
   Compiling getrandom v0.3.4
   Compiling once_cell v1.21.4
   Compiling zmij v1.0.23
   Compiling cap-primitives v4.0.3
   Compiling const-random-macro v0.1.16
   Compiling winx v0.36.4
   Compiling windows-sys v0.61.2
   Compiling fs-set-times v0.20.3
   Compiling smartstring v1.0.1
   Compiling ahash v0.8.12
   Compiling ambient-authority v0.0.2
   Compiling ipnet v2.12.2
   Compiling serde_json v1.0.151
   Compiling cap-std v4.0.3
   Compiling maybe-owned v0.3.4
   Compiling const-random v0.1.18
   Compiling syn v2.0.119
   Compiling itoa v1.0.18
   Compiling static_assertions v1.1.0
   Compiling memchr v2.8.3
   Compiling rhai v1.26.1 (C:\RhaiQuality\baseline-source-v2)
   Compiling smallvec v1.16.2
   Compiling thin-vec v0.2.20
   Compiling rmp v0.8.15
   Compiling rmp-serde v1.3.1
   Compiling rhai_codegen v3.2.0 (C:\RhaiQuality\baseline-source-v2\codegen)
warning: unused import: `PathBuf`
 --> src\bin\rhai-run.rs:8:18
  |
8 |     path::{Path, PathBuf},
  |                  ^^^^^^^
  |
  = note: `#[warn(unused_imports)]` (part of `#[warn(unused)]`) on by default

warning: `rhai` (bin "rhai-run") generated 1 warning (run `cargo fix --bin "rhai-run" -p rhai` to apply 1 suggestion)
    Finished `test` profile [unoptimized + debuginfo] target(s) in 58.44s
     Running tests\sys_policy.rs (target\debug\deps\sys_policy-77b828d1a1d91fdc.exe)
RHAI_NATIVE_TARGET_START sys_env
RHAI_NATIVE_TARGET_EXIT sys_env 0

running 5 tests
test test_cwd_matches_process ... ok
test test_env_allow_list_unset_variable ... ok
test test_env_default_policy_hides_all ... ok
test test_env_var_set_and_unset ... ok
test test_env_vars_all ... ok

test result: ok. 5 passed; 0 failed; 0 ignored; 0 measured; 0 filtered out; finished in 0.02s

   Compiling rhai v1.26.1 (C:\RhaiQuality\baseline-source-v2)
warning: unused import: `PathBuf`
 --> src\bin\rhai-run.rs:8:18
  |
8 |     path::{Path, PathBuf},
  |                  ^^^^^^^
  |
  = note: `#[warn(unused_imports)]` (part of `#[warn(unused)]`) on by default

warning: `rhai` (bin "rhai-run") generated 1 warning (run `cargo fix --bin "rhai-run" -p rhai` to apply 1 suggestion)
    Finished `test` profile [unoptimized + debuginfo] target(s) in 1.12s
     Running tests\sys_env.rs (target\debug\deps\sys_env-89e57647fc01dd7c.exe)
RHAI_NATIVE_TARGET_START sys_fs
RHAI_NATIVE_TARGET_EXIT sys_fs 0

running 19 tests
test test_create_dir_cases ... ok
test test_deep_tree_and_many_entries ... ok
test test_empty_and_mixed_writes ... ok
test test_large_file_round_trip ... ok
test test_path_spellings ... ok
test test_predicates_and_metadata ... ok
test test_read_binary ... ok
test test_read_dir_cases ... ok
test test_read_file_cases ... ok
test test_remove_cases ... ok
test test_rename_and_copy ... ok
test test_unicode_names ... ok
test test_unrestricted_missing_parents ... ok
test test_unrestricted_relative_paths ... ok
test test_unrestricted_round_trip ... ok
test test_windows_paths ... ok
test test_write_append_blob ... ok
test test_write_into_missing_parent ... ok
test test_wrong_entry_kind ... ok

test result: ok. 19 passed; 0 failed; 0 ignored; 0 measured; 0 filtered out; finished in 0.40s

   Compiling rhai v1.26.1 (C:\RhaiQuality\baseline-source-v2)
warning: unused import: `PathBuf`
 --> src\bin\rhai-run.rs:8:18
  |
8 |     path::{Path, PathBuf},
  |                  ^^^^^^^
  |
  = note: `#[warn(unused_imports)]` (part of `#[warn(unused)]`) on by default

warning: `rhai` (bin "rhai-run") generated 1 warning (run `cargo fix --bin "rhai-run" -p rhai` to apply 1 suggestion)
    Finished `test` profile [unoptimized + debuginfo] target(s) in 1.32s
     Running tests\sys_fs.rs (target\debug\deps\sys_fs-e2a77ce5afb86b42.exe)
RHAI_NATIVE_BASELINE_FINISHED (diagnostics only; inspect every target exit)
RHAI_CONTROL_START
RHAI_CONTROL_EXIT control-wrong 101

running 1 test
test test_write_append_blob ... FAILED

failures:

---- test_write_append_blob stdout ----

thread 'test_write_append_blob' (2200) panicked at tests\sys_fs.rs:62:5:
assertion `left == right` failed
  left: [115, 101, 99, 111, 110, 100]
 right: [87, 82, 79, 78, 71, 45, 67, 79, 78, 84, 82, 79, 76]
note: run with `RUST_BACKTRACE=1` environment variable to display a backtrace


failures:
    test_write_append_blob

test result: FAILED. 0 passed; 1 failed; 0 ignored; 0 measured; 18 filtered out; finished in 0.01s

RHAI_CONTROL_SOURCE_RESTORED 92E731B550FC0C8FC6B938EF2BCCEB9E08DEBD2BE8E735885F73C78B56E3D5B3
RHAI_CONTROL_EXIT control-correct 0

running 1 test
test test_write_append_blob ... ok

test result: ok. 1 passed; 0 failed; 0 ignored; 0 measured; 18 filtered out; finished in 0.01s

RHAI_CONTROL_CLEANUP Fixtures=0 Processes=0
RHAI_CONTROL_PASSED

