 Downloading crates ...
  Downloaded serde_derive v1.0.229
  Downloaded syn v3.0.6
   Compiling syn v3.0.6
   Compiling serde v1.0.229
   Compiling rhai v1.26.1 (/private/var/folders/yk/m4dzf0ss5x9f4j4z3xb2rrv40000gn/T/agent-build-trx9e1hu/source)
   Compiling rhai_codegen v3.2.0 (/private/var/folders/yk/m4dzf0ss5x9f4j4z3xb2rrv40000gn/T/agent-build-trx9e1hu/source/codegen)
   Compiling serde_derive v1.0.229
   Compiling smallvec v1.16.2
   Compiling rmp-serde v1.3.1
warning: unused import: `PathBuf`
 --> src/bin/rhai-run.rs:8:18
  |
8 |     path::{Path, PathBuf},
  |                  ^^^^^^^
  |
  = note: `#[warn(unused_imports)]` (part of `#[warn(unused)]`) on by default

warning: `rhai` (bin "rhai-run") generated 1 warning (run `cargo fix --bin "rhai-run" -p rhai` to apply 1 suggestion)
    Finished `test` profile [unoptimized] target(s) in 35.08s
     Running tests/combined_sys_net.rs (/var/folders/yk/m4dzf0ss5x9f4j4z3xb2rrv40000gn/T/agent-build-trx9e1hu/target/debug/deps/combined_sys_net-8bb6ac8d4ab35659)

running 1 test
test sys_and_net_packages_coexist_in_one_engine_with_os_readback_and_typed_errors ... ok

test result: ok. 1 passed; 0 failed; 0 ignored; 0 measured; 0 filtered out; finished in 0.01s

