    Updating git repository `https://github.com/schungx/rustyline`
    Updating crates.io index
    Updating git repository `https://gitlab.com/jD91mZM2/no-std-compat.git`
 Downloading crates ...
  Downloaded byteorder v1.5.0
  Downloaded const-random v0.1.18
  Downloaded bitflags v2.13.2
  Downloaded crunchy v0.2.4
  Downloaded const-random-macro v0.1.16
  Downloaded cfg-if v1.0.5
  Downloaded ambient-authority v0.0.2
  Downloaded ahash v0.8.12
  Downloaded autocfg v1.5.1
  Downloaded cap-std v4.0.3
  Downloaded itoa v1.0.15
  Downloaded maybe-owned v0.3.4
  Downloaded fs-set-times v0.20.3
  Downloaded errno v0.3.14
  Downloaded version_check v0.9.5
  Downloaded rustix-linux-procfs v0.1.1
  Downloaded ipnet v2.12.2
  Downloaded io-lifetimes v3.0.1
  Downloaded quote v1.0.41
  Downloaded tiny-keccak v2.0.2
  Downloaded io-lifetimes v2.0.4
  Downloaded rmp v0.8.14
  Downloaded static_assertions v1.1.0
  Downloaded paste v1.0.15
  Downloaded once_cell v1.21.4
  Downloaded unicode-ident v1.0.22
  Downloaded smartstring v1.0.1
  Downloaded smallvec v1.16.2
  Downloaded io-extras v0.19.0
  Downloaded getrandom v0.2.17
  Downloaded rmp-serde v1.3.0
  Downloaded thin-vec v0.2.19
  Downloaded cap-primitives v4.0.3
  Downloaded serde_core v1.0.229
  Downloaded ryu v1.0.20
  Downloaded getrandom v0.3.4
  Downloaded proc-macro2 v1.0.103
  Downloaded num-traits v0.2.19
  Downloaded serde v1.0.229
  Downloaded memchr v2.8.3
  Downloaded serde_json v1.0.145
  Downloaded portable-atomic v1.15.0
  Downloaded zerocopy v0.8.59
  Downloaded syn v2.0.106
  Downloaded rustix v1.1.5
  Downloaded libc v0.2.189
  Downloaded linux-raw-sys v0.12.1
   Compiling autocfg v1.5.1
   Compiling portable-atomic v1.15.0
   Compiling version_check v0.9.5
   Compiling crunchy v0.2.4
   Compiling rustix v1.1.5
   Compiling libc v0.2.189
   Compiling serde_core v1.0.229
   Compiling linux-raw-sys v0.12.1
   Compiling io-lifetimes v2.0.4
   Compiling io-lifetimes v3.0.1
   Compiling proc-macro2 v1.0.103
   Compiling tiny-keccak v2.0.2
   Compiling bitflags v2.13.2
   Compiling cfg-if v1.0.5
   Compiling once_cell v1.21.4
   Compiling num-traits v0.2.19
   Compiling paste v1.0.15
   Compiling unicode-ident v1.0.22
   Compiling quote v1.0.41
   Compiling io-extras v0.19.0
   Compiling getrandom v0.2.17
   Compiling serde v1.0.229
   Compiling getrandom v0.3.4
   Compiling cap-primitives v4.0.3
   Compiling zerocopy v0.8.59
   Compiling const-random-macro v0.1.16
   Compiling fs-set-times v0.20.3
   Compiling rustix-linux-procfs v0.1.1
   Compiling ahash v0.8.12
   Compiling smartstring v1.0.1
   Compiling maybe-owned v0.3.4
   Compiling serde_json v1.0.145
   Compiling cap-std v4.0.3
   Compiling ipnet v2.12.2
   Compiling byteorder v1.5.0
   Compiling ambient-authority v0.0.2
   Compiling rmp v0.8.14
   Compiling syn v2.0.106
   Compiling const-random v0.1.18
   Compiling memchr v2.8.3
   Compiling ryu v1.0.20
   Compiling rhai v1.26.1 (/var/roothome/.local/share/agent-builds/rhai/x36-msrv1772-20261008-d791ec24/agent-build-5flvxrzi/source)
   Compiling itoa v1.0.15
   Compiling static_assertions v1.1.0
   Compiling rhai_codegen v3.2.0 (/var/roothome/.local/share/agent-builds/rhai/x36-msrv1772-20261008-d791ec24/agent-build-5flvxrzi/source/codegen)
   Compiling rmp-serde v1.3.0
   Compiling thin-vec v0.2.19
   Compiling smallvec v1.16.2
warning: the item `TryFrom` is imported redundantly
   --> src/func/func_call.rs:291:21
    |
291 |                 use std::convert::TryFrom;
    |                     ^^^^^^^^^^^^^^^^^^^^^
   --> /rustc/25ef9e3d85d934b27d9dada2f9dd52b1dc63bb04/library/std/src/prelude/mod.rs:129:13
    |
    = note: the item `TryFrom` is already defined here
    |
    = note: `#[warn(unused_imports)]` on by default

warning: variable does not need to be mutable
   --> src/packages/sys/process/unix.rs:678:13
    |
678 |         let mut wait_operation = "wait for child";
    |             ----^^^^^^^^^^^^^^
    |             |
    |             help: remove this `mut`
    |
    = note: `#[warn(unused_mut)]` on by default

warning: unused variable: `termination`
    --> src/packages/sys/process/unix.rs:1118:22
     |
1118 |                 let (termination, _operation) = if self.managed {
     |                      ^^^^^^^^^^^ help: if this is intentional, prefix it with an underscore: `_termination`
     |
     = note: `#[warn(unused_variables)]` on by default

warning: variable does not need to be mutable
    --> src/packages/sys/process/unix.rs:2378:9
     |
2378 |     let mut child =
     |         ----^^^^^
     |         |
     |         help: remove this `mut`

warning: variable does not need to be mutable
    --> src/packages/sys/process/unix.rs:2721:9
     |
2721 |     let mut pending = input.unwrap_or_default();
     |         ----^^^^^^^
     |         |
     |         help: remove this `mut`

warning: variant `OnlyZombieLeader` is never constructed
  --> src/packages/sys/process/unix.rs:50:5
   |
47 | enum GroupCloseOutcome {
   |      ----------------- variant in this enum
...
50 |     OnlyZombieLeader,
   |     ^^^^^^^^^^^^^^^^
   |
   = note: `GroupCloseOutcome` has derived impls for the traits `Clone` and `Debug`, but these are intentionally ignored during dead code analysis
   = note: `#[warn(dead_code)]` on by default

warning: method `finish` is never used
    --> src/packages/sys/process/unix.rs:4440:12
     |
4439 |     impl CancelChildOnDrop {
     |     ---------------------- method in this implementation
4440 |         fn finish(&mut self) {
     |            ^^^^^^

warning: function `try_release_fifo` is never used
    --> src/packages/sys/process/unix.rs:4471:8
     |
4471 |     fn try_release_fifo(path: &Path) -> io::Result<()> {
     |        ^^^^^^^^^^^^^^^^

warning: unused `dynamic::Dynamic` that must be used
    --> src/packages/sys/process/unix.rs:4959:9
     |
4959 | /         engine
4960 | |             .eval_with_scope::<crate::Dynamic>(&mut kill_scope, "child.kill()")
4961 | |             .expect("public kill after completion remains harmless");
     | |____________________________________________________________________^
     |
     = note: `#[warn(unused_must_use)]` on by default
help: use `let _ = ...` to ignore the resulting value
     |
4959 |         let _ = engine
     |         +++++++

warning: `rhai` (lib test) generated 9 warnings (run `cargo fix --lib -p rhai --tests` to apply 4 suggestions)
    Finished test [unoptimized + debuginfo] target(s) in 20.24s
     Running unittests src/lib.rs (/var/roothome/.local/share/agent-builds/rhai/x36-msrv1772-20261008-d791ec24/agent-build-5flvxrzi/target/debug/deps/rhai-fc8a914e133ee900)

running 6 tests
test packages::sys::process::unix::tests::managed_scope_esrch_closes_only_after_child_reap_and_io_completion ... ok
test packages::sys::process::unix::tests::managed_scope_fchdir_failure_cleans_created_group ... managed-scope-setup operation=run child_pid=181901 failure_point=Fchdir pid=ESRCH group=ESRCH reservation=retired marker=absent
managed-scope-setup operation=spawn child_pid=181903 failure_point=Fchdir pid=ESRCH group=ESRCH reservation=retired marker=absent
ok
test packages::sys::process::unix::tests::managed_scope_kernel_setpgid_denial_cleans_created_group ... managed-scope-setup operation=run child_pid=181906 failure_point=KernelSetpgidDenial pid=ESRCH group=ESRCH reservation=retired marker=absent
managed-scope-setup operation=spawn child_pid=181908 failure_point=KernelSetpgidDenial pid=ESRCH group=ESRCH reservation=retired marker=absent
ok
test packages::sys::process::unix::tests::managed_scope_observation_errors_remain_passive_and_retryable ... ok
test packages::sys::process::unix::tests::managed_scope_partial_setup_failure_cleans_created_group ... managed-scope-setup operation=run child_pid=181912 failure_point=AfterSetpgid pid=ESRCH group=ESRCH reservation=retired marker=absent
managed-scope-setup operation=spawn child_pid=181914 failure_point=AfterSetpgid pid=ESRCH group=ESRCH reservation=retired marker=absent
ok
test packages::sys::process::unix::tests::managed_scope_setup_failure_never_executes_unmanaged_child ... managed-scope-setup operation=run child_pid=181917 failure_point=BeforeSetpgid pid=ESRCH group=ESRCH reservation=retired marker=absent
managed-scope-setup operation=spawn child_pid=181919 failure_point=BeforeSetpgid pid=ESRCH group=ESRCH reservation=retired marker=absent
ok

test result: ok. 6 passed; 0 failed; 0 ignored; 0 measured; 24 filtered out; finished in 0.02s

