Source revision: 6252632335d3564f92dc03ea9679c15509339ac7
Darwin Daniels-MBP-2.fritz.box 27.0.0 Darwin Kernel Version 27.0.0: Tue Aug 11 21:02:59 PDT 2026; root:xnu-13432.1.9~1/RELEASE_ARM64_T8142 arm64
ProductName:		macOS
ProductVersion:		27.0
BuildVersion:		26A428
rustc 1.93.0 (254b59607 2026-01-19)
cargo 1.93.0 (083ac5135 2025-12-15)
Command: cargo test --features testing-environ,sys,metadata --test sys_policy --test sys_env --test sys_fs -- --nocapture
    Updating git repository `https://github.com/schungx/rustyline`
    Updating crates.io index
    Updating git repository `https://gitlab.com/jD91mZM2/no-std-compat.git`
     Locking 130 packages to latest compatible versions
      Adding getrandom v0.3.4 (available: v0.4.3)
      Adding hashbrown v0.16.1 (available: v0.17.1)
      Adding syn v2.0.119 (available: v3.0.6)
 Downloading crates ...
  Downloaded ambient-authority v0.0.2
  Downloaded fs-set-times v0.20.3
  Downloaded itoa v1.0.18
  Downloaded autocfg v1.5.1
  Downloaded const-random v0.1.18
  Downloaded cfg-if v1.0.5
  Downloaded ipnet v2.12.2
  Downloaded io-lifetimes v3.0.1
  Downloaded crunchy v0.2.4
  Downloaded ahash v0.8.12
  Downloaded maybe-owned v0.3.4
  Downloaded const-random-macro v0.1.16
  Downloaded version_check v0.9.5
  Downloaded errno v0.3.14
  Downloaded io-lifetimes v2.0.4
  Downloaded quote v1.0.47
  Downloaded smartstring v1.0.1
  Downloaded static_assertions v1.1.0
  Downloaded zmij v1.0.23
  Downloaded rmp v0.8.15
  Downloaded unicode-ident v1.0.26
  Downloaded smallvec v1.16.2
  Downloaded bitflags v2.13.2
  Downloaded thin-vec v0.2.20
  Downloaded serde_core v1.0.229
  Downloaded serde_derive v1.0.229
  Downloaded memchr v2.8.3
  Downloaded serde v1.0.229
  Downloaded cap-primitives v4.0.3
  Downloaded getrandom v0.3.4
  Downloaded rmp-serde v1.3.1
  Downloaded proc-macro2 v1.0.107
  Downloaded serde_json v1.0.151
  Downloaded portable-atomic v1.15.0
  Downloaded zerocopy v0.8.59
  Downloaded num-traits v0.2.19
  Downloaded once_cell v1.21.4
  Downloaded io-extras v0.19.0
  Downloaded syn v3.0.6
  Downloaded syn v2.0.119
  Downloaded getrandom v0.2.17
  Downloaded tiny-keccak v2.0.2
  Downloaded cap-std v4.0.3
  Downloaded rustix v1.1.5
  Downloaded libc v0.2.189
 Downloading crates ...
  Downloaded web-time v1.1.0
   Compiling proc-macro2 v1.0.107
   Compiling quote v1.0.47
   Compiling libc v0.2.189
   Compiling unicode-ident v1.0.26
   Compiling autocfg v1.5.1
   Compiling serde_core v1.0.229
   Compiling version_check v0.9.5
   Compiling crunchy v0.2.4
   Compiling io-lifetimes v3.0.1
   Compiling rustix v1.1.5
   Compiling tiny-keccak v2.0.2
   Compiling io-lifetimes v2.0.4
   Compiling cfg-if v1.0.5
   Compiling num-traits v0.2.19
   Compiling bitflags v2.13.2
   Compiling serde v1.0.229
   Compiling io-extras v0.19.0
   Compiling portable-atomic v1.15.0
   Compiling cap-primitives v4.0.3
   Compiling getrandom v0.3.4
   Compiling errno v0.3.14
   Compiling getrandom v0.2.17
   Compiling zerocopy v0.8.59
   Compiling syn v3.0.6
   Compiling zmij v1.0.23
   Compiling once_cell v1.21.4
   Compiling const-random-macro v0.1.16
   Compiling smartstring v1.0.1
   Compiling ahash v0.8.12
   Compiling maybe-owned v0.3.4
   Compiling cap-std v4.0.3
   Compiling ambient-authority v0.0.2
   Compiling ipnet v2.12.2
   Compiling serde_json v1.0.151
   Compiling const-random v0.1.18
   Compiling syn v2.0.119
   Compiling rhai v1.26.1 (/private/var/folders/yk/m4dzf0ss5x9f4j4z3xb2rrv40000gn/T/agent-build-w7hckza5/source)
   Compiling memchr v2.8.3
   Compiling static_assertions v1.1.0
   Compiling itoa v1.0.18
   Compiling thin-vec v0.2.20
   Compiling rmp v0.8.15
   Compiling fs-set-times v0.20.3
   Compiling serde_derive v1.0.229
   Compiling rhai_codegen v3.2.0 (/private/var/folders/yk/m4dzf0ss5x9f4j4z3xb2rrv40000gn/T/agent-build-w7hckza5/source/codegen)
   Compiling smallvec v1.16.2
   Compiling rmp-serde v1.3.1
warning: unused import: `PathBuf`
 --> src/bin/rhai-run.rs:8:18
  |
8 |     path::{Path, PathBuf},
  |                  ^^^^^^^
  |
  = note: `#[warn(unused_imports)]` (part of `#[warn(unused)]`) on by default

warning: `rhai` (bin "rhai-run") generated 1 warning (run `cargo fix --bin "rhai-run" -p rhai` to apply 1 suggestion)
    Finished `test` profile [unoptimized + debuginfo] target(s) in 12.81s
     Running tests/sys_env.rs (/var/folders/yk/m4dzf0ss5x9f4j4z3xb2rrv40000gn/T/agent-build-w7hckza5/target/debug/deps/sys_env-a88bc5d1692d4c5c)

running 7 tests
test test_env_allow_list_unset_variable ... ok
test test_cwd_matches_process ... ok
test test_env_allow_list_value ... ok
test test_env_var_set_and_unset ... ok
test test_env_var_non_utf8 ... ok
test test_env_default_policy_hides_all ... ok
test test_env_vars_all ... ok

test result: ok. 7 passed; 0 failed; 0 ignored; 0 measured; 0 filtered out; finished in 0.03s

     Running tests/sys_fs.rs (/var/folders/yk/m4dzf0ss5x9f4j4z3xb2rrv40000gn/T/agent-build-w7hckza5/target/debug/deps/sys_fs-b48cef92015bb960)

running 23 tests
filesystem rejects non-UTF-8 fixture with EILSEQ: Illegal byte sequence (os error 92)
test test_non_utf8_file_name ... ok
test test_empty_and_mixed_writes ... ok
test test_predicates_and_metadata ... ok
test test_metadata_symlink_and_readonly ... ok
test test_read_binary ... ok
test test_read_dir_cases ... ok
test test_path_spellings ... ok
test test_create_dir_cases ... ok
test test_unrestricted_relative_paths ... ok
test test_unrestricted_missing_parents ... ok
test test_unrestricted_round_trip ... ok
test test_unicode_names ... ok
test test_read_file_cases ... ok
test test_remove_cases ... ok
test test_rename_and_copy ... ok
test test_rename_overwrite_and_directory ... ok
test test_write_into_missing_parent ... ok
test test_write_append_blob ... ok
test test_unrestricted_symlink_then_parent_uses_host_resolution ... ok
test test_wrong_entry_kind ... ok
test test_unrestricted_symlinks_follow_host_semantics ... ok
test test_deep_tree_and_many_entries ... ok
test test_large_file_round_trip ... ok

test result: ok. 23 passed; 0 failed; 0 ignored; 0 measured; 0 filtered out; finished in 0.13s

     Running tests/sys_policy.rs (/var/folders/yk/m4dzf0ss5x9f4j4z3xb2rrv40000gn/T/agent-build-w7hckza5/target/debug/deps/sys_policy-5bb9ef5d799056e6)

running 26 tests
test test_default_config_denies_fs ... ok
test test_absolute_paths ... ok
test test_copy_across_roots ... ok
test test_error_position ... ok
test test_error_variants ... ok
test test_config_builder ... ok
test test_missing_root_fails_early ... ok
test test_errors_are_catchable ... ok
test test_configured_root_symlink_then_parent_uses_os_resolution ... ok
test test_absolute_path_with_parent_components ... ok
test test_function_metadata ... ok
test test_multiple_roots ... ok
test test_plain_engine_has_no_sys_functions ... ok
test test_nested_roots_keep_permissions_through_system_prefix_aliases ... ok
test test_host_can_downcast ... ok
test test_parent_traversal_is_denied ... ok
test test_nested_roots_longest_prefix ... ok
test test_read_only_root ... ok
test test_remove_dir_all_needs_delete_access ... ok
test test_root_with_dot_components ... ok
test test_root_accepts_macos_system_prefix_aliases ... ok
test test_unrestricted_respects_access_level ... ok
test test_symlink_escape_is_denied ... ok
test test_symlinked_root ... ok
test test_static_module_and_sharing ... ok
test test_env_allow_list ... ok

test result: ok. 26 passed; 0 failed; 0 ignored; 0 measured; 0 filtered out; finished in 0.03s


Cargo exit status: 0
