command=source-archive argv=['/usr/bin/git', '-C', '/Users/hoppworks/projects/rhai-all-tickets', 'archive', '1ca21e32eed2aa40287ba7e1282000add1dd49c7']
sample={"descendants": 2, "monotonic_seconds": 0.024, "rss_kib": 31216, "storage_kib": 40}
sample={"descendants": 1, "monotonic_seconds": 0.373, "rss_kib": 26144, "storage_kib": 40740}
status=source-archive:0
sample={"descendants": 1, "monotonic_seconds": 0.942, "rss_kib": 32560, "storage_kib": 44952}
command=rustup-install argv=['/Users/hoppworks/.cargo/bin/rustup', 'toolchain', 'install', '1.77.2-aarch64-apple-darwin', '--profile', 'minimal', '--no-self-update']
sample={"descendants": 2, "monotonic_seconds": 0.982, "rss_kib": 40400, "storage_kib": 44952}
sample={"descendants": 2, "monotonic_seconds": 2.059, "rss_kib": 109216, "storage_kib": 63648}
sample={"descendants": 2, "monotonic_seconds": 3.148, "rss_kib": 137216, "storage_kib": 116120}
sample={"descendants": 2, "monotonic_seconds": 4.236, "rss_kib": 137280, "storage_kib": 139672}
sample={"descendants": 2, "monotonic_seconds": 5.336, "rss_kib": 235392, "storage_kib": 228716}
sample={"descendants": 2, "monotonic_seconds": 6.434, "rss_kib": 248512, "storage_kib": 326352}
sample={"descendants": 2, "monotonic_seconds": 7.524, "rss_kib": 309856, "storage_kib": 508592}
sample={"descendants": 3, "monotonic_seconds": 8.626, "rss_kib": 386864, "storage_kib": 511612}
sample={"descendants": 1, "monotonic_seconds": 9.5, "rss_kib": 24144, "storage_kib": 511616}
status=rustup-install:0
command=rustc-version argv=['/Users/hoppworks/.local/share/agent-builds/rhai/current-msrv-examples-1ca21e32-20261002/agent-build-ehwjvndb/rustup-home/toolchains/1.77.2-aarch64-apple-darwin/bin/rustc', '--version', '--verbose']
sample={"descendants": 2, "monotonic_seconds": 9.529, "rss_kib": 24288, "storage_kib": 511620}
sample={"descendants": 1, "monotonic_seconds": 9.674, "rss_kib": 24288, "storage_kib": 511624}
status=rustc-version:0
command=cargo-version argv=['/Users/hoppworks/.local/share/agent-builds/rhai/current-msrv-examples-1ca21e32-20261002/agent-build-ehwjvndb/rustup-home/toolchains/1.77.2-aarch64-apple-darwin/bin/cargo', '--version', '--verbose']
sample={"descendants": 2, "monotonic_seconds": 9.704, "rss_kib": 24368, "storage_kib": 511628}
sample={"descendants": 1, "monotonic_seconds": 10.053, "rss_kib": 24336, "storage_kib": 511632}
status=cargo-version:0
sample={"descendants": 1, "monotonic_seconds": 10.083, "rss_kib": 24416, "storage_kib": 511640}
command=cargo-build-examples argv=['/Users/hoppworks/.local/share/agent-builds/rhai/current-msrv-examples-1ca21e32-20261002/agent-build-ehwjvndb/rustup-home/toolchains/1.77.2-aarch64-apple-darwin/bin/cargo', 'build', '--locked', '--example', 'sys', '--example', 'net', '--features', 'testing-environ,sys,net']
sample={"descendants": 3, "monotonic_seconds": 10.119, "rss_kib": 43952, "storage_kib": 511640}
sample={"descendants": 2, "monotonic_seconds": 11.206, "rss_kib": 67936, "storage_kib": 513944}
sample={"descendants": 2, "monotonic_seconds": 12.287, "rss_kib": 78832, "storage_kib": 515136}
sample={"descendants": 2, "monotonic_seconds": 13.384, "rss_kib": 122832, "storage_kib": 522592}
sample={"descendants": 6, "monotonic_seconds": 14.495, "rss_kib": 242736, "storage_kib": 553548}
sample={"descendants": 4, "monotonic_seconds": 15.533, "rss_kib": 128944, "storage_kib": 565436}
sample={"descendants": 4, "monotonic_seconds": 16.561, "rss_kib": 300704, "storage_kib": 576680}
sample={"descendants": 4, "monotonic_seconds": 17.577, "rss_kib": 351152, "storage_kib": 582608}
sample={"descendants": 5, "monotonic_seconds": 18.603, "rss_kib": 132656, "storage_kib": 592216}
sample={"descendants": 6, "monotonic_seconds": 19.63, "rss_kib": 451984, "storage_kib": 601356}
sample={"descendants": 5, "monotonic_seconds": 20.646, "rss_kib": 278448, "storage_kib": 615256}
sample={"descendants": 4, "monotonic_seconds": 21.651, "rss_kib": 511488, "storage_kib": 617200}
sample={"descendants": 4, "monotonic_seconds": 22.757, "rss_kib": 688496, "storage_kib": 622648}
sample={"descendants": 4, "monotonic_seconds": 23.82, "rss_kib": 560752, "storage_kib": 641700}
sample={"descendants": 4, "monotonic_seconds": 24.823, "rss_kib": 296912, "storage_kib": 661892}
sample={"descendants": 4, "monotonic_seconds": 25.851, "rss_kib": 329952, "storage_kib": 670564}
sample={"descendants": 3, "monotonic_seconds": 26.863, "rss_kib": 366144, "storage_kib": 675000}
sample={"descendants": 3, "monotonic_seconds": 27.882, "rss_kib": 447552, "storage_kib": 675000}
sample={"descendants": 3, "monotonic_seconds": 28.922, "rss_kib": 525472, "storage_kib": 675000}
sample={"descendants": 3, "monotonic_seconds": 29.957, "rss_kib": 618336, "storage_kib": 675012}
sample={"descendants": 3, "monotonic_seconds": 30.982, "rss_kib": 773520, "storage_kib": 685876}
sample={"descendants": 3, "monotonic_seconds": 32.027, "rss_kib": 790560, "storage_kib": 690868}
sample={"descendants": 3, "monotonic_seconds": 33.04, "rss_kib": 794064, "storage_kib": 698080}
sample={"descendants": 1, "monotonic_seconds": 33.833, "rss_kib": 24336, "storage_kib": 754732}
status=cargo-build-examples:0
command=sys-red argv=['/Users/hoppworks/.local/share/agent-builds/rhai/current-msrv-examples-1ca21e32-20261002/agent-build-ehwjvndb/target/debug/examples/sys']
sample={"descendants": 2, "monotonic_seconds": 33.913, "rss_kib": 24528, "storage_kib": 754740}
sample={"descendants": 1, "monotonic_seconds": 34.182, "rss_kib": 24496, "storage_kib": 754744}
status=sys-red:101
command=sys-green argv=['/Users/hoppworks/.local/share/agent-builds/rhai/current-msrv-examples-1ca21e32-20261002/agent-build-ehwjvndb/target/debug/examples/sys']
sample={"descendants": 2, "monotonic_seconds": 34.236, "rss_kib": 24512, "storage_kib": 754756}
sample={"descendants": 1, "monotonic_seconds": 34.406, "rss_kib": 24512, "storage_kib": 754756}
status=sys-green:0
command=net-red argv=['/Users/hoppworks/.local/share/agent-builds/rhai/current-msrv-examples-1ca21e32-20261002/agent-build-ehwjvndb/target/debug/examples/net']
sample={"descendants": 2, "monotonic_seconds": 34.459, "rss_kib": 24576, "storage_kib": 754764}
sample={"descendants": 1, "monotonic_seconds": 34.732, "rss_kib": 24544, "storage_kib": 754768}
status=net-red:101
command=net-green argv=['/Users/hoppworks/.local/share/agent-builds/rhai/current-msrv-examples-1ca21e32-20261002/agent-build-ehwjvndb/target/debug/examples/net']
sample={"descendants": 2, "monotonic_seconds": 34.785, "rss_kib": 24544, "storage_kib": 754776}
sample={"descendants": 1, "monotonic_seconds": 34.94, "rss_kib": 24544, "storage_kib": 754776}
status=net-green:0
evidence_exported=/Users/hoppworks/projects/rhai-all-tickets/.scratch/all-tickets/current-msrv-examples-evidence
current_msrv_examples=pass
