command=source-archive argv=['/usr/bin/git', '-C', '/Users/hoppworks/projects/rhai-all-tickets', 'archive', '9f84aa6d8163257b4e3f3c2fe4a1c7d7b7c3cce6']
sample={"descendants": 2, "monotonic_seconds": 0.021, "rss_kib": 30640, "storage_kib": 32}
sample={"descendants": 1, "monotonic_seconds": 0.245, "rss_kib": 25568, "storage_kib": 40244}
status=source-archive:0
sample={"descendants": 1, "monotonic_seconds": 0.657, "rss_kib": 30048, "storage_kib": 44164}
command=rustup-install argv=['/Users/hoppworks/.cargo/bin/rustup', 'toolchain', 'install', '1.77.2-aarch64-apple-darwin', '--profile', 'minimal', '--no-self-update']
sample={"descendants": 2, "monotonic_seconds": 0.682, "rss_kib": 37808, "storage_kib": 44164}
sample={"descendants": 2, "monotonic_seconds": 1.753, "rss_kib": 45792, "storage_kib": 44168}
sample={"descendants": 2, "monotonic_seconds": 2.821, "rss_kib": 65200, "storage_kib": 44208}
sample={"descendants": 2, "monotonic_seconds": 3.869, "rss_kib": 65344, "storage_kib": 51344}
sample={"descendants": 2, "monotonic_seconds": 4.936, "rss_kib": 105248, "storage_kib": 62264}
sample={"descendants": 2, "monotonic_seconds": 6.011, "rss_kib": 133728, "storage_kib": 94580}
sample={"descendants": 2, "monotonic_seconds": 7.05, "rss_kib": 133728, "storage_kib": 108724}
sample={"descendants": 2, "monotonic_seconds": 8.112, "rss_kib": 133728, "storage_kib": 112820}
sample={"descendants": 2, "monotonic_seconds": 9.169, "rss_kib": 231776, "storage_kib": 234732}
sample={"descendants": 2, "monotonic_seconds": 10.234, "rss_kib": 231792, "storage_kib": 234632}
sample={"descendants": 2, "monotonic_seconds": 11.291, "rss_kib": 231792, "storage_kib": 243848}
sample={"descendants": 2, "monotonic_seconds": 12.351, "rss_kib": 231792, "storage_kib": 243848}
sample={"descendants": 2, "monotonic_seconds": 13.423, "rss_kib": 231792, "storage_kib": 254088}
sample={"descendants": 2, "monotonic_seconds": 14.493, "rss_kib": 231792, "storage_kib": 254088}
sample={"descendants": 2, "monotonic_seconds": 15.551, "rss_kib": 231760, "storage_kib": 263304}
sample={"descendants": 2, "monotonic_seconds": 16.609, "rss_kib": 231760, "storage_kib": 263304}
sample={"descendants": 2, "monotonic_seconds": 17.679, "rss_kib": 248256, "storage_kib": 277940}
sample={"descendants": 2, "monotonic_seconds": 18.733, "rss_kib": 332048, "storage_kib": 463688}
sample={"descendants": 3, "monotonic_seconds": 19.805, "rss_kib": 424512, "storage_kib": 510824}
sample={"descendants": 3, "monotonic_seconds": 20.867, "rss_kib": 424640, "storage_kib": 510824}
sample={"descendants": 1, "monotonic_seconds": 21.103, "rss_kib": 29920, "storage_kib": 510828}
status=rustup-install:0
command=rustc-version argv=['/Users/hoppworks/.local/share/agent-builds/rhai/root-optional-msrv-20261002-c96f1a72/agent-build-9uhi7a7a/rustup-home/toolchains/1.77.2-aarch64-apple-darwin/bin/rustc', '--version', '--verbose']
sample={"descendants": 2, "monotonic_seconds": 21.131, "rss_kib": 29920, "storage_kib": 510832}
sample={"descendants": 1, "monotonic_seconds": 21.282, "rss_kib": 29920, "storage_kib": 510836}
status=rustc-version:0
command=cargo-version argv=['/Users/hoppworks/.local/share/agent-builds/rhai/root-optional-msrv-20261002-c96f1a72/agent-build-9uhi7a7a/rustup-home/toolchains/1.77.2-aarch64-apple-darwin/bin/cargo', '--version', '--verbose']
sample={"descendants": 2, "monotonic_seconds": 21.315, "rss_kib": 29952, "storage_kib": 510840}
sample={"descendants": 1, "monotonic_seconds": 21.542, "rss_kib": 29920, "storage_kib": 510844}
status=cargo-version:0
command=cargo-check argv=['/Users/hoppworks/.local/share/agent-builds/rhai/root-optional-msrv-20261002-c96f1a72/agent-build-9uhi7a7a/rustup-home/toolchains/1.77.2-aarch64-apple-darwin/bin/cargo', 'check', '--locked', '--lib', '--features', 'testing-environ,sys,net']
sample={"descendants": 3, "monotonic_seconds": 21.575, "rss_kib": 49376, "storage_kib": 510848}
sample={"descendants": 2, "monotonic_seconds": 22.643, "rss_kib": 81312, "storage_kib": 513152}
sample={"descendants": 2, "monotonic_seconds": 23.71, "rss_kib": 83696, "storage_kib": 514344}
sample={"descendants": 2, "monotonic_seconds": 24.769, "rss_kib": 127424, "storage_kib": 522308}
sample={"descendants": 4, "monotonic_seconds": 25.864, "rss_kib": 307376, "storage_kib": 549656}
sample={"descendants": 4, "monotonic_seconds": 26.944, "rss_kib": 241312, "storage_kib": 557104}
sample={"descendants": 4, "monotonic_seconds": 28.032, "rss_kib": 166016, "storage_kib": 570352}
sample={"descendants": 4, "monotonic_seconds": 29.129, "rss_kib": 175744, "storage_kib": 580636}
sample={"descendants": 4, "monotonic_seconds": 30.22, "rss_kib": 458512, "storage_kib": 583564}
sample={"descendants": 4, "monotonic_seconds": 31.316, "rss_kib": 717520, "storage_kib": 587892}
sample={"descendants": 4, "monotonic_seconds": 32.419, "rss_kib": 799552, "storage_kib": 590856}
sample={"descendants": 4, "monotonic_seconds": 33.495, "rss_kib": 346144, "storage_kib": 611672}
sample={"descendants": 3, "monotonic_seconds": 34.582, "rss_kib": 316768, "storage_kib": 614660}
sample={"descendants": 3, "monotonic_seconds": 35.664, "rss_kib": 499344, "storage_kib": 614672}
sample={"descendants": 3, "monotonic_seconds": 36.741, "rss_kib": 593072, "storage_kib": 614672}
sample={"descendants": 1, "monotonic_seconds": 37.836, "rss_kib": 29920, "storage_kib": 622252}
status=cargo-check:0
evidence_exported=/Users/hoppworks/projects/rhai-all-tickets/.scratch/all-tickets/current-optional-msrv-evidence
current_optional_msrv_compile=pass
