command=source-archive argv=['/usr/bin/git', '-C', '/Users/hoppworks/projects/rhai-all-tickets', 'archive', '4baf3b20ba8335fbe9dab21236182429a97f51ec']
sample={"descendants": 2, "monotonic_seconds": 0.021, "rss_kib": 30416, "storage_kib": 32}
sample={"descendants": 1, "monotonic_seconds": 0.254, "rss_kib": 25504, "storage_kib": 40492}
status=source-archive:0
sample={"descendants": 1, "monotonic_seconds": 0.709, "rss_kib": 30016, "storage_kib": 44572}
command=rustup-install argv=['/Users/hoppworks/.cargo/bin/rustup', 'toolchain', 'install', '1.77.2-aarch64-apple-darwin', '--profile', 'minimal', '--no-self-update']
sample={"descendants": 2, "monotonic_seconds": 0.731, "rss_kib": 38640, "storage_kib": 44572}
sample={"descendants": 2, "monotonic_seconds": 1.831, "rss_kib": 47904, "storage_kib": 44576}
sample={"descendants": 2, "monotonic_seconds": 2.946, "rss_kib": 47920, "storage_kib": 44576}
sample={"descendants": 2, "monotonic_seconds": 4.028, "rss_kib": 65248, "storage_kib": 44596}
sample={"descendants": 2, "monotonic_seconds": 5.131, "rss_kib": 65344, "storage_kib": 49716}
sample={"descendants": 2, "monotonic_seconds": 6.225, "rss_kib": 134160, "storage_kib": 89684}
sample={"descendants": 2, "monotonic_seconds": 7.241, "rss_kib": 134192, "storage_kib": 92760}
sample={"descendants": 2, "monotonic_seconds": 8.33, "rss_kib": 134256, "storage_kib": 110168}
sample={"descendants": 2, "monotonic_seconds": 9.421, "rss_kib": 134272, "storage_kib": 111192}
sample={"descendants": 2, "monotonic_seconds": 10.492, "rss_kib": 169472, "storage_kib": 145828}
sample={"descendants": 2, "monotonic_seconds": 11.59, "rss_kib": 232288, "storage_kib": 235052}
sample={"descendants": 2, "monotonic_seconds": 12.681, "rss_kib": 232288, "storage_kib": 244268}
sample={"descendants": 2, "monotonic_seconds": 13.687, "rss_kib": 232288, "storage_kib": 244268}
sample={"descendants": 2, "monotonic_seconds": 14.777, "rss_kib": 232288, "storage_kib": 254508}
sample={"descendants": 2, "monotonic_seconds": 15.874, "rss_kib": 232256, "storage_kib": 254508}
sample={"descendants": 2, "monotonic_seconds": 16.955, "rss_kib": 232256, "storage_kib": 263724}
sample={"descendants": 2, "monotonic_seconds": 18.039, "rss_kib": 232256, "storage_kib": 263724}
sample={"descendants": 2, "monotonic_seconds": 19.023, "rss_kib": 232256, "storage_kib": 268844}
sample={"descendants": 2, "monotonic_seconds": 20.121, "rss_kib": 329424, "storage_kib": 467768}
sample={"descendants": 3, "monotonic_seconds": 21.226, "rss_kib": 419408, "storage_kib": 510464}
sample={"descendants": 3, "monotonic_seconds": 22.234, "rss_kib": 419568, "storage_kib": 510464}
sample={"descendants": 1, "monotonic_seconds": 22.471, "rss_kib": 24688, "storage_kib": 510468}
status=rustup-install:0
command=rustc-version argv=['/Users/hoppworks/.local/share/agent-builds/rhai/root-feature-20261002-29bc7f16/agent-build-wqsbtouw/rustup-home/toolchains/1.77.2-aarch64-apple-darwin/bin/rustc', '--version', '--verbose']
sample={"descendants": 2, "monotonic_seconds": 22.498, "rss_kib": 24688, "storage_kib": 510472}
sample={"descendants": 1, "monotonic_seconds": 22.64, "rss_kib": 24688, "storage_kib": 510476}
status=rustc-version:0
command=cargo-version argv=['/Users/hoppworks/.local/share/agent-builds/rhai/root-feature-20261002-29bc7f16/agent-build-wqsbtouw/rustup-home/toolchains/1.77.2-aarch64-apple-darwin/bin/cargo', '--version', '--verbose']
sample={"descendants": 2, "monotonic_seconds": 22.667, "rss_kib": 24736, "storage_kib": 510480}
sample={"descendants": 1, "monotonic_seconds": 23.109, "rss_kib": 24704, "storage_kib": 510484}
status=cargo-version:0
command=cargo-sys-alone argv=['/Users/hoppworks/.local/share/agent-builds/rhai/root-feature-20261002-29bc7f16/agent-build-wqsbtouw/rustup-home/toolchains/1.77.2-aarch64-apple-darwin/bin/cargo', 'check', '--locked', '--lib', '--features', 'testing-environ,sys']
sample={"descendants": 3, "monotonic_seconds": 23.15, "rss_kib": 44400, "storage_kib": 510488}
sample={"descendants": 2, "monotonic_seconds": 24.233, "rss_kib": 77616, "storage_kib": 513740}
sample={"descendants": 2, "monotonic_seconds": 25.332, "rss_kib": 79600, "storage_kib": 513984}
sample={"descendants": 2, "monotonic_seconds": 26.427, "rss_kib": 95472, "storage_kib": 517232}
sample={"descendants": 2, "monotonic_seconds": 27.43, "rss_kib": 113776, "storage_kib": 520792}
sample={"descendants": 2, "monotonic_seconds": 28.502, "rss_kib": 123120, "storage_kib": 535016}
sample={"descendants": 7, "monotonic_seconds": 29.607, "rss_kib": 286336, "storage_kib": 555064}
sample={"descendants": 4, "monotonic_seconds": 30.605, "rss_kib": 265760, "storage_kib": 565860}
sample={"descendants": 4, "monotonic_seconds": 31.617, "rss_kib": 126896, "storage_kib": 574508}
sample={"descendants": 4, "monotonic_seconds": 32.619, "rss_kib": 328048, "storage_kib": 583172}
sample={"descendants": 4, "monotonic_seconds": 33.705, "rss_kib": 735200, "storage_kib": 588428}
sample={"descendants": 4, "monotonic_seconds": 34.815, "rss_kib": 335344, "storage_kib": 610448}
sample={"descendants": 3, "monotonic_seconds": 35.817, "rss_kib": 306432, "storage_kib": 614272}
sample={"descendants": 3, "monotonic_seconds": 36.879, "rss_kib": 522816, "storage_kib": 614284}
sample={"descendants": 3, "monotonic_seconds": 37.871, "rss_kib": 631936, "storage_kib": 614288}
sample={"descendants": 1, "monotonic_seconds": 38.37, "rss_kib": 24672, "storage_kib": 621668}
status=cargo-sys-alone:0
command=cargo-net-alone argv=['/Users/hoppworks/.local/share/agent-builds/rhai/root-feature-20261002-29bc7f16/agent-build-wqsbtouw/rustup-home/toolchains/1.77.2-aarch64-apple-darwin/bin/cargo', 'check', '--locked', '--lib', '--features', 'testing-environ,net']
sample={"descendants": 2, "monotonic_seconds": 38.422, "rss_kib": 56240, "storage_kib": 621676}
sample={"descendants": 3, "monotonic_seconds": 39.526, "rss_kib": 314224, "storage_kib": 625344}
sample={"descendants": 3, "monotonic_seconds": 40.628, "rss_kib": 465008, "storage_kib": 625344}
sample={"descendants": 3, "monotonic_seconds": 41.729, "rss_kib": 573648, "storage_kib": 625344}
sample={"descendants": 1, "monotonic_seconds": 41.89, "rss_kib": 24640, "storage_kib": 632580}
status=cargo-net-alone:0
command=cargo-net-no-object argv=['/Users/hoppworks/.local/share/agent-builds/rhai/root-feature-20261002-29bc7f16/agent-build-wqsbtouw/rustup-home/toolchains/1.77.2-aarch64-apple-darwin/bin/cargo', 'check', '--locked', '--lib', '--features', 'testing-environ,net,no_object']
sample={"descendants": 2, "monotonic_seconds": 41.943, "rss_kib": 64368, "storage_kib": 632584}
sample={"descendants": 3, "monotonic_seconds": 42.948, "rss_kib": 262864, "storage_kib": 633460}
sample={"descendants": 3, "monotonic_seconds": 44.05, "rss_kib": 428000, "storage_kib": 633460}
sample={"descendants": 2, "monotonic_seconds": 45.066, "rss_kib": 24656, "storage_kib": 640496}
sample={"descendants": 1, "monotonic_seconds": 45.222, "rss_kib": 24656, "storage_kib": 640496}
status=cargo-net-no-object:0
command=cargo-combined-sync argv=['/Users/hoppworks/.local/share/agent-builds/rhai/root-feature-20261002-29bc7f16/agent-build-wqsbtouw/rustup-home/toolchains/1.77.2-aarch64-apple-darwin/bin/cargo', 'check', '--locked', '--lib', '--features', 'testing-environ,sys,net,sync']
sample={"descendants": 2, "monotonic_seconds": 45.27, "rss_kib": 63184, "storage_kib": 640504}
sample={"descendants": 3, "monotonic_seconds": 46.357, "rss_kib": 218272, "storage_kib": 645132}
sample={"descendants": 3, "monotonic_seconds": 47.375, "rss_kib": 431808, "storage_kib": 645144}
sample={"descendants": 3, "monotonic_seconds": 48.384, "rss_kib": 519104, "storage_kib": 645144}
sample={"descendants": 1, "monotonic_seconds": 49.384, "rss_kib": 24704, "storage_kib": 652716}
status=cargo-combined-sync:0
command=cargo-combined-no-index argv=['/Users/hoppworks/.local/share/agent-builds/rhai/root-feature-20261002-29bc7f16/agent-build-wqsbtouw/rustup-home/toolchains/1.77.2-aarch64-apple-darwin/bin/cargo', 'check', '--locked', '--lib', '--features', 'testing-environ,sys,net,no_index']
sample={"descendants": 2, "monotonic_seconds": 49.428, "rss_kib": 63536, "storage_kib": 652720}
sample={"descendants": 3, "monotonic_seconds": 50.435, "rss_kib": 345248, "storage_kib": 653596}
sample={"descendants": 3, "monotonic_seconds": 51.443, "rss_kib": 477216, "storage_kib": 653596}
sample={"descendants": 1, "monotonic_seconds": 52.245, "rss_kib": 24720, "storage_kib": 660456}
status=cargo-combined-no-index:0
command=cargo-combined-metadata-serde argv=['/Users/hoppworks/.local/share/agent-builds/rhai/root-feature-20261002-29bc7f16/agent-build-wqsbtouw/rustup-home/toolchains/1.77.2-aarch64-apple-darwin/bin/cargo', 'check', '--locked', '--lib', '--features', 'testing-environ,sys,net,metadata,serde']
sample={"descendants": 2, "monotonic_seconds": 52.289, "rss_kib": 63808, "storage_kib": 660460}
sample={"descendants": 4, "monotonic_seconds": 53.446, "rss_kib": 440800, "storage_kib": 670976}
sample={"descendants": 4, "monotonic_seconds": 54.475, "rss_kib": 179632, "storage_kib": 679724}
sample={"descendants": 4, "monotonic_seconds": 55.487, "rss_kib": 383312, "storage_kib": 681796}
sample={"descendants": 3, "monotonic_seconds": 56.492, "rss_kib": 107184, "storage_kib": 689312}
sample={"descendants": 3, "monotonic_seconds": 57.51, "rss_kib": 236560, "storage_kib": 690036}
sample={"descendants": 3, "monotonic_seconds": 58.61, "rss_kib": 458416, "storage_kib": 690048}
sample={"descendants": 3, "monotonic_seconds": 59.703, "rss_kib": 564320, "storage_kib": 690048}
sample={"descendants": 1, "monotonic_seconds": 60.801, "rss_kib": 24736, "storage_kib": 698448}
status=cargo-combined-metadata-serde:0
command=cargo-combined-only-i32-no-float argv=['/Users/hoppworks/.local/share/agent-builds/rhai/root-feature-20261002-29bc7f16/agent-build-wqsbtouw/rustup-home/toolchains/1.77.2-aarch64-apple-darwin/bin/cargo', 'check', '--locked', '--lib', '--features', 'testing-environ,sys,net,only_i32,no_float']
sample={"descendants": 2, "monotonic_seconds": 60.873, "rss_kib": 64816, "storage_kib": 698452}
sample={"descendants": 3, "monotonic_seconds": 61.884, "rss_kib": 336912, "storage_kib": 699328}
sample={"descendants": 3, "monotonic_seconds": 62.892, "rss_kib": 453280, "storage_kib": 699328}
sample={"descendants": 1, "monotonic_seconds": 63.792, "rss_kib": 24784, "storage_kib": 704984}
status=cargo-combined-only-i32-no-float:0
command=cargo-combined-unchecked argv=['/Users/hoppworks/.local/share/agent-builds/rhai/root-feature-20261002-29bc7f16/agent-build-wqsbtouw/rustup-home/toolchains/1.77.2-aarch64-apple-darwin/bin/cargo', 'check', '--locked', '--lib', '--features', 'testing-environ,sys,net,unchecked']
sample={"descendants": 2, "monotonic_seconds": 63.846, "rss_kib": 63984, "storage_kib": 704988}
sample={"descendants": 3, "monotonic_seconds": 64.849, "rss_kib": 315520, "storage_kib": 705864}
sample={"descendants": 3, "monotonic_seconds": 65.862, "rss_kib": 478048, "storage_kib": 705864}
sample={"descendants": 3, "monotonic_seconds": 66.89, "rss_kib": 598496, "storage_kib": 705916}
sample={"descendants": 1, "monotonic_seconds": 67.148, "rss_kib": 24784, "storage_kib": 713396}
status=cargo-combined-unchecked:0
command=cargo-combined-no-index-sync-metadata argv=['/Users/hoppworks/.local/share/agent-builds/rhai/root-feature-20261002-29bc7f16/agent-build-wqsbtouw/rustup-home/toolchains/1.77.2-aarch64-apple-darwin/bin/cargo', 'check', '--locked', '--lib', '--features', 'testing-environ,sys,net,no_index,sync,metadata']
sample={"descendants": 2, "monotonic_seconds": 67.198, "rss_kib": 64384, "storage_kib": 713400}
sample={"descendants": 3, "monotonic_seconds": 68.326, "rss_kib": 233536, "storage_kib": 717892}
sample={"descendants": 3, "monotonic_seconds": 69.333, "rss_kib": 398592, "storage_kib": 717904}
sample={"descendants": 3, "monotonic_seconds": 70.333, "rss_kib": 476816, "storage_kib": 717904}
sample={"descendants": 3, "monotonic_seconds": 71.346, "rss_kib": 596400, "storage_kib": 717920}
sample={"descendants": 1, "monotonic_seconds": 71.499, "rss_kib": 23600, "storage_kib": 725496}
status=cargo-combined-no-index-sync-metadata:0
command=cargo-combined-f32-float argv=['/Users/hoppworks/.local/share/agent-builds/rhai/root-feature-20261002-29bc7f16/agent-build-wqsbtouw/rustup-home/toolchains/1.77.2-aarch64-apple-darwin/bin/cargo', 'check', '--locked', '--lib', '--features', 'testing-environ,sys,net,f32_float']
sample={"descendants": 2, "monotonic_seconds": 71.549, "rss_kib": 63392, "storage_kib": 725504}
sample={"descendants": 3, "monotonic_seconds": 72.555, "rss_kib": 292448, "storage_kib": 726380}
sample={"descendants": 3, "monotonic_seconds": 73.56, "rss_kib": 478160, "storage_kib": 726380}
sample={"descendants": 2, "monotonic_seconds": 74.655, "rss_kib": 64656, "storage_kib": 733936}
sample={"descendants": 1, "monotonic_seconds": 74.809, "rss_kib": 24000, "storage_kib": 733948}
status=cargo-combined-f32-float:0
evidence_exported=/Users/hoppworks/projects/rhai-all-tickets/.scratch/all-tickets/current-feature-compilation-evidence
current_feature_compilation=pass
