source.tar: OK
Cargo.lock.accepted: OK
run-sys-net-policy2.py: OK
contract.md: OK
launch.sh: OK
stage.sh: OK
runner/tools/run_scoped.py: OK
runner/tools/agentskills/__init__.py: OK
runner/tools/agentskills/pyguard.py: OK
reused-policy1/source-lock-manifests.json: OK
reused-policy1/positive-rows-in-progress.json: OK
reused-policy1/controls-in-progress.json: OK
reused-policy1/commands.json: OK
reused-policy1/host.json: OK
reused-policy1/rustc-version.stdout: OK
reused-policy1/cargo-version.stdout: OK
reused-policy1/helper-used.py: OK
reused-policy1/control-sys-filesystem-wrong-readback.stdout: OK
reused-policy1/control-sys-filesystem-wrong-readback.stderr: OK
reused-policy1/control-sys-filesystem-wrong-readback.status: OK
reused-policy1/control-tcp-wrong-peer-readback.stdout: OK
reused-policy1/control-tcp-wrong-peer-readback.stderr: OK
reused-policy1/control-tcp-wrong-peer-readback.status: OK
reused-policy1/control-tcp-wrong-peer-writeback.stdout: OK
reused-policy1/control-tcp-wrong-peer-writeback.stderr: OK
reused-policy1/control-tcp-wrong-peer-writeback.status: OK
reused-policy1/control-combined-wrong-host-readback.stdout: OK
reused-policy1/control-combined-wrong-host-readback.stderr: OK
reused-policy1/control-combined-wrong-host-readback.status: OK
reused-policy1/control-net-no-object-wrong-peer.stdout: OK
reused-policy1/control-net-no-object-wrong-peer.stderr: OK
reused-policy1/control-net-no-object-wrong-peer.status: OK
