 Downloading crates ...
  Downloaded ahash v0.8.12
  Downloaded cfg-if v1.0.5
  Downloaded crunchy v0.2.4
  Downloaded autocfg v1.5.1
  Downloaded smartstring v1.0.1
  Downloaded quote v1.0.41
  Downloaded unicode-ident v1.0.22
  Downloaded thin-vec v0.2.19
  Downloaded bitflags v2.13.2
  Downloaded smallvec v1.16.2
  Downloaded proc-macro2 v1.0.103
  Downloaded portable-atomic v1.15.0
  Downloaded num-traits v0.2.19
  Downloaded getrandom v0.3.4
  Downloaded once_cell v1.21.4
  Downloaded getrandom v0.2.17
  Downloaded zerocopy v0.8.59
  Downloaded syn v2.0.106
  Downloaded libc v0.2.189
   Compiling libc v0.2.189
   Compiling version_check v0.9.5
   Compiling autocfg v1.5.1
   Compiling crunchy v0.2.4
   Compiling tiny-keccak v2.0.2
   Compiling proc-macro2 v1.0.103
   Compiling unicode-ident v1.0.22
   Compiling portable-atomic v1.15.0
   Compiling quote v1.0.41
   Compiling cfg-if v1.0.5
   Compiling getrandom v0.2.17
   Compiling zerocopy v0.8.59
   Compiling once_cell v1.21.4
   Compiling getrandom v0.3.4
   Compiling const-random-macro v0.1.16
   Compiling num-traits v0.2.19
   Compiling smartstring v1.0.1
   Compiling ahash v0.8.12
   Compiling syn v2.0.106
    Checking const-random v0.1.18
   Compiling rhai v1.26.1 (/Users/hoppworks/.local/share/agent-builds/rhai/root-core-msrv-085a360c0bb144f0bc0c652a0ce8a70b/agent-build-8adr264f/source)
    Checking static_assertions v1.1.0
   Compiling rhai_codegen v3.2.0 (/Users/hoppworks/.local/share/agent-builds/rhai/root-core-msrv-085a360c0bb144f0bc0c652a0ce8a70b/agent-build-8adr264f/source/codegen)
    Checking thin-vec v0.2.19
    Checking bitflags v2.13.2
    Checking smallvec v1.16.2
warning: the item `TryFrom` is imported redundantly
   --> src/func/func_call.rs:291:21
    |
291 |                 use std::convert::TryFrom;
    |                     ^^^^^^^^^^^^^^^^^^^^^
    |
    = note: `#[warn(unused_imports)]` on by default

warning: associated function `get_script_fn_by_hash_mut` is never used
    --> src/module/mod.rs:1358:19
     |
1358 |     pub(crate) fn get_script_fn_by_hash_mut(
     |                   ^^^^^^^^^^^^^^^^^^^^^^^^^
     |
     = note: `#[warn(dead_code)]` on by default

warning: `rhai` (lib) generated 2 warnings
    Finished dev [unoptimized] target(s) in 14.36s
