PRIVATE_RUNTIME /tmp/agent-build-qt3os6ac
SOURCE_ARCHIVE sha256=c799fe5a436ae9a548e476712c29ca91811c1e34accc4870748a66cbc270b3ee revision=c6e820d4e409a27f2d34504ff899ea17083fc35a
LOCK edge_only_sha256=2ba4b3a0807e32b613ff2e972b893c3fd2e0923fd91803611963f09e93265425 baseline_sha256=8bd35d7d14b123c204f253e89e77c4f655815f141ccdb1ce4e44c4be837d8baa
PLATFORM Linux workhorse 7.2.7-ogc1.1.fc44.x86_64 #1 SMP PREEMPT_DYNAMIC Fri Sep 25 06:00:41 UTC 2026 x86_64 GNU/Linux
LIMITS package_outer_seconds=600 active_driver_seconds=580 aggregate_cargo_seconds=540 cargo_jobs=2 storage_sample_stop_kib=1572864 hard_policy_kib=2097152 sampler_interval_seconds=1
COMMAND known-broken-managed-gate-control: ['/root/.rustup/toolchains/1.93.0-x86_64-unknown-linux-gnu/bin/cargo', 'test', '--locked', '--no-fail-fast', '--features', 'testing-environ,sys', '--test', 'sys_process', 'managed_run_closes_pipe_closed_worker_before_return', '--', '--exact', '--nocapture', '--test-threads=1']
STATUS known-broken-managed-gate-control=101 elapsed=12.82s
CONTROL_SOURCE_RESTORED sha256=275b193afab2cffdeb7d1a4523ce9749f75fb6bfa3b5eaf592f2b711dc3ded21
COMMAND known-broken-provisional-eperm-control: ['/root/.rustup/toolchains/1.93.0-x86_64-unknown-linux-gnu/bin/cargo', 'test', '--locked', '--no-fail-fast', '--features', 'testing-environ,sys', '--lib', 'packages::sys::process::unix::tests::managed_run_retries_provisional_group_eperm_within_one_observation_window', '--', '--exact', '--nocapture', '--test-threads=1']
STATUS known-broken-provisional-eperm-control=101 elapsed=5.01s
PROOF_STOP RuntimeError: EPERM control failed outside the intended one-shot recovery assertion
EXACT_SAMPLED_CHILD_CLEANUP alive_before=[] remaining=[]
SAMPLED_PRIVATE_STORAGE_MAX_KIB=299844; interval=1s du -sk; sampled maximum, not continuous peak
Traceback (most recent call last):
  File "/root/rhai-managed-unix-scope-close-c6e820d4-heartbeat3/linux-process-proof.py", line 629, in <module>
    main()
    ~~~~^^
  File "/root/rhai-managed-unix-scope-close-c6e820d4-heartbeat3/linux-process-proof.py", line 591, in main
    raise RuntimeError('EPERM control failed outside the intended one-shot recovery assertion')
RuntimeError: EPERM control failed outside the intended one-shot recovery assertion
