    Updating git repository `https://github.com/schungx/rustyline`
    Updating crates.io index
    Updating git repository `https://gitlab.com/jD91mZM2/no-std-compat.git`
 Downloading crates ...
  Downloaded const-random v0.1.18
  Downloaded crunchy v0.2.4
  Downloaded ambient-authority v0.0.2
  Downloaded const-random-macro v0.1.16
  Downloaded errno v0.3.14
  Downloaded cfg-if v1.0.5
  Downloaded getrandom v0.2.17
  Downloaded getrandom v0.3.4
  Downloaded fs-set-times v0.20.3
  Downloaded tiny-keccak v2.0.2
  Downloaded ahash v0.8.12
  Downloaded cap-std v4.0.3
  Downloaded maybe-owned v0.3.4
  Downloaded bitflags v2.13.2
  Downloaded autocfg v1.5.1
  Downloaded itoa v1.0.15
  Downloaded version_check v0.9.5
  Downloaded smartstring v1.0.1
  Downloaded io-lifetimes v3.0.1
  Downloaded byteorder v1.5.0
  Downloaded paste v1.0.15
  Downloaded smallvec v1.16.2
  Downloaded static_assertions v1.1.0
  Downloaded quote v1.0.41
  Downloaded rmp-serde v1.3.0
  Downloaded once_cell v1.21.4
  Downloaded io-lifetimes v2.0.4
  Downloaded ipnet v2.12.2
  Downloaded rustix-linux-procfs v0.1.1
  Downloaded io-extras v0.19.0
  Downloaded thin-vec v0.2.19
  Downloaded serde_core v1.0.229
  Downloaded cap-primitives v4.0.3
  Downloaded unicode-ident v1.0.22
  Downloaded rmp v0.8.14
  Downloaded ryu v1.0.20
  Downloaded proc-macro2 v1.0.103
  Downloaded num-traits v0.2.19
  Downloaded serde v1.0.229
  Downloaded memchr v2.8.3
  Downloaded serde_json v1.0.145
  Downloaded portable-atomic v1.15.0
  Downloaded zerocopy v0.8.59
  Downloaded syn v2.0.106
  Downloaded rustix v1.1.5
  Downloaded libc v0.2.189
  Downloaded linux-raw-sys v0.12.1
 Downloading crates ...
  Downloaded web-time v1.1.0
   Compiling autocfg v1.5.1
   Compiling portable-atomic v1.15.0
   Compiling version_check v0.9.5
   Compiling crunchy v0.2.4
   Compiling rustix v1.1.5
   Compiling libc v0.2.189
   Compiling linux-raw-sys v0.12.1
   Compiling cfg-if v1.0.5
   Compiling bitflags v2.13.2
   Compiling io-lifetimes v3.0.1
   Compiling proc-macro2 v1.0.103
   Compiling io-lifetimes v2.0.4
   Compiling tiny-keccak v2.0.2
   Compiling once_cell v1.21.4
   Compiling num-traits v0.2.19
   Compiling io-extras v0.19.0
   Compiling quote v1.0.41
   Compiling unicode-ident v1.0.22
   Compiling getrandom v0.2.17
   Compiling getrandom v0.3.4
   Compiling cap-primitives v4.0.3
   Compiling zerocopy v0.8.59
   Compiling serde_core v1.0.229
   Compiling const-random-macro v0.1.16
   Compiling fs-set-times v0.20.3
   Compiling rustix-linux-procfs v0.1.1
   Compiling smartstring v1.0.1
   Compiling ahash v0.8.12
   Compiling ambient-authority v0.0.2
   Compiling maybe-owned v0.3.4
   Compiling paste v1.0.15
   Compiling cap-std v4.0.3
   Compiling ipnet v2.12.2
   Compiling syn v2.0.106
   Compiling const-random v0.1.18
   Compiling serde v1.0.229
   Compiling rhai v1.26.1 (/var/roothome/.local/share/agent-builds/rhai/linux-managed-zombie-20261003-257edf69-94/agent-build-6jlejilt/source)
   Compiling static_assertions v1.1.0
   Compiling rhai_codegen v3.2.0 (/var/roothome/.local/share/agent-builds/rhai/linux-managed-zombie-20261003-257edf69-94/agent-build-6jlejilt/source/codegen)
   Compiling thin-vec v0.2.19
   Compiling serde_json v1.0.145
   Compiling smallvec v1.16.2
   Compiling byteorder v1.5.0
   Compiling rmp v0.8.14
   Compiling ryu v1.0.20
   Compiling memchr v2.8.3
   Compiling itoa v1.0.15
warning: the item `TryFrom` is imported redundantly
   --> src/func/func_call.rs:291:21
    |
291 |                 use std::convert::TryFrom;
    |                     ^^^^^^^^^^^^^^^^^^^^^
   --> /rustc/25ef9e3d85d934b27d9dada2f9dd52b1dc63bb04/library/std/src/prelude/mod.rs:129:13
    |
    = note: the item `TryFrom` is already defined here
    |
    = note: `#[warn(unused_imports)]` on by default

   Compiling rmp-serde v1.3.0
warning: variable does not need to be mutable
   --> src/packages/sys/process/unix.rs:668:13
    |
668 |         let mut wait_operation = "wait for child";
    |             ----^^^^^^^^^^^^^^
    |             |
    |             help: remove this `mut`
    |
    = note: `#[warn(unused_mut)]` on by default

warning: unused variable: `termination`
    --> src/packages/sys/process/unix.rs:1106:22
     |
1106 |                 let (termination, _operation) = if self.managed {
     |                      ^^^^^^^^^^^ help: if this is intentional, prefix it with an underscore: `_termination`
     |
     = note: `#[warn(unused_variables)]` on by default

warning: variable does not need to be mutable
    --> src/packages/sys/process/unix.rs:2134:9
     |
2134 |     let mut child =
     |         ----^^^^^
     |         |
     |         help: remove this `mut`

warning: variable does not need to be mutable
    --> src/packages/sys/process/unix.rs:2456:9
     |
2456 |     let mut pending = input.unwrap_or_default();
     |         ----^^^^^^^
     |         |
     |         help: remove this `mut`

warning: variant `OnlyZombieLeader` is never constructed
  --> src/packages/sys/process/unix.rs:50:5
   |
47 | enum GroupCloseOutcome {
   |      ----------------- variant in this enum
...
50 |     OnlyZombieLeader,
   |     ^^^^^^^^^^^^^^^^
   |
   = note: `GroupCloseOutcome` has derived impls for the traits `Clone` and `Debug`, but these are intentionally ignored during dead code analysis
   = note: `#[warn(dead_code)]` on by default

warning: methods `numeric_operations_probe`, `quarantine_observations_probe`, and `fail_reservation` are never used
    --> src/packages/sys/process/unix.rs:1470:8
     |
1390 | impl ExecutionFaults {
     | -------------------- methods in this implementation
...
1470 |     fn numeric_operations_probe(&self) -> Option<Arc<AtomicUsize>> {
     |        ^^^^^^^^^^^^^^^^^^^^^^^^
...
1481 |     fn quarantine_observations_probe(&self) -> Option<Arc<AtomicUsize>> {
     |        ^^^^^^^^^^^^^^^^^^^^^^^^^^^^^
...
1506 |     fn fail_reservation(&self) -> bool {
     |        ^^^^^^^^^^^^^^^^

warning: `rhai` (lib) generated 7 warnings (run `cargo fix --lib -p rhai` to apply 4 suggestions)
warning: unused import: `PathBuf`
 --> src/bin/rhai-run.rs:8:18
  |
8 |     path::{Path, PathBuf},
  |                  ^^^^^^^
  |
  = note: `#[warn(unused_imports)]` on by default

warning: variable does not need to be mutable
   --> tests/sys_process.rs:865:9
    |
865 |     let mut holder = command.spawn().expect("start escaped captured-pipe holder");
    |         ----^^^^^^
    |         |
    |         help: remove this `mut`
    |
    = note: `#[warn(unused_mut)]` on by default

warning: value assigned to `incomplete` is never read
    --> tests/sys_process.rs:1178:17
     |
1178 |         let mut incomplete = false;
     |                 ^^^^^^^^^^
     |
     = help: maybe it is overwritten before being read?
     = note: `#[warn(unused_assignments)]` on by default

warning: constant `DIRECT_DROP_RECORD_ENV` is never used
  --> tests/sys_process.rs:38:7
   |
38 | const DIRECT_DROP_RECORD_ENV: &str = "RHAI_SYS_DIRECT_DROP_RECORD";
   |       ^^^^^^^^^^^^^^^^^^^^^^
   |
   = note: `#[warn(dead_code)]` on by default

warning: unused `Dynamic` that must be used
   --> tests/fixtures/sys_process_shared_child_contract.rs:239:5
    |
239 |     engine.eval_with_scope::<Dynamic>(&mut scope, "child.kill()").expect("kill after completion is idempotent");
    |     ^^^^^^^^^^^^^^^^^^^^^^^^^^^^^^^^^^^^^^^^^^^^^^^^^^^^^^^^^^^^^^^^^^^^^^^^^^^^^^^^^^^^^^^^^^^^^^^^^^^^^^^^^^^
    |
    = note: `#[warn(unused_must_use)]` on by default
help: use `let _ = ...` to ignore the resulting value
    |
239 |     let _ = engine.eval_with_scope::<Dynamic>(&mut scope, "child.kill()").expect("kill after completion is idempotent");
    |     +++++++

warning: unused `Dynamic` that must be used
   --> tests/fixtures/sys_process_shared_child_contract.rs:240:5
    |
240 |     engine.eval_with_scope::<Dynamic>(&mut scope, "child.kill()").expect("repeated kill after completion is idempotent");
    |     ^^^^^^^^^^^^^^^^^^^^^^^^^^^^^^^^^^^^^^^^^^^^^^^^^^^^^^^^^^^^^^^^^^^^^^^^^^^^^^^^^^^^^^^^^^^^^^^^^^^^^^^^^^^^^^^^^^^^
    |
help: use `let _ = ...` to ignore the resulting value
    |
240 |     let _ = engine.eval_with_scope::<Dynamic>(&mut scope, "child.kill()").expect("repeated kill after completion is idempotent");
    |     +++++++

warning: `rhai` (bin "rhai-run") generated 1 warning (run `cargo fix --bin "rhai-run"` to apply 1 suggestion)
warning: `rhai` (test "sys_process") generated 5 warnings (run `cargo fix --test "sys_process"` to apply 1 suggestion)
    Finished test [unoptimized] target(s) in 13.22s
     Running tests/sys_process.rs (/root/.local/share/agent-builds/rhai/linux-managed-zombie-20261003-257edf69-94/agent-build-6jlejilt/target/debug/deps/sys_process-7540f7d2e1301f52)
managed_pidfd_acquired pid=780631 start=1806685 ppid=780628 pgid=780631
managed_pidfd_acquired pid=780633 start=1806685 ppid=780631 pgid=780631
managed_pidfd_acquired pid=780635 start=1806685 ppid=780633 pgid=780631
managed_held_zombie_boundary host_live_at_return=true leader=780631 leader_start=1806685 leader_reaped=true worker=780633 worker_start=1806685 worker_state=Z worker_pgid=780631 leaf=780635 leaf_start=1806685 leaf_state=Z leaf_pgid=780631 group=780631 kill_zero_result=0 kill_zero_errno=0 capture_complete=true host=780628 host_start=1806684 api_success=false api_outcome=typed_process_io cause_op=observe_process_group_closure cause_op_matches=true kind=TimedOut exit=Some(0) stdout_complete=true stderr_complete=true diagnostic=true cause_details=Some(Process { cause: Io { op: "observe process group closure", target: "/var/roothome/.local/share/agent-builds/rhai/linux-managed-zombie-20261003-257edf69-94/agent-build-6jlejilt/target/debug/deps/sys_process-7540f7d2e1301f52", kind: TimedOut, message: "managed process scope remained present after leader reap" }, report: ProcessReport { stdout: [10, 114, 117, 110, 110, 105, 110, 103, 32, 49, 32, 116, 101, 115, 116, 10, 46, 10, 116, 101, 115, 116, 32, 114, 101, 115, 117, 108, 116, 58, 32, 111, 107, 46, 32, 49, 32, 112, 97, 115, 115, 101, 100, 59, 32, 48, 32, 102, 97, 105, 108, 101, 100, 59, 32, 48, 32, 105, 103, 110, 111, 114, 101, 100, 59, 32, 48, 32, 109, 101, 97, 115, 117, 114, 101, 100, 59, 32, 52, 49, 32, 102, 105, 108, 116, 101, 114, 101, 100, 32, 111, 117, 116, 59, 32, 102, 105, 110, 105, 115, 104, 101, 100, 32, 105, 110, 32, 48, 46, 48, 49, 115, 10, 10], stderr: [], stdout_complete: true, stderr_complete: true, exit: Some(Code(0)), timed_out: false, cleanup_diagnostics: [ProcessDiagnostic { operation: "observe process group closure", io_kind: None, message: "managed scope remains present under retained process ownership" }] } }) cleanup_diagnostics=[ProcessDiagnostic { operation: "observe process group closure", io_kind: None, message: "managed scope remains present under retained process ownership" }]
 held="pid=780626 start=1806684 host_status=0 worker=Some(780633) worker_start=Some(1806685) leaf=Some(780635) leaf_start=Some(1806685) held_zombies=true\n" reaper_status=ExitStatus(unix_wait_status(0))
managed_held_zombie_cleanup worker=780633 reaped=true leaf=780635 reaped=true
thread 'managed_run_reports_while_fixture_reaper_holds_stopped_zombies' panicked at tests/sys_process.rs:1676:5:
managed-zombie-control require-success assertion
note: run with `RUST_BACKTRACE=1` environment variable to display a backtrace
managed_fixture_cleanup worker_pid=Some(780633) worker_esrch=true leaf_pid=Some(780635) leaf_esrch=true
managed_spawn_fixture_leader_cleanup leader_pid=Some(780631) leader_esrch=true
error: test failed, to rerun pass `--test sys_process`
