    Updating git repository `https://github.com/schungx/rustyline`
    Updating crates.io index
    Updating git repository `https://gitlab.com/jD91mZM2/no-std-compat.git`
 Downloading crates ...
  Downloaded const-random v0.1.18
  Downloaded const-random-macro v0.1.16
  Downloaded ambient-authority v0.0.2
  Downloaded cfg-if v1.0.5
  Downloaded autocfg v1.5.1
  Downloaded cap-std v4.0.3
  Downloaded fs-set-times v0.20.3
  Downloaded ahash v0.8.12
  Downloaded version_check v0.9.5
  Downloaded maybe-owned v0.3.4
  Downloaded itoa v1.0.15
  Downloaded errno v0.3.14
  Downloaded crunchy v0.2.4
  Downloaded bitflags v2.13.2
  Downloaded byteorder v1.5.0
  Downloaded tiny-keccak v2.0.2
  Downloaded rmp v0.8.14
  Downloaded io-lifetimes v3.0.1
  Downloaded smartstring v1.0.1
  Downloaded ipnet v2.12.2
  Downloaded static_assertions v1.1.0
  Downloaded rustix-linux-procfs v0.1.1
  Downloaded io-lifetimes v2.0.4
  Downloaded quote v1.0.41
  Downloaded getrandom v0.2.17
  Downloaded rmp-serde v1.3.0
  Downloaded paste v1.0.15
  Downloaded once_cell v1.21.4
  Downloaded smallvec v1.16.2
  Downloaded io-extras v0.19.0
  Downloaded unicode-ident v1.0.22
  Downloaded proc-macro2 v1.0.103
  Downloaded thin-vec v0.2.19
  Downloaded ryu v1.0.20
  Downloaded serde_core v1.0.229
  Downloaded getrandom v0.3.4
  Downloaded num-traits v0.2.19
  Downloaded cap-primitives v4.0.3
  Downloaded serde v1.0.229
  Downloaded memchr v2.8.3
  Downloaded serde_json v1.0.145
  Downloaded portable-atomic v1.15.0
  Downloaded syn v2.0.106
  Downloaded zerocopy v0.8.59
  Downloaded rustix v1.1.5
  Downloaded libc v0.2.189
  Downloaded linux-raw-sys v0.12.1
 Downloading crates ...
  Downloaded web-time v1.1.0
   Compiling autocfg v1.5.1
   Compiling portable-atomic v1.15.0
   Compiling rustix v1.1.5
   Compiling crunchy v0.2.4
   Compiling libc v0.2.189
   Compiling version_check v0.9.5
   Compiling tiny-keccak v2.0.2
   Compiling io-lifetimes v3.0.1
   Compiling bitflags v2.13.2
   Compiling linux-raw-sys v0.12.1
   Compiling io-lifetimes v2.0.4
   Compiling proc-macro2 v1.0.103
   Compiling cfg-if v1.0.5
   Compiling once_cell v1.21.4
   Compiling num-traits v0.2.19
   Compiling quote v1.0.41
   Compiling unicode-ident v1.0.22
   Compiling io-extras v0.19.0
   Compiling getrandom v0.2.17
   Compiling cap-primitives v4.0.3
   Compiling serde_core v1.0.229
   Compiling getrandom v0.3.4
   Compiling zerocopy v0.8.59
   Compiling const-random-macro v0.1.16
   Compiling fs-set-times v0.20.3
   Compiling rustix-linux-procfs v0.1.1
   Compiling ahash v0.8.12
   Compiling smartstring v1.0.1
   Compiling paste v1.0.15
   Compiling ipnet v2.12.2
   Compiling ambient-authority v0.0.2
   Compiling cap-std v4.0.3
   Compiling maybe-owned v0.3.4
   Compiling syn v2.0.106
   Compiling const-random v0.1.18
   Compiling serde v1.0.229
   Compiling rhai v1.26.1 (/var/roothome/.local/share/agent-builds/rhai/linux-drop-false-523-20261004/agent-build-l4b8wpaz/source)
   Compiling static_assertions v1.1.0
   Compiling rhai_codegen v3.2.0 (/var/roothome/.local/share/agent-builds/rhai/linux-drop-false-523-20261004/agent-build-l4b8wpaz/source/codegen)
   Compiling smallvec v1.16.2
   Compiling thin-vec v0.2.19
   Compiling byteorder v1.5.0
   Compiling serde_json v1.0.145
   Compiling rmp v0.8.14
   Compiling itoa v1.0.15
   Compiling memchr v2.8.3
   Compiling ryu v1.0.20
warning: the item `TryFrom` is imported redundantly
   --> src/func/func_call.rs:291:21
    |
291 |                 use std::convert::TryFrom;
    |                     ^^^^^^^^^^^^^^^^^^^^^
   --> /rustc/25ef9e3d85d934b27d9dada2f9dd52b1dc63bb04/library/std/src/prelude/mod.rs:129:13
    |
    = note: the item `TryFrom` is already defined here
    |
    = note: `#[warn(unused_imports)]` on by default

   Compiling rmp-serde v1.3.0
warning: variable does not need to be mutable
   --> src/packages/sys/process/unix.rs:668:13
    |
668 |         let mut wait_operation = "wait for child";
    |             ----^^^^^^^^^^^^^^
    |             |
    |             help: remove this `mut`
    |
    = note: `#[warn(unused_mut)]` on by default

warning: unused variable: `termination`
    --> src/packages/sys/process/unix.rs:1106:22
     |
1106 |                 let (termination, _operation) = if self.managed {
     |                      ^^^^^^^^^^^ help: if this is intentional, prefix it with an underscore: `_termination`
     |
     = note: `#[warn(unused_variables)]` on by default

warning: variable does not need to be mutable
    --> src/packages/sys/process/unix.rs:2134:9
     |
2134 |     let mut child =
     |         ----^^^^^
     |         |
     |         help: remove this `mut`

warning: variable does not need to be mutable
    --> src/packages/sys/process/unix.rs:2456:9
     |
2456 |     let mut pending = input.unwrap_or_default();
     |         ----^^^^^^^
     |         |
     |         help: remove this `mut`

warning: variant `OnlyZombieLeader` is never constructed
  --> src/packages/sys/process/unix.rs:50:5
   |
47 | enum GroupCloseOutcome {
   |      ----------------- variant in this enum
...
50 |     OnlyZombieLeader,
   |     ^^^^^^^^^^^^^^^^
   |
   = note: `GroupCloseOutcome` has derived impls for the traits `Clone` and `Debug`, but these are intentionally ignored during dead code analysis
   = note: `#[warn(dead_code)]` on by default

warning: methods `numeric_operations_probe`, `quarantine_observations_probe`, and `fail_reservation` are never used
    --> src/packages/sys/process/unix.rs:1470:8
     |
1390 | impl ExecutionFaults {
     | -------------------- methods in this implementation
...
1470 |     fn numeric_operations_probe(&self) -> Option<Arc<AtomicUsize>> {
     |        ^^^^^^^^^^^^^^^^^^^^^^^^
...
1481 |     fn quarantine_observations_probe(&self) -> Option<Arc<AtomicUsize>> {
     |        ^^^^^^^^^^^^^^^^^^^^^^^^^^^^^
...
1506 |     fn fail_reservation(&self) -> bool {
     |        ^^^^^^^^^^^^^^^^

warning: `rhai` (lib) generated 7 warnings (run `cargo fix --lib -p rhai` to apply 4 suggestions)
warning: unused import: `PathBuf`
 --> src/bin/rhai-run.rs:8:18
  |
8 |     path::{Path, PathBuf},
  |                  ^^^^^^^
  |
  = note: `#[warn(unused_imports)]` on by default

warning: variable does not need to be mutable
   --> tests/sys_process.rs:953:9
    |
953 |     let mut holder = command.spawn().expect("start escaped captured-pipe holder");
    |         ----^^^^^^
    |         |
    |         help: remove this `mut`
    |
    = note: `#[warn(unused_mut)]` on by default

warning: value assigned to `incomplete` is never read
    --> tests/sys_process.rs:1370:17
     |
1370 |         let mut incomplete = false;
     |                 ^^^^^^^^^^
     |
     = help: maybe it is overwritten before being read?
     = note: `#[warn(unused_assignments)]` on by default

warning: unused variable: `state`
    --> tests/sys_process.rs:1672:26
     |
1672 |                 Ok(Some((state, parent, group, start)))
     |                          ^^^^^ help: if this is intentional, prefix it with an underscore: `_state`
     |
     = note: `#[warn(unused_variables)]` on by default

warning: variable does not need to be mutable
    --> tests/sys_process.rs:2265:9
     |
2265 |     let mut sentinel = managed_spawn_sentinel();
     |         ----^^^^^^^^
     |         |
     |         help: remove this `mut`

warning: variable does not need to be mutable
    --> tests/sys_process.rs:2373:9
     |
2373 |     let mut sentinel = managed_spawn_sentinel();
     |         ----^^^^^^^^
     |         |
     |         help: remove this `mut`

warning: variable does not need to be mutable
    --> tests/sys_process.rs:2563:9
     |
2563 |     let mut sentinel = Sentinel(
     |         ----^^^^^^^^
     |         |
     |         help: remove this `mut`

warning: variable does not need to be mutable
    --> tests/sys_process.rs:2694:9
     |
2694 |     let mut sentinel = managed_spawn_sentinel();
     |         ----^^^^^^^^
     |         |
     |         help: remove this `mut`

warning: variable does not need to be mutable
    --> tests/sys_process.rs:2862:9
     |
2862 |     let mut sentinel = Sentinel(
     |         ----^^^^^^^^
     |         |
     |         help: remove this `mut`

warning: variable does not need to be mutable
    --> tests/sys_process.rs:3002:9
     |
3002 |     let mut sentinel = Sentinel(
     |         ----^^^^^^^^
     |         |
     |         help: remove this `mut`

warning: `rhai` (bin "rhai-run") generated 1 warning (run `cargo fix --bin "rhai-run"` to apply 1 suggestion)
warning: constant `DIRECT_DROP_RECORD_ENV` is never used
  --> tests/sys_process.rs:38:7
   |
38 | const DIRECT_DROP_RECORD_ENV: &str = "RHAI_SYS_DIRECT_DROP_RECORD";
   |       ^^^^^^^^^^^^^^^^^^^^^^
   |
   = note: `#[warn(dead_code)]` on by default

warning: unused `Dynamic` that must be used
   --> tests/fixtures/sys_process_shared_child_contract.rs:239:5
    |
239 |     engine.eval_with_scope::<Dynamic>(&mut scope, "child.kill()").expect("kill after completion is idempotent");
    |     ^^^^^^^^^^^^^^^^^^^^^^^^^^^^^^^^^^^^^^^^^^^^^^^^^^^^^^^^^^^^^^^^^^^^^^^^^^^^^^^^^^^^^^^^^^^^^^^^^^^^^^^^^^^
    |
    = note: `#[warn(unused_must_use)]` on by default
help: use `let _ = ...` to ignore the resulting value
    |
239 |     let _ = engine.eval_with_scope::<Dynamic>(&mut scope, "child.kill()").expect("kill after completion is idempotent");
    |     +++++++

warning: unused `Dynamic` that must be used
   --> tests/fixtures/sys_process_shared_child_contract.rs:240:5
    |
240 |     engine.eval_with_scope::<Dynamic>(&mut scope, "child.kill()").expect("repeated kill after completion is idempotent");
    |     ^^^^^^^^^^^^^^^^^^^^^^^^^^^^^^^^^^^^^^^^^^^^^^^^^^^^^^^^^^^^^^^^^^^^^^^^^^^^^^^^^^^^^^^^^^^^^^^^^^^^^^^^^^^^^^^^^^^^
    |
help: use `let _ = ...` to ignore the resulting value
    |
240 |     let _ = engine.eval_with_scope::<Dynamic>(&mut scope, "child.kill()").expect("repeated kill after completion is idempotent");
    |     +++++++

warning: `rhai` (test "sys_process") generated 12 warnings (run `cargo fix --test "sys_process"` to apply 8 suggestions)
    Finished test [unoptimized] target(s) in 14.17s
     Running tests/sys_process.rs (/root/.local/share/agent-builds/rhai/linux-drop-false-523-20261004/agent-build-l4b8wpaz/target/debug/deps/sys_process-7540f7d2e1301f52)
direct_drop_fixture_started root=/root/.local/share/agent-builds/rhai/linux-drop-false-523-20261004/agent-build-l4b8wpaz/tmp/rhai-sys-test-690623-direct_spawn_kill_on_drop_false_preserves_child_and_capture-0 test_pid=690623 child_pid=690626
direct_drop_after_final_client_drop host_pid=690623 host_start_ticks=9589914 fixture_root=/root/.local/share/agent-builds/rhai/linux-drop-false-523-20261004/agent-build-l4b8wpaz/tmp/rhai-sys-test-690623-direct_spawn_kill_on_drop_false_preserves_child_and_capture-0 child_pid=690626 child_start_ticks=9589914 child_ppid=690623 child_pgid=677084 alive=true challenge_ack=true completion_exists=false
thread 'direct_spawn_kill_on_drop_false_preserves_child_and_capture' panicked at tests/sys_process.rs:426:5:
drop_false-control direct survival expectation
note: run with `RUST_BACKTRACE=1` environment variable to display a backtrace
direct_drop_fixture_cleanup root=/root/.local/share/agent-builds/rhai/linux-drop-false-523-20261004/agent-build-l4b8wpaz/tmp/rhai-sys-test-690623-direct_spawn_kill_on_drop_false_preserves_child_and_capture-0 pid=690626 esrch=true
error: test failed, to rerun pass `--test sys_process`
