test_create_dir_cases: test
test_deep_tree_and_many_entries: test
test_empty_and_mixed_writes: test
test_file_handle_blob_read_respects_engine_array_limit: test
test_file_handle_read_blob_preserves_bytes_and_obeys_host_cap: test
test_file_handle_read_respects_engine_limit_below_host_cap: test
test_file_handle_read_string_advances_the_shared_cursor: test
test_file_handle_reads_fail_at_eof_and_on_write_only_handle: test
test_file_handle_reads_obey_host_cap_and_reject_negative_lengths_without_moving: test
test_file_handle_string_read_requires_complete_utf8: test
test_large_file_round_trip: test
test_metadata_symlink_and_readonly: test
test_non_utf8_file_name: test
test_open_file_checks_grants_before_mutation_and_stays_confined: test
test_open_file_default_preserves_contents_and_shares_cursor: test
test_open_file_modes_and_exclusive_create: test
test_path_spellings: test
test_predicates_and_metadata: test
test_read_binary: test
test_read_dir_cases: test
test_read_file_cases: test
test_remove_cases: test
test_rename_and_copy: test
test_rename_overwrite_and_directory: test
test_unicode_names: test
test_unrestricted_missing_parents: test
test_unrestricted_relative_paths: test
test_unrestricted_relative_paths_after_cwd_is_unlinked: test
test_unrestricted_round_trip: test
test_unrestricted_symlink_then_parent_uses_host_resolution: test
test_unrestricted_symlinks_follow_host_semantics: test
test_write_append_blob: test
test_write_into_missing_parent: test
test_wrong_entry_kind: test

34 tests, 0 benchmarks
