{
  "profile": "POSIX descriptive process-scope overhead; no pass/fail threshold",
  "pairs_per_workload": 30,
  "samples_total": 120,
  "warmups": 0,
  "stream_bytes_per_stream": 8388608,
  "samples": {
    "DirectChild": {
      "true": {
        "samples": 30,
        "latency_ns_raw": [
          100623439,
          101236436,
          758106,
          100808418,
          100843308,
          640276,
          248679,
          648156,
          423527,
          100712789,
          633796,
          100777978,
          502337,
          100699828,
          500907,
          694576,
          100663439,
          484347,
          266309,
          100843867,
          676287,
          100858818,
          632447,
          100794638,
          100775248,
          703986,
          335018,
          655356,
          363968,
          100739058
        ],
        "latency_ns_median": 699281.0
      },
      "capture": {
        "samples": 30,
        "latency_ns_raw": [
          112700120,
          12816758,
          110606402,
          112043074,
          111461868,
          112580061,
          14819816,
          112029755,
          111315738,
          110432964,
          111735966,
          111493617,
          109697937,
          111785026,
          109739877,
          11917353,
          111595657,
          112299853,
          9883364,
          113535836,
          113258837,
          112924379,
          111485158,
          110775752,
          111577947,
          111449568,
          112219923,
          110526653,
          11339986,
          110092615
        ],
        "latency_ns_median": 111473513.0,
        "captured_bytes_per_second_raw": [
          148865999.43283114,
          1309006224.5070088,
          151683950.4461957,
          149738983.4198944,
          150519781.34800324,
          149024754.9252971,
          1132079912.4631507,
          149756785.5968265,
          150717376.54921713,
          151922174.2522459,
          150150543.2905999,
          150476919.23027307,
          152940123.2039578,
          150084645.5052039,
          152881673.08589202,
          1407797184.4922273,
          150339327.27328268,
          149396598.05253708,
          1697520803.6453984,
          147770224.72446498,
          148131628.7929038,
          148570363.1808327,
          150488336.75241327,
          151452061.4583596,
          150363189.60053998,
          150536393.28597486,
          149503007.58983767,
          151793395.9331963,
          1479474136.916924,
          152391838.4534694
        ],
        "captured_bytes_per_second_median": 150504059.05020827,
        "captured_bytes_per_sample": 16777216
      }
    },
    "Managed": {
      "true": {
        "samples": 30,
        "latency_ns_raw": [
          201688075,
          201418587,
          101079287,
          101003607,
          100974137,
          100919148,
          201005370,
          101133576,
          101111416,
          100921347,
          100960327,
          201331597,
          100917548,
          101354125,
          100950357,
          201224978,
          201356537,
          100921517,
          101341515,
          101623054,
          201186518,
          101160446,
          100939487,
          101229106,
          201207828,
          101193535,
          201199368,
          101020567,
          200969290,
          101117026
        ],
        "latency_ns_median": 101176990.5
      },
      "capture": {
        "samples": 30,
        "latency_ns_raw": [
          212230246,
          212214856,
          211412940,
          212294876,
          110798861,
          211684259,
          113342677,
          212588533,
          210547815,
          110907021,
          111663466,
          110274944,
          110303765,
          110905661,
          112776350,
          212462534,
          211154642,
          111844735,
          112051094,
          211931098,
          213656628,
          212367854,
          213070731,
          110615502,
          213317890,
          111691706,
          212184206,
          211548399,
          211072972,
          211769438
        ],
        "latency_ns_median": 211283791.0,
        "captured_bytes_per_second_raw": [
          79051955.6764779,
          79057688.59084964,
          79357564.39506494,
          79027889.49084197,
          151420473.53717834,
          79255850.57318787,
          148022055.2757899,
          78918725.12239407,
          79683638.60722089,
          151272803.54956067,
          150248031.88537958,
          152139873.22451055,
          152100120.97048545,
          151274658.5586826,
          148765375.0099201,
          78965527.16442703,
          79454639.69482613,
          150004521.89367697,
          149728265.9283987,
          79163540.21815147,
          78524200.99038538,
          79000732.38014638,
          78740125.03387901,
          151671471.8701905,
          78648893.44255187,
          150210043.34914538,
          79069108.47077845,
          79306750.03595749,
          79485382.90350126,
          79223971.87454405
        ],
        "captured_bytes_per_second_median": 79406102.04494554,
        "captured_bytes_per_sample": 16777216
      }
    }
  },
  "retained_fixture_children_after_capture_calls": 0,
  "resource_count_scope": "The test proves its one recorded capture fixture PID is absent at each API return; package-wide process/group cleanup is measured independently by run_scoped."
}
