    Updating git repository `https://github.com/schungx/rustyline`
    Updating crates.io index
    Updating git repository `https://gitlab.com/jD91mZM2/no-std-compat.git`
     Locking 130 packages to latest compatible versions
      Adding getrandom v0.3.4 (available: v0.4.3)
      Adding hashbrown v0.16.1 (available: v0.17.1)
      Adding syn v2.0.119 (available: v3.0.6)
 Downloading crates ...
  Downloaded ahash v0.8.12
  Downloaded itoa v1.0.18
  Downloaded fs-set-times v0.20.3
  Downloaded ambient-authority v0.0.2
  Downloaded crunchy v0.2.4
  Downloaded const-random v0.1.18
  Downloaded version_check v0.9.5
  Downloaded errno v0.3.14
  Downloaded maybe-owned v0.3.4
  Downloaded io-lifetimes v3.0.1
  Downloaded zmij v1.0.23
  Downloaded tiny-keccak v2.0.2
  Downloaded unicode-ident v1.0.26
  Downloaded serde_derive v1.0.229
  Downloaded serde_core v1.0.229
  Downloaded memchr v2.8.3
  Downloaded cap-primitives v4.0.3
  Downloaded serde v1.0.229
  Downloaded serde_json v1.0.151
  Downloaded getrandom v0.3.4
  Downloaded rmp v0.8.15
  Downloaded portable-atomic v1.15.0
  Downloaded quote v1.0.47
  Downloaded proc-macro2 v1.0.107
  Downloaded num-traits v0.2.19
  Downloaded zerocopy v0.8.59
  Downloaded syn v2.0.119
  Downloaded syn v3.0.6
  Downloaded io-extras v0.19.0
  Downloaded getrandom v0.2.17
  Downloaded cap-std v4.0.3
  Downloaded bitflags v2.13.2
  Downloaded rustix v1.1.5
  Downloaded thin-vec v0.2.20
  Downloaded smartstring v1.0.1
  Downloaded smallvec v1.16.2
  Downloaded rmp-serde v1.3.1
  Downloaded once_cell v1.21.4
  Downloaded ipnet v2.12.2
  Downloaded io-lifetimes v2.0.4
  Downloaded autocfg v1.5.1
  Downloaded static_assertions v1.1.0
  Downloaded const-random-macro v0.1.16
  Downloaded cfg-if v1.0.5
  Downloaded libc v0.2.189
 Downloading crates ...
  Downloaded web-time v1.1.0
   Compiling proc-macro2 v1.0.107
   Compiling unicode-ident v1.0.26
   Compiling libc v0.2.189
   Compiling quote v1.0.47
   Compiling autocfg v1.5.1
   Compiling version_check v0.9.5
   Compiling crunchy v0.2.4
   Compiling serde_core v1.0.229
   Compiling cfg-if v1.0.5
   Compiling io-lifetimes v3.0.1
   Compiling tiny-keccak v2.0.2
   Compiling io-lifetimes v2.0.4
   Compiling rustix v1.1.5
   Compiling io-extras v0.19.0
   Compiling num-traits v0.2.19
   Compiling portable-atomic v1.15.0
   Compiling bitflags v2.13.2
   Compiling serde v1.0.229
   Compiling cap-primitives v4.0.3
   Compiling once_cell v1.21.4
   Compiling zerocopy v0.8.59
   Compiling zmij v1.0.23
   Compiling getrandom v0.3.4
   Compiling errno v0.3.14
   Compiling syn v3.0.6
   Compiling smartstring v1.0.1
   Compiling ahash v0.8.12
   Compiling maybe-owned v0.3.4
   Compiling getrandom v0.2.17
   Compiling cap-std v4.0.3
   Compiling ipnet v2.12.2
   Compiling ambient-authority v0.0.2
   Compiling serde_json v1.0.151
   Compiling const-random-macro v0.1.16
   Compiling const-random v0.1.18
   Compiling syn v2.0.119
   Compiling memchr v2.8.3
   Compiling rhai v1.26.1 (/private/var/folders/yk/m4dzf0ss5x9f4j4z3xb2rrv40000gn/T/agent-build-6ujbkjgk/source)
   Compiling itoa v1.0.18
   Compiling static_assertions v1.1.0
   Compiling thin-vec v0.2.20
   Compiling rmp v0.8.15
   Compiling fs-set-times v0.20.3
   Compiling serde_derive v1.0.229
   Compiling rhai_codegen v3.2.0 (/private/var/folders/yk/m4dzf0ss5x9f4j4z3xb2rrv40000gn/T/agent-build-6ujbkjgk/source/codegen)
   Compiling smallvec v1.16.2
   Compiling rmp-serde v1.3.1
warning: unused import: `PathBuf`
 --> src/bin/rhai-run.rs:8:18
  |
8 |     path::{Path, PathBuf},
  |                  ^^^^^^^
  |
  = note: `#[warn(unused_imports)]` (part of `#[warn(unused)]`) on by default

warning: `rhai` (bin "rhai-run") generated 1 warning (run `cargo fix --bin "rhai-run" -p rhai` to apply 1 suggestion)
    Finished `test` profile [unoptimized + debuginfo] target(s) in 17.94s
     Running tests/sys_policy.rs (/var/folders/yk/m4dzf0ss5x9f4j4z3xb2rrv40000gn/T/agent-build-6ujbkjgk/target/debug/deps/sys_policy-5bb9ef5d799056e6)

running 1 test

thread 'test_configured_root_symlink_then_parent_uses_os_resolution' (50543357) panicked at tests/sys_policy.rs:299:5:
assertion `left == right` failed
  left: "lexical sentinel"
 right: "OS-selected root"
note: run with `RUST_BACKTRACE=1` environment variable to display a backtrace
test test_configured_root_symlink_then_parent_uses_os_resolution ... FAILED

failures:

failures:
    test_configured_root_symlink_then_parent_uses_os_resolution

test result: FAILED. 0 passed; 1 failed; 0 ignored; 0 measured; 23 filtered out; finished in 0.01s

error: test failed, to rerun pass `--test sys_policy`
