OS: Darwin Daniels-MBP-2.fritz.box 27.0.0 Darwin Kernel Version 27.0.0: Tue Aug 11 21:02:59 PDT 2026; root:xnu-13432.1.9~1/RELEASE_ARM64_T8142 arm64
rustc 1.93.0 (254b59607 2026-01-19)
    Updating git repository `https://github.com/schungx/rustyline`
    Updating crates.io index
    Updating git repository `https://gitlab.com/jD91mZM2/no-std-compat.git`
 Downloading crates ...
  Downloaded const-random-macro v0.1.16
  Downloaded crunchy v0.2.4
  Downloaded autocfg v1.5.1
  Downloaded cfg-if v1.0.5
  Downloaded maybe-owned v0.3.4
  Downloaded itoa v1.0.18
  Downloaded version_check v0.9.5
  Downloaded cap-primitives v4.0.3
  Downloaded zmij v1.0.23
  Downloaded smartstring v1.0.1
  Downloaded once_cell v1.21.4
  Downloaded io-extras v0.19.0
  Downloaded unicode-ident v1.0.26
  Downloaded smallvec v1.16.2
  Downloaded serde_derive v1.0.229
  Downloaded proc-macro2 v1.0.107
  Downloaded rmp-serde v1.3.1
  Downloaded serde_core v1.0.229
  Downloaded serde v1.0.229
  Downloaded getrandom v0.3.4
  Downloaded memchr v2.8.3
  Downloaded num-traits v0.2.19
  Downloaded bitflags v2.13.2
  Downloaded serde_json v1.0.151
  Downloaded getrandom v0.2.17
  Downloaded portable-atomic v1.15.0
  Downloaded thin-vec v0.2.20
  Downloaded rmp v0.8.15
  Downloaded zerocopy v0.8.59
  Downloaded cap-std v4.0.3
  Downloaded ahash v0.8.12
  Downloaded syn v3.0.6
  Downloaded syn v2.0.119
  Downloaded quote v1.0.47
  Downloaded ipnet v2.12.2
  Downloaded io-lifetimes v3.0.1
  Downloaded rustix v1.1.5
  Downloaded io-lifetimes v2.0.4
  Downloaded ambient-authority v0.0.2
  Downloaded tiny-keccak v2.0.2
  Downloaded static_assertions v1.1.0
  Downloaded fs-set-times v0.20.3
  Downloaded errno v0.3.14
  Downloaded const-random v0.1.18
  Downloaded libc v0.2.189
 Downloading crates ...
  Downloaded web-time v1.1.0
   Compiling proc-macro2 v1.0.107
   Compiling quote v1.0.47
   Compiling libc v0.2.189
   Compiling unicode-ident v1.0.26
   Compiling autocfg v1.5.1
   Compiling crunchy v0.2.4
   Compiling serde_core v1.0.229
   Compiling version_check v0.9.5
   Compiling tiny-keccak v2.0.2
   Compiling cfg-if v1.0.5
   Compiling io-lifetimes v2.0.4
   Compiling rustix v1.1.5
   Compiling io-lifetimes v3.0.1
   Compiling io-extras v0.19.0
   Compiling num-traits v0.2.19
   Compiling serde v1.0.229
   Compiling bitflags v2.13.2
   Compiling portable-atomic v1.15.0
   Compiling zmij v1.0.23
   Compiling getrandom v0.3.4
   Compiling getrandom v0.2.17
   Compiling once_cell v1.21.4
   Compiling cap-primitives v4.0.3
   Compiling zerocopy v0.8.59
   Compiling errno v0.3.14
   Compiling const-random-macro v0.1.16
   Compiling syn v3.0.6
   Compiling smartstring v1.0.1
   Compiling ahash v0.8.12
   Compiling serde_json v1.0.151
   Compiling maybe-owned v0.3.4
   Compiling ambient-authority v0.0.2
   Compiling ipnet v2.12.2
   Compiling cap-std v4.0.3
   Compiling const-random v0.1.18
   Compiling syn v2.0.119
   Compiling memchr v2.8.3
   Compiling static_assertions v1.1.0
   Compiling itoa v1.0.18
   Compiling rhai v1.26.1 (/private/var/folders/yk/m4dzf0ss5x9f4j4z3xb2rrv40000gn/T/agent-build-hspzsi4h/source)
   Compiling thin-vec v0.2.20
   Compiling rmp v0.8.15
   Compiling fs-set-times v0.20.3
   Compiling serde_derive v1.0.229
   Compiling rhai_codegen v3.2.0 (/private/var/folders/yk/m4dzf0ss5x9f4j4z3xb2rrv40000gn/T/agent-build-hspzsi4h/source/codegen)
   Compiling smallvec v1.16.2
   Compiling rmp-serde v1.3.1
warning: unused import: `PathBuf`
 --> src/bin/rhai-run.rs:8:18
  |
8 |     path::{Path, PathBuf},
  |                  ^^^^^^^
  |
  = note: `#[warn(unused_imports)]` (part of `#[warn(unused)]`) on by default

warning: `rhai` (bin "rhai-run") generated 1 warning (run `cargo fix --bin "rhai-run" -p rhai` to apply 1 suggestion)
    Finished `test` profile [unoptimized + debuginfo] target(s) in 12.74s
     Running tests/sys_env.rs (/var/folders/yk/m4dzf0ss5x9f4j4z3xb2rrv40000gn/T/agent-build-hspzsi4h/target/debug/deps/sys_env-a88bc5d1692d4c5c)

running 7 tests
test test_env_vars_all ... ok
test test_env_var_set_and_unset ... ok
test test_env_var_non_utf8 ... ok
test test_cwd_matches_process ... ok
test test_env_allow_list_unset_variable ... ok
test test_env_default_policy_hides_all ... ok
test test_env_allow_list_value ... ok

test result: ok. 7 passed; 0 failed; 0 ignored; 0 measured; 0 filtered out; finished in 0.01s

     Running tests/sys_policy.rs (/var/folders/yk/m4dzf0ss5x9f4j4z3xb2rrv40000gn/T/agent-build-hspzsi4h/target/debug/deps/sys_policy-5bb9ef5d799056e6)

running 23 tests
test test_default_config_denies_fs ... ok
test test_error_position ... ok
test test_error_variants ... ok
test test_absolute_paths ... ok
test test_config_builder ... ok
test test_function_metadata ... ok
test test_errors_are_catchable ... ok
test test_copy_across_roots ... ok
test test_missing_root_fails_early ... ok
test test_absolute_path_with_parent_components ... ok
test test_host_can_downcast ... ok
test test_plain_engine_has_no_sys_functions ... ok
test test_read_only_root ... ok
test test_parent_traversal_is_denied ... ok
test test_multiple_roots ... ok
test test_nested_roots_longest_prefix ... ok
test test_symlinked_root ... FAILED
test test_symlink_escape_is_denied ... ok
test test_root_with_dot_components ... ok
test test_unrestricted_respects_access_level ... ok
test test_remove_dir_all_needs_delete_access ... ok
test test_static_module_and_sharing ... ok
test test_env_allow_list ... ok

failures:

---- test_symlinked_root stdout ----

thread 'test_symlinked_root' (50568454) panicked at tests/sys_policy.rs:282:73:
called `Result::unwrap()` on an `Err` value: ErrorRuntime(rhai::packages::sys::error::SysError, 1:1)
note: run with `RUST_BACKTRACE=1` environment variable to display a backtrace


failures:
    test_symlinked_root

test result: FAILED. 22 passed; 1 failed; 0 ignored; 0 measured; 0 filtered out; finished in 0.03s

error: test failed, to rerun pass `--test sys_policy`
