    Updating git repository `https://github.com/schungx/rustyline`
    Updating crates.io index
    Updating git repository `https://gitlab.com/jD91mZM2/no-std-compat.git`
 Downloading crates ...
  Downloaded const-random-macro v0.1.16
  Downloaded cap-std v4.0.3
  Downloaded fs-set-times v0.20.3
  Downloaded ahash v0.8.12
  Downloaded ambient-authority v0.0.2
  Downloaded errno v0.3.14
  Downloaded const-random v0.1.18
  Downloaded crunchy v0.2.4
  Downloaded cfg-if v1.0.5
  Downloaded rustix-linux-procfs v0.1.1
  Downloaded quote v1.0.41
  Downloaded io-lifetimes v3.0.1
  Downloaded getrandom v0.2.17
  Downloaded itoa v1.0.15
  Downloaded version_check v0.9.5
  Downloaded maybe-owned v0.3.4
  Downloaded byteorder v1.5.0
  Downloaded smartstring v1.0.1
  Downloaded ipnet v2.12.2
  Downloaded autocfg v1.5.1
  Downloaded io-lifetimes v2.0.4
  Downloaded paste v1.0.15
  Downloaded tiny-keccak v2.0.2
  Downloaded unicode-ident v1.0.22
  Downloaded rmp-serde v1.3.0
  Downloaded rmp v0.8.14
  Downloaded ryu v1.0.20
  Downloaded io-extras v0.19.0
  Downloaded once_cell v1.21.4
  Downloaded static_assertions v1.1.0
  Downloaded bitflags v2.13.2
  Downloaded smallvec v1.16.2
  Downloaded serde_core v1.0.229
  Downloaded thin-vec v0.2.19
  Downloaded num-traits v0.2.19
  Downloaded cap-primitives v4.0.3
  Downloaded proc-macro2 v1.0.103
  Downloaded memchr v2.8.3
  Downloaded serde v1.0.229
  Downloaded getrandom v0.3.4
  Downloaded serde_json v1.0.145
  Downloaded portable-atomic v1.15.0
  Downloaded syn v2.0.106
  Downloaded zerocopy v0.8.59
  Downloaded rustix v1.1.5
  Downloaded libc v0.2.189
  Downloaded linux-raw-sys v0.12.1
 Downloading crates ...
  Downloaded web-time v1.1.0
   Compiling autocfg v1.5.1
   Compiling portable-atomic v1.15.0
   Compiling version_check v0.9.5
   Compiling libc v0.2.189
   Compiling crunchy v0.2.4
   Compiling rustix v1.1.5
   Compiling proc-macro2 v1.0.103
   Compiling tiny-keccak v2.0.2
   Compiling io-lifetimes v3.0.1
   Compiling bitflags v2.13.2
   Compiling io-lifetimes v2.0.4
   Compiling linux-raw-sys v0.12.1
   Compiling cfg-if v1.0.5
   Compiling once_cell v1.21.4
   Compiling num-traits v0.2.19
   Compiling unicode-ident v1.0.22
   Compiling io-extras v0.19.0
   Compiling quote v1.0.41
   Compiling getrandom v0.2.17
   Compiling getrandom v0.3.4
   Compiling serde_core v1.0.229
   Compiling zerocopy v0.8.59
   Compiling cap-primitives v4.0.3
   Compiling const-random-macro v0.1.16
   Compiling fs-set-times v0.20.3
   Compiling rustix-linux-procfs v0.1.1
   Compiling smartstring v1.0.1
   Compiling ahash v0.8.12
   Compiling cap-std v4.0.3
   Compiling ipnet v2.12.2
   Compiling paste v1.0.15
   Compiling ambient-authority v0.0.2
   Compiling maybe-owned v0.3.4
   Compiling syn v2.0.106
   Compiling const-random v0.1.18
   Compiling serde v1.0.229
   Compiling static_assertions v1.1.0
   Compiling rhai v1.26.1 (/var/roothome/.local/share/agent-builds/rhai/linux-scalar-process-20261003-2a8fdc49/agent-build-ihf3v979/source)
   Compiling rhai_codegen v3.2.0 (/var/roothome/.local/share/agent-builds/rhai/linux-scalar-process-20261003-2a8fdc49/agent-build-ihf3v979/source/codegen)
   Compiling thin-vec v0.2.19
   Compiling byteorder v1.5.0
   Compiling smallvec v1.16.2
   Compiling serde_json v1.0.145
   Compiling rmp v0.8.14
   Compiling itoa v1.0.15
   Compiling ryu v1.0.20
   Compiling memchr v2.8.3
warning: the item `TryFrom` is imported redundantly
   --> src/func/func_call.rs:291:21
    |
291 |                 use std::convert::TryFrom;
    |                     ^^^^^^^^^^^^^^^^^^^^^
   --> /rustc/25ef9e3d85d934b27d9dada2f9dd52b1dc63bb04/library/std/src/prelude/mod.rs:129:13
    |
    = note: the item `TryFrom` is already defined here
    |
    = note: `#[warn(unused_imports)]` on by default

   Compiling rmp-serde v1.3.0
warning: variable does not need to be mutable
   --> src/packages/sys/process/unix.rs:668:13
    |
668 |         let mut wait_operation = "wait for child";
    |             ----^^^^^^^^^^^^^^
    |             |
    |             help: remove this `mut`
    |
    = note: `#[warn(unused_mut)]` on by default

warning: unused variable: `termination`
    --> src/packages/sys/process/unix.rs:1106:22
     |
1106 |                 let (termination, _operation) = if self.managed {
     |                      ^^^^^^^^^^^ help: if this is intentional, prefix it with an underscore: `_termination`
     |
     = note: `#[warn(unused_variables)]` on by default

warning: variable does not need to be mutable
    --> src/packages/sys/process/unix.rs:1900:9
     |
1900 |     let mut known = vec!["cwd", "env", "env_clear", "stdin", "timeout", "max_output"];
     |         ----^^^^^
     |         |
     |         help: remove this `mut`

warning: variable does not need to be mutable
    --> src/packages/sys/process/unix.rs:2134:9
     |
2134 |     let mut child =
     |         ----^^^^^
     |         |
     |         help: remove this `mut`

warning: variable does not need to be mutable
    --> src/packages/sys/process/unix.rs:2456:9
     |
2456 |     let mut pending = input.unwrap_or_default();
     |         ----^^^^^^^
     |         |
     |         help: remove this `mut`

warning: function `os_to_string` is never used
   --> src/packages/sys/fs.rs:340:4
    |
340 | fn os_to_string(what: &str, s: std::ffi::OsString) -> Result<String, SysError> {
    |    ^^^^^^^^^^^^
    |
    = note: `#[warn(dead_code)]` on by default

warning: variant `OnlyZombieLeader` is never constructed
  --> src/packages/sys/process/unix.rs:50:5
   |
47 | enum GroupCloseOutcome {
   |      ----------------- variant in this enum
...
50 |     OnlyZombieLeader,
   |     ^^^^^^^^^^^^^^^^
   |
   = note: `GroupCloseOutcome` has derived impls for the traits `Clone` and `Debug`, but these are intentionally ignored during dead code analysis

warning: methods `numeric_operations_probe`, `quarantine_observations_probe`, and `fail_reservation` are never used
    --> src/packages/sys/process/unix.rs:1470:8
     |
1390 | impl ExecutionFaults {
     | -------------------- methods in this implementation
...
1470 |     fn numeric_operations_probe(&self) -> Option<Arc<AtomicUsize>> {
     |        ^^^^^^^^^^^^^^^^^^^^^^^^
...
1481 |     fn quarantine_observations_probe(&self) -> Option<Arc<AtomicUsize>> {
     |        ^^^^^^^^^^^^^^^^^^^^^^^^^^^^^
...
1506 |     fn fail_reservation(&self) -> bool {
     |        ^^^^^^^^^^^^^^^^

warning: `rhai` (lib) generated 9 warnings (run `cargo fix --lib -p rhai` to apply 5 suggestions)
warning: unused import: `PathBuf`
 --> src/bin/rhai-run.rs:8:18
  |
8 |     path::{Path, PathBuf},
  |                  ^^^^^^^
  |
  = note: `#[warn(unused_imports)]` on by default

warning: unused imports: `FsAccess`, `ProcessCause`, `ProcessScope`, `ProgramPolicy`
  --> tests/sys_process.rs:10:27
   |
10 | use rhai::packages::sys::{FsAccess, ProcessCause, ProcessScope, ProgramPolicy, SysConfig, SysError};
   |                           ^^^^^^^^  ^^^^^^^^^^^^  ^^^^^^^^^^^^  ^^^^^^^^^^^^^
   |
   = note: `#[warn(unused_imports)]` on by default

warning: unused imports: `Dynamic`, `Engine`, `EvalAltResult`, `Scope`
  --> tests/sys_process.rs:13:12
   |
13 | use rhai::{Dynamic, Engine, EvalAltResult, Map, Scope};
   |            ^^^^^^^  ^^^^^^  ^^^^^^^^^^^^^       ^^^^^

warning: unused import: `sys_support::TempDir`
  --> tests/sys_process.rs:25:5
   |
25 | use sys_support::TempDir;
   |     ^^^^^^^^^^^^^^^^^^^^

warning: constant `FIXTURE_ENV` is never used
  --> tests/sys_process.rs:27:7
   |
27 | const FIXTURE_ENV: &str = "RHAI_SYS_PROCESS_FIXTURE";
   |       ^^^^^^^^^^^
   |
   = note: `#[warn(dead_code)]` on by default

warning: constant `FIXTURE_RECORD_ENV` is never used
  --> tests/sys_process.rs:28:7
   |
28 | const FIXTURE_RECORD_ENV: &str = "RHAI_SYS_PROCESS_FIXTURE_RECORD";
   |       ^^^^^^^^^^^^^^^^^^

warning: constant `LIBTEST_QUIET_START` is never used
  --> tests/sys_process.rs:29:7
   |
29 | const LIBTEST_QUIET_START: &[u8] = b"\nrunning 1 test\n";
   |       ^^^^^^^^^^^^^^^^^^^

warning: constant `ACTIVE_STDERR_MARKER` is never used
  --> tests/sys_process.rs:30:7
   |
30 | const ACTIVE_STDERR_MARKER: &str = "stderr-active-marker\n";
   |       ^^^^^^^^^^^^^^^^^^^^

warning: constant `ACTIVE_STDERR_OUTPUT` is never used
  --> tests/sys_process.rs:31:7
   |
31 | const ACTIVE_STDERR_OUTPUT: &str = "stderr-active-marker\n";
   |       ^^^^^^^^^^^^^^^^^^^^

warning: constant `MANAGED_SPAWN_HOLD_ENV` is never used
  --> tests/sys_process.rs:32:7
   |
32 | const MANAGED_SPAWN_HOLD_ENV: &str = "RHAI_SYS_MANAGED_SPAWN_HOLD";
   |       ^^^^^^^^^^^^^^^^^^^^^^

warning: `rhai` (bin "rhai-run") generated 1 warning (run `cargo fix --bin "rhai-run"` to apply 1 suggestion)
warning: `rhai` (test "sys_process") generated 9 warnings (run `cargo fix --test "sys_process"` to apply 3 suggestions)
    Finished test [unoptimized] target(s) in 14.22s
     Running tests/sys_process.rs (/root/.local/share/agent-builds/rhai/linux-scalar-process-20261003-2a8fdc49/agent-build-ihf3v979/target/debug/deps/sys_process-a3bcb6ac6eba2e0b)
no-index scalar child_pid=659704 reap=ESRCH
thread 'scalar_run_with_cwd_works_without_collections' panicked at tests/sys_process.rs:3231:5:
assertion `left == right` failed
  left: "/var/roothome/.local/share/agent-builds/rhai/linux-scalar-process-20261003-2a8fdc49/agent-build-ihf3v979/tmp/rhai-sys-test-659701-scalar_run_with_cwd_works_without_collections-0/child\n"
 right: "<deliberately-wrong-cwd>\n"
note: run with `RUST_BACKTRACE=1` environment variable to display a backtrace
error: test failed, to rerun pass `--test sys_process`
