standard-red-build exit 0
standard-red-build-list exit 0
standard-red exit 101
standard-green-build exit 0
standard-green-build-list exit 0
standard-green exit 0
sync-red-build exit 0
sync-red-build-list exit 0
sync-red exit 101
sync-green-build exit 0
sync-green-build-list exit 0
sync-green exit 0
no-float-red-build exit 0
no-float-red-build-list exit 0
no-float-red exit 101
no-float-green-build exit 0
no-float-green-build-list exit 0
no-float-green exit 0
sync-no-float-red-build exit 0
sync-no-float-red-build-list exit 0
sync-no-float-red exit 101
sync-no-float-green-build exit 0
sync-no-float-green-build-list exit 0
sync-no-float-green exit 0
