launch_utc=2026-09-30T17:52:42Z
launcher_pid=2759568 launcher_pgid=2759568
absolute_deadline=2026-09-30T18:05:14Z runner_timeout_seconds=752 max_invocation_seconds=900
SOURCE_REVISION e1db9baafaaf30d94085f0cc6f661f363399f193
PRIVATE_RUNTIME /tmp/agent-build-neth2npq
EXISTING_RUSTUP_HOME /root/.rustup (read-only; no toolchain installation)
PRIVATE_CARGO_HOME /tmp/agent-build-neth2npq/cargo-home
WORKSPACE_MEMBERS codegen_manifest_present=1 source_manifest=/tmp/agent-build-neth2npq/source/Cargo.toml
ARCHIVE_IDENTITY /root/rhai-linux-sys-release-features-task/followup-e1db9baa/source.tar sha256=c934633c7889e4a427a87d557bbc578146e4db641c4fde2c93ff3fd4f047aa47
NATIVE_TARGET Linux x86_64
HOST_KERNEL Linux workhorse 7.2.4-ogc3.1.fc44.x86_64 #1 SMP PREEMPT_DYNAMIC Sun Sep 13 01:41:06 UTC 2026 x86_64 GNU/Linux
PROOF_LIMITS absolute_deadline_utc=2026-09-30T18:05:14Z remaining_seconds=751 two_cargo_jobs debug=0 incremental=0 storage_preempt_kib=1572864 storage_hard_kib=2097152 owned_descendants<=16
INITIAL_PRIVATE_STORAGE 9724 KiB
COMMAND rustc-version: /root/.cargo/bin/rustc --version --verbose
LOG /root/rhai-linux-sys-release-features-task/followup-e1db9baa/evidence/rustc-version.log
rustc 1.97.1 (8bab26f4f 2026-07-14)
binary: rustc
commit-hash: 8bab26f4f68e0e26f0bb7960be334d5b520ea452
commit-date: 2026-07-14
host: x86_64-unknown-linux-gnu
release: 1.97.1
LLVM version: 22.1.6
STATUS rustc-version: 0
PRIVATE_RUNTIME_SAMPLED_STORAGE rustc-version: 9724 KiB; sampled maximum 9724 KiB (1 s du -sk samples)
COMMAND cargo-version: /root/.cargo/bin/cargo --version --verbose
LOG /root/rhai-linux-sys-release-features-task/followup-e1db9baa/evidence/cargo-version.log
cargo 1.97.1 (c980f4866 2026-06-30)
release: 1.97.1
commit-hash: c980f4866141969fab6254a680546a277789d6f0
commit-date: 2026-06-30
host: x86_64-unknown-linux-gnu
libgit2: 1.9.2 (sys:0.20.4 vendored)
libcurl: 8.20.0-DEV (sys:0.4.88+curl-8.20.0 vendored ssl:OpenSSL/3.6.2)
ssl: OpenSSL 3.6.2 7 Apr 2026
os: Fedora 44.0.0 [64-bit]
STATUS cargo-version: 0
PRIVATE_RUNTIME_SAMPLED_STORAGE cargo-version: 9724 KiB; sampled maximum 9724 KiB (1 s du -sk samples)
COMMAND generate-lockfile: /root/.cargo/bin/cargo generate-lockfile
LOG /root/rhai-linux-sys-release-features-task/followup-e1db9baa/evidence/generate-lockfile.log
    Updating git repository `https://github.com/schungx/rustyline`
    Updating crates.io index
    Updating git repository `https://gitlab.com/jD91mZM2/no-std-compat.git`
     Locking 130 packages to latest compatible versions
      Adding getrandom v0.3.4 (available: v0.4.3)
      Adding hashbrown v0.16.1 (available: v0.17.1)
      Adding syn v2.0.119 (available: v3.0.6)
STATUS generate-lockfile: 0
PRIVATE_RUNTIME_SAMPLED_STORAGE generate-lockfile: 20748 KiB; sampled maximum 20748 KiB (1 s du -sk samples)
GENERATED_LOCK_IDENTITY /root/rhai-linux-sys-release-features-task/followup-e1db9baa/evidence/Cargo.lock.generated sha256=4aa2e32287d33184c12e98c7a86a17574dbf3a2361c968c76e9611bfd4396cc3
COMMAND wrong-expectation-control: /root/.cargo/bin/cargo test --locked --jobs 2 --features testing-environ,sys --test sys_fs test_file_handle_reads_obey_host_cap_and_reject_negative_lengths_without_moving -- --exact --nocapture --test-threads=1
LOG /root/rhai-linux-sys-release-features-task/followup-e1db9baa/evidence/wrong-expectation-control.log
 Downloading crates ...
  Downloaded ahash v0.8.12
  Downloaded quote v1.0.47
  Downloaded const-random v0.1.18
  Downloaded version_check v0.9.5
  Downloaded errno v0.3.14
  Downloaded ambient-authority v0.0.2
  Downloaded maybe-owned v0.3.4
  Downloaded cfg-if v1.0.5
  Downloaded autocfg v1.5.1
  Downloaded getrandom v0.3.4
  Downloaded itoa v1.0.18
  Downloaded smartstring v1.0.1
  Downloaded io-lifetimes v3.0.1
  Downloaded rmp-serde v1.3.1
  Downloaded rustix-linux-procfs v0.1.1
  Downloaded thin-vec v0.2.20
  Downloaded const-random-macro v0.1.16
  Downloaded rmp v0.8.15
  Downloaded crunchy v0.2.4
  Downloaded io-lifetimes v2.0.4
  Downloaded tiny-keccak v2.0.2
  Downloaded once_cell v1.21.4
  Downloaded fs-set-times v0.20.3
  Downloaded bitflags v2.13.2
  Downloaded io-extras v0.19.0
  Downloaded proc-macro2 v1.0.107
  Downloaded getrandom v0.2.17
  Downloaded zmij v1.0.23
  Downloaded unicode-ident v1.0.26
  Downloaded cap-std v4.0.3
  Downloaded static_assertions v1.1.0
  Downloaded ipnet v2.12.2
  Downloaded num-traits v0.2.19
  Downloaded smallvec v1.16.2
  Downloaded memchr v2.8.3
  Downloaded cap-primitives v4.0.3
  Downloaded serde v1.0.229
  Downloaded serde_json v1.0.151
  Downloaded portable-atomic v1.15.0
  Downloaded zerocopy v0.8.59
  Downloaded serde_core v1.0.229
  Downloaded syn v2.0.119
  Downloaded rustix v1.1.5
  Downloaded libc v0.2.189
  Downloaded linux-raw-sys v0.12.1
   Compiling autocfg v1.5.1
   Compiling portable-atomic v1.15.0
   Compiling libc v0.2.189
   Compiling crunchy v0.2.4
   Compiling rustix v1.1.5
   Compiling version_check v0.9.5
   Compiling tiny-keccak v2.0.2
   Compiling io-lifetimes v2.0.4
   Compiling linux-raw-sys v0.12.1
   Compiling io-lifetimes v3.0.1
   Compiling bitflags v2.13.2
   Compiling proc-macro2 v1.0.107
   Compiling cfg-if v1.0.5
   Compiling once_cell v1.21.4
   Compiling num-traits v0.2.19
   Compiling io-extras v0.19.0
   Compiling quote v1.0.47
   Compiling unicode-ident v1.0.26
   Compiling getrandom v0.2.17
   Compiling cap-primitives v4.0.3
   Compiling getrandom v0.3.4
   Compiling zerocopy v0.8.59
   Compiling serde_core v1.0.229
   Compiling const-random-macro v0.1.16
   Compiling rustix-linux-procfs v0.1.1
   Compiling fs-set-times v0.20.3
   Compiling ahash v0.8.12
   Compiling smartstring v1.0.1
   Compiling cap-std v4.0.3
   Compiling maybe-owned v0.3.4
   Compiling ipnet v2.12.2
   Compiling ambient-authority v0.0.2
   Compiling syn v2.0.119
   Compiling const-random v0.1.18
   Compiling static_assertions v1.1.0
   Compiling serde v1.0.229
   Compiling rhai v1.26.1 (/tmp/agent-build-neth2npq/source)
   Compiling zmij v1.0.23
   Compiling rhai_codegen v3.2.0 (/tmp/agent-build-neth2npq/source/codegen)
   Compiling smallvec v1.16.2
   Compiling serde_json v1.0.151
   Compiling thin-vec v0.2.20
   Compiling rmp v0.8.15
   Compiling itoa v1.0.18
   Compiling memchr v2.8.3
   Compiling rmp-serde v1.3.1
warning: unused import: `PathBuf`
 --> src/bin/rhai-run.rs:8:18
  |
8 |     path::{Path, PathBuf},
  |                  ^^^^^^^
  |
  = note: `#[warn(unused_imports)]` (part of `#[warn(unused)]`) on by default

warning: `rhai` (bin "rhai-run") generated 1 warning (run `cargo fix --bin "rhai-run" -p rhai` to apply 1 suggestion)
    Finished `test` profile [unoptimized] target(s) in 9.01s
     Running tests/sys_fs.rs (/tmp/agent-build-neth2npq/target/debug/deps/sys_fs-1aa31d7c86583ed4)

running 1 test
test test_file_handle_reads_obey_host_cap_and_reject_negative_lengths_without_moving ... 
thread 'test_file_handle_reads_obey_host_cap_and_reject_negative_lengths_without_moving' (2763223) panicked at tests/sys_fs.rs:161:5:
assertion `left == right` failed
  left: "abc"
 right: "wrong expectation"
note: run with `RUST_BACKTRACE=1` environment variable to display a backtrace
FAILED

failures:

failures:
    test_file_handle_reads_obey_host_cap_and_reject_negative_lengths_without_moving

test result: FAILED. 0 passed; 1 failed; 0 ignored; 0 measured; 34 filtered out; finished in 0.00s

error: test failed, to rerun pass `--test sys_fs`
STATUS wrong-expectation-control: 101
PRIVATE_RUNTIME_SAMPLED_STORAGE wrong-expectation-control: 269192 KiB; sampled maximum 269192 KiB (1 s du -sk samples)
PROOF_STOP: RuntimeError: wrong-expectation control did not panic in the exact file-read test
FINAL_PRIVATE_STORAGE_BEFORE_WRAPPER_CLEANUP 269192 KiB
PEAK_OWNED_DESCENDANTS_SAMPLED 6 (1 s ps PID/PPID ancestry samples)
Traceback (most recent call last):
  File "/root/rhai-linux-sys-release-features-task/followup-e1db9baa/run-followup.py", line 277, in <module>
    wrong_status = run('wrong-expectation-control', [str(cargo), 'test'] + baseline + ['--test', 'sys_fs', CONTROL, '--', '--exact', '--nocapture', '--test-threads=1'], env=wrong_env, expected=101, control=True)
  File "/root/rhai-linux-sys-release-features-task/followup-e1db9baa/run-followup.py", line 203, in run
    raise RuntimeError('wrong-expectation control did not panic in the exact file-read test')
RuntimeError: wrong-expectation control did not panic in the exact file-read test
outer_status=1
