    Updating git repository `https://github.com/schungx/rustyline`
From https://github.com/schungx/rustyline
 * [new ref]         8c27e02873fe2559a2f41dbcc92d77ca23b4a92f -> refs/commit/8c27e02873fe2559a2f41dbcc92d77ca23b4a92f
 * [new tag]         0.1.0      -> 0.1.0
 * [new tag]         0.2.0      -> 0.2.0
 * [new tag]         0.2.1      -> 0.2.1
 * [new tag]         0.2.2      -> 0.2.2
 * [new tag]         0.2.3      -> 0.2.3
 * [new tag]         1.0.0      -> 1.0.0
 * [new tag]         v2.0.0     -> v2.0.0
 * [new tag]         v2.0.1     -> v2.0.1
 * [new tag]         v2.1.0     -> v2.1.0
 * [new tag]         v3.0.0     -> v3.0.0
 * [new tag]         v4.0.0     -> v4.0.0
 * [new tag]         v4.1.0     -> v4.1.0
 * [new tag]         v5.0.0     -> v5.0.0
 * [new tag]         v5.0.1     -> v5.0.1
 * [new tag]         v5.0.2     -> v5.0.2
 * [new tag]         v5.0.3     -> v5.0.3
 * [new tag]         v5.0.4     -> v5.0.4
 * [new tag]         v5.0.5     -> v5.0.5
 * [new tag]         v5.0.6     -> v5.0.6
 * [new tag]         v6.0.0     -> v6.0.0
 * [new tag]         v6.1.0     -> v6.1.0
 * [new tag]         v6.1.1     -> v6.1.1
 * [new tag]         v6.1.2     -> v6.1.2
 * [new tag]         v6.2.0     -> v6.2.0
 * [new tag]         v7.0.0     -> v7.0.0
 * [new tag]         v7.1.0     -> v7.1.0
 * [new tag]         v8.0.0     -> v8.0.0
 * [new tag]         v8.1.0     -> v8.1.0
 * [new tag]         v8.2.0     -> v8.2.0
 * [new tag]         v9         -> v9
 * [new tag]         v9.0.0     -> v9.0.0
 * [new tag]         v9.1.0     -> v9.1.0
 * [new tag]         v9.1.1     -> v9.1.1
 * [new tag]         v9.1.2     -> v9.1.2
    Updating crates.io index
    Updating git repository `https://gitlab.com/jD91mZM2/no-std-compat.git`
From https://gitlab.com/jD91mZM2/no-std-compat
 * [new branch]      master     -> origin/master
 * [new ref]         HEAD       -> origin/HEAD
 * [new tag]         0.1.0      -> 0.1.0
 * [new tag]         v0.3.0     -> v0.3.0
 * [new tag]         v0.4.0     -> v0.4.0
 * [new tag]         v0.4.1     -> v0.4.1
 Downloading crates ...
  Downloaded ambient-authority v0.0.2
  Downloaded errno v0.3.14
  Downloaded maybe-owned v0.3.4
  Downloaded itoa v1.0.15
  Downloaded unicode-ident v1.0.22
  Downloaded byteorder v1.5.0
  Downloaded rmp v0.8.14
  Downloaded smallvec v1.16.2
  Downloaded getrandom v0.2.17
  Downloaded once_cell v1.21.4
  Downloaded bitflags v2.13.2
  Downloaded version_check v0.9.5
  Downloaded fs-set-times v0.20.3
  Downloaded proc-macro2 v1.0.103
  Downloaded const-random v0.1.18
  Downloaded rmp-serde v1.3.0
  Downloaded crunchy v0.2.4
  Downloaded ahash v0.8.12
  Downloaded tiny-keccak v2.0.2
  Downloaded cap-primitives v4.0.3
  Downloaded io-lifetimes v3.0.1
  Downloaded static_assertions v1.1.0
  Downloaded rustix-linux-procfs v0.1.1
  Downloaded getrandom v0.3.4
  Downloaded ryu v1.0.20
  Downloaded num-traits v0.2.19
  Downloaded syn v2.0.106
  Downloaded memchr v2.8.3
  Downloaded serde_json v1.0.145
  Downloaded rustix v1.1.5
  Downloaded zerocopy v0.8.59
  Downloaded smartstring v1.0.1
  Downloaded serde v1.0.229
  Downloaded ipnet v2.12.2
  Downloaded quote v1.0.41
  Downloaded io-lifetimes v2.0.4
  Downloaded cap-std v4.0.3
  Downloaded const-random-macro v0.1.16
  Downloaded portable-atomic v1.15.0
  Downloaded paste v1.0.15
  Downloaded autocfg v1.5.1
  Downloaded io-extras v0.19.0
  Downloaded thin-vec v0.2.19
  Downloaded serde_core v1.0.229
  Downloaded libc v0.2.189
  Downloaded linux-raw-sys v0.12.1
  Downloaded cfg-if v1.0.5
 Downloading crates ...
  Downloaded web-time v1.1.0
   Compiling autocfg v1.5.1
   Compiling portable-atomic v1.15.0
   Compiling version_check v0.9.5
   Compiling libc v0.2.189
   Compiling rustix v1.1.5
   Compiling crunchy v0.2.4
   Compiling linux-raw-sys v0.12.1
   Compiling io-lifetimes v2.0.4
   Compiling tiny-keccak v2.0.2
   Compiling proc-macro2 v1.0.103
   Compiling cfg-if v1.0.5
   Compiling bitflags v2.13.2
   Compiling io-lifetimes v3.0.1
   Compiling once_cell v1.21.4
   Compiling num-traits v0.2.19
   Compiling io-extras v0.19.0
   Compiling unicode-ident v1.0.22
   Compiling quote v1.0.41
   Compiling getrandom v0.2.17
   Compiling getrandom v0.3.4
   Compiling cap-primitives v4.0.3
   Compiling zerocopy v0.8.59
   Compiling serde_core v1.0.229
   Compiling const-random-macro v0.1.16
   Compiling fs-set-times v0.20.3
   Compiling rustix-linux-procfs v0.1.1
   Compiling smartstring v1.0.1
   Compiling ahash v0.8.12
   Compiling cap-std v4.0.3
   Compiling ambient-authority v0.0.2
   Compiling paste v1.0.15
   Compiling ipnet v2.12.2
   Compiling maybe-owned v0.3.4
   Compiling syn v2.0.106
   Compiling const-random v0.1.18
   Compiling serde v1.0.229
   Compiling rhai v1.26.1 (/var/roothome/.local/share/agent-builds/rhai/stdin-early-close-run-raw-20261009T2041Z-ff3b25b08/agent-build-euszlcio/source)
   Compiling static_assertions v1.1.0
   Compiling rhai_codegen v3.2.0 (/var/roothome/.local/share/agent-builds/rhai/stdin-early-close-run-raw-20261009T2041Z-ff3b25b08/agent-build-euszlcio/source/codegen)
   Compiling serde_json v1.0.145
   Compiling smallvec v1.16.2
   Compiling thin-vec v0.2.19
   Compiling byteorder v1.5.0
   Compiling rmp v0.8.14
   Compiling itoa v1.0.15
   Compiling memchr v2.8.3
   Compiling ryu v1.0.20
warning: the item `TryFrom` is imported redundantly
   --> src/func/func_call.rs:291:21
    |
291 |                 use std::convert::TryFrom;
    |                     ^^^^^^^^^^^^^^^^^^^^^
   --> /rustc/25ef9e3d85d934b27d9dada2f9dd52b1dc63bb04/library/std/src/prelude/mod.rs:129:13
    |
    = note: the item `TryFrom` is already defined here
    |
    = note: `#[warn(unused_imports)]` on by default

   Compiling rmp-serde v1.3.0
warning: variable does not need to be mutable
   --> src/packages/sys/process/unix.rs:678:13
    |
678 |         let mut wait_operation = "wait for child";
    |             ----^^^^^^^^^^^^^^
    |             |
    |             help: remove this `mut`
    |
    = note: `#[warn(unused_mut)]` on by default

warning: unused variable: `termination`
    --> src/packages/sys/process/unix.rs:1118:22
     |
1118 |                 let (termination, _operation) = if self.managed {
     |                      ^^^^^^^^^^^ help: if this is intentional, prefix it with an underscore: `_termination`
     |
     = note: `#[warn(unused_variables)]` on by default

warning: unused variable: `faults`
    --> src/packages/sys/process/unix.rs:2301:13
     |
2301 |     let mut faults = ExecutionFaults::take_for_execution();
     |             ^^^^^^ help: if this is intentional, prefix it with an underscore: `_faults`

warning: variable does not need to be mutable
    --> src/packages/sys/process/unix.rs:2301:9
     |
2301 |     let mut faults = ExecutionFaults::take_for_execution();
     |         ----^^^^^^
     |         |
     |         help: remove this `mut`

warning: variable does not need to be mutable
    --> src/packages/sys/process/unix.rs:2378:9
     |
2378 |     let mut child =
     |         ----^^^^^
     |         |
     |         help: remove this `mut`

warning: variable does not need to be mutable
    --> src/packages/sys/process/unix.rs:2721:9
     |
2721 |     let mut pending = input.unwrap_or_default();
     |         ----^^^^^^^
     |         |
     |         help: remove this `mut`

warning: variant `OnlyZombieLeader` is never constructed
  --> src/packages/sys/process/unix.rs:50:5
   |
47 | enum GroupCloseOutcome {
   |      ----------------- variant in this enum
...
50 |     OnlyZombieLeader,
   |     ^^^^^^^^^^^^^^^^
   |
   = note: `GroupCloseOutcome` has derived impls for the traits `Clone` and `Debug`, but these are intentionally ignored during dead code analysis
   = note: `#[warn(dead_code)]` on by default

warning: methods `numeric_operations_probe`, `quarantine_observations_probe`, and `fail_reservation` are never used
    --> src/packages/sys/process/unix.rs:1549:8
     |
1422 | impl ExecutionFaults {
     | -------------------- methods in this implementation
...
1549 |     fn numeric_operations_probe(&self) -> Option<Arc<AtomicUsize>> {
     |        ^^^^^^^^^^^^^^^^^^^^^^^^
...
1560 |     fn quarantine_observations_probe(&self) -> Option<Arc<AtomicUsize>> {
     |        ^^^^^^^^^^^^^^^^^^^^^^^^^^^^^
...
1585 |     fn fail_reservation(&self) -> bool {
     |        ^^^^^^^^^^^^^^^^

warning: `rhai` (lib) generated 9 warnings (run `cargo fix --lib -p rhai` to apply 6 suggestions)
warning: unused import: `PathBuf`
 --> src/bin/rhai-run.rs:8:18
  |
8 |     path::{Path, PathBuf},
  |                  ^^^^^^^
  |
  = note: `#[warn(unused_imports)]` on by default

warning: variable does not need to be mutable
    --> tests/sys_process.rs:1022:9
     |
1022 |     let mut holder = command.spawn().expect("start escaped captured-pipe holder");
     |         ----^^^^^^
     |         |
     |         help: remove this `mut`
     |
     = note: `#[warn(unused_mut)]` on by default

warning: value assigned to `incomplete` is never read
    --> tests/sys_process.rs:1439:17
     |
1439 |         let mut incomplete = false;
     |                 ^^^^^^^^^^
     |
     = help: maybe it is overwritten before being read?
     = note: `#[warn(unused_assignments)]` on by default

warning: unused variable: `state`
    --> tests/sys_process.rs:1741:26
     |
1741 |                 Ok(Some((state, parent, group, start)))
     |                          ^^^^^ help: if this is intentional, prefix it with an underscore: `_state`
     |
     = note: `#[warn(unused_variables)]` on by default

warning: variable does not need to be mutable
    --> tests/sys_process.rs:2334:9
     |
2334 |     let mut sentinel = managed_spawn_sentinel();
     |         ----^^^^^^^^
     |         |
     |         help: remove this `mut`

warning: variable does not need to be mutable
    --> tests/sys_process.rs:2442:9
     |
2442 |     let mut sentinel = managed_spawn_sentinel();
     |         ----^^^^^^^^
     |         |
     |         help: remove this `mut`

warning: variable does not need to be mutable
    --> tests/sys_process.rs:2632:9
     |
2632 |     let mut sentinel = Sentinel(
     |         ----^^^^^^^^
     |         |
     |         help: remove this `mut`

warning: variable does not need to be mutable
    --> tests/sys_process.rs:2763:9
     |
2763 |     let mut sentinel = managed_spawn_sentinel();
     |         ----^^^^^^^^
     |         |
     |         help: remove this `mut`

warning: variable does not need to be mutable
    --> tests/sys_process.rs:2931:9
     |
2931 |     let mut sentinel = Sentinel(
     |         ----^^^^^^^^
     |         |
     |         help: remove this `mut`

warning: variable does not need to be mutable
    --> tests/sys_process.rs:3071:9
     |
3071 |     let mut sentinel = Sentinel(
     |         ----^^^^^^^^
     |         |
     |         help: remove this `mut`

warning: constant `DIRECT_DROP_RECORD_ENV` is never used
  --> tests/sys_process.rs:40:7
   |
40 | const DIRECT_DROP_RECORD_ENV: &str = "RHAI_SYS_DIRECT_DROP_RECORD";
   |       ^^^^^^^^^^^^^^^^^^^^^^
   |
   = note: `#[warn(dead_code)]` on by default

warning: unused `Dynamic` that must be used
   --> tests/fixtures/sys_process_shared_child_contract.rs:260:5
    |
260 |     engine.eval_with_scope::<Dynamic>(&mut scope, "child.kill()").expect("kill after completion is idempotent");
    |     ^^^^^^^^^^^^^^^^^^^^^^^^^^^^^^^^^^^^^^^^^^^^^^^^^^^^^^^^^^^^^^^^^^^^^^^^^^^^^^^^^^^^^^^^^^^^^^^^^^^^^^^^^^^
    |
    = note: `#[warn(unused_must_use)]` on by default
help: use `let _ = ...` to ignore the resulting value
    |
260 |     let _ = engine.eval_with_scope::<Dynamic>(&mut scope, "child.kill()").expect("kill after completion is idempotent");
    |     +++++++

warning: unused `Dynamic` that must be used
   --> tests/fixtures/sys_process_shared_child_contract.rs:261:5
    |
261 |     engine.eval_with_scope::<Dynamic>(&mut scope, "child.kill()").expect("repeated kill after completion is idempotent");
    |     ^^^^^^^^^^^^^^^^^^^^^^^^^^^^^^^^^^^^^^^^^^^^^^^^^^^^^^^^^^^^^^^^^^^^^^^^^^^^^^^^^^^^^^^^^^^^^^^^^^^^^^^^^^^^^^^^^^^^
    |
help: use `let _ = ...` to ignore the resulting value
    |
261 |     let _ = engine.eval_with_scope::<Dynamic>(&mut scope, "child.kill()").expect("repeated kill after completion is idempotent");
    |     +++++++

warning: `rhai` (bin "rhai-run") generated 1 warning (run `cargo fix --bin "rhai-run"` to apply 1 suggestion)
warning: `rhai` (test "sys_process") generated 12 warnings (run `cargo fix --test "sys_process"` to apply 8 suggestions)
    Finished test [unoptimized + debuginfo] target(s) in 19.31s
     Running tests/sys_process.rs (/root/.local/share/agent-builds/rhai/stdin-early-close-run-raw-20261009T2041Z-ff3b25b08/agent-build-euszlcio/target/debug/deps/sys_process-2037c14dd2370964)

running 1 test
x16_early_stdin_close api=run input_bytes=8388608 child_closed_input_before_release=true child_exit=0 reaped=true
x16_early_stdin_close api=run_raw input_bytes=8388608 child_closed_input_before_release=true child_exit=0 reaped=true
thread 'run_io_contract_run_and_run_raw_child_closing_stdin_early_still_return_result' panicked at tests/sys_process.rs:4789:5:
RED control: early child stdin closure must preserve successful results for run and run_raw
note: run with `RUST_BACKTRACE=1` environment variable to display a backtrace
test run_io_contract_run_and_run_raw_child_closing_stdin_early_still_return_result ... FAILED

failures:

failures:
    run_io_contract_run_and_run_raw_child_closing_stdin_early_still_return_result

test result: FAILED. 0 passed; 1 failed; 0 ignored; 0 measured; 61 filtered out; finished in 0.74s

error: test failed, to rerun pass `--test sys_process`
