warning: the item `TryFrom` is imported redundantly
   --> src/func/func_call.rs:291:21
    |
291 |                 use std::convert::TryFrom;
    |                     ^^^^^^^^^^^^^^^^^^^^^
   --> /rustc/25ef9e3d85d934b27d9dada2f9dd52b1dc63bb04/library/std/src/prelude/mod.rs:129:13
    |
    = note: the item `TryFrom` is already defined here
    |
    = note: `#[warn(unused_imports)]` on by default

warning: variable does not need to be mutable
   --> src/packages/sys/process/unix.rs:676:13
    |
676 |         let mut wait_operation = "wait for child";
    |             ----^^^^^^^^^^^^^^
    |             |
    |             help: remove this `mut`
    |
    = note: `#[warn(unused_mut)]` on by default

warning: unused variable: `termination`
    --> src/packages/sys/process/unix.rs:1116:22
     |
1116 |                 let (termination, _operation) = if self.managed {
     |                      ^^^^^^^^^^^ help: if this is intentional, prefix it with an underscore: `_termination`
     |
     = note: `#[warn(unused_variables)]` on by default

warning: variable does not need to be mutable
    --> src/packages/sys/process/unix.rs:2190:9
     |
2190 |     let mut child =
     |         ----^^^^^
     |         |
     |         help: remove this `mut`

warning: variable does not need to be mutable
    --> src/packages/sys/process/unix.rs:2512:9
     |
2512 |     let mut pending = input.unwrap_or_default();
     |         ----^^^^^^^
     |         |
     |         help: remove this `mut`

warning: variant `OnlyZombieLeader` is never constructed
  --> src/packages/sys/process/unix.rs:50:5
   |
47 | enum GroupCloseOutcome {
   |      ----------------- variant in this enum
...
50 |     OnlyZombieLeader,
   |     ^^^^^^^^^^^^^^^^
   |
   = note: `GroupCloseOutcome` has derived impls for the traits `Clone` and `Debug`, but these are intentionally ignored during dead code analysis
   = note: `#[warn(dead_code)]` on by default

warning: method `finish` is never used
    --> src/packages/sys/process/unix.rs:4212:12
     |
4211 |     impl CancelChildOnDrop {
     |     ---------------------- method in this implementation
4212 |         fn finish(&mut self) {
     |            ^^^^^^

warning: function `try_release_fifo` is never used
    --> src/packages/sys/process/unix.rs:4243:8
     |
4243 |     fn try_release_fifo(path: &Path) -> io::Result<()> {
     |        ^^^^^^^^^^^^^^^^

warning: unused `dynamic::Dynamic` that must be used
    --> src/packages/sys/process/unix.rs:4731:9
     |
4731 | /         engine
4732 | |             .eval_with_scope::<crate::Dynamic>(&mut kill_scope, "child.kill()")
4733 | |             .expect("public kill after completion remains harmless");
     | |____________________________________________________________________^
     |
     = note: `#[warn(unused_must_use)]` on by default
help: use `let _ = ...` to ignore the resulting value
     |
4731 |         let _ = engine
     |         +++++++

warning: `rhai` (lib test) generated 9 warnings (run `cargo fix --lib -p rhai --tests` to apply 4 suggestions)
    Finished test [unoptimized] target(s) in 0.02s
     Running unittests src/lib.rs (/root/.local/share/agent-builds/rhai/fc-20261007-ack05-7d11e2c4/agent-build-u8tlb6gv/target/debug/deps/rhai-15736e956d9ad844)
thread 'packages::sys::process::unix::tests::committed_stdout_cause_survives_stderr_overflow_managed' panicked at src/packages/sys/process/unix.rs:4777:9:
assertion `left == right` failed: the first committed stdout overflow must remain the public cause
  left: OutputLimit("stderr for `/usr/bin/python3` exceeded max_output of 512 bytes")
 right: OutputLimit("stdout for `/usr/bin/python3` exceeded max_output of 512 bytes")
note: run with `RUST_BACKTRACE=1` environment variable to display a backtrace
error: test failed, to rerun pass `--lib`
