   Compiling rhai v1.26.1 (/private/var/folders/yk/m4dzf0ss5x9f4j4z3xb2rrv40000gn/T/agent-build-x_el1ozb/source)
error[E0433]: failed to resolve: could not find `ProcessScope` in `super`
    --> src/packages/sys/process/unix.rs:3170:46
     |
3170 |                 .process_scope(super::super::ProcessScope::Managed),
     |                                              ^^^^^^^^^^^^ could not find `ProcessScope` in `super`
     |
help: an enum with a similar name exists
     |
3170 -                 .process_scope(super::super::ProcessScope::Managed),
3170 +                 .process_scope(super::super::ProcessCause::Managed),
     |
help: consider importing this enum through its public re-export
     |
3066 +     use crate::packages::sys::ProcessScope;
     |
help: if you import `ProcessScope`, refer to it directly
     |
3170 -                 .process_scope(super::super::ProcessScope::Managed),
3170 +                 .process_scope(ProcessScope::Managed),
     |

warning: variable does not need to be mutable
   --> src/packages/sys/process/unix.rs:668:13
    |
668 |         let mut wait_operation = "wait for child";
    |             ----^^^^^^^^^^^^^^
    |             |
    |             help: remove this `mut`
    |
    = note: `#[warn(unused_mut)]` (part of `#[warn(unused)]`) on by default

warning: unused variable: `termination`
    --> src/packages/sys/process/unix.rs:1106:22
     |
1106 |                 let (termination, _operation) = if self.managed {
     |                      ^^^^^^^^^^^ help: if this is intentional, prefix it with an underscore: `_termination`
     |
     = note: `#[warn(unused_variables)]` (part of `#[warn(unused)]`) on by default

warning: variable does not need to be mutable
    --> src/packages/sys/process/unix.rs:2134:9
     |
2134 |     let mut child =
     |         ----^^^^^
     |         |
     |         help: remove this `mut`

warning: variable does not need to be mutable
    --> src/packages/sys/process/unix.rs:2456:9
     |
2456 |     let mut pending = input.unwrap_or_default();
     |         ----^^^^^^^
     |         |
     |         help: remove this `mut`

For more information about this error, try `rustc --explain E0433`.
warning: `rhai` (lib test) generated 4 warnings
error: could not compile `rhai` (lib test) due to 1 previous error; 4 warnings emitted
