    Updating git repository `https://github.com/schungx/rustyline`
    Updating crates.io index
    Updating git repository `https://gitlab.com/jD91mZM2/no-std-compat.git`
 Downloading crates ...
  Downloaded ahash v0.8.12
  Downloaded cap-std v4.0.3
  Downloaded errno v0.3.14
  Downloaded maybe-owned v0.3.4
  Downloaded const-random-macro v0.1.16
  Downloaded ambient-authority v0.0.2
  Downloaded fs-set-times v0.20.3
  Downloaded itoa v1.0.15
  Downloaded const-random v0.1.18
  Downloaded version_check v0.9.5
  Downloaded smartstring v1.0.1
  Downloaded crunchy v0.2.4
  Downloaded byteorder v1.5.0
  Downloaded tiny-keccak v2.0.2
  Downloaded paste v1.0.15
  Downloaded static_assertions v1.1.0
  Downloaded ryu v1.0.20
  Downloaded rmp-serde v1.3.0
  Downloaded thin-vec v0.2.19
  Downloaded once_cell v1.21.4
  Downloaded unicode-ident v1.0.22
  Downloaded serde_core v1.0.229
  Downloaded proc-macro2 v1.0.103
  Downloaded serde v1.0.229
  Downloaded memchr v2.8.3
  Downloaded cap-primitives v4.0.3
  Downloaded num-traits v0.2.19
  Downloaded serde_json v1.0.145
  Downloaded smallvec v1.16.2
  Downloaded getrandom v0.3.4
  Downloaded portable-atomic v1.15.0
  Downloaded bitflags v2.13.2
  Downloaded rmp v0.8.14
  Downloaded io-extras v0.19.0
  Downloaded getrandom v0.2.17
  Downloaded zerocopy v0.8.59
  Downloaded syn v2.0.106
  Downloaded autocfg v1.5.1
  Downloaded io-lifetimes v3.0.1
  Downloaded quote v1.0.41
  Downloaded ipnet v2.12.2
  Downloaded rustix v1.1.5
  Downloaded io-lifetimes v2.0.4
  Downloaded cfg-if v1.0.5
  Downloaded libc v0.2.189
   Compiling libc v0.2.189
   Compiling autocfg v1.5.1
   Compiling crunchy v0.2.4
   Compiling version_check v0.9.5
   Compiling rustix v1.1.5
   Compiling io-lifetimes v2.0.4
   Compiling cfg-if v1.0.5
   Compiling io-lifetimes v3.0.1
   Compiling tiny-keccak v2.0.2
   Compiling proc-macro2 v1.0.103
   Compiling serde_core v1.0.229
   Compiling errno v0.3.14
   Compiling num-traits v0.2.19
   Compiling quote v1.0.41
   Compiling paste v1.0.15
   Compiling io-extras v0.19.0
   Compiling portable-atomic v1.15.0
   Compiling bitflags v2.13.2
   Compiling unicode-ident v1.0.22
   Compiling getrandom v0.2.17
   Compiling getrandom v0.3.4
   Compiling once_cell v1.21.4
   Compiling serde v1.0.229
   Compiling zerocopy v0.8.59
   Compiling cap-primitives v4.0.3
   Compiling const-random-macro v0.1.16
   Compiling fs-set-times v0.20.3
   Compiling smartstring v1.0.1
   Compiling ahash v0.8.12
   Compiling ipnet v2.12.2
   Compiling byteorder v1.5.0
   Compiling ambient-authority v0.0.2
   Compiling maybe-owned v0.3.4
   Compiling serde_json v1.0.145
   Compiling cap-std v4.0.3
   Compiling rmp v0.8.14
   Compiling syn v2.0.106
   Compiling const-random v0.1.18
   Compiling memchr v2.8.3
   Compiling ryu v1.0.20
   Compiling itoa v1.0.15
   Compiling static_assertions v1.1.0
   Compiling rhai v1.26.1 (/private/var/folders/yk/m4dzf0ss5x9f4j4z3xb2rrv40000gn/T/agent-build-dae6wbl6/source)
   Compiling rmp-serde v1.3.0
   Compiling rhai_codegen v3.2.0 (/private/var/folders/yk/m4dzf0ss5x9f4j4z3xb2rrv40000gn/T/agent-build-dae6wbl6/source/codegen)
   Compiling thin-vec v0.2.19
   Compiling smallvec v1.16.2
warning: variable does not need to be mutable
   --> src/packages/sys/process/unix.rs:668:13
    |
668 |         let mut wait_operation = "wait for child";
    |             ----^^^^^^^^^^^^^^
    |             |
    |             help: remove this `mut`
    |
    = note: `#[warn(unused_mut)]` (part of `#[warn(unused)]`) on by default

warning: unused variable: `termination`
    --> src/packages/sys/process/unix.rs:1106:22
     |
1106 |                 let (termination, _operation) = if self.managed {
     |                      ^^^^^^^^^^^ help: if this is intentional, prefix it with an underscore: `_termination`
     |
     = note: `#[warn(unused_variables)]` (part of `#[warn(unused)]`) on by default

warning: variable does not need to be mutable
    --> src/packages/sys/process/unix.rs:2134:9
     |
2134 |     let mut child =
     |         ----^^^^^
     |         |
     |         help: remove this `mut`

warning: variable does not need to be mutable
    --> src/packages/sys/process/unix.rs:2456:9
     |
2456 |     let mut pending = input.unwrap_or_default();
     |         ----^^^^^^^
     |         |
     |         help: remove this `mut`

warning: struct `CancelChildOnDrop` is never constructed
    --> src/packages/sys/process/unix.rs:3984:12
     |
3984 |     struct CancelChildOnDrop {
     |            ^^^^^^^^^^^^^^^^^
     |
     = note: `#[warn(dead_code)]` (part of `#[warn(unused)]`) on by default

warning: method `finish` is never used
    --> src/packages/sys/process/unix.rs:4027:12
     |
4026 |     impl CancelChildOnDrop {
     |     ---------------------- method in this implementation
4027 |         fn finish(&mut self) {
     |            ^^^^^^

warning: function `try_release_fifo` is never used
    --> src/packages/sys/process/unix.rs:4058:8
     |
4058 |     fn try_release_fifo(path: &Path) -> io::Result<()> {
     |        ^^^^^^^^^^^^^^^^

warning: `rhai` (lib test) generated 7 warnings (run `cargo fix --lib -p rhai --tests` to apply 4 suggestions)
    Finished `test` profile [unoptimized] target(s) in 19.67s
     Running unittests src/lib.rs (/private/var/folders/yk/m4dzf0ss5x9f4j4z3xb2rrv40000gn/T/agent-build-dae6wbl6/target/debug/deps/rhai-9db611e578dbdfd2)

running 1 test
test packages::sys::process::unix::tests::managed_run_retries_provisional_group_eperm_within_one_observation_window ... 
thread 'packages::sys::process::unix::tests::managed_run_retries_provisional_group_eperm_within_one_observation_window' (57937395) panicked at src/packages/sys/process/unix.rs:3192:17:
a later exact ESRCH observation closes the scope: Process { cause: Io { op: "observe process group closure", target: "/usr/bin/true", kind: PermissionDenied, message: "Operation not permitted (os error 1)" }, report: ProcessReport { stdout: [], stderr: [], stdout_complete: true, stderr_complete: true, exit: Some(Code(0)), timed_out: false, cleanup_diagnostics: [] } }
note: run with `RUST_BACKTRACE=1` environment variable to display a backtrace
FAILED

failures:

failures:
    packages::sys::process::unix::tests::managed_run_retries_provisional_group_eperm_within_one_observation_window

test result: FAILED. 0 passed; 1 failed; 0 ignored; 0 measured; 21 filtered out; finished in 0.11s

error: test failed, to rerun pass `--lib`
