warning: the item `TryFrom` is imported redundantly
   --> src/func/func_call.rs:291:21
    |
291 |                 use std::convert::TryFrom;
    |                     ^^^^^^^^^^^^^^^^^^^^^
   --> /rustc/25ef9e3d85d934b27d9dada2f9dd52b1dc63bb04/library/std/src/prelude/mod.rs:129:13
    |
    = note: the item `TryFrom` is already defined here
    |
    = note: `#[warn(unused_imports)]` on by default

warning: variable does not need to be mutable
   --> src/packages/sys/process/unix.rs:668:13
    |
668 |         let mut wait_operation = "wait for child";
    |             ----^^^^^^^^^^^^^^
    |             |
    |             help: remove this `mut`
    |
    = note: `#[warn(unused_mut)]` on by default

warning: unused variable: `termination`
    --> src/packages/sys/process/unix.rs:1106:22
     |
1106 |                 let (termination, _operation) = if self.managed {
     |                      ^^^^^^^^^^^ help: if this is intentional, prefix it with an underscore: `_termination`
     |
     = note: `#[warn(unused_variables)]` on by default

warning: variable does not need to be mutable
    --> src/packages/sys/process/unix.rs:2134:9
     |
2134 |     let mut child =
     |         ----^^^^^
     |         |
     |         help: remove this `mut`

warning: variable does not need to be mutable
    --> src/packages/sys/process/unix.rs:2456:9
     |
2456 |     let mut pending = input.unwrap_or_default();
     |         ----^^^^^^^
     |         |
     |         help: remove this `mut`

warning: variant `OnlyZombieLeader` is never constructed
  --> src/packages/sys/process/unix.rs:50:5
   |
47 | enum GroupCloseOutcome {
   |      ----------------- variant in this enum
...
50 |     OnlyZombieLeader,
   |     ^^^^^^^^^^^^^^^^
   |
   = note: `GroupCloseOutcome` has derived impls for the traits `Clone` and `Debug`, but these are intentionally ignored during dead code analysis
   = note: `#[warn(dead_code)]` on by default

warning: methods `numeric_operations_probe`, `quarantine_observations_probe`, and `fail_reservation` are never used
    --> src/packages/sys/process/unix.rs:1470:8
     |
1390 | impl ExecutionFaults {
     | -------------------- methods in this implementation
...
1470 |     fn numeric_operations_probe(&self) -> Option<Arc<AtomicUsize>> {
     |        ^^^^^^^^^^^^^^^^^^^^^^^^
...
1481 |     fn quarantine_observations_probe(&self) -> Option<Arc<AtomicUsize>> {
     |        ^^^^^^^^^^^^^^^^^^^^^^^^^^^^^
...
1506 |     fn fail_reservation(&self) -> bool {
     |        ^^^^^^^^^^^^^^^^

warning: `rhai` (lib) generated 7 warnings (run `cargo fix --lib -p rhai` to apply 4 suggestions)
warning: unused import: `PathBuf`
 --> src/bin/rhai-run.rs:8:18
  |
8 |     path::{Path, PathBuf},
  |                  ^^^^^^^
  |
  = note: `#[warn(unused_imports)]` on by default

warning: `rhai` (bin "rhai-run") generated 1 warning (run `cargo fix --bin "rhai-run"` to apply 1 suggestion)
   Compiling rhai v1.26.1 (/var/roothome/.local/share/agent-builds/rhai/linux-current-sys-net-behavior-1ca21e32-20261002/agent-build-w_y8b66l/source)
    Finished test [unoptimized] target(s) in 0.35s
     Running tests/combined_sys_net.rs (/root/.local/share/agent-builds/rhai/linux-current-sys-net-behavior-1ca21e32-20261002/agent-build-w_y8b66l/target/debug/deps/combined_sys_net-f61b99339e7dff74)
thread 'sys_and_net_packages_coexist_in_one_engine_with_os_readback_and_typed_errors' panicked at tests/combined_sys_net.rs:119:5:
fresh host readback must match independent expected bytes; actual="filesystem-payload"; expected="incorrect filesystem expectation"
note: run with `RUST_BACKTRACE=1` environment variable to display a backtrace
error: test failed, to rerun pass `--test combined_sys_net`
