    Updating git repository `https://github.com/schungx/rustyline`
    Updating crates.io index
    Updating git repository `https://gitlab.com/jD91mZM2/no-std-compat.git`
 Downloading crates ...
  Downloaded rmp v0.8.14
  Downloaded serde v1.0.229
  Downloaded cfg-if v1.0.5
  Downloaded ambient-authority v0.0.2
  Downloaded crunchy v0.2.4
  Downloaded const-random-macro v0.1.16
  Downloaded autocfg v1.5.1
  Downloaded errno v0.3.14
  Downloaded ipnet v2.12.2
  Downloaded itoa v1.0.15
  Downloaded bitflags v2.13.2
  Downloaded cap-std v4.0.3
  Downloaded quote v1.0.41
  Downloaded rmp-serde v1.3.0
  Downloaded cap-primitives v4.0.3
  Downloaded unicode-ident v1.0.22
  Downloaded io-lifetimes v3.0.1
  Downloaded serde_core v1.0.229
  Downloaded io-extras v0.19.0
  Downloaded getrandom v0.3.4
  Downloaded proc-macro2 v1.0.103
  Downloaded paste v1.0.15
  Downloaded byteorder v1.5.0
  Downloaded smallvec v1.16.2
  Downloaded thin-vec v0.2.19
  Downloaded fs-set-times v0.20.3
  Downloaded tiny-keccak v2.0.2
  Downloaded getrandom v0.2.17
  Downloaded static_assertions v1.1.0
  Downloaded num-traits v0.2.19
  Downloaded const-random v0.1.18
  Downloaded memchr v2.8.3
  Downloaded ryu v1.0.20
  Downloaded smartstring v1.0.1
  Downloaded once_cell v1.21.4
  Downloaded serde_json v1.0.145
  Downloaded version_check v0.9.5
  Downloaded portable-atomic v1.15.0
  Downloaded zerocopy v0.8.59
  Downloaded maybe-owned v0.3.4
  Downloaded rustix-linux-procfs v0.1.1
  Downloaded rustix v1.1.5
  Downloaded syn v2.0.106
  Downloaded io-lifetimes v2.0.4
  Downloaded libc v0.2.189
  Downloaded linux-raw-sys v0.12.1
  Downloaded ahash v0.8.12
 Downloading crates ...
  Downloaded web-time v1.1.0
   Compiling autocfg v1.5.1
   Compiling portable-atomic v1.15.0
   Compiling crunchy v0.2.4
   Compiling version_check v0.9.5
   Compiling libc v0.2.189
   Compiling rustix v1.1.5
   Compiling io-lifetimes v2.0.4
   Compiling io-lifetimes v3.0.1
   Compiling tiny-keccak v2.0.2
   Compiling cfg-if v1.0.5
   Compiling linux-raw-sys v0.12.1
   Compiling proc-macro2 v1.0.103
   Compiling bitflags v2.13.2
   Compiling once_cell v1.21.4
   Compiling num-traits v0.2.19
   Compiling unicode-ident v1.0.22
   Compiling io-extras v0.19.0
   Compiling quote v1.0.41
   Compiling getrandom v0.2.17
   Compiling getrandom v0.3.4
   Compiling cap-primitives v4.0.3
   Compiling zerocopy v0.8.59
   Compiling serde_core v1.0.229
   Compiling const-random-macro v0.1.16
   Compiling fs-set-times v0.20.3
   Compiling rustix-linux-procfs v0.1.1
   Compiling ahash v0.8.12
   Compiling smartstring v1.0.1
   Compiling paste v1.0.15
   Compiling ipnet v2.12.2
   Compiling cap-std v4.0.3
   Compiling maybe-owned v0.3.4
   Compiling ambient-authority v0.0.2
   Compiling syn v2.0.106
   Compiling const-random v0.1.18
   Compiling serde v1.0.229
   Compiling rhai v1.26.1 (/var/roothome/.local/share/agent-builds/rhai/linux-managed-kill-20261003-a17f40a7-97/agent-build-4pp9guh2/source)
   Compiling static_assertions v1.1.0
   Compiling rhai_codegen v3.2.0 (/var/roothome/.local/share/agent-builds/rhai/linux-managed-kill-20261003-a17f40a7-97/agent-build-4pp9guh2/source/codegen)
   Compiling byteorder v1.5.0
   Compiling serde_json v1.0.145
   Compiling smallvec v1.16.2
   Compiling thin-vec v0.2.19
   Compiling rmp v0.8.14
   Compiling memchr v2.8.3
   Compiling ryu v1.0.20
   Compiling itoa v1.0.15
warning: the item `TryFrom` is imported redundantly
   --> src/func/func_call.rs:291:21
    |
291 |                 use std::convert::TryFrom;
    |                     ^^^^^^^^^^^^^^^^^^^^^
   --> /rustc/25ef9e3d85d934b27d9dada2f9dd52b1dc63bb04/library/std/src/prelude/mod.rs:129:13
    |
    = note: the item `TryFrom` is already defined here
    |
    = note: `#[warn(unused_imports)]` on by default

   Compiling rmp-serde v1.3.0
warning: variable does not need to be mutable
   --> src/packages/sys/process/unix.rs:668:13
    |
668 |         let mut wait_operation = "wait for child";
    |             ----^^^^^^^^^^^^^^
    |             |
    |             help: remove this `mut`
    |
    = note: `#[warn(unused_mut)]` on by default

warning: unused variable: `termination`
    --> src/packages/sys/process/unix.rs:1106:22
     |
1106 |                 let (termination, _operation) = if self.managed {
     |                      ^^^^^^^^^^^ help: if this is intentional, prefix it with an underscore: `_termination`
     |
     = note: `#[warn(unused_variables)]` on by default

warning: variable does not need to be mutable
    --> src/packages/sys/process/unix.rs:2134:9
     |
2134 |     let mut child =
     |         ----^^^^^
     |         |
     |         help: remove this `mut`

warning: variable does not need to be mutable
    --> src/packages/sys/process/unix.rs:2456:9
     |
2456 |     let mut pending = input.unwrap_or_default();
     |         ----^^^^^^^
     |         |
     |         help: remove this `mut`

warning: variant `OnlyZombieLeader` is never constructed
  --> src/packages/sys/process/unix.rs:50:5
   |
47 | enum GroupCloseOutcome {
   |      ----------------- variant in this enum
...
50 |     OnlyZombieLeader,
   |     ^^^^^^^^^^^^^^^^
   |
   = note: `GroupCloseOutcome` has derived impls for the traits `Clone` and `Debug`, but these are intentionally ignored during dead code analysis
   = note: `#[warn(dead_code)]` on by default

warning: methods `numeric_operations_probe`, `quarantine_observations_probe`, and `fail_reservation` are never used
    --> src/packages/sys/process/unix.rs:1470:8
     |
1390 | impl ExecutionFaults {
     | -------------------- methods in this implementation
...
1470 |     fn numeric_operations_probe(&self) -> Option<Arc<AtomicUsize>> {
     |        ^^^^^^^^^^^^^^^^^^^^^^^^
...
1481 |     fn quarantine_observations_probe(&self) -> Option<Arc<AtomicUsize>> {
     |        ^^^^^^^^^^^^^^^^^^^^^^^^^^^^^
...
1506 |     fn fail_reservation(&self) -> bool {
     |        ^^^^^^^^^^^^^^^^

warning: `rhai` (lib) generated 7 warnings (run `cargo fix --lib -p rhai` to apply 4 suggestions)
warning: unused import: `PathBuf`
 --> src/bin/rhai-run.rs:8:18
  |
8 |     path::{Path, PathBuf},
  |                  ^^^^^^^
  |
  = note: `#[warn(unused_imports)]` on by default

error: 3 positional arguments in format string, but no arguments were given
    --> tests/sys_process.rs:1921:119
     |
1921 | ...er={} leader_start={leader_start} leader_absent={leader_absent} worker={} worker_start={worker_start} worker_absent={worker_absent} leaf={} le...
     |       ^^                                                                  ^^                                                                ^^

error: could not compile `rhai` (test "sys_process") due to 1 previous error
warning: build failed, waiting for other jobs to finish...
warning: `rhai` (bin "rhai-run") generated 1 warning (run `cargo fix --bin "rhai-run"` to apply 1 suggestion)
