    Updating git repository `https://github.com/schungx/rustyline`
    Updating crates.io index
    Updating git repository `https://gitlab.com/jD91mZM2/no-std-compat.git`
 Downloading crates ...
  Downloaded once_cell v1.21.4
  Downloaded getrandom v0.2.17
  Downloaded ipnet v2.12.2
  Downloaded errno v0.3.14
  Downloaded const-random v0.1.18
  Downloaded const-random-macro v0.1.16
  Downloaded fs-set-times v0.20.3
  Downloaded version_check v0.9.5
  Downloaded maybe-owned v0.3.4
  Downloaded autocfg v1.5.1
  Downloaded itoa v1.0.15
  Downloaded crunchy v0.2.4
  Downloaded cfg-if v1.0.5
  Downloaded ambient-authority v0.0.2
  Downloaded paste v1.0.15
  Downloaded static_assertions v1.1.0
  Downloaded io-lifetimes v3.0.1
  Downloaded ahash v0.8.12
  Downloaded rmp v0.8.14
  Downloaded tiny-keccak v2.0.2
  Downloaded rmp-serde v1.3.0
  Downloaded thin-vec v0.2.19
  Downloaded io-lifetimes v2.0.4
  Downloaded smallvec v1.16.2
  Downloaded serde_core v1.0.229
  Downloaded unicode-ident v1.0.22
  Downloaded bitflags v2.13.2
  Downloaded serde v1.0.229
  Downloaded memchr v2.8.3
  Downloaded getrandom v0.3.4
  Downloaded cap-primitives v4.0.3
  Downloaded proc-macro2 v1.0.103
  Downloaded serde_json v1.0.145
  Downloaded num-traits v0.2.19
  Downloaded portable-atomic v1.15.0
  Downloaded ryu v1.0.20
  Downloaded zerocopy v0.8.59
  Downloaded io-extras v0.19.0
  Downloaded cap-std v4.0.3
  Downloaded quote v1.0.41
  Downloaded syn v2.0.106
  Downloaded smartstring v1.0.1
  Downloaded byteorder v1.5.0
  Downloaded rustix v1.1.5
  Downloaded libc v0.2.189
 Downloading crates ...
  Downloaded web-time v1.1.0
   Compiling libc v0.2.189
   Compiling autocfg v1.5.1
   Compiling crunchy v0.2.4
   Compiling version_check v0.9.5
   Compiling rustix v1.1.5
   Compiling tiny-keccak v2.0.2
   Compiling io-lifetimes v3.0.1
   Compiling proc-macro2 v1.0.103
   Compiling io-lifetimes v2.0.4
   Compiling cfg-if v1.0.5
   Compiling errno v0.3.14
   Compiling num-traits v0.2.19
   Compiling unicode-ident v1.0.22
   Compiling bitflags v2.13.2
   Compiling io-extras v0.19.0
   Compiling quote v1.0.41
   Compiling portable-atomic v1.15.0
   Compiling getrandom v0.2.17
   Compiling zerocopy v0.8.59
   Compiling serde_core v1.0.229
   Compiling getrandom v0.3.4
   Compiling once_cell v1.21.4
   Compiling cap-primitives v4.0.3
   Compiling const-random-macro v0.1.16
   Compiling fs-set-times v0.20.3
   Compiling ahash v0.8.12
   Compiling smartstring v1.0.1
   Compiling ambient-authority v0.0.2
   Compiling paste v1.0.15
   Compiling maybe-owned v0.3.4
   Compiling ipnet v2.12.2
   Compiling cap-std v4.0.3
   Compiling syn v2.0.106
   Compiling const-random v0.1.18
   Compiling rhai v1.26.1 (/Users/hoppworks/.local/share/agent-builds/rhai/ticket03-darwin-process-lifecycle-base-20261009T232015Z/agent-build-01qoq5_4/source)
   Compiling serde v1.0.229
   Compiling static_assertions v1.1.0
   Compiling rhai_codegen v3.2.0 (/Users/hoppworks/.local/share/agent-builds/rhai/ticket03-darwin-process-lifecycle-base-20261009T232015Z/agent-build-01qoq5_4/source/codegen)
   Compiling byteorder v1.5.0
   Compiling smallvec v1.16.2
   Compiling thin-vec v0.2.19
   Compiling serde_json v1.0.145
   Compiling rmp v0.8.14
   Compiling ryu v1.0.20
   Compiling itoa v1.0.15
   Compiling memchr v2.8.3
warning: the item `TryFrom` is imported redundantly
   --> src/func/func_call.rs:291:21
    |
291 |                 use std::convert::TryFrom;
    |                     ^^^^^^^^^^^^^^^^^^^^^
   --> /rustc/25ef9e3d85d934b27d9dada2f9dd52b1dc63bb04/library/std/src/prelude/mod.rs:129:13
    |
    = note: the item `TryFrom` is already defined here
    |
    = note: `#[warn(unused_imports)]` on by default

   Compiling rmp-serde v1.3.0
warning: variable does not need to be mutable
   --> src/packages/sys/process/unix.rs:678:13
    |
678 |         let mut wait_operation = "wait for child";
    |             ----^^^^^^^^^^^^^^
    |             |
    |             help: remove this `mut`
    |
    = note: `#[warn(unused_mut)]` on by default

warning: unused variable: `termination`
    --> src/packages/sys/process/unix.rs:1118:22
     |
1118 |                 let (termination, _operation) = if self.managed {
     |                      ^^^^^^^^^^^ help: if this is intentional, prefix it with an underscore: `_termination`
     |
     = note: `#[warn(unused_variables)]` on by default

warning: unused variable: `faults`
    --> src/packages/sys/process/unix.rs:2301:13
     |
2301 |     let mut faults = ExecutionFaults::take_for_execution();
     |             ^^^^^^ help: if this is intentional, prefix it with an underscore: `_faults`

warning: variable does not need to be mutable
    --> src/packages/sys/process/unix.rs:2301:9
     |
2301 |     let mut faults = ExecutionFaults::take_for_execution();
     |         ----^^^^^^
     |         |
     |         help: remove this `mut`

warning: variable does not need to be mutable
    --> src/packages/sys/process/unix.rs:2378:9
     |
2378 |     let mut child =
     |         ----^^^^^
     |         |
     |         help: remove this `mut`

warning: variable does not need to be mutable
    --> src/packages/sys/process/unix.rs:2721:9
     |
2721 |     let mut pending = input.unwrap_or_default();
     |         ----^^^^^^^
     |         |
     |         help: remove this `mut`

warning: methods `numeric_operations_probe`, `quarantine_observations_probe`, and `fail_reservation` are never used
    --> src/packages/sys/process/unix.rs:1549:8
     |
1422 | impl ExecutionFaults {
     | -------------------- methods in this implementation
...
1549 |     fn numeric_operations_probe(&self) -> Option<Arc<AtomicUsize>> {
     |        ^^^^^^^^^^^^^^^^^^^^^^^^
...
1560 |     fn quarantine_observations_probe(&self) -> Option<Arc<AtomicUsize>> {
     |        ^^^^^^^^^^^^^^^^^^^^^^^^^^^^^
...
1585 |     fn fail_reservation(&self) -> bool {
     |        ^^^^^^^^^^^^^^^^
     |
     = note: `#[warn(dead_code)]` on by default

warning: `rhai` (lib) generated 8 warnings (run `cargo fix --lib -p rhai` to apply 6 suggestions)
warning: unused import: `PathBuf`
 --> src/bin/rhai-run.rs:8:18
  |
8 |     path::{Path, PathBuf},
  |                  ^^^^^^^
  |
  = note: `#[warn(unused_imports)]` on by default

warning: variable does not need to be mutable
    --> tests/sys_process.rs:1210:9
     |
1210 |     let mut holder = command.spawn().expect("start escaped captured-pipe holder");
     |         ----^^^^^^
     |         |
     |         help: remove this `mut`
     |
     = note: `#[warn(unused_mut)]` on by default

warning: `rhai` (bin "rhai-run") generated 1 warning (run `cargo fix --bin "rhai-run"` to apply 1 suggestion)
warning: constant `DIRECT_DROP_RECORD_ENV` is never used
  --> tests/sys_process.rs:40:7
   |
40 | const DIRECT_DROP_RECORD_ENV: &str = "RHAI_SYS_DIRECT_DROP_RECORD";
   |       ^^^^^^^^^^^^^^^^^^^^^^
   |
   = note: `#[warn(dead_code)]` on by default

warning: unused `Dynamic` that must be used
   --> tests/fixtures/sys_process_shared_child_contract.rs:260:5
    |
260 |     engine.eval_with_scope::<Dynamic>(&mut scope, "child.kill()").expect("kill after completion is idempotent");
    |     ^^^^^^^^^^^^^^^^^^^^^^^^^^^^^^^^^^^^^^^^^^^^^^^^^^^^^^^^^^^^^^^^^^^^^^^^^^^^^^^^^^^^^^^^^^^^^^^^^^^^^^^^^^^
    |
    = note: `#[warn(unused_must_use)]` on by default
help: use `let _ = ...` to ignore the resulting value
    |
260 |     let _ = engine.eval_with_scope::<Dynamic>(&mut scope, "child.kill()").expect("kill after completion is idempotent");
    |     +++++++

warning: unused `Dynamic` that must be used
   --> tests/fixtures/sys_process_shared_child_contract.rs:261:5
    |
261 |     engine.eval_with_scope::<Dynamic>(&mut scope, "child.kill()").expect("repeated kill after completion is idempotent");
    |     ^^^^^^^^^^^^^^^^^^^^^^^^^^^^^^^^^^^^^^^^^^^^^^^^^^^^^^^^^^^^^^^^^^^^^^^^^^^^^^^^^^^^^^^^^^^^^^^^^^^^^^^^^^^^^^^^^^^^
    |
help: use `let _ = ...` to ignore the resulting value
    |
261 |     let _ = engine.eval_with_scope::<Dynamic>(&mut scope, "child.kill()").expect("repeated kill after completion is idempotent");
    |     +++++++

warning: `rhai` (test "sys_process") generated 4 warnings (run `cargo fix --test "sys_process"` to apply 1 suggestion)
    Finished test [unoptimized + debuginfo] target(s) in 18.74s
     Running tests/sys_process.rs (/Users/hoppworks/.local/share/agent-builds/rhai/ticket03-darwin-process-lifecycle-base-20261009T232015Z/agent-build-01qoq5_4/target/debug/deps/sys_process-a2e11f9faa2e3991)

running 1 test
test direct_spawn_kill_on_drop_false_preserves_child_and_capture ... direct_drop_fixture_started root=/Users/hoppworks/.local/share/agent-builds/rhai/ticket03-darwin-process-lifecycle-base-20261009T232015Z/agent-build-01qoq5_4/tmp/rhai-sys-test-36746-direct_spawn_kill_on_drop_false_preserves_child_and_capture-0 test_pid=36746 child_pid=36747
direct_drop_after_final_client_drop pid=36747 alive=true challenge_ack=true completion_exists=false
direct_drop_completion pid=36747 record="pid=36747 stdout_bytes=524288 stderr_bytes=524288 complete=true\n"
direct_drop_terminal pid=36747 esrch=true
direct_drop_fixture_cleanup root=/Users/hoppworks/.local/share/agent-builds/rhai/ticket03-darwin-process-lifecycle-base-20261009T232015Z/agent-build-01qoq5_4/tmp/rhai-sys-test-36746-direct_spawn_kill_on_drop_false_preserves_child_and_capture-0 pid=36747 esrch=true
direct_drop_fixture_cleanup root=/Users/hoppworks/.local/share/agent-builds/rhai/ticket03-darwin-process-lifecycle-base-20261009T232015Z/agent-build-01qoq5_4/tmp/rhai-sys-test-36746-direct_spawn_kill_on_drop_false_preserves_child_and_capture-0 pid=36747 esrch=true
ok

test result: ok. 1 passed; 0 failed; 0 ignored; 0 measured; 49 filtered out; finished in 0.40s

