warning: the item `TryFrom` is imported redundantly
   --> src/func/func_call.rs:291:21
    |
291 |                 use std::convert::TryFrom;
    |                     ^^^^^^^^^^^^^^^^^^^^^
   --> /rustc/25ef9e3d85d934b27d9dada2f9dd52b1dc63bb04/library/std/src/prelude/mod.rs:129:13
    |
    = note: the item `TryFrom` is already defined here
    |
    = note: `#[warn(unused_imports)]` on by default

warning: variable does not need to be mutable
   --> src/packages/sys/process/unix.rs:678:13
    |
678 |         let mut wait_operation = "wait for child";
    |             ----^^^^^^^^^^^^^^
    |             |
    |             help: remove this `mut`
    |
    = note: `#[warn(unused_mut)]` on by default

warning: unused variable: `termination`
    --> src/packages/sys/process/unix.rs:1118:22
     |
1118 |                 let (termination, _operation) = if self.managed {
     |                      ^^^^^^^^^^^ help: if this is intentional, prefix it with an underscore: `_termination`
     |
     = note: `#[warn(unused_variables)]` on by default

warning: unused variable: `faults`
    --> src/packages/sys/process/unix.rs:2301:13
     |
2301 |     let mut faults = ExecutionFaults::take_for_execution();
     |             ^^^^^^ help: if this is intentional, prefix it with an underscore: `_faults`

warning: variable does not need to be mutable
    --> src/packages/sys/process/unix.rs:2301:9
     |
2301 |     let mut faults = ExecutionFaults::take_for_execution();
     |         ----^^^^^^
     |         |
     |         help: remove this `mut`

warning: variable does not need to be mutable
    --> src/packages/sys/process/unix.rs:2378:9
     |
2378 |     let mut child =
     |         ----^^^^^
     |         |
     |         help: remove this `mut`

warning: variable does not need to be mutable
    --> src/packages/sys/process/unix.rs:2721:9
     |
2721 |     let mut pending = input.unwrap_or_default();
     |         ----^^^^^^^
     |         |
     |         help: remove this `mut`

warning: methods `numeric_operations_probe`, `quarantine_observations_probe`, and `fail_reservation` are never used
    --> src/packages/sys/process/unix.rs:1549:8
     |
1422 | impl ExecutionFaults {
     | -------------------- methods in this implementation
...
1549 |     fn numeric_operations_probe(&self) -> Option<Arc<AtomicUsize>> {
     |        ^^^^^^^^^^^^^^^^^^^^^^^^
...
1560 |     fn quarantine_observations_probe(&self) -> Option<Arc<AtomicUsize>> {
     |        ^^^^^^^^^^^^^^^^^^^^^^^^^^^^^
...
1585 |     fn fail_reservation(&self) -> bool {
     |        ^^^^^^^^^^^^^^^^
     |
     = note: `#[warn(dead_code)]` on by default

warning: `rhai` (lib) generated 8 warnings (run `cargo fix --lib -p rhai` to apply 6 suggestions)
warning: variable does not need to be mutable
    --> tests/sys_process.rs:1210:9
     |
1210 |     let mut holder = command.spawn().expect("start escaped captured-pipe holder");
     |         ----^^^^^^
     |         |
     |         help: remove this `mut`
     |
     = note: `#[warn(unused_mut)]` on by default

warning: constant `DIRECT_DROP_RECORD_ENV` is never used
  --> tests/sys_process.rs:40:7
   |
40 | const DIRECT_DROP_RECORD_ENV: &str = "RHAI_SYS_DIRECT_DROP_RECORD";
   |       ^^^^^^^^^^^^^^^^^^^^^^
   |
   = note: `#[warn(dead_code)]` on by default

warning: unused `Dynamic` that must be used
   --> tests/fixtures/sys_process_shared_child_contract.rs:260:5
    |
260 |     engine.eval_with_scope::<Dynamic>(&mut scope, "child.kill()").expect("kill after completion is idempotent");
    |     ^^^^^^^^^^^^^^^^^^^^^^^^^^^^^^^^^^^^^^^^^^^^^^^^^^^^^^^^^^^^^^^^^^^^^^^^^^^^^^^^^^^^^^^^^^^^^^^^^^^^^^^^^^^
    |
    = note: `#[warn(unused_must_use)]` on by default
help: use `let _ = ...` to ignore the resulting value
    |
260 |     let _ = engine.eval_with_scope::<Dynamic>(&mut scope, "child.kill()").expect("kill after completion is idempotent");
    |     +++++++

warning: unused `Dynamic` that must be used
   --> tests/fixtures/sys_process_shared_child_contract.rs:261:5
    |
261 |     engine.eval_with_scope::<Dynamic>(&mut scope, "child.kill()").expect("repeated kill after completion is idempotent");
    |     ^^^^^^^^^^^^^^^^^^^^^^^^^^^^^^^^^^^^^^^^^^^^^^^^^^^^^^^^^^^^^^^^^^^^^^^^^^^^^^^^^^^^^^^^^^^^^^^^^^^^^^^^^^^^^^^^^^^^
    |
help: use `let _ = ...` to ignore the resulting value
    |
261 |     let _ = engine.eval_with_scope::<Dynamic>(&mut scope, "child.kill()").expect("repeated kill after completion is idempotent");
    |     +++++++

warning: unused import: `PathBuf`
 --> src/bin/rhai-run.rs:8:18
  |
8 |     path::{Path, PathBuf},
  |                  ^^^^^^^
  |
  = note: `#[warn(unused_imports)]` on by default

warning: `rhai` (test "sys_process") generated 4 warnings (run `cargo fix --test "sys_process"` to apply 1 suggestion)
warning: `rhai` (bin "rhai-run") generated 1 warning (run `cargo fix --bin "rhai-run"` to apply 1 suggestion)
    Finished test [unoptimized + debuginfo] target(s) in 0.08s
     Running tests/sys_process.rs (/Users/hoppworks/.local/share/agent-builds/rhai/ticket03-darwin-process-lifecycle-base-20261009T232015Z/agent-build-01qoq5_4/target/debug/deps/sys_process-a2e11f9faa2e3991)

running 1 test
test shared_child_contract::script_throw_drops_and_reaps_a_live_child ... shared-child controller_started scenario=script_throw_cleanup pid=36807 root=/Users/hoppworks/.local/share/agent-builds/rhai/ticket03-darwin-process-lifecycle-base-20261009T232015Z/agent-build-01qoq5_4/shared-child-fixture-36806-0
shared-child script-throw release fixture_pid=36808 state=ready challenge_response=verified pid_present=true
shared-child controller_reaped scenario=script_throw_cleanup pid=36807 status=exit status: 0
shared-child controller_output scenario=script_throw_cleanup stdout="\nrunning 1 test\n.\ntest result: ok. 1 passed; 0 failed; 0 ignored; 0 measured; 49 filtered out; finished in 0.02s\n\n" stderr="thread 'shared_child_contract::scenario_entry' panicked at tests/fixtures/sys_process_shared_child_contract.rs:352:5:\nunexpected evaluation error; expected \"__x29_wrong_expected_message_control__\": ErrorRuntime(\"intentional Rhai script throw with live child\", 7:9)\nnote: run with `RUST_BACKTRACE=1` environment variable to display a backtrace\nshared-child script-throw evaluation_error=observed pre_throw_try_wait=unit wrong_expectation_rejected=true child_drop=expected\n"
shared-child controller_esrch pid=36807 verified=true
shared-child outer-observation scenario=script_throw_cleanup controller_pid=36807 fixture_pid=36808 fixture_record="pid=36808 state=ready" reap=ESRCH verified=true
shared-child scenario=script_throw_cleanup controller_pid=36807 status=ok fixture_record=Some("pid=36808 state=ready\n")
shared-child watchdog fixture_closure=verified pid=36808 reap=ESRCH production_reap=true
ok

test result: ok. 1 passed; 0 failed; 0 ignored; 0 measured; 49 filtered out; finished in 0.04s

