 Downloading crates ...
  Downloaded byteorder v1.5.0
  Downloaded rmp v0.8.14
  Downloaded serde_core v1.0.229
  Downloaded paste v1.0.15
  Downloaded serde v1.0.229
  Downloaded rmp-serde v1.3.0
  Downloaded memchr v2.8.3
  Downloaded serde_json v1.0.145
   Compiling serde_core v1.0.229
   Compiling paste v1.0.15
   Compiling libc v0.2.189
   Compiling num-traits v0.2.19
   Compiling portable-atomic v1.15.0
   Compiling cfg-if v1.0.5
   Compiling serde v1.0.229
   Compiling getrandom v0.3.4
   Compiling once_cell v1.21.4
   Compiling const-random v0.1.18
   Compiling zerocopy v0.8.59
   Compiling static_assertions v1.1.0
   Compiling serde_json v1.0.145
   Compiling byteorder v1.5.0
   Compiling rmp v0.8.14
   Compiling smartstring v1.0.1
   Compiling bitflags v2.13.2
   Compiling smallvec v1.16.2
   Compiling memchr v2.8.3
   Compiling ryu v1.0.20
   Compiling itoa v1.0.15
   Compiling thin-vec v0.2.19
   Compiling ahash v0.8.12
   Compiling rmp-serde v1.3.0
   Compiling rhai v1.26.1 (/Users/hoppworks/.local/share/agent-builds/rhai/root-core-msrv-88a4ff064c114de4918207da21bd6638/agent-build-i07xusad/source)
warning: the item `TryFrom` is imported redundantly
   --> src/func/func_call.rs:291:21
    |
291 |                 use std::convert::TryFrom;
    |                     ^^^^^^^^^^^^^^^^^^^^^
    |
    = note: `#[warn(unused_imports)]` on by default

warning: associated function `get_script_fn_by_hash_mut` is never used
    --> src/module/mod.rs:1358:19
     |
1358 |     pub(crate) fn get_script_fn_by_hash_mut(
     |                   ^^^^^^^^^^^^^^^^^^^^^^^^^
     |
     = note: `#[warn(dead_code)]` on by default

warning: `rhai` (lib) generated 2 warnings
    Finished dev [unoptimized] target(s) in 12.80s
     Running `/Users/hoppworks/.local/share/agent-builds/rhai/root-core-msrv-88a4ff064c114de4918207da21bd6638/agent-build-i07xusad/target/aarch64-apple-darwin/debug/examples/core_current_msrv`
actual=42 expected=42 spawn_reserved=true
