warning: variable does not need to be mutable
  --> tests/net_writes.rs:11:24
   |
11 | fn read_bounded_to_end(mut stream: &TcpStream, max_bytes: usize) -> Vec<u8> {
   |                        ----^^^^^^
   |                        |
   |                        help: remove this `mut`
   |
   = note: `#[warn(unused_mut)]` (part of `#[warn(unused)]`) on by default

warning: variable does not need to be mutable
  --> tests/net_writes.rs:62:10
   |
62 |         |mut peer| read_bounded_to_end(&peer, 20 * 1024 * 1024),
   |          ----^^^^
   |          |
   |          help: remove this `mut`

warning: variable does not need to be mutable
  --> tests/net_writes.rs:83:10
   |
83 |         |mut peer| read_bounded_to_end(&peer, 20 * 1024 * 1024),
   |          ----^^^^
   |          |
   |          help: remove this `mut`

warning: variable does not need to be mutable
   --> tests/net_writes.rs:208:10
    |
208 |         |mut peer| read_bounded_to_end(&peer, 20 * 1024 * 1024),
    |          ----^^^^
    |          |
    |          help: remove this `mut`

warning: variable does not need to be mutable
   --> tests/net_writes.rs:266:10
    |
266 |         |mut peer| read_bounded_to_end(&peer, 20 * 1024 * 1024),
    |          ----^^^^
    |          |
    |          help: remove this `mut`

warning: variable does not need to be mutable
   --> tests/net_writes.rs:285:9
    |
285 |     let mut engine = engine(NetConfig::default().allow_listen("127.0.0.1:0".parse().unwrap()));
    |         ----^^^^^^
    |         |
    |         help: remove this `mut`

warning: variable does not need to be mutable
   --> tests/net_writes.rs:289:9
    |
289 |     let mut peer = TcpStream::connect(address.parse::<SocketAddr>().unwrap()).unwrap();
    |         ----^^^^
    |         |
    |         help: remove this `mut`

warning: variable does not need to be mutable
   --> tests/net_writes.rs:306:9
    |
306 |     let mut engine = engine(NetConfig::default().allow_listen("127.0.0.1:0".parse().unwrap()).max_write_bytes(2));
    |         ----^^^^^^
    |         |
    |         help: remove this `mut`

warning: unused return value of `rhai::Scope::<'_>::remove` that must be used
   --> tests/net_writes.rs:245:13
    |
245 |             scope.remove::<String>("payload");
    |             ^^^^^^^^^^^^^^^^^^^^^^^^^^^^^^^^^
    |
    = note: `#[warn(unused_must_use)]` (part of `#[warn(unused)]`) on by default
help: use `let _ = ...` to ignore the resulting value
    |
245 |             let _ = scope.remove::<String>("payload");
    |             +++++++

warning: unused import: `PathBuf`
 --> src/bin/rhai-run.rs:8:18
  |
8 |     path::{Path, PathBuf},
  |                  ^^^^^^^
  |
  = note: `#[warn(unused_imports)]` (part of `#[warn(unused)]`) on by default

warning: `rhai` (test "net_writes") generated 9 warnings (run `cargo fix --test "net_writes" -p rhai` to apply 8 suggestions)
warning: `rhai` (bin "rhai-run") generated 1 warning (run `cargo fix --bin "rhai-run" -p rhai` to apply 1 suggestion)
    Finished `test` profile [unoptimized] target(s) in 0.04s
     Running tests/net_writes.rs (/var/folders/yk/m4dzf0ss5x9f4j4z3xb2rrv40000gn/T/agent-build-cqnsd01l/target/debug/deps/net_writes-04b6f41549b5ee73)

running 1 test
test script_write_blob_preserves_exact_bytes ... ok

test result: ok. 1 passed; 0 failed; 0 ignored; 0 measured; 9 filtered out; finished in 0.00s

