    Updating git repository `https://github.com/schungx/rustyline`
    Updating crates.io index
    Updating git repository `https://gitlab.com/jD91mZM2/no-std-compat.git`
     Locking 130 packages to latest compatible versions
      Adding getrandom v0.3.4 (available: v0.4.3)
      Adding hashbrown v0.16.1 (available: v0.17.1)
      Adding syn v2.0.119 (available: v3.0.6)
 Downloading crates ...
  Downloaded cfg-if v1.0.5
  Downloaded itoa v1.0.18
  Downloaded const-random v0.1.18
  Downloaded const-random-macro v0.1.16
  Downloaded version_check v0.9.5
  Downloaded autocfg v1.5.1
  Downloaded zmij v1.0.23
  Downloaded quote v1.0.47
  Downloaded tiny-keccak v2.0.2
  Downloaded rmp-serde v1.3.1
  Downloaded smallvec v1.16.2
  Downloaded getrandom v0.3.4
  Downloaded unicode-ident v1.0.26
  Downloaded proc-macro2 v1.0.107
  Downloaded memchr v2.8.3
  Downloaded num-traits v0.2.19
  Downloaded bitflags v2.13.2
  Downloaded portable-atomic v1.15.0
  Downloaded serde_json v1.0.151
  Downloaded thin-vec v0.2.20
  Downloaded serde_core v1.0.229
  Downloaded syn v2.0.119
  Downloaded zerocopy v0.8.59
  Downloaded crunchy v0.2.4
  Downloaded once_cell v1.21.4
  Downloaded getrandom v0.2.17
  Downloaded rmp v0.8.15
  Downloaded ahash v0.8.12
  Downloaded static_assertions v1.1.0
  Downloaded smartstring v1.0.1
  Downloaded libc v0.2.189
  Downloaded serde v1.0.229
 Downloading crates ...
  Downloaded web-time v1.1.0
   Compiling autocfg v1.5.1
   Compiling libc v0.2.189
   Compiling version_check v0.9.5
   Compiling crunchy v0.2.4
   Compiling tiny-keccak v2.0.2
   Compiling cfg-if v1.0.5
   Compiling proc-macro2 v1.0.107
   Compiling num-traits v0.2.19
   Compiling quote v1.0.47
   Compiling portable-atomic v1.15.0
   Compiling unicode-ident v1.0.26
   Compiling getrandom v0.2.17
   Compiling zerocopy v0.8.59
   Compiling getrandom v0.3.4
   Compiling serde_core v1.0.229
   Compiling once_cell v1.21.4
   Compiling const-random-macro v0.1.16
   Compiling ahash v0.8.12
   Compiling smartstring v1.0.1
   Compiling syn v2.0.119
   Compiling const-random v0.1.18
   Compiling serde v1.0.229
   Compiling static_assertions v1.1.0
   Compiling zmij v1.0.23
   Compiling rhai v1.26.1 (/private/var/folders/yk/m4dzf0ss5x9f4j4z3xb2rrv40000gn/T/agent-build-q0cveot1/source)
   Compiling rhai_codegen v3.2.0 (/private/var/folders/yk/m4dzf0ss5x9f4j4z3xb2rrv40000gn/T/agent-build-q0cveot1/source/codegen)
   Compiling serde_json v1.0.151
   Compiling bitflags v2.13.2
   Compiling thin-vec v0.2.20
   Compiling smallvec v1.16.2
   Compiling rmp v0.8.15
   Compiling memchr v2.8.3
   Compiling itoa v1.0.18
   Compiling rmp-serde v1.3.1
warning: variable does not need to be mutable
  --> tests/net_writes.rs:11:24
   |
11 | fn read_bounded_to_end(mut stream: &TcpStream, max_bytes: usize) -> Vec<u8> {
   |                        ----^^^^^^
   |                        |
   |                        help: remove this `mut`
   |
   = note: `#[warn(unused_mut)]` (part of `#[warn(unused)]`) on by default

warning: variable does not need to be mutable
  --> tests/net_writes.rs:62:10
   |
62 |         |mut peer| read_bounded_to_end(&peer, 20 * 1024 * 1024),
   |          ----^^^^
   |          |
   |          help: remove this `mut`

warning: variable does not need to be mutable
  --> tests/net_writes.rs:83:10
   |
83 |         |mut peer| read_bounded_to_end(&peer, 20 * 1024 * 1024),
   |          ----^^^^
   |          |
   |          help: remove this `mut`

warning: variable does not need to be mutable
   --> tests/net_writes.rs:208:10
    |
208 |         |mut peer| read_bounded_to_end(&peer, 20 * 1024 * 1024),
    |          ----^^^^
    |          |
    |          help: remove this `mut`

warning: variable does not need to be mutable
   --> tests/net_writes.rs:266:10
    |
266 |         |mut peer| read_bounded_to_end(&peer, 20 * 1024 * 1024),
    |          ----^^^^
    |          |
    |          help: remove this `mut`

warning: variable does not need to be mutable
   --> tests/net_writes.rs:285:9
    |
285 |     let mut engine = engine(NetConfig::default().allow_listen("127.0.0.1:0".parse().unwrap()));
    |         ----^^^^^^
    |         |
    |         help: remove this `mut`

warning: variable does not need to be mutable
   --> tests/net_writes.rs:289:9
    |
289 |     let mut peer = TcpStream::connect(address.parse::<SocketAddr>().unwrap()).unwrap();
    |         ----^^^^
    |         |
    |         help: remove this `mut`

warning: variable does not need to be mutable
   --> tests/net_writes.rs:306:9
    |
306 |     let mut engine = engine(NetConfig::default().allow_listen("127.0.0.1:0".parse().unwrap()).max_write_bytes(2));
    |         ----^^^^^^
    |         |
    |         help: remove this `mut`

warning: unused return value of `rhai::Scope::<'_>::remove` that must be used
   --> tests/net_writes.rs:245:13
    |
245 |             scope.remove::<String>("payload");
    |             ^^^^^^^^^^^^^^^^^^^^^^^^^^^^^^^^^
    |
    = note: `#[warn(unused_must_use)]` (part of `#[warn(unused)]`) on by default
help: use `let _ = ...` to ignore the resulting value
    |
245 |             let _ = scope.remove::<String>("payload");
    |             +++++++

warning: `rhai` (test "net_writes") generated 9 warnings (run `cargo fix --test "net_writes" -p rhai` to apply 8 suggestions)
warning: unused import: `PathBuf`
 --> src/bin/rhai-run.rs:8:18
  |
8 |     path::{Path, PathBuf},
  |                  ^^^^^^^
  |
  = note: `#[warn(unused_imports)]` (part of `#[warn(unused)]`) on by default

warning: `rhai` (bin "rhai-run") generated 1 warning (run `cargo fix --bin "rhai-run" -p rhai` to apply 1 suggestion)
    Finished `test` profile [unoptimized] target(s) in 14.03s
  Executable tests/net_connect.rs (/var/folders/yk/m4dzf0ss5x9f4j4z3xb2rrv40000gn/T/agent-build-q0cveot1/target/debug/deps/net_connect-a088f04576065e3d)
  Executable tests/net_listen.rs (/var/folders/yk/m4dzf0ss5x9f4j4z3xb2rrv40000gn/T/agent-build-q0cveot1/target/debug/deps/net_listen-f1224dea0f7030be)
  Executable tests/net_reads.rs (/var/folders/yk/m4dzf0ss5x9f4j4z3xb2rrv40000gn/T/agent-build-q0cveot1/target/debug/deps/net_reads-9d1bba960c4b030c)
  Executable tests/net_writes.rs (/var/folders/yk/m4dzf0ss5x9f4j4z3xb2rrv40000gn/T/agent-build-q0cveot1/target/debug/deps/net_writes-844295f470a6a550)
   Compiling rhai v1.26.1 (/private/var/folders/yk/m4dzf0ss5x9f4j4z3xb2rrv40000gn/T/agent-build-q0cveot1/source)
warning: unused import: `PathBuf`
 --> src/bin/rhai-run.rs:8:18
  |
8 |     path::{Path, PathBuf},
  |                  ^^^^^^^
  |
  = note: `#[warn(unused_imports)]` (part of `#[warn(unused)]`) on by default

warning: `rhai` (bin "rhai-run") generated 1 warning (run `cargo fix --bin "rhai-run" -p rhai` to apply 1 suggestion)
    Finished `test` profile [unoptimized] target(s) in 0.29s
     Running tests/net_no_object.rs (/var/folders/yk/m4dzf0ss5x9f4j4z3xb2rrv40000gn/T/agent-build-q0cveot1/target/debug/deps/net_no_object-bdb0f3b166930f56)

running 2 tests
test registered_stream_functions_work_without_dot_syntax ... ok
test registered_listener_functions_work_with_explicit_handle_arguments ... ok

test result: ok. 2 passed; 0 failed; 0 ignored; 0 measured; 0 filtered out; finished in 0.01s

