    Updating git repository `https://github.com/schungx/rustyline`
    Updating crates.io index
    Updating git repository `https://gitlab.com/jD91mZM2/no-std-compat.git`
     Locking 130 packages to latest compatible versions
      Adding getrandom v0.3.4 (available: v0.4.3)
      Adding hashbrown v0.16.1 (available: v0.17.1)
      Adding syn v2.0.119 (available: v3.0.6)
 Downloading crates ...
  Downloaded rmp-serde v1.3.1
  Downloaded serde_core v1.0.229
  Downloaded const-random v0.1.18
  Downloaded const-random-macro v0.1.16
  Downloaded version_check v0.9.5
  Downloaded cfg-if v1.0.5
  Downloaded itoa v1.0.18
  Downloaded crunchy v0.2.4
  Downloaded static_assertions v1.1.0
  Downloaded smartstring v1.0.1
  Downloaded num-traits v0.2.19
  Downloaded zmij v1.0.23
  Downloaded thin-vec v0.2.20
  Downloaded rmp v0.8.15
  Downloaded proc-macro2 v1.0.107
  Downloaded bitflags v2.13.2
  Downloaded serde v1.0.229
  Downloaded memchr v2.8.3
  Downloaded getrandom v0.3.4
  Downloaded serde_json v1.0.151
  Downloaded getrandom v0.2.17
  Downloaded portable-atomic v1.15.0
  Downloaded ahash v0.8.12
  Downloaded smallvec v1.16.2
  Downloaded once_cell v1.21.4
  Downloaded unicode-ident v1.0.26
  Downloaded zerocopy v0.8.59
  Downloaded syn v2.0.119
  Downloaded tiny-keccak v2.0.2
  Downloaded quote v1.0.47
  Downloaded autocfg v1.5.1
  Downloaded libc v0.2.189
 Downloading crates ...
  Downloaded web-time v1.1.0
   Compiling autocfg v1.5.1
   Compiling libc v0.2.189
   Compiling version_check v0.9.5
   Compiling crunchy v0.2.4
   Compiling tiny-keccak v2.0.2
   Compiling proc-macro2 v1.0.107
   Compiling cfg-if v1.0.5
   Compiling num-traits v0.2.19
   Compiling unicode-ident v1.0.26
   Compiling portable-atomic v1.15.0
   Compiling quote v1.0.47
   Compiling getrandom v0.2.17
   Compiling zerocopy v0.8.59
   Compiling serde_core v1.0.229
   Compiling getrandom v0.3.4
   Compiling once_cell v1.21.4
   Compiling const-random-macro v0.1.16
   Compiling smartstring v1.0.1
   Compiling ahash v0.8.12
   Compiling syn v2.0.119
   Compiling const-random v0.1.18
   Compiling serde v1.0.229
   Compiling static_assertions v1.1.0
   Compiling rhai v1.26.1 (/private/var/folders/yk/m4dzf0ss5x9f4j4z3xb2rrv40000gn/T/agent-build-azlu86_z/source)
   Compiling zmij v1.0.23
   Compiling rhai_codegen v3.2.0 (/private/var/folders/yk/m4dzf0ss5x9f4j4z3xb2rrv40000gn/T/agent-build-azlu86_z/source/codegen)
   Compiling smallvec v1.16.2
   Compiling serde_json v1.0.151
   Compiling bitflags v2.13.2
   Compiling thin-vec v0.2.20
   Compiling rmp v0.8.15
   Compiling itoa v1.0.18
   Compiling memchr v2.8.3
   Compiling rmp-serde v1.3.1
error: 2 positional arguments in format string, but there is 1 argument
  --> tests/net_no_object.rs:60:50
   |
60 |             r#"let stream = connect("127.0.0.1", {});
   |                                                  ^^
...
63 |                if address != "127.0.0.1:{}" {{ throw "peer_addr returned another endpoint"; }}
   |                                         ^^
...
70 |             endpoint.port()
   |             ---------------

warning: unused import: `PathBuf`
 --> src/bin/rhai-run.rs:8:18
  |
8 |     path::{Path, PathBuf},
  |                  ^^^^^^^
  |
  = note: `#[warn(unused_imports)]` (part of `#[warn(unused)]`) on by default

error: 2 positional arguments in format string, but there is 1 argument
   --> tests/net_no_object.rs:106:51
    |
106 |             r#"let listener = listen("127.0.0.1", {});
    |                                                   ^^
107 |                let address = local_addr(listener);
108 |                if address != "127.0.0.1:{}" {{ throw "local_addr returned another endpoint"; }}
    |                                         ^^
...
117 |             endpoint.port()
    |             ---------------

error: could not compile `rhai` (test "net_no_object") due to 2 previous errors
warning: build failed, waiting for other jobs to finish...
warning: `rhai` (bin "rhai-run") generated 1 warning (run `cargo fix --bin "rhai-run" -p rhai` to apply 1 suggestion)
