    Updating git repository `https://github.com/schungx/rustyline`
    Updating crates.io index
    Updating git repository `https://gitlab.com/jD91mZM2/no-std-compat.git`
     Locking 130 packages to latest compatible versions
      Adding getrandom v0.3.4 (available: v0.4.3)
      Adding hashbrown v0.16.1 (available: v0.17.1)
      Adding syn v2.0.119 (available: v3.0.6)
 Downloading crates ...
  Downloaded quote v1.0.47
  Downloaded smallvec v1.16.2
  Downloaded unicode-ident v1.0.26
  Downloaded tiny-keccak v2.0.2
  Downloaded const-random v0.1.18
  Downloaded rmp v0.8.15
  Downloaded once_cell v1.21.4
  Downloaded smartstring v1.0.1
  Downloaded cfg-if v1.0.5
  Downloaded itoa v1.0.18
  Downloaded crunchy v0.2.4
  Downloaded getrandom v0.2.17
  Downloaded zmij v1.0.23
  Downloaded autocfg v1.5.1
  Downloaded static_assertions v1.1.0
  Downloaded version_check v0.9.5
  Downloaded thin-vec v0.2.20
  Downloaded proc-macro2 v1.0.107
  Downloaded serde_core v1.0.229
  Downloaded num-traits v0.2.19
  Downloaded serde v1.0.229
  Downloaded memchr v2.8.3
  Downloaded getrandom v0.3.4
  Downloaded bitflags v2.13.2
  Downloaded serde_json v1.0.151
  Downloaded portable-atomic v1.15.0
  Downloaded rmp-serde v1.3.1
  Downloaded const-random-macro v0.1.16
  Downloaded ahash v0.8.12
  Downloaded zerocopy v0.8.59
  Downloaded syn v2.0.119
  Downloaded libc v0.2.189
 Downloading crates ...
  Downloaded web-time v1.1.0
   Compiling autocfg v1.5.1
   Compiling libc v0.2.189
   Compiling crunchy v0.2.4
   Compiling version_check v0.9.5
   Compiling tiny-keccak v2.0.2
   Compiling proc-macro2 v1.0.107
   Compiling cfg-if v1.0.5
   Compiling num-traits v0.2.19
   Compiling portable-atomic v1.15.0
   Compiling quote v1.0.47
   Compiling unicode-ident v1.0.26
   Compiling getrandom v0.2.17
   Compiling once_cell v1.21.4
   Compiling serde_core v1.0.229
   Compiling zerocopy v0.8.59
   Compiling getrandom v0.3.4
   Compiling const-random-macro v0.1.16
   Compiling ahash v0.8.12
   Compiling smartstring v1.0.1
   Compiling syn v2.0.119
   Compiling const-random v0.1.18
   Compiling serde v1.0.229
   Compiling rhai v1.26.1 (/private/var/folders/yk/m4dzf0ss5x9f4j4z3xb2rrv40000gn/T/agent-build-pgh8h6wn/source)
   Compiling static_assertions v1.1.0
   Compiling zmij v1.0.23
   Compiling rhai_codegen v3.2.0 (/private/var/folders/yk/m4dzf0ss5x9f4j4z3xb2rrv40000gn/T/agent-build-pgh8h6wn/source/codegen)
   Compiling smallvec v1.16.2
   Compiling thin-vec v0.2.20
   Compiling bitflags v2.13.2
   Compiling serde_json v1.0.151
   Compiling rmp v0.8.15
   Compiling memchr v2.8.3
   Compiling itoa v1.0.18
   Compiling rmp-serde v1.3.1
warning: unused import: `PathBuf`
 --> src/bin/rhai-run.rs:8:18
  |
8 |     path::{Path, PathBuf},
  |                  ^^^^^^^
  |
  = note: `#[warn(unused_imports)]` (part of `#[warn(unused)]`) on by default

warning: `rhai` (bin "rhai-run") generated 1 warning (run `cargo fix --bin "rhai-run" -p rhai` to apply 1 suggestion)
    Finished `test` profile [unoptimized] target(s) in 14.65s
     Running tests/net_connect.rs (/var/folders/yk/m4dzf0ss5x9f4j4z3xb2rrv40000gn/T/agent-build-pgh8h6wn/target/debug/deps/net_connect-a088f04576065e3d)

running 0 tests

test result: ok. 0 passed; 0 failed; 0 ignored; 0 measured; 0 filtered out; finished in 0.00s

     Running tests/net_listen.rs (/var/folders/yk/m4dzf0ss5x9f4j4z3xb2rrv40000gn/T/agent-build-pgh8h6wn/target/debug/deps/net_listen-f1224dea0f7030be)

running 0 tests

test result: ok. 0 passed; 0 failed; 0 ignored; 0 measured; 0 filtered out; finished in 0.00s

     Running tests/net_no_object.rs (/var/folders/yk/m4dzf0ss5x9f4j4z3xb2rrv40000gn/T/agent-build-pgh8h6wn/target/debug/deps/net_no_object-bdb0f3b166930f56)

running 3 tests
test registered_error_getters_are_callable_with_explicit_arguments ... ok
test registered_listener_functions_work_with_explicit_handle_arguments ... ok
test registered_stream_functions_work_without_dot_syntax ... ok

test result: ok. 3 passed; 0 failed; 0 ignored; 0 measured; 0 filtered out; finished in 0.02s

     Running tests/net_reads.rs (/var/folders/yk/m4dzf0ss5x9f4j4z3xb2rrv40000gn/T/agent-build-pgh8h6wn/target/debug/deps/net_reads-9d1bba960c4b030c)

running 0 tests

test result: ok. 0 passed; 0 failed; 0 ignored; 0 measured; 0 filtered out; finished in 0.00s

     Running tests/net_writes.rs (/var/folders/yk/m4dzf0ss5x9f4j4z3xb2rrv40000gn/T/agent-build-pgh8h6wn/target/debug/deps/net_writes-844295f470a6a550)

running 0 tests

test result: ok. 0 passed; 0 failed; 0 ignored; 0 measured; 0 filtered out; finished in 0.00s

warning: unused import: `PathBuf`
 --> src/bin/rhai-run.rs:8:18
  |
8 |     path::{Path, PathBuf},
  |                  ^^^^^^^
  |
  = note: `#[warn(unused_imports)]` (part of `#[warn(unused)]`) on by default

warning: `rhai` (bin "rhai-run") generated 1 warning (run `cargo fix --bin "rhai-run" -p rhai` to apply 1 suggestion)
    Finished `test` profile [unoptimized] target(s) in 0.06s
     Running tests/net_no_object.rs (/var/folders/yk/m4dzf0ss5x9f4j4z3xb2rrv40000gn/T/agent-build-pgh8h6wn/target/debug/deps/net_no_object-bdb0f3b166930f56)

running 1 test

thread 'registered_stream_functions_work_without_dot_syntax' (51977674) panicked at tests/net_no_object.rs:78:9:
assertion `left == right` failed: deliberately wrong independent peer expectation
  left: [112, 105, 110, 103]
 right: [112, 97, 110, 103]
note: run with `RUST_BACKTRACE=1` environment variable to display a backtrace
test registered_stream_functions_work_without_dot_syntax ... FAILED

failures:

failures:
    registered_stream_functions_work_without_dot_syntax

test result: FAILED. 0 passed; 1 failed; 0 ignored; 0 measured; 2 filtered out; finished in 0.00s

error: test failed, to rerun pass `--test net_no_object`
