warning: unused import: `PathBuf`
 --> src/bin/rhai-run.rs:8:18
  |
8 |     path::{Path, PathBuf},
  |                  ^^^^^^^
  |
  = note: `#[warn(unused_imports)]` (part of `#[warn(unused)]`) on by default

warning: `rhai` (bin "rhai-run") generated 1 warning (run `cargo fix --bin "rhai-run" -p rhai` to apply 1 suggestion)
    Finished `test` profile [unoptimized] target(s) in 0.03s
     Running tests/net_no_object.rs (/var/folders/yk/m4dzf0ss5x9f4j4z3xb2rrv40000gn/T/agent-build-cqnsd01l/target/debug/deps/net_no_object-bdb0f3b166930f56)

running 1 test

thread 'registered_stream_functions_work_without_dot_syntax' (51957959) panicked at tests/net_no_object.rs:78:9:
assertion `left == right` failed: deliberately wrong independent peer expectation
  left: [112, 105, 110, 103]
 right: [112, 97, 110, 103]
note: run with `RUST_BACKTRACE=1` environment variable to display a backtrace
test registered_stream_functions_work_without_dot_syntax ... FAILED

failures:

failures:
    registered_stream_functions_work_without_dot_syntax

test result: FAILED. 0 passed; 1 failed; 0 ignored; 0 measured; 2 filtered out; finished in 0.00s

error: test failed, to rerun pass `--test net_no_object`
