=== no-object features=net,no_object ===
    Updating git repository `https://github.com/schungx/rustyline`
    Updating crates.io index
    Updating git repository `https://gitlab.com/jD91mZM2/no-std-compat.git`
     Locking 130 packages to latest compatible versions
      Adding getrandom v0.3.4 (available: v0.4.3)
      Adding hashbrown v0.16.1 (available: v0.17.1)
      Adding syn v2.0.119 (available: v3.0.6)
 Downloading crates ...
  Downloaded const-random-macro v0.1.16
  Downloaded bitflags v2.13.2
  Downloaded version_check v0.9.5
  Downloaded cfg-if v1.0.5
  Downloaded const-random v0.1.18
  Downloaded itoa v1.0.18
  Downloaded static_assertions v1.1.0
  Downloaded crunchy v0.2.4
  Downloaded autocfg v1.5.1
  Downloaded zmij v1.0.23
  Downloaded smartstring v1.0.1
  Downloaded tiny-keccak v2.0.2
  Downloaded quote v1.0.47
  Downloaded thin-vec v0.2.20
  Downloaded rmp-serde v1.3.1
  Downloaded serde_core v1.0.229
  Downloaded proc-macro2 v1.0.107
  Downloaded unicode-ident v1.0.26
  Downloaded serde v1.0.229
  Downloaded memchr v2.8.3
  Downloaded num-traits v0.2.19
  Downloaded once_cell v1.21.4
  Downloaded serde_json v1.0.151
  Downloaded getrandom v0.3.4
  Downloaded portable-atomic v1.15.0
  Downloaded getrandom v0.2.17
  Downloaded smallvec v1.16.2
  Downloaded rmp v0.8.15
  Downloaded ahash v0.8.12
  Downloaded zerocopy v0.8.59
  Downloaded syn v2.0.119
  Downloaded libc v0.2.189
 Downloading crates ...
  Downloaded web-time v1.1.0
   Compiling autocfg v1.5.1
   Compiling libc v0.2.189
   Compiling crunchy v0.2.4
   Compiling version_check v0.9.5
   Compiling cfg-if v1.0.5
   Compiling proc-macro2 v1.0.107
   Compiling tiny-keccak v2.0.2
   Compiling num-traits v0.2.19
   Compiling portable-atomic v1.15.0
   Compiling quote v1.0.47
   Compiling unicode-ident v1.0.26
   Compiling getrandom v0.2.17
   Compiling getrandom v0.3.4
   Compiling once_cell v1.21.4
   Compiling serde_core v1.0.229
   Compiling zerocopy v0.8.59
   Compiling const-random-macro v0.1.16
   Compiling ahash v0.8.12
   Compiling smartstring v1.0.1
   Compiling syn v2.0.119
   Compiling const-random v0.1.18
   Compiling serde v1.0.229
   Compiling static_assertions v1.1.0
   Compiling rhai v1.26.1 (/private/var/folders/yk/m4dzf0ss5x9f4j4z3xb2rrv40000gn/T/agent-build-gyt38t_s/source)
   Compiling zmij v1.0.23
   Compiling rhai_codegen v3.2.0 (/private/var/folders/yk/m4dzf0ss5x9f4j4z3xb2rrv40000gn/T/agent-build-gyt38t_s/source/codegen)
   Compiling bitflags v2.13.2
   Compiling thin-vec v0.2.20
   Compiling serde_json v1.0.151
   Compiling smallvec v1.16.2
   Compiling rmp v0.8.15
   Compiling memchr v2.8.3
   Compiling itoa v1.0.18
   Compiling rmp-serde v1.3.1
warning: variable does not need to be mutable
  --> tests/net_writes.rs:11:24
   |
11 | fn read_bounded_to_end(mut stream: &TcpStream, max_bytes: usize) -> Vec<u8> {
   |                        ----^^^^^^
   |                        |
   |                        help: remove this `mut`
   |
   = note: `#[warn(unused_mut)]` (part of `#[warn(unused)]`) on by default

warning: variable does not need to be mutable
  --> tests/net_writes.rs:62:10
   |
62 |         |mut peer| read_bounded_to_end(&peer, 20 * 1024 * 1024),
   |          ----^^^^
   |          |
   |          help: remove this `mut`

warning: variable does not need to be mutable
  --> tests/net_writes.rs:83:10
   |
83 |         |mut peer| read_bounded_to_end(&peer, 20 * 1024 * 1024),
   |          ----^^^^
   |          |
   |          help: remove this `mut`

warning: variable does not need to be mutable
   --> tests/net_writes.rs:208:10
    |
208 |         |mut peer| read_bounded_to_end(&peer, 20 * 1024 * 1024),
    |          ----^^^^
    |          |
    |          help: remove this `mut`

warning: variable does not need to be mutable
   --> tests/net_writes.rs:266:10
    |
266 |         |mut peer| read_bounded_to_end(&peer, 20 * 1024 * 1024),
    |          ----^^^^
    |          |
    |          help: remove this `mut`

warning: variable does not need to be mutable
   --> tests/net_writes.rs:285:9
    |
285 |     let mut engine = engine(NetConfig::default().allow_listen("127.0.0.1:0".parse().unwrap()));
    |         ----^^^^^^
    |         |
    |         help: remove this `mut`

warning: variable does not need to be mutable
   --> tests/net_writes.rs:289:9
    |
289 |     let mut peer = TcpStream::connect(address.parse::<SocketAddr>().unwrap()).unwrap();
    |         ----^^^^
    |         |
    |         help: remove this `mut`

warning: variable does not need to be mutable
   --> tests/net_writes.rs:306:9
    |
306 |     let mut engine = engine(NetConfig::default().allow_listen("127.0.0.1:0".parse().unwrap()).max_write_bytes(2));
    |         ----^^^^^^
    |         |
    |         help: remove this `mut`

warning: unused return value of `rhai::Scope::<'_>::remove` that must be used
   --> tests/net_writes.rs:245:13
    |
245 |             scope.remove::<String>("payload");
    |             ^^^^^^^^^^^^^^^^^^^^^^^^^^^^^^^^^
    |
    = note: `#[warn(unused_must_use)]` (part of `#[warn(unused)]`) on by default
help: use `let _ = ...` to ignore the resulting value
    |
245 |             let _ = scope.remove::<String>("payload");
    |             +++++++

warning: unused import: `PathBuf`
 --> src/bin/rhai-run.rs:8:18
  |
8 |     path::{Path, PathBuf},
  |                  ^^^^^^^
  |
  = note: `#[warn(unused_imports)]` (part of `#[warn(unused)]`) on by default

warning: `rhai` (test "net_writes") generated 9 warnings (run `cargo fix --test "net_writes" -p rhai` to apply 8 suggestions)
warning: `rhai` (bin "rhai-run") generated 1 warning (run `cargo fix --bin "rhai-run" -p rhai` to apply 1 suggestion)
    Finished `test` profile [unoptimized] target(s) in 17.98s
     Running tests/net_connect.rs (/var/folders/yk/m4dzf0ss5x9f4j4z3xb2rrv40000gn/T/agent-build-gyt38t_s/target/debug/deps/net_connect-a088f04576065e3d)

running 4 tests
test net_config_rejects_zero_deadline_and_invalid_handle_limits ... ok
test authorized_connect_is_observed_and_clone_close_is_shared ... FAILED
test denied_and_invalid_endpoints_do_not_reach_peer_and_errors_are_catchable ... FAILED
test open_handle_limit_is_shared_across_package_engines_and_released_on_close ... FAILED

failures:

---- authorized_connect_is_observed_and_clone_close_is_shared stdout ----

thread 'authorized_connect_is_observed_and_clone_close_is_shared' (51908182) panicked at tests/net_connect.rs:42:25:
authorized script connect and idempotent clone close: ErrorParsing(MissingToken(";", "to terminate this statement"), 1:67)
note: run with `RUST_BACKTRACE=1` environment variable to display a backtrace

---- denied_and_invalid_endpoints_do_not_reach_peer_and_errors_are_catchable stdout ----

thread 'denied_and_invalid_endpoints_do_not_reach_peer_and_errors_are_catchable' (51908183) panicked at tests/net_connect.rs:65:10:
called `Result::unwrap()` on an `Err` value: ErrorParsing(MissingToken(";", "to terminate this statement"), 1:84)

---- open_handle_limit_is_shared_across_package_engines_and_released_on_close stdout ----

thread 'open_handle_limit_is_shared_across_package_engines_and_released_on_close' (51908185) panicked at tests/net_connect.rs:132:10:
called `Result::unwrap()` on an `Err` value: ErrorParsing(MissingToken(";", "to terminate this statement"), 1:84)


failures:
    authorized_connect_is_observed_and_clone_close_is_shared
    denied_and_invalid_endpoints_do_not_reach_peer_and_errors_are_catchable
    open_handle_limit_is_shared_across_package_engines_and_released_on_close

test result: FAILED. 1 passed; 3 failed; 0 ignored; 0 measured; 0 filtered out; finished in 0.00s

error: test failed, to rerun pass `--test net_connect`
