launch_utc=2026-10-02T12:21:28Z
runner_timeout_seconds=600
stage=/root/rhai-linux-current-sys-net-behavior-a2d7a8c2-20261002-policy1
scope=/root/.local/share/agent-builds/rhai/linux-current-sys-net-behavior-a2d7a8c2-20261002-policy1
source.tar: OK
Cargo.lock.accepted: OK
run-sys-net-behavior.py: OK
contract.md: OK
launch.sh: OK
stage.sh: OK
runner/tools/run_scoped.py: OK
runner/tools/agentskills/__init__.py: OK
runner/tools/agentskills/pyguard.py: OK
PRIVATE_RUNTIME /root/.local/share/agent-builds/rhai/linux-current-sys-net-behavior-a2d7a8c2-20261002-policy1/agent-build-b_e0ropn
HELPER_IDENTITY 1811809 8028928
sample={"descendants": 1, "monotonic_seconds": 0.268, "rss_kib": 30752, "storage_kib": 45896}
command=rustup-version argv=['/root/.cargo/bin/rustup', '--version']
sample={"descendants": 2, "monotonic_seconds": 0.283, "rss_kib": 30720, "storage_kib": 45896}
sample={"descendants": 1, "monotonic_seconds": 0.398, "rss_kib": 30708, "storage_kib": 45904}
status=rustup-version:0
command=rustup-install argv=['/root/.cargo/bin/rustup', 'toolchain', 'install', '1.77.2', '--profile', 'minimal', '--no-self-update']
sample={"descendants": 2, "monotonic_seconds": 0.413, "rss_kib": 46704, "storage_kib": 45912}
sample={"descendants": 2, "monotonic_seconds": 1.429, "rss_kib": 95500, "storage_kib": 61420}
sample={"descendants": 2, "monotonic_seconds": 2.444, "rss_kib": 56776, "storage_kib": 115616}
sample={"descendants": 2, "monotonic_seconds": 3.456, "rss_kib": 56900, "storage_kib": 138376}
sample={"descendants": 2, "monotonic_seconds": 4.469, "rss_kib": 56860, "storage_kib": 161140}
sample={"descendants": 2, "monotonic_seconds": 5.484, "rss_kib": 218324, "storage_kib": 272712}
sample={"descendants": 2, "monotonic_seconds": 6.498, "rss_kib": 285676, "storage_kib": 380192}
sample={"descendants": 2, "monotonic_seconds": 7.514, "rss_kib": 433052, "storage_kib": 522360}
sample={"descendants": 1, "monotonic_seconds": 8.128, "rss_kib": 30772, "storage_kib": 505600}
status=rustup-install:0
command=rustc-version argv=['/root/.local/share/agent-builds/rhai/linux-current-sys-net-behavior-a2d7a8c2-20261002-policy1/agent-build-b_e0ropn/rustup-home/toolchains/1.77.2-x86_64-unknown-linux-gnu/bin/rustc', '--version', '--verbose']
sample={"descendants": 2, "monotonic_seconds": 8.14, "rss_kib": 30780, "storage_kib": 505604}
sample={"descendants": 1, "monotonic_seconds": 8.254, "rss_kib": 30768, "storage_kib": 505608}
status=rustc-version:0
command=cargo-version argv=['/root/.local/share/agent-builds/rhai/linux-current-sys-net-behavior-a2d7a8c2-20261002-policy1/agent-build-b_e0ropn/rustup-home/toolchains/1.77.2-x86_64-unknown-linux-gnu/bin/cargo', '--version', '--verbose']
sample={"descendants": 2, "monotonic_seconds": 8.267, "rss_kib": 30780, "storage_kib": 505612}
sample={"descendants": 1, "monotonic_seconds": 8.381, "rss_kib": 30780, "storage_kib": 505616}
status=cargo-version:0
command=control-sys-filesystem-wrong-readback argv=['/root/.local/share/agent-builds/rhai/linux-current-sys-net-behavior-a2d7a8c2-20261002-policy1/agent-build-b_e0ropn/rustup-home/toolchains/1.77.2-x86_64-unknown-linux-gnu/bin/cargo', 'test', '--locked', '--features', 'testing-environ,sys,net', '--test', 'sys_fs', 'test_file_handle_reads_obey_host_cap_and_reject_negative_lengths_without_moving', '--', '--exact', '--nocapture', '--test-threads=1']
sample={"descendants": 2, "monotonic_seconds": 8.42, "rss_kib": 51856, "storage_kib": 505624}
sample={"descendants": 2, "monotonic_seconds": 9.437, "rss_kib": 73188, "storage_kib": 508900}
sample={"descendants": 2, "monotonic_seconds": 10.457, "rss_kib": 73816, "storage_kib": 509120}
sample={"descendants": 2, "monotonic_seconds": 11.475, "rss_kib": 106700, "storage_kib": 525248}
sample={"descendants": 4, "monotonic_seconds": 12.499, "rss_kib": 455696, "storage_kib": 579436}
sample={"descendants": 4, "monotonic_seconds": 13.524, "rss_kib": 390824, "storage_kib": 609804}
sample={"descendants": 4, "monotonic_seconds": 14.547, "rss_kib": 470692, "storage_kib": 632384}
sample={"descendants": 4, "monotonic_seconds": 15.571, "rss_kib": 660604, "storage_kib": 647944}
sample={"descendants": 7, "monotonic_seconds": 16.594, "rss_kib": 709460, "storage_kib": 659136}
sample={"descendants": 4, "monotonic_seconds": 17.617, "rss_kib": 509852, "storage_kib": 697336}
sample={"descendants": 3, "monotonic_seconds": 18.639, "rss_kib": 560400, "storage_kib": 702024}
sample={"descendants": 3, "monotonic_seconds": 19.661, "rss_kib": 698908, "storage_kib": 702036}
sample={"descendants": 3, "monotonic_seconds": 20.685, "rss_kib": 917072, "storage_kib": 715336}
sample={"descendants": 3, "monotonic_seconds": 21.708, "rss_kib": 908956, "storage_kib": 730344}
sample={"descendants": 1, "monotonic_seconds": 22.732, "rss_kib": 30280, "storage_kib": 770784}
status=control-sys-filesystem-wrong-readback:101
command=control-tcp-wrong-peer-readback argv=['/root/.local/share/agent-builds/rhai/linux-current-sys-net-behavior-a2d7a8c2-20261002-policy1/agent-build-b_e0ropn/rustup-home/toolchains/1.77.2-x86_64-unknown-linux-gnu/bin/cargo', 'test', '--locked', '--features', 'testing-environ,sys,net', '--test', 'net_reads', 'stream_read_string_returns_exact_lossy_text_from_peer_bytes', '--', '--exact', '--nocapture', '--test-threads=1']
sample={"descendants": 2, "monotonic_seconds": 22.757, "rss_kib": 66160, "storage_kib": 770792}
sample={"descendants": 1, "monotonic_seconds": 23.179, "rss_kib": 30240, "storage_kib": 781880}
status=control-tcp-wrong-peer-readback:101
command=control-tcp-wrong-peer-writeback argv=['/root/.local/share/agent-builds/rhai/linux-current-sys-net-behavior-a2d7a8c2-20261002-policy1/agent-build-b_e0ropn/rustup-home/toolchains/1.77.2-x86_64-unknown-linux-gnu/bin/cargo', 'test', '--locked', '--features', 'testing-environ,sys,net', '--test', 'net_writes', 'script_write_blob_preserves_exact_bytes', '--', '--exact', '--nocapture', '--test-threads=1']
sample={"descendants": 2, "monotonic_seconds": 23.206, "rss_kib": 66016, "storage_kib": 781888}
sample={"descendants": 1, "monotonic_seconds": 23.728, "rss_kib": 30384, "storage_kib": 793156}
status=control-tcp-wrong-peer-writeback:101
command=control-combined-wrong-host-readback argv=['/root/.local/share/agent-builds/rhai/linux-current-sys-net-behavior-a2d7a8c2-20261002-policy1/agent-build-b_e0ropn/rustup-home/toolchains/1.77.2-x86_64-unknown-linux-gnu/bin/cargo', 'test', '--locked', '--features', 'testing-environ,sys,net', '--test', 'combined_sys_net', 'sys_and_net_packages_coexist_in_one_engine_with_os_readback_and_typed_errors', '--', '--exact', '--nocapture', '--test-threads=1']
sample={"descendants": 2, "monotonic_seconds": 23.754, "rss_kib": 65480, "storage_kib": 793160}
sample={"descendants": 1, "monotonic_seconds": 24.176, "rss_kib": 30180, "storage_kib": 805668}
status=control-combined-wrong-host-readback:101
command=control-net-no-object-wrong-peer argv=['/root/.local/share/agent-builds/rhai/linux-current-sys-net-behavior-a2d7a8c2-20261002-policy1/agent-build-b_e0ropn/rustup-home/toolchains/1.77.2-x86_64-unknown-linux-gnu/bin/cargo', 'test', '--locked', '--features', 'testing-environ,net,no_object', '--test', 'net_no_object', 'registered_stream_functions_work_without_dot_syntax', '--', '--exact', '--nocapture', '--test-threads=1']
sample={"descendants": 2, "monotonic_seconds": 24.201, "rss_kib": 65964, "storage_kib": 805672}
sample={"descendants": 3, "monotonic_seconds": 25.225, "rss_kib": 404336, "storage_kib": 807968}
sample={"descendants": 3, "monotonic_seconds": 26.246, "rss_kib": 529672, "storage_kib": 807968}
sample={"descendants": 3, "monotonic_seconds": 27.267, "rss_kib": 699744, "storage_kib": 816684}
sample={"descendants": 3, "monotonic_seconds": 28.29, "rss_kib": 775704, "storage_kib": 829440}
sample={"descendants": 1, "monotonic_seconds": 29.213, "rss_kib": 30336, "storage_kib": 867568}
status=control-net-no-object-wrong-peer:101
command=behavior-combined-baseline argv=['/root/.local/share/agent-builds/rhai/linux-current-sys-net-behavior-a2d7a8c2-20261002-policy1/agent-build-b_e0ropn/rustup-home/toolchains/1.77.2-x86_64-unknown-linux-gnu/bin/cargo', 'test', '--locked', '--features', 'testing-environ,sys,net', '--test', 'sys_env', '--test', 'sys_fs', '--test', 'sys_policy', '--test', 'net_connect', '--test', 'net_listen', '--test', 'net_reads', '--test', 'net_writes', '--test', 'combined_sys_net', '--', '--nocapture', '--test-threads=1']
sample={"descendants": 2, "monotonic_seconds": 29.239, "rss_kib": 66372, "storage_kib": 867572}
sample={"descendants": 3, "monotonic_seconds": 30.262, "rss_kib": 450132, "storage_kib": 832120}
sample={"descendants": 3, "monotonic_seconds": 31.286, "rss_kib": 568944, "storage_kib": 832120}
sample={"descendants": 3, "monotonic_seconds": 32.307, "rss_kib": 711244, "storage_kib": 834496}
sample={"descendants": 3, "monotonic_seconds": 33.333, "rss_kib": 864480, "storage_kib": 838848}
sample={"descendants": 3, "monotonic_seconds": 34.357, "rss_kib": 680628, "storage_kib": 852916}
sample={"descendants": 7, "monotonic_seconds": 35.38, "rss_kib": 445916, "storage_kib": 886832}
sample={"descendants": 6, "monotonic_seconds": 36.404, "rss_kib": 293440, "storage_kib": 903604}
sample={"descendants": 1, "monotonic_seconds": 37.326, "rss_kib": 30216, "storage_kib": 913968}
status=behavior-combined-baseline:0
command=behavior-combined-no-index argv=['/root/.local/share/agent-builds/rhai/linux-current-sys-net-behavior-a2d7a8c2-20261002-policy1/agent-build-b_e0ropn/rustup-home/toolchains/1.77.2-x86_64-unknown-linux-gnu/bin/cargo', 'test', '--locked', '--features', 'testing-environ,sys,net,no_index', '--test', 'sys_fs', '--test', 'net_reads', '--test', 'net_writes', '--test', 'combined_sys_net', '--', '--nocapture', '--test-threads=1']
sample={"descendants": 2, "monotonic_seconds": 37.351, "rss_kib": 66428, "storage_kib": 913984}
sample={"descendants": 3, "monotonic_seconds": 38.373, "rss_kib": 436780, "storage_kib": 914504}
sample={"descendants": 3, "monotonic_seconds": 39.395, "rss_kib": 545904, "storage_kib": 914504}
sample={"descendants": 3, "monotonic_seconds": 40.418, "rss_kib": 750292, "storage_kib": 924300}
sample={"descendants": 3, "monotonic_seconds": 41.442, "rss_kib": 794488, "storage_kib": 938320}
sample={"descendants": 7, "monotonic_seconds": 42.466, "rss_kib": 500880, "storage_kib": 983376}
sample={"descendants": 1, "monotonic_seconds": 43.189, "rss_kib": 30208, "storage_kib": 1002308}
status=behavior-combined-no-index:0
command=behavior-net-no-object argv=['/root/.local/share/agent-builds/rhai/linux-current-sys-net-behavior-a2d7a8c2-20261002-policy1/agent-build-b_e0ropn/rustup-home/toolchains/1.77.2-x86_64-unknown-linux-gnu/bin/cargo', 'test', '--locked', '--features', 'testing-environ,net,no_object', '--test', 'net_no_object', '--', '--nocapture', '--test-threads=1']
sample={"descendants": 2, "monotonic_seconds": 43.214, "rss_kib": 66256, "storage_kib": 1002316}
sample={"descendants": 3, "monotonic_seconds": 44.236, "rss_kib": 436656, "storage_kib": 972076}
sample={"descendants": 3, "monotonic_seconds": 45.258, "rss_kib": 548940, "storage_kib": 972076}
sample={"descendants": 3, "monotonic_seconds": 46.282, "rss_kib": 751688, "storage_kib": 972648}
sample={"descendants": 3, "monotonic_seconds": 47.306, "rss_kib": 795320, "storage_kib": 985556}
sample={"descendants": 1, "monotonic_seconds": 48.027, "rss_kib": 30288, "storage_kib": 1002320}
status=behavior-net-no-object:0
command=behavior-combined-metadata-serde argv=['/root/.local/share/agent-builds/rhai/linux-current-sys-net-behavior-a2d7a8c2-20261002-policy1/agent-build-b_e0ropn/rustup-home/toolchains/1.77.2-x86_64-unknown-linux-gnu/bin/cargo', 'test', '--locked', '--features', 'testing-environ,sys,net,metadata,serde', '--test', 'sys_policy', '--test', 'net_metadata', '--', '--nocapture', '--test-threads=1']
sample={"descendants": 2, "monotonic_seconds": 48.053, "rss_kib": 65856, "storage_kib": 1002324}
sample={"descendants": 3, "monotonic_seconds": 49.077, "rss_kib": 189328, "storage_kib": 1018996}
sample={"descendants": 3, "monotonic_seconds": 50.1, "rss_kib": 228492, "storage_kib": 1022792}
sample={"descendants": 3, "monotonic_seconds": 51.123, "rss_kib": 423348, "storage_kib": 1026200}
sample={"descendants": 3, "monotonic_seconds": 52.145, "rss_kib": 580448, "storage_kib": 1026200}
sample={"descendants": 3, "monotonic_seconds": 53.167, "rss_kib": 752780, "storage_kib": 1026208}
sample={"descendants": 3, "monotonic_seconds": 54.191, "rss_kib": 951864, "storage_kib": 1039528}
sample={"descendants": 3, "monotonic_seconds": 55.215, "rss_kib": 964272, "storage_kib": 1055808}
sample={"descendants": 10, "monotonic_seconds": 56.24, "rss_kib": 537880, "storage_kib": 1096996}
sample={"descendants": 1, "monotonic_seconds": 56.56, "rss_kib": 30328, "storage_kib": 1112600}
status=behavior-combined-metadata-serde:0
command=behavior-combined-sync argv=['/root/.local/share/agent-builds/rhai/linux-current-sys-net-behavior-a2d7a8c2-20261002-policy1/agent-build-b_e0ropn/rustup-home/toolchains/1.77.2-x86_64-unknown-linux-gnu/bin/cargo', 'test', '--locked', '--features', 'testing-environ,sys,net,sync', '--test', 'sys_fs', '--test', 'sys_policy', '--test', 'net_connect', '--test', 'net_listen', '--test', 'net_reads', '--test', 'net_writes', '--test', 'combined_sys_net', '--', '--nocapture', '--test-threads=1']
sample={"descendants": 2, "monotonic_seconds": 56.585, "rss_kib": 66812, "storage_kib": 1112604}
sample={"descendants": 3, "monotonic_seconds": 57.607, "rss_kib": 302676, "storage_kib": 1117228}
sample={"descendants": 3, "monotonic_seconds": 58.633, "rss_kib": 518960, "storage_kib": 1117244}
sample={"descendants": 3, "monotonic_seconds": 59.656, "rss_kib": 661944, "storage_kib": 1117252}
sample={"descendants": 3, "monotonic_seconds": 60.68, "rss_kib": 886032, "storage_kib": 1129304}
sample={"descendants": 3, "monotonic_seconds": 61.704, "rss_kib": 911776, "storage_kib": 1142744}
sample={"descendants": 10, "monotonic_seconds": 62.727, "rss_kib": 461536, "storage_kib": 1192884}
sample={"descendants": 6, "monotonic_seconds": 63.75, "rss_kib": 261436, "storage_kib": 1244868}
sample={"descendants": 1, "monotonic_seconds": 64.773, "rss_kib": 30196, "storage_kib": 1256460}
status=behavior-combined-sync:0
command=behavior-combined-i32-no-float argv=['/root/.local/share/agent-builds/rhai/linux-current-sys-net-behavior-a2d7a8c2-20261002-policy1/agent-build-b_e0ropn/rustup-home/toolchains/1.77.2-x86_64-unknown-linux-gnu/bin/cargo', 'test', '--locked', '--features', 'testing-environ,sys,net,only_i32,no_float', '--test', 'sys_fs', '--test', 'sys_policy', '--test', 'net_connect', '--test', 'net_listen', '--test', 'net_reads', '--test', 'net_writes', '--test', 'combined_sys_net', '--', '--nocapture', '--test-threads=1']
sample={"descendants": 2, "monotonic_seconds": 64.798, "rss_kib": 65672, "storage_kib": 1256472}
sample={"descendants": 3, "monotonic_seconds": 65.822, "rss_kib": 436568, "storage_kib": 1256992}
sample={"descendants": 3, "monotonic_seconds": 66.844, "rss_kib": 575080, "storage_kib": 1257000}
sample={"descendants": 3, "monotonic_seconds": 67.867, "rss_kib": 755324, "storage_kib": 1268428}
sample={"descendants": 10, "monotonic_seconds": 68.892, "rss_kib": 450512, "storage_kib": 1292992}
sample={"descendants": 4, "monotonic_seconds": 69.916, "rss_kib": 387400, "storage_kib": 1343028}
sample={"descendants": 1, "monotonic_seconds": 70.841, "rss_kib": 30292, "storage_kib": 1359708}
status=behavior-combined-i32-no-float:0
command=behavior-combined-unchecked argv=['/root/.local/share/agent-builds/rhai/linux-current-sys-net-behavior-a2d7a8c2-20261002-policy1/agent-build-b_e0ropn/rustup-home/toolchains/1.77.2-x86_64-unknown-linux-gnu/bin/cargo', 'test', '--locked', '--features', 'testing-environ,sys,net,unchecked', '--test', 'sys_fs', '--test', 'sys_policy', '--test', 'net_connect', '--test', 'net_listen', '--test', 'net_reads', '--test', 'net_writes', '--test', 'combined_sys_net', '--', '--nocapture', '--test-threads=1']
sample={"descendants": 2, "monotonic_seconds": 70.867, "rss_kib": 66288, "storage_kib": 1359712}
sample={"descendants": 3, "monotonic_seconds": 71.891, "rss_kib": 442720, "storage_kib": 1360232}
sample={"descendants": 3, "monotonic_seconds": 72.914, "rss_kib": 567988, "storage_kib": 1360232}
sample={"descendants": 3, "monotonic_seconds": 73.936, "rss_kib": 750168, "storage_kib": 1369516}
sample={"descendants": 3, "monotonic_seconds": 74.959, "rss_kib": 853016, "storage_kib": 1379360}
sample={"descendants": 7, "monotonic_seconds": 75.983, "rss_kib": 498488, "storage_kib": 1407032}
sample={"descendants": 7, "monotonic_seconds": 77.007, "rss_kib": 480000, "storage_kib": 1469184}
sample={"descendants": 3, "monotonic_seconds": 78.032, "rss_kib": 80900, "storage_kib": 1496752}
sample={"descendants": 1, "monotonic_seconds": 78.255, "rss_kib": 30344, "storage_kib": 1496756}
status=behavior-combined-unchecked:0
command=behavior-combined-no-index-sync-metadata argv=['/root/.local/share/agent-builds/rhai/linux-current-sys-net-behavior-a2d7a8c2-20261002-policy1/agent-build-b_e0ropn/rustup-home/toolchains/1.77.2-x86_64-unknown-linux-gnu/bin/cargo', 'test', '--locked', '--features', 'testing-environ,sys,net,no_index,sync,metadata', '--test', 'sys_fs', '--test', 'sys_policy', '--test', 'net_connect', '--test', 'net_listen', '--test', 'net_reads', '--test', 'net_writes', '--test', 'combined_sys_net', '--test', 'net_metadata', '--', '--nocapture', '--test-threads=1']
sample={"descendants": 2, "monotonic_seconds": 78.282, "rss_kib": 66084, "storage_kib": 1496764}
sample={"descendants": 3, "monotonic_seconds": 79.305, "rss_kib": 348468, "storage_kib": 1501272}
sample={"descendants": 3, "monotonic_seconds": 80.327, "rss_kib": 537164, "storage_kib": 1501272}
sample={"descendants": 3, "monotonic_seconds": 81.348, "rss_kib": 691240, "storage_kib": 1501284}
sample={"descendants": 3, "monotonic_seconds": 82.371, "rss_kib": 857584, "storage_kib": 1516440}
sample={"descendants": 3, "monotonic_seconds": 83.396, "rss_kib": 697160, "storage_kib": 1530296}
sample={"descendants": 10, "monotonic_seconds": 84.423, "rss_kib": 526280, "storage_kib": 1588088}
evidence_exported=/root/rhai-linux-current-sys-net-behavior-a2d7a8c2-20261002-policy1/proof-evidence
Traceback (most recent call last):
  File "/root/rhai-linux-current-sys-net-behavior-a2d7a8c2-20261002-policy1/run-sys-net-behavior.py", line 686, in <module>
    exit_status = main()
  File "/root/rhai-linux-current-sys-net-behavior-a2d7a8c2-20261002-policy1/run-sys-net-behavior.py", line 654, in main
    status = run_command('behavior-' + row_name, argv, env, expected_status=None,
                         cwd=SOURCE, merge_streams=True)
  File "/root/rhai-linux-current-sys-net-behavior-a2d7a8c2-20261002-policy1/run-sys-net-behavior.py", line 319, in run_command
    sample_resources()
    ~~~~~~~~~~~~~~~~^^
  File "/root/rhai-linux-current-sys-net-behavior-a2d7a8c2-20261002-policy1/run-sys-net-behavior.py", line 267, in sample_resources
    raise RuntimeError('sampled private storage reached 1.5 GiB preemptive stop')
RuntimeError: sampled private storage reached 1.5 GiB preemptive stop

linux_current_sys_net_behavior=incomplete_or_failed
/root/rhai-linux-current-sys-net-behavior-a2d7a8c2-20261002-policy1/launch.sh: line 123: /proc/1811805/stat: No such file or directory
run_scoped_status=1
runtime_cleanup_status=0 pid_readback_status=0 scope_cleanup_status=0
outer_status=1
