 Downloading crates ...
  Downloaded spin v0.7.2
   Compiling rhai v1.26.1 (/private/var/folders/yk/m4dzf0ss5x9f4j4z3xb2rrv40000gn/T/agent-build-b0d3b2m_/source)
   Compiling rhai_codegen v3.2.0 (/private/var/folders/yk/m4dzf0ss5x9f4j4z3xb2rrv40000gn/T/agent-build-b0d3b2m_/source/codegen)
warning: function `os_to_string` is never used
   --> src/packages/sys/fs.rs:287:4
    |
287 | fn os_to_string(what: &str, s: std::ffi::OsString) -> Result<String, SysError> {
    |    ^^^^^^^^^^^^
    |
    = note: `#[warn(dead_code)]` (part of `#[warn(unused)]`) on by default

warning: `rhai` (lib) generated 1 warning
warning: unused import: `PathBuf`
 --> src/bin/rhai-run.rs:8:18
  |
8 |     path::{Path, PathBuf},
  |                  ^^^^^^^
  |
  = note: `#[warn(unused_imports)]` (part of `#[warn(unused)]`) on by default

warning: `rhai` (bin "rhai-run") generated 1 warning (run `cargo fix --bin "rhai-run" -p rhai` to apply 1 suggestion)
    Finished `test` profile [unoptimized + debuginfo] target(s) in 9.20s
     Running tests/sys_fs.rs (/var/folders/yk/m4dzf0ss5x9f4j4z3xb2rrv40000gn/T/agent-build-b0d3b2m_/target/debug/deps/sys_fs-0e583b611c33910c)

running 1 test
test test_file_handle_blob_read_is_omitted_under_no_index ... ok

test result: ok. 1 passed; 0 failed; 0 ignored; 0 measured; 23 filtered out; finished in 0.01s

