   Compiling rhai v1.26.1 (/tmp/agent-build-sdku18v2/source)
warning: unused variable: `ctx`
   --> src/packages/sys/fs.rs:583:40
    |
583 |         .set_into_module(module, move |ctx: NativeCallContext, file: FileHandle, len: INT| -> Res<crate::Blob> {
    |                                        ^^^ help: if this is intentional, prefix it with an underscore: `_ctx`
    |
    = note: `#[warn(unused_variables)]` (part of `#[warn(unused)]`) on by default

warning: unused variable: `ctx`
   --> src/packages/sys/fs.rs:566:40
    |
566 |         .set_into_module(module, move |ctx: NativeCallContext, file: FileHandle| -> Res<crate::Blob> {
    |                                        ^^^ help: if this is intentional, prefix it with an underscore: `_ctx`

warning: unused variable: `ctx`
   --> src/packages/sys/fs.rs:538:36
    |
538 |     .set_into_module(module, move |ctx: NativeCallContext, file: FileHandle, len: INT| -> Res<String> {
    |                                    ^^^ help: if this is intentional, prefix it with an underscore: `_ctx`

warning: unused variable: `ctx`
   --> src/packages/sys/fs.rs:513:36
    |
513 |     .set_into_module(module, move |ctx: NativeCallContext, file: FileHandle| -> Res<String> {
    |                                    ^^^ help: if this is intentional, prefix it with an underscore: `_ctx`

warning: `rhai` (lib) generated 4 warnings (run `cargo fix --lib -p rhai` to apply 4 suggestions)
warning: unused import: `PathBuf`
 --> src/bin/rhai-run.rs:8:18
  |
8 |     path::{Path, PathBuf},
  |                  ^^^^^^^
  |
  = note: `#[warn(unused_imports)]` (part of `#[warn(unused)]`) on by default

warning: `rhai` (bin "rhai-run") generated 1 warning (run `cargo fix --bin "rhai-run" -p rhai` to apply 1 suggestion)
    Finished `test` profile [unoptimized] target(s) in 4.35s
     Running tests/sys_env.rs (/tmp/agent-build-sdku18v2/target/debug/deps/sys_env-777ebe1fa809719e)

running 7 tests
test test_cwd_matches_process ... ok
test test_env_allow_list_unset_variable ... ok
test test_env_allow_list_value ... ok
test test_env_default_policy_hides_all ... ok
test test_env_var_non_utf8 ... ok
test test_env_var_set_and_unset ... ok
test test_env_vars_all ... ok

test result: ok. 7 passed; 0 failed; 0 ignored; 0 measured; 0 filtered out; finished in 0.07s

