launch_utc=2026-09-30T18:48:55Z
launcher_pid=3339583 launcher_pgid=3339583
absolute_deadline=2026-09-30T19:02:48Z runner_timeout_seconds=600 max_invocation_seconds=600
SOURCE_REVISION e1db9baafaaf30d94085f0cc6f661f363399f193
PRIVATE_RUNTIME /tmp/agent-build-sdku18v2
EXISTING_RUSTUP_HOME /root/.rustup (read-only; no toolchain installation)
PRIVATE_CARGO_HOME /tmp/agent-build-sdku18v2/cargo-home
WORKSPACE_MEMBERS codegen_manifest_present=1 source_manifest=/tmp/agent-build-sdku18v2/source/Cargo.toml
ARCHIVE_IDENTITY /root/rhai-linux-sys-release-features-task/followup-e1db9baa-attempt3/source.tar sha256=c934633c7889e4a427a87d557bbc578146e4db641c4fde2c93ff3fd4f047aa47
NATIVE_TARGET Linux x86_64
HOST_KERNEL Linux workhorse 7.2.4-ogc3.1.fc44.x86_64 #1 SMP PREEMPT_DYNAMIC Sun Sep 13 01:41:06 UTC 2026 x86_64 GNU/Linux
PROOF_LIMITS absolute_deadline_utc=2026-09-30T19:02:48Z remaining_seconds=832 two_cargo_jobs debug=0 incremental=0 storage_preempt_kib=1572864 storage_hard_kib=2097152 owned_descendants<=16
INITIAL_PRIVATE_STORAGE 9724 KiB
COMMAND rustc-version: /root/.cargo/bin/rustc --version --verbose
LOG /root/rhai-linux-sys-release-features-task/followup-e1db9baa-attempt3/evidence/rustc-version.log
rustc 1.97.1 (8bab26f4f 2026-07-14)
binary: rustc
commit-hash: 8bab26f4f68e0e26f0bb7960be334d5b520ea452
commit-date: 2026-07-14
host: x86_64-unknown-linux-gnu
release: 1.97.1
LLVM version: 22.1.6
STATUS rustc-version: 0
PRIVATE_RUNTIME_SAMPLED_STORAGE rustc-version: 9724 KiB; sampled maximum 9724 KiB (1 s du -sk samples)
COMMAND cargo-version: /root/.cargo/bin/cargo --version --verbose
LOG /root/rhai-linux-sys-release-features-task/followup-e1db9baa-attempt3/evidence/cargo-version.log
cargo 1.97.1 (c980f4866 2026-06-30)
release: 1.97.1
commit-hash: c980f4866141969fab6254a680546a277789d6f0
commit-date: 2026-06-30
host: x86_64-unknown-linux-gnu
libgit2: 1.9.2 (sys:0.20.4 vendored)
libcurl: 8.20.0-DEV (sys:0.4.88+curl-8.20.0 vendored ssl:OpenSSL/3.6.2)
ssl: OpenSSL 3.6.2 7 Apr 2026
os: Fedora 44.0.0 [64-bit]
STATUS cargo-version: 0
PRIVATE_RUNTIME_SAMPLED_STORAGE cargo-version: 9724 KiB; sampled maximum 9724 KiB (1 s du -sk samples)
COMMAND generate-lockfile: /root/.cargo/bin/cargo generate-lockfile
LOG /root/rhai-linux-sys-release-features-task/followup-e1db9baa-attempt3/evidence/generate-lockfile.log
    Updating git repository `https://github.com/schungx/rustyline`
    Updating crates.io index
    Updating git repository `https://gitlab.com/jD91mZM2/no-std-compat.git`
     Locking 130 packages to latest compatible versions
      Adding getrandom v0.3.4 (available: v0.4.3)
      Adding hashbrown v0.16.1 (available: v0.17.1)
      Adding syn v2.0.119 (available: v3.0.6)
STATUS generate-lockfile: 0
PRIVATE_RUNTIME_SAMPLED_STORAGE generate-lockfile: 20748 KiB; sampled maximum 20748 KiB (1 s du -sk samples)
GENERATED_LOCK_IDENTITY /root/rhai-linux-sys-release-features-task/followup-e1db9baa-attempt3/evidence/Cargo.lock.generated sha256=4aa2e32287d33184c12e98c7a86a17574dbf3a2361c968c76e9611bfd4396cc3
COMMAND wrong-expectation-control: /root/.cargo/bin/cargo test --locked --jobs 2 --features testing-environ,sys --test sys_fs test_file_handle_reads_obey_host_cap_and_reject_negative_lengths_without_moving -- --exact --nocapture --test-threads=1
LOG /root/rhai-linux-sys-release-features-task/followup-e1db9baa-attempt3/evidence/wrong-expectation-control.log
 Downloading crates ...
  Downloaded num-traits v0.2.19
  Downloaded fs-set-times v0.20.3
  Downloaded unicode-ident v1.0.26
  Downloaded const-random-macro v0.1.16
  Downloaded crunchy v0.2.4
  Downloaded errno v0.3.14
  Downloaded itoa v1.0.18
  Downloaded io-lifetimes v3.0.1
  Downloaded maybe-owned v0.3.4
  Downloaded cfg-if v1.0.5
  Downloaded autocfg v1.5.1
  Downloaded tiny-keccak v2.0.2
  Downloaded zmij v1.0.23
  Downloaded ipnet v2.12.2
  Downloaded rmp v0.8.15
  Downloaded static_assertions v1.1.0
  Downloaded io-lifetimes v2.0.4
  Downloaded once_cell v1.21.4
  Downloaded smallvec v1.16.2
  Downloaded getrandom v0.2.17
  Downloaded cap-std v4.0.3
  Downloaded smartstring v1.0.1
  Downloaded ahash v0.8.12
  Downloaded io-extras v0.19.0
  Downloaded rmp-serde v1.3.1
  Downloaded serde_core v1.0.229
  Downloaded bitflags v2.13.2
  Downloaded ambient-authority v0.0.2
  Downloaded version_check v0.9.5
  Downloaded const-random v0.1.18
  Downloaded thin-vec v0.2.20
  Downloaded proc-macro2 v1.0.107
  Downloaded quote v1.0.47
  Downloaded serde v1.0.229
  Downloaded cap-primitives v4.0.3
  Downloaded rustix-linux-procfs v0.1.1
  Downloaded getrandom v0.3.4
  Downloaded memchr v2.8.3
  Downloaded serde_json v1.0.151
  Downloaded portable-atomic v1.15.0
  Downloaded zerocopy v0.8.59
  Downloaded syn v2.0.119
  Downloaded rustix v1.1.5
  Downloaded libc v0.2.189
  Downloaded linux-raw-sys v0.12.1
   Compiling autocfg v1.5.1
   Compiling portable-atomic v1.15.0
   Compiling libc v0.2.189
   Compiling crunchy v0.2.4
   Compiling rustix v1.1.5
   Compiling version_check v0.9.5
   Compiling io-lifetimes v2.0.4
   Compiling proc-macro2 v1.0.107
   Compiling cfg-if v1.0.5
   Compiling tiny-keccak v2.0.2
   Compiling bitflags v2.13.2
   Compiling io-lifetimes v3.0.1
   Compiling linux-raw-sys v0.12.1
   Compiling once_cell v1.21.4
   Compiling num-traits v0.2.19
   Compiling quote v1.0.47
   Compiling unicode-ident v1.0.26
   Compiling io-extras v0.19.0
   Compiling getrandom v0.2.17
   Compiling cap-primitives v4.0.3
   Compiling zerocopy v0.8.59
   Compiling getrandom v0.3.4
   Compiling serde_core v1.0.229
   Compiling const-random-macro v0.1.16
   Compiling rustix-linux-procfs v0.1.1
   Compiling fs-set-times v0.20.3
   Compiling smartstring v1.0.1
   Compiling ahash v0.8.12
   Compiling ipnet v2.12.2
   Compiling ambient-authority v0.0.2
   Compiling cap-std v4.0.3
   Compiling maybe-owned v0.3.4
   Compiling syn v2.0.119
   Compiling const-random v0.1.18
   Compiling serde v1.0.229
   Compiling zmij v1.0.23
   Compiling static_assertions v1.1.0
   Compiling rhai v1.26.1 (/tmp/agent-build-sdku18v2/source)
   Compiling rhai_codegen v3.2.0 (/tmp/agent-build-sdku18v2/source/codegen)
   Compiling serde_json v1.0.151
   Compiling smallvec v1.16.2
   Compiling thin-vec v0.2.20
   Compiling rmp v0.8.15
   Compiling itoa v1.0.18
   Compiling memchr v2.8.3
   Compiling rmp-serde v1.3.1
warning: unused import: `PathBuf`
 --> src/bin/rhai-run.rs:8:18
  |
8 |     path::{Path, PathBuf},
  |                  ^^^^^^^
  |
  = note: `#[warn(unused_imports)]` (part of `#[warn(unused)]`) on by default

warning: `rhai` (bin "rhai-run") generated 1 warning (run `cargo fix --bin "rhai-run" -p rhai` to apply 1 suggestion)
    Finished `test` profile [unoptimized] target(s) in 8.90s
     Running tests/sys_fs.rs (/tmp/agent-build-sdku18v2/target/debug/deps/sys_fs-1aa31d7c86583ed4)

running 1 test
test test_file_handle_reads_obey_host_cap_and_reject_negative_lengths_without_moving ... 
thread 'test_file_handle_reads_obey_host_cap_and_reject_negative_lengths_without_moving' (3343063) panicked at tests/sys_fs.rs:161:5:
assertion `left == right` failed
  left: "abc"
 right: "wrong expectation"
note: run with `RUST_BACKTRACE=1` environment variable to display a backtrace
FAILED

failures:

failures:
    test_file_handle_reads_obey_host_cap_and_reject_negative_lengths_without_moving

test result: FAILED. 0 passed; 1 failed; 0 ignored; 0 measured; 34 filtered out; finished in 0.00s

error: test failed, to rerun pass `--test sys_fs`
STATUS wrong-expectation-control: 101
PRIVATE_RUNTIME_SAMPLED_STORAGE wrong-expectation-control: 269192 KiB; sampled maximum 269192 KiB (1 s du -sk samples)
WRONG_EXPECTATION_CONTROL_EXIT 101; assertion verified left=abc right=wrong expectation
COMMAND restored-targeted-test: /root/.cargo/bin/cargo test --locked --jobs 2 --features testing-environ,sys --test sys_fs test_file_handle_reads_obey_host_cap_and_reject_negative_lengths_without_moving -- --exact --nocapture --test-threads=1
LOG /root/rhai-linux-sys-release-features-task/followup-e1db9baa-attempt3/evidence/restored-targeted-test.log
warning: unused import: `PathBuf`
 --> src/bin/rhai-run.rs:8:18
  |
8 |     path::{Path, PathBuf},
  |                  ^^^^^^^
  |
  = note: `#[warn(unused_imports)]` (part of `#[warn(unused)]`) on by default

warning: `rhai` (bin "rhai-run") generated 1 warning (run `cargo fix --bin "rhai-run" -p rhai` to apply 1 suggestion)
    Finished `test` profile [unoptimized] target(s) in 0.02s
     Running tests/sys_fs.rs (/tmp/agent-build-sdku18v2/target/debug/deps/sys_fs-1aa31d7c86583ed4)

running 1 test
test test_file_handle_reads_obey_host_cap_and_reject_negative_lengths_without_moving ... ok

test result: ok. 1 passed; 0 failed; 0 ignored; 0 measured; 34 filtered out; finished in 0.00s

STATUS restored-targeted-test: 0
PRIVATE_RUNTIME_SAMPLED_STORAGE restored-targeted-test: 269192 KiB; sampled maximum 269192 KiB (1 s du -sk samples)
COMMAND fixture-01-sys_env: /root/.cargo/bin/cargo test --locked --jobs 2 --features testing-environ,sys --test sys_env -- --test-threads=1 --nocapture
LOG /root/rhai-linux-sys-release-features-task/followup-e1db9baa-attempt3/evidence/fixture-01-sys_env.log
   Compiling rhai v1.26.1 (/tmp/agent-build-sdku18v2/source)
warning: unused import: `PathBuf`
 --> src/bin/rhai-run.rs:8:18
  |
8 |     path::{Path, PathBuf},
  |                  ^^^^^^^
  |
  = note: `#[warn(unused_imports)]` (part of `#[warn(unused)]`) on by default

warning: `rhai` (bin "rhai-run") generated 1 warning (run `cargo fix --bin "rhai-run" -p rhai` to apply 1 suggestion)
    Finished `test` profile [unoptimized] target(s) in 0.13s
     Running tests/sys_env.rs (/tmp/agent-build-sdku18v2/target/debug/deps/sys_env-f20c9297ea540b74)

running 7 tests
test test_cwd_matches_process ... ok
test test_env_allow_list_unset_variable ... ok
test test_env_allow_list_value ... ok
test test_env_default_policy_hides_all ... ok
test test_env_var_non_utf8 ... ok
test test_env_var_set_and_unset ... ok
test test_env_vars_all ... ok

test result: ok. 7 passed; 0 failed; 0 ignored; 0 measured; 0 filtered out; finished in 0.07s

STATUS fixture-01-sys_env: 0
PRIVATE_RUNTIME_SAMPLED_STORAGE fixture-01-sys_env: 281628 KiB; sampled maximum 281628 KiB (1 s du -sk samples)
TARGET_TEST_COUNT 01-sys_env: 7
COMMAND fixture-01-sys_fs: /root/.cargo/bin/cargo test --locked --jobs 2 --features testing-environ,sys --test sys_fs -- --test-threads=1 --nocapture
LOG /root/rhai-linux-sys-release-features-task/followup-e1db9baa-attempt3/evidence/fixture-01-sys_fs.log
warning: unused import: `PathBuf`
 --> src/bin/rhai-run.rs:8:18
  |
8 |     path::{Path, PathBuf},
  |                  ^^^^^^^
  |
  = note: `#[warn(unused_imports)]` (part of `#[warn(unused)]`) on by default

warning: `rhai` (bin "rhai-run") generated 1 warning (run `cargo fix --bin "rhai-run" -p rhai` to apply 1 suggestion)
    Finished `test` profile [unoptimized] target(s) in 0.02s
     Running tests/sys_fs.rs (/tmp/agent-build-sdku18v2/target/debug/deps/sys_fs-1aa31d7c86583ed4)

running 35 tests
test test_create_dir_cases ... ok
test test_deep_tree_and_many_entries ... ok
test test_empty_and_mixed_writes ... ok
test test_file_handle_blob_read_respects_engine_array_limit ... ok
test test_file_handle_read_blob_preserves_bytes_and_obeys_host_cap ... ok
test test_file_handle_read_respects_engine_limit_below_host_cap ... ok
test test_file_handle_read_string_advances_the_shared_cursor ... ok
test test_file_handle_reads_fail_at_eof_and_on_write_only_handle ... ok
test test_file_handle_reads_obey_host_cap_and_reject_negative_lengths_without_moving ... ok
test test_file_handle_string_read_requires_complete_utf8 ... ok
test test_large_file_round_trip ... ok
test test_metadata_symlink_and_readonly ... ok
test test_no_handle_leak ... ok
test test_non_utf8_file_name ... ok
test test_open_file_checks_grants_before_mutation_and_stays_confined ... ok
test test_open_file_default_preserves_contents_and_shares_cursor ... independent host readback: "original XYyload"
ok
test test_open_file_modes_and_exclusive_create ... ok
test test_path_spellings ... ok
test test_predicates_and_metadata ... ok
test test_read_binary ... ok
test test_read_dir_cases ... ok
test test_read_file_cases ... ok
test test_remove_cases ... ok
test test_rename_and_copy ... ok
test test_rename_overwrite_and_directory ... ok
test test_unicode_names ... ok
test test_unrestricted_missing_parents ... ok
test test_unrestricted_relative_paths ... ok
test test_unrestricted_relative_paths_after_cwd_is_unlinked ... ok
test test_unrestricted_round_trip ... ok
test test_unrestricted_symlink_then_parent_uses_host_resolution ... ok
test test_unrestricted_symlinks_follow_host_semantics ... ok
test test_write_append_blob ... ok
test test_write_into_missing_parent ... ok
test test_wrong_entry_kind ... ok

test result: ok. 35 passed; 0 failed; 0 ignored; 0 measured; 0 filtered out; finished in 0.16s

STATUS fixture-01-sys_fs: 0
PRIVATE_RUNTIME_SAMPLED_STORAGE fixture-01-sys_fs: 281628 KiB; sampled maximum 281628 KiB (1 s du -sk samples)
TARGET_TEST_COUNT 01-sys_fs: 35
COMMAND fixture-01-sys_policy: /root/.cargo/bin/cargo test --locked --jobs 2 --features testing-environ,sys --test sys_policy -- --test-threads=1 --nocapture
LOG /root/rhai-linux-sys-release-features-task/followup-e1db9baa-attempt3/evidence/fixture-01-sys_policy.log
   Compiling rhai v1.26.1 (/tmp/agent-build-sdku18v2/source)
warning: unused import: `PathBuf`
 --> src/bin/rhai-run.rs:8:18
  |
8 |     path::{Path, PathBuf},
  |                  ^^^^^^^
  |
  = note: `#[warn(unused_imports)]` (part of `#[warn(unused)]`) on by default

warning: `rhai` (bin "rhai-run") generated 1 warning (run `cargo fix --bin "rhai-run" -p rhai` to apply 1 suggestion)
    Finished `test` profile [unoptimized] target(s) in 0.18s
     Running tests/sys_policy.rs (/tmp/agent-build-sdku18v2/target/debug/deps/sys_policy-1e7b43bf021fa373)

running 23 tests
test test_absolute_path_with_parent_components ... ok
test test_absolute_paths ... ok
test test_config_builder ... ok
test test_configured_root_symlink_then_parent_uses_os_resolution ... ok
test test_copy_across_roots ... ok
test test_default_config_denies_fs ... ok
test test_env_allow_list ... ok
test test_error_position ... ok
test test_error_variants ... ok
test test_errors_are_catchable ... ok
test test_host_can_downcast ... ok
test test_missing_root_fails_early ... ok
test test_multiple_roots ... ok
test test_nested_roots_longest_prefix ... ok
test test_parent_traversal_is_denied ... ok
test test_plain_engine_has_no_sys_functions ... ok
test test_read_only_root ... ok
test test_remove_dir_all_needs_delete_access ... ok
test test_root_with_dot_components ... ok
test test_static_module_and_sharing ... ok
test test_symlink_escape_is_denied ... ok
test test_symlinked_root ... ok
test test_unrestricted_respects_access_level ... ok

test result: ok. 23 passed; 0 failed; 0 ignored; 0 measured; 0 filtered out; finished in 0.04s

STATUS fixture-01-sys_policy: 0
PRIVATE_RUNTIME_SAMPLED_STORAGE fixture-01-sys_policy: 294276 KiB; sampled maximum 294276 KiB (1 s du -sk samples)
TARGET_TEST_COUNT 01-sys_policy: 23
COMMAND fixture-02-sys_env: /root/.cargo/bin/cargo test --locked --jobs 2 --features testing-environ,sys,sync --test sys_env -- --test-threads=1 --nocapture
LOG /root/rhai-linux-sys-release-features-task/followup-e1db9baa-attempt3/evidence/fixture-02-sys_env.log
 Downloading crates ...
  Downloaded spin v0.7.2
   Compiling rhai v1.26.1 (/tmp/agent-build-sdku18v2/source)
   Compiling rhai_codegen v3.2.0 (/tmp/agent-build-sdku18v2/source/codegen)
warning: unused import: `PathBuf`
 --> src/bin/rhai-run.rs:8:18
  |
8 |     path::{Path, PathBuf},
  |                  ^^^^^^^
  |
  = note: `#[warn(unused_imports)]` (part of `#[warn(unused)]`) on by default

warning: `rhai` (bin "rhai-run") generated 1 warning (run `cargo fix --bin "rhai-run" -p rhai` to apply 1 suggestion)
    Finished `test` profile [unoptimized] target(s) in 4.73s
     Running tests/sys_env.rs (/tmp/agent-build-sdku18v2/target/debug/deps/sys_env-2a2c955422b4ddc7)

running 7 tests
test test_cwd_matches_process ... ok
test test_env_allow_list_unset_variable ... ok
test test_env_allow_list_value ... ok
test test_env_default_policy_hides_all ... ok
test test_env_var_non_utf8 ... ok
test test_env_var_set_and_unset ... ok
test test_env_vars_all ... ok

test result: ok. 7 passed; 0 failed; 0 ignored; 0 measured; 0 filtered out; finished in 0.07s

STATUS fixture-02-sys_env: 0
PRIVATE_RUNTIME_SAMPLED_STORAGE fixture-02-sys_env: 369496 KiB; sampled maximum 369496 KiB (1 s du -sk samples)
TARGET_TEST_COUNT 02-sys_env: 7
COMMAND fixture-02-sys_fs: /root/.cargo/bin/cargo test --locked --jobs 2 --features testing-environ,sys,sync --test sys_fs -- --test-threads=1 --nocapture
LOG /root/rhai-linux-sys-release-features-task/followup-e1db9baa-attempt3/evidence/fixture-02-sys_fs.log
   Compiling rhai v1.26.1 (/tmp/agent-build-sdku18v2/source)
warning: unused import: `PathBuf`
 --> src/bin/rhai-run.rs:8:18
  |
8 |     path::{Path, PathBuf},
  |                  ^^^^^^^
  |
  = note: `#[warn(unused_imports)]` (part of `#[warn(unused)]`) on by default

warning: `rhai` (bin "rhai-run") generated 1 warning (run `cargo fix --bin "rhai-run" -p rhai` to apply 1 suggestion)
    Finished `test` profile [unoptimized] target(s) in 0.22s
     Running tests/sys_fs.rs (/tmp/agent-build-sdku18v2/target/debug/deps/sys_fs-8765c56a706c99d9)

running 35 tests
test test_create_dir_cases ... ok
test test_deep_tree_and_many_entries ... ok
test test_empty_and_mixed_writes ... ok
test test_file_handle_blob_read_respects_engine_array_limit ... ok
test test_file_handle_read_blob_preserves_bytes_and_obeys_host_cap ... ok
test test_file_handle_read_respects_engine_limit_below_host_cap ... ok
test test_file_handle_read_string_advances_the_shared_cursor ... ok
test test_file_handle_reads_fail_at_eof_and_on_write_only_handle ... ok
test test_file_handle_reads_obey_host_cap_and_reject_negative_lengths_without_moving ... ok
test test_file_handle_string_read_requires_complete_utf8 ... ok
test test_large_file_round_trip ... ok
test test_metadata_symlink_and_readonly ... ok
test test_no_handle_leak ... ok
test test_non_utf8_file_name ... ok
test test_open_file_checks_grants_before_mutation_and_stays_confined ... ok
test test_open_file_default_preserves_contents_and_shares_cursor ... independent host readback: "original XYyload"
ok
test test_open_file_modes_and_exclusive_create ... ok
test test_path_spellings ... ok
test test_predicates_and_metadata ... ok
test test_read_binary ... ok
test test_read_dir_cases ... ok
test test_read_file_cases ... ok
test test_remove_cases ... ok
test test_rename_and_copy ... ok
test test_rename_overwrite_and_directory ... ok
test test_unicode_names ... ok
test test_unrestricted_missing_parents ... ok
test test_unrestricted_relative_paths ... ok
test test_unrestricted_relative_paths_after_cwd_is_unlinked ... ok
test test_unrestricted_round_trip ... ok
test test_unrestricted_symlink_then_parent_uses_host_resolution ... ok
test test_unrestricted_symlinks_follow_host_semantics ... ok
test test_write_append_blob ... ok
test test_write_into_missing_parent ... ok
test test_wrong_entry_kind ... ok

test result: ok. 35 passed; 0 failed; 0 ignored; 0 measured; 0 filtered out; finished in 0.16s

STATUS fixture-02-sys_fs: 0
PRIVATE_RUNTIME_SAMPLED_STORAGE fixture-02-sys_fs: 382328 KiB; sampled maximum 382328 KiB (1 s du -sk samples)
TARGET_TEST_COUNT 02-sys_fs: 35
COMMAND fixture-02-sys_policy: /root/.cargo/bin/cargo test --locked --jobs 2 --features testing-environ,sys,sync --test sys_policy -- --test-threads=1 --nocapture
LOG /root/rhai-linux-sys-release-features-task/followup-e1db9baa-attempt3/evidence/fixture-02-sys_policy.log
   Compiling rhai v1.26.1 (/tmp/agent-build-sdku18v2/source)
warning: unused import: `PathBuf`
 --> src/bin/rhai-run.rs:8:18
  |
8 |     path::{Path, PathBuf},
  |                  ^^^^^^^
  |
  = note: `#[warn(unused_imports)]` (part of `#[warn(unused)]`) on by default

warning: `rhai` (bin "rhai-run") generated 1 warning (run `cargo fix --bin "rhai-run" -p rhai` to apply 1 suggestion)
    Finished `test` profile [unoptimized] target(s) in 0.18s
     Running tests/sys_policy.rs (/tmp/agent-build-sdku18v2/target/debug/deps/sys_policy-0f3787a32172605a)

running 24 tests
test test_absolute_path_with_parent_components ... ok
test test_absolute_paths ... ok
test test_config_builder ... ok
test test_configured_root_symlink_then_parent_uses_os_resolution ... ok
test test_copy_across_roots ... ok
test test_default_config_denies_fs ... ok
test test_env_allow_list ... ok
test test_error_position ... ok
test test_error_variants ... ok
test test_errors_are_catchable ... ok
test test_host_can_downcast ... ok
test test_missing_root_fails_early ... ok
test test_multiple_roots ... ok
test test_nested_roots_longest_prefix ... ok
test test_parent_traversal_is_denied ... ok
test test_plain_engine_has_no_sys_functions ... ok
test test_read_only_root ... ok
test test_remove_dir_all_needs_delete_access ... ok
test test_root_with_dot_components ... ok
test test_static_module_and_sharing ... ok
test test_symlink_escape_is_denied ... ok
test test_symlinked_root ... ok
test test_sync_threads ... ok
test test_unrestricted_respects_access_level ... ok

test result: ok. 24 passed; 0 failed; 0 ignored; 0 measured; 0 filtered out; finished in 0.07s

STATUS fixture-02-sys_policy: 0
PRIVATE_RUNTIME_SAMPLED_STORAGE fixture-02-sys_policy: 395088 KiB; sampled maximum 395088 KiB (1 s du -sk samples)
TARGET_TEST_COUNT 02-sys_policy: 24
COMMAND fixture-03-sys_env: /root/.cargo/bin/cargo test --locked --jobs 2 --features testing-environ,sys,no_index --test sys_env -- --test-threads=1 --nocapture
LOG /root/rhai-linux-sys-release-features-task/followup-e1db9baa-attempt3/evidence/fixture-03-sys_env.log
   Compiling rhai v1.26.1 (/tmp/agent-build-sdku18v2/source)
warning: function `os_to_string` is never used
   --> src/packages/sys/fs.rs:287:4
    |
287 | fn os_to_string(what: &str, s: std::ffi::OsString) -> Result<String, SysError> {
    |    ^^^^^^^^^^^^
    |
    = note: `#[warn(dead_code)]` (part of `#[warn(unused)]`) on by default

warning: `rhai` (lib) generated 1 warning
warning: unused import: `PathBuf`
 --> src/bin/rhai-run.rs:8:18
  |
8 |     path::{Path, PathBuf},
  |                  ^^^^^^^
  |
  = note: `#[warn(unused_imports)]` (part of `#[warn(unused)]`) on by default

warning: `rhai` (bin "rhai-run") generated 1 warning (run `cargo fix --bin "rhai-run" -p rhai` to apply 1 suggestion)
    Finished `test` profile [unoptimized] target(s) in 3.64s
     Running tests/sys_env.rs (/tmp/agent-build-sdku18v2/target/debug/deps/sys_env-b611737508b3e11c)

running 7 tests
test test_cwd_matches_process ... ok
test test_env_allow_list_unset_variable ... ok
test test_env_allow_list_value ... ok
test test_env_default_policy_hides_all ... ok
test test_env_var_non_utf8 ... ok
test test_env_var_set_and_unset ... ok
test test_env_vars_all ... ok

test result: ok. 7 passed; 0 failed; 0 ignored; 0 measured; 0 filtered out; finished in 0.07s

STATUS fixture-03-sys_env: 0
PRIVATE_RUNTIME_SAMPLED_STORAGE fixture-03-sys_env: 453948 KiB; sampled maximum 453948 KiB (1 s du -sk samples)
TARGET_TEST_COUNT 03-sys_env: 7
COMMAND fixture-03-sys_fs: /root/.cargo/bin/cargo test --locked --jobs 2 --features testing-environ,sys,no_index --test sys_fs -- --test-threads=1 --nocapture
LOG /root/rhai-linux-sys-release-features-task/followup-e1db9baa-attempt3/evidence/fixture-03-sys_fs.log
warning: function `os_to_string` is never used
   --> src/packages/sys/fs.rs:287:4
    |
287 | fn os_to_string(what: &str, s: std::ffi::OsString) -> Result<String, SysError> {
    |    ^^^^^^^^^^^^
    |
    = note: `#[warn(dead_code)]` (part of `#[warn(unused)]`) on by default

warning: `rhai` (lib) generated 1 warning
   Compiling rhai v1.26.1 (/tmp/agent-build-sdku18v2/source)
warning: unused import: `PathBuf`
 --> src/bin/rhai-run.rs:8:18
  |
8 |     path::{Path, PathBuf},
  |                  ^^^^^^^
  |
  = note: `#[warn(unused_imports)]` (part of `#[warn(unused)]`) on by default

warning: `rhai` (bin "rhai-run") generated 1 warning (run `cargo fix --bin "rhai-run" -p rhai` to apply 1 suggestion)
    Finished `test` profile [unoptimized] target(s) in 0.18s
     Running tests/sys_fs.rs (/tmp/agent-build-sdku18v2/target/debug/deps/sys_fs-0cdfbce8d8a0617e)

running 24 tests
test test_create_dir_cases ... ok
test test_file_handle_blob_read_is_omitted_under_no_index ... ok
test test_file_handle_read_respects_engine_limit_below_host_cap ... ok
test test_file_handle_read_string_advances_the_shared_cursor ... ok
test test_file_handle_reads_fail_at_eof_and_on_write_only_handle ... ok
test test_file_handle_reads_obey_host_cap_and_reject_negative_lengths_without_moving ... ok
test test_file_handle_string_read_requires_complete_utf8 ... ok
test test_metadata_symlink_and_readonly ... ok
test test_open_file_checks_grants_before_mutation_and_stays_confined ... ok
test test_open_file_default_preserves_contents_and_shares_cursor ... independent host readback: "original XYyload"
ok
test test_open_file_modes_and_exclusive_create ... ok
test test_path_spellings ... ok
test test_predicates_and_metadata ... ok
test test_read_file_cases ... ok
test test_remove_cases ... ok
test test_rename_and_copy ... ok
test test_rename_overwrite_and_directory ... ok
test test_unrestricted_missing_parents ... ok
test test_unrestricted_relative_paths ... ok
test test_unrestricted_relative_paths_after_cwd_is_unlinked ... ok
test test_unrestricted_symlink_then_parent_uses_host_resolution ... ok
test test_unrestricted_symlinks_follow_host_semantics ... ok
test test_write_into_missing_parent ... ok
test test_wrong_entry_kind ... ok

test result: ok. 24 passed; 0 failed; 0 ignored; 0 measured; 0 filtered out; finished in 0.05s

STATUS fixture-03-sys_fs: 0
PRIVATE_RUNTIME_SAMPLED_STORAGE fixture-03-sys_fs: 464440 KiB; sampled maximum 464440 KiB (1 s du -sk samples)
TARGET_TEST_COUNT 03-sys_fs: 24
COMMAND fixture-03-sys_policy: /root/.cargo/bin/cargo test --locked --jobs 2 --features testing-environ,sys,no_index --test sys_policy -- --test-threads=1 --nocapture
LOG /root/rhai-linux-sys-release-features-task/followup-e1db9baa-attempt3/evidence/fixture-03-sys_policy.log
warning: function `os_to_string` is never used
   --> src/packages/sys/fs.rs:287:4
    |
287 | fn os_to_string(what: &str, s: std::ffi::OsString) -> Result<String, SysError> {
    |    ^^^^^^^^^^^^
    |
    = note: `#[warn(dead_code)]` (part of `#[warn(unused)]`) on by default

warning: `rhai` (lib) generated 1 warning
   Compiling rhai v1.26.1 (/tmp/agent-build-sdku18v2/source)
warning: unused import: `PathBuf`
 --> src/bin/rhai-run.rs:8:18
  |
8 |     path::{Path, PathBuf},
  |                  ^^^^^^^
  |
  = note: `#[warn(unused_imports)]` (part of `#[warn(unused)]`) on by default

warning: `rhai` (bin "rhai-run") generated 1 warning (run `cargo fix --bin "rhai-run" -p rhai` to apply 1 suggestion)
warning: variable does not need to be mutable
  --> tests/sys_policy.rs:14:9
   |
14 |     let mut scripts = vec![r#"read_file("x")"#, r#"write_file("x", "y")"#, r#"exists("x")"#, r#"create_dir("x")"#, r#"remove_file("x...
   |         ----^^^^^^^
   |         |
   |         help: remove this `mut`
   |
   = note: `#[warn(unused_mut)]` (part of `#[warn(unused)]`) on by default

warning: variable does not need to be mutable
  --> tests/sys_policy.rs:63:9
   |
63 |     let mut scripts = vec![r#"read_file("../secret.txt")"#, r#"read_file("sub/../../secret.txt")"#, r#"exists("../secret.txt")"#, r#...
   |         ----^^^^^^^
   |         |
   |         help: remove this `mut`

warning: `rhai` (test "sys_policy") generated 2 warnings (run `cargo fix --test "sys_policy" -p rhai` to apply 2 suggestions)
    Finished `test` profile [unoptimized] target(s) in 0.17s
     Running tests/sys_policy.rs (/tmp/agent-build-sdku18v2/target/debug/deps/sys_policy-d660906ed83059d1)

running 23 tests
test test_absolute_path_with_parent_components ... ok
test test_absolute_paths ... ok
test test_config_builder ... ok
test test_configured_root_symlink_then_parent_uses_os_resolution ... ok
test test_copy_across_roots ... ok
test test_default_config_denies_fs ... ok
test test_env_allow_list ... ok
test test_error_position ... ok
test test_error_variants ... ok
test test_errors_are_catchable ... ok
test test_host_can_downcast ... ok
test test_missing_root_fails_early ... ok
test test_multiple_roots ... ok
test test_nested_roots_longest_prefix ... ok
test test_parent_traversal_is_denied ... ok
test test_plain_engine_has_no_sys_functions ... ok
test test_read_only_root ... ok
test test_remove_dir_all_needs_delete_access ... ok
test test_root_with_dot_components ... ok
test test_static_module_and_sharing ... ok
test test_symlink_escape_is_denied ... ok
test test_symlinked_root ... ok
test test_unrestricted_respects_access_level ... ok

test result: ok. 23 passed; 0 failed; 0 ignored; 0 measured; 0 filtered out; finished in 0.04s

STATUS fixture-03-sys_policy: 0
PRIVATE_RUNTIME_SAMPLED_STORAGE fixture-03-sys_policy: 474932 KiB; sampled maximum 474932 KiB (1 s du -sk samples)
TARGET_TEST_COUNT 03-sys_policy: 23
COMMAND fixture-04-sys_env: /root/.cargo/bin/cargo test --locked --jobs 2 --features testing-environ,sys,metadata,serde --test sys_env -- --test-threads=1 --nocapture
LOG /root/rhai-linux-sys-release-features-task/followup-e1db9baa-attempt3/evidence/fixture-04-sys_env.log
 Downloading crates ...
  Downloaded serde_derive v1.0.229
  Downloaded syn v3.0.6
   Compiling syn v3.0.6
   Compiling serde v1.0.229
   Compiling rhai v1.26.1 (/tmp/agent-build-sdku18v2/source)
   Compiling rhai_codegen v3.2.0 (/tmp/agent-build-sdku18v2/source/codegen)
   Compiling serde_derive v1.0.229
   Compiling smallvec v1.16.2
   Compiling rmp-serde v1.3.1
warning: unused import: `PathBuf`
 --> src/bin/rhai-run.rs:8:18
  |
8 |     path::{Path, PathBuf},
  |                  ^^^^^^^
  |
  = note: `#[warn(unused_imports)]` (part of `#[warn(unused)]`) on by default

warning: `rhai` (bin "rhai-run") generated 1 warning (run `cargo fix --bin "rhai-run" -p rhai` to apply 1 suggestion)
    Finished `test` profile [unoptimized] target(s) in 6.37s
     Running tests/sys_env.rs (/tmp/agent-build-sdku18v2/target/debug/deps/sys_env-c1b1310c31eb1f17)

running 7 tests
test test_cwd_matches_process ... ok
test test_env_allow_list_unset_variable ... ok
test test_env_allow_list_value ... ok
test test_env_default_policy_hides_all ... ok
test test_env_var_non_utf8 ... ok
test test_env_var_set_and_unset ... ok
test test_env_vars_all ... ok

test result: ok. 7 passed; 0 failed; 0 ignored; 0 measured; 0 filtered out; finished in 0.07s

STATUS fixture-04-sys_env: 0
PRIVATE_RUNTIME_SAMPLED_STORAGE fixture-04-sys_env: 575672 KiB; sampled maximum 575672 KiB (1 s du -sk samples)
TARGET_TEST_COUNT 04-sys_env: 7
COMMAND fixture-04-sys_fs: /root/.cargo/bin/cargo test --locked --jobs 2 --features testing-environ,sys,metadata,serde --test sys_fs -- --test-threads=1 --nocapture
LOG /root/rhai-linux-sys-release-features-task/followup-e1db9baa-attempt3/evidence/fixture-04-sys_fs.log
warning: unused import: `PathBuf`
 --> src/bin/rhai-run.rs:8:18
  |
8 |     path::{Path, PathBuf},
  |                  ^^^^^^^
  |
  = note: `#[warn(unused_imports)]` (part of `#[warn(unused)]`) on by default

   Compiling rhai v1.26.1 (/tmp/agent-build-sdku18v2/source)
warning: `rhai` (bin "rhai-run") generated 1 warning (run `cargo fix --bin "rhai-run" -p rhai` to apply 1 suggestion)
    Finished `test` profile [unoptimized] target(s) in 0.23s
     Running tests/sys_fs.rs (/tmp/agent-build-sdku18v2/target/debug/deps/sys_fs-1ca294450183daff)

running 35 tests
test test_create_dir_cases ... ok
test test_deep_tree_and_many_entries ... ok
test test_empty_and_mixed_writes ... ok
test test_file_handle_blob_read_respects_engine_array_limit ... ok
test test_file_handle_read_blob_preserves_bytes_and_obeys_host_cap ... ok
test test_file_handle_read_respects_engine_limit_below_host_cap ... ok
test test_file_handle_read_string_advances_the_shared_cursor ... ok
test test_file_handle_reads_fail_at_eof_and_on_write_only_handle ... ok
test test_file_handle_reads_obey_host_cap_and_reject_negative_lengths_without_moving ... ok
test test_file_handle_string_read_requires_complete_utf8 ... ok
test test_large_file_round_trip ... ok
test test_metadata_symlink_and_readonly ... ok
test test_no_handle_leak ... ok
test test_non_utf8_file_name ... ok
test test_open_file_checks_grants_before_mutation_and_stays_confined ... ok
test test_open_file_default_preserves_contents_and_shares_cursor ... independent host readback: "original XYyload"
ok
test test_open_file_modes_and_exclusive_create ... ok
test test_path_spellings ... ok
test test_predicates_and_metadata ... ok
test test_read_binary ... ok
test test_read_dir_cases ... ok
test test_read_file_cases ... ok
test test_remove_cases ... ok
test test_rename_and_copy ... ok
test test_rename_overwrite_and_directory ... ok
test test_unicode_names ... ok
test test_unrestricted_missing_parents ... ok
test test_unrestricted_relative_paths ... ok
test test_unrestricted_relative_paths_after_cwd_is_unlinked ... ok
test test_unrestricted_round_trip ... ok
test test_unrestricted_symlink_then_parent_uses_host_resolution ... ok
test test_unrestricted_symlinks_follow_host_semantics ... ok
test test_write_append_blob ... ok
test test_write_into_missing_parent ... ok
test test_wrong_entry_kind ... ok

test result: ok. 35 passed; 0 failed; 0 ignored; 0 measured; 0 filtered out; finished in 0.18s

STATUS fixture-04-sys_fs: 0
PRIVATE_RUNTIME_SAMPLED_STORAGE fixture-04-sys_fs: 589204 KiB; sampled maximum 589204 KiB (1 s du -sk samples)
TARGET_TEST_COUNT 04-sys_fs: 35
COMMAND fixture-04-sys_policy: /root/.cargo/bin/cargo test --locked --jobs 2 --features testing-environ,sys,metadata,serde --test sys_policy -- --test-threads=1 --nocapture
LOG /root/rhai-linux-sys-release-features-task/followup-e1db9baa-attempt3/evidence/fixture-04-sys_policy.log
warning: unused import: `PathBuf`
 --> src/bin/rhai-run.rs:8:18
  |
8 |     path::{Path, PathBuf},
  |                  ^^^^^^^
  |
  = note: `#[warn(unused_imports)]` (part of `#[warn(unused)]`) on by default

warning: `rhai` (bin "rhai-run") generated 1 warning (run `cargo fix --bin "rhai-run" -p rhai` to apply 1 suggestion)
   Compiling rhai v1.26.1 (/tmp/agent-build-sdku18v2/source)
    Finished `test` profile [unoptimized] target(s) in 0.18s
     Running tests/sys_policy.rs (/tmp/agent-build-sdku18v2/target/debug/deps/sys_policy-f23db482bee87331)

running 24 tests
test test_absolute_path_with_parent_components ... ok
test test_absolute_paths ... ok
test test_config_builder ... ok
test test_configured_root_symlink_then_parent_uses_os_resolution ... ok
test test_copy_across_roots ... ok
test test_default_config_denies_fs ... ok
test test_env_allow_list ... ok
test test_error_position ... ok
test test_error_variants ... ok
test test_errors_are_catchable ... ok
test test_function_metadata ... ok
test test_host_can_downcast ... ok
test test_missing_root_fails_early ... ok
test test_multiple_roots ... ok
test test_nested_roots_longest_prefix ... ok
test test_parent_traversal_is_denied ... ok
test test_plain_engine_has_no_sys_functions ... ok
test test_read_only_root ... ok
test test_remove_dir_all_needs_delete_access ... ok
test test_root_with_dot_components ... ok
test test_static_module_and_sharing ... ok
test test_symlink_escape_is_denied ... ok
test test_symlinked_root ... ok
test test_unrestricted_respects_access_level ... ok

test result: ok. 24 passed; 0 failed; 0 ignored; 0 measured; 0 filtered out; finished in 0.06s

STATUS fixture-04-sys_policy: 0
PRIVATE_RUNTIME_SAMPLED_STORAGE fixture-04-sys_policy: 603012 KiB; sampled maximum 603012 KiB (1 s du -sk samples)
TARGET_TEST_COUNT 04-sys_policy: 24
COMMAND fixture-05-sys_env: /root/.cargo/bin/cargo test --locked --jobs 2 --features testing-environ,sys,only_i32,no_float --test sys_env -- --test-threads=1 --nocapture
LOG /root/rhai-linux-sys-release-features-task/followup-e1db9baa-attempt3/evidence/fixture-05-sys_env.log
   Compiling rhai v1.26.1 (/tmp/agent-build-sdku18v2/source)
warning: unused import: `PathBuf`
 --> src/bin/rhai-run.rs:8:18
  |
8 |     path::{Path, PathBuf},
  |                  ^^^^^^^
  |
  = note: `#[warn(unused_imports)]` (part of `#[warn(unused)]`) on by default

warning: `rhai` (bin "rhai-run") generated 1 warning (run `cargo fix --bin "rhai-run" -p rhai` to apply 1 suggestion)
    Finished `test` profile [unoptimized] target(s) in 3.34s
     Running tests/sys_env.rs (/tmp/agent-build-sdku18v2/target/debug/deps/sys_env-9ff65755cdc94d9e)

running 7 tests
test test_cwd_matches_process ... ok
test test_env_allow_list_unset_variable ... ok
test test_env_allow_list_value ... ok
test test_env_default_policy_hides_all ... ok
test test_env_var_non_utf8 ... ok
test test_env_var_set_and_unset ... ok
test test_env_vars_all ... ok

test result: ok. 7 passed; 0 failed; 0 ignored; 0 measured; 0 filtered out; finished in 0.07s

STATUS fixture-05-sys_env: 0
PRIVATE_RUNTIME_SAMPLED_STORAGE fixture-05-sys_env: 656616 KiB; sampled maximum 656616 KiB (1 s du -sk samples)
TARGET_TEST_COUNT 05-sys_env: 7
COMMAND fixture-05-sys_fs: /root/.cargo/bin/cargo test --locked --jobs 2 --features testing-environ,sys,only_i32,no_float --test sys_fs -- --test-threads=1 --nocapture
LOG /root/rhai-linux-sys-release-features-task/followup-e1db9baa-attempt3/evidence/fixture-05-sys_fs.log
   Compiling rhai v1.26.1 (/tmp/agent-build-sdku18v2/source)
warning: unused import: `PathBuf`
 --> src/bin/rhai-run.rs:8:18
  |
8 |     path::{Path, PathBuf},
  |                  ^^^^^^^
  |
  = note: `#[warn(unused_imports)]` (part of `#[warn(unused)]`) on by default

warning: `rhai` (bin "rhai-run") generated 1 warning (run `cargo fix --bin "rhai-run" -p rhai` to apply 1 suggestion)
    Finished `test` profile [unoptimized] target(s) in 0.21s
     Running tests/sys_fs.rs (/tmp/agent-build-sdku18v2/target/debug/deps/sys_fs-95eb88bc30f94f8b)

running 35 tests
test test_create_dir_cases ... ok
test test_deep_tree_and_many_entries ... ok
test test_empty_and_mixed_writes ... ok
test test_file_handle_blob_read_respects_engine_array_limit ... ok
test test_file_handle_read_blob_preserves_bytes_and_obeys_host_cap ... ok
test test_file_handle_read_respects_engine_limit_below_host_cap ... ok
test test_file_handle_read_string_advances_the_shared_cursor ... ok
test test_file_handle_reads_fail_at_eof_and_on_write_only_handle ... ok
test test_file_handle_reads_obey_host_cap_and_reject_negative_lengths_without_moving ... ok
test test_file_handle_string_read_requires_complete_utf8 ... ok
test test_large_file_round_trip ... ok
test test_metadata_symlink_and_readonly ... ok
test test_no_handle_leak ... ok
test test_non_utf8_file_name ... ok
test test_open_file_checks_grants_before_mutation_and_stays_confined ... ok
test test_open_file_default_preserves_contents_and_shares_cursor ... independent host readback: "original XYyload"
ok
test test_open_file_modes_and_exclusive_create ... ok
test test_path_spellings ... ok
test test_predicates_and_metadata ... ok
test test_read_binary ... ok
test test_read_dir_cases ... ok
test test_read_file_cases ... ok
test test_remove_cases ... ok
test test_rename_and_copy ... ok
test test_rename_overwrite_and_directory ... ok
test test_unicode_names ... ok
test test_unrestricted_missing_parents ... ok
test test_unrestricted_relative_paths ... ok
test test_unrestricted_relative_paths_after_cwd_is_unlinked ... ok
test test_unrestricted_round_trip ... ok
test test_unrestricted_symlink_then_parent_uses_host_resolution ... ok
test test_unrestricted_symlinks_follow_host_semantics ... ok
test test_write_append_blob ... ok
test test_write_into_missing_parent ... ok
test test_wrong_entry_kind ... ok

test result: ok. 35 passed; 0 failed; 0 ignored; 0 measured; 0 filtered out; finished in 0.14s

STATUS fixture-05-sys_fs: 0
PRIVATE_RUNTIME_SAMPLED_STORAGE fixture-05-sys_fs: 666420 KiB; sampled maximum 666420 KiB (1 s du -sk samples)
TARGET_TEST_COUNT 05-sys_fs: 35
COMMAND fixture-05-sys_policy: /root/.cargo/bin/cargo test --locked --jobs 2 --features testing-environ,sys,only_i32,no_float --test sys_policy -- --test-threads=1 --nocapture
LOG /root/rhai-linux-sys-release-features-task/followup-e1db9baa-attempt3/evidence/fixture-05-sys_policy.log
   Compiling rhai v1.26.1 (/tmp/agent-build-sdku18v2/source)
warning: unused import: `PathBuf`
 --> src/bin/rhai-run.rs:8:18
  |
8 |     path::{Path, PathBuf},
  |                  ^^^^^^^
  |
  = note: `#[warn(unused_imports)]` (part of `#[warn(unused)]`) on by default

warning: `rhai` (bin "rhai-run") generated 1 warning (run `cargo fix --bin "rhai-run" -p rhai` to apply 1 suggestion)
    Finished `test` profile [unoptimized] target(s) in 0.17s
     Running tests/sys_policy.rs (/tmp/agent-build-sdku18v2/target/debug/deps/sys_policy-128ee592882573e7)

running 23 tests
test test_absolute_path_with_parent_components ... ok
test test_absolute_paths ... ok
test test_config_builder ... ok
test test_configured_root_symlink_then_parent_uses_os_resolution ... ok
test test_copy_across_roots ... ok
test test_default_config_denies_fs ... ok
test test_env_allow_list ... ok
test test_error_position ... ok
test test_error_variants ... ok
test test_errors_are_catchable ... ok
test test_host_can_downcast ... ok
test test_missing_root_fails_early ... ok
test test_multiple_roots ... ok
test test_nested_roots_longest_prefix ... ok
test test_parent_traversal_is_denied ... ok
test test_plain_engine_has_no_sys_functions ... ok
test test_read_only_root ... ok
test test_remove_dir_all_needs_delete_access ... ok
test test_root_with_dot_components ... ok
test test_static_module_and_sharing ... ok
test test_symlink_escape_is_denied ... ok
test test_symlinked_root ... ok
test test_unrestricted_respects_access_level ... ok

test result: ok. 23 passed; 0 failed; 0 ignored; 0 measured; 0 filtered out; finished in 0.03s

STATUS fixture-05-sys_policy: 0
PRIVATE_RUNTIME_SAMPLED_STORAGE fixture-05-sys_policy: 676112 KiB; sampled maximum 676112 KiB (1 s du -sk samples)
TARGET_TEST_COUNT 05-sys_policy: 23
COMMAND fixture-06-sys_env: /root/.cargo/bin/cargo test --locked --jobs 2 --features testing-environ,sys,unchecked --test sys_env -- --test-threads=1 --nocapture
LOG /root/rhai-linux-sys-release-features-task/followup-e1db9baa-attempt3/evidence/fixture-06-sys_env.log
   Compiling rhai v1.26.1 (/tmp/agent-build-sdku18v2/source)
warning: unused variable: `ctx`
   --> src/packages/sys/fs.rs:583:40
    |
583 |         .set_into_module(module, move |ctx: NativeCallContext, file: FileHandle, len: INT| -> Res<crate::Blob> {
    |                                        ^^^ help: if this is intentional, prefix it with an underscore: `_ctx`
    |
    = note: `#[warn(unused_variables)]` (part of `#[warn(unused)]`) on by default

warning: unused variable: `ctx`
   --> src/packages/sys/fs.rs:566:40
    |
566 |         .set_into_module(module, move |ctx: NativeCallContext, file: FileHandle| -> Res<crate::Blob> {
    |                                        ^^^ help: if this is intentional, prefix it with an underscore: `_ctx`

warning: unused variable: `ctx`
   --> src/packages/sys/fs.rs:538:36
    |
538 |     .set_into_module(module, move |ctx: NativeCallContext, file: FileHandle, len: INT| -> Res<String> {
    |                                    ^^^ help: if this is intentional, prefix it with an underscore: `_ctx`

warning: unused variable: `ctx`
   --> src/packages/sys/fs.rs:513:36
    |
513 |     .set_into_module(module, move |ctx: NativeCallContext, file: FileHandle| -> Res<String> {
    |                                    ^^^ help: if this is intentional, prefix it with an underscore: `_ctx`

warning: `rhai` (lib) generated 4 warnings (run `cargo fix --lib -p rhai` to apply 4 suggestions)
warning: unused import: `PathBuf`
 --> src/bin/rhai-run.rs:8:18
  |
8 |     path::{Path, PathBuf},
  |                  ^^^^^^^
  |
  = note: `#[warn(unused_imports)]` (part of `#[warn(unused)]`) on by default

warning: `rhai` (bin "rhai-run") generated 1 warning (run `cargo fix --bin "rhai-run" -p rhai` to apply 1 suggestion)
    Finished `test` profile [unoptimized] target(s) in 4.35s
     Running tests/sys_env.rs (/tmp/agent-build-sdku18v2/target/debug/deps/sys_env-777ebe1fa809719e)

running 7 tests
test test_cwd_matches_process ... ok
test test_env_allow_list_unset_variable ... ok
test test_env_allow_list_value ... ok
test test_env_default_policy_hides_all ... ok
test test_env_var_non_utf8 ... ok
test test_env_var_set_and_unset ... ok
test test_env_vars_all ... ok

test result: ok. 7 passed; 0 failed; 0 ignored; 0 measured; 0 filtered out; finished in 0.07s

STATUS fixture-06-sys_env: 0
PRIVATE_RUNTIME_SAMPLED_STORAGE fixture-06-sys_env: 745600 KiB; sampled maximum 745600 KiB (1 s du -sk samples)
TARGET_TEST_COUNT 06-sys_env: 7
COMMAND fixture-06-sys_fs: /root/.cargo/bin/cargo test --locked --jobs 2 --features testing-environ,sys,unchecked --test sys_fs -- --test-threads=1 --nocapture
LOG /root/rhai-linux-sys-release-features-task/followup-e1db9baa-attempt3/evidence/fixture-06-sys_fs.log
warning: unused variable: `ctx`
   --> src/packages/sys/fs.rs:583:40
    |
583 |         .set_into_module(module, move |ctx: NativeCallContext, file: FileHandle, len: INT| -> Res<crate::Blob> {
    |                                        ^^^ help: if this is intentional, prefix it with an underscore: `_ctx`
    |
    = note: `#[warn(unused_variables)]` (part of `#[warn(unused)]`) on by default

warning: unused variable: `ctx`
   --> src/packages/sys/fs.rs:566:40
    |
566 |         .set_into_module(module, move |ctx: NativeCallContext, file: FileHandle| -> Res<crate::Blob> {
    |                                        ^^^ help: if this is intentional, prefix it with an underscore: `_ctx`

warning: unused variable: `ctx`
   --> src/packages/sys/fs.rs:538:36
    |
538 |     .set_into_module(module, move |ctx: NativeCallContext, file: FileHandle, len: INT| -> Res<String> {
    |                                    ^^^ help: if this is intentional, prefix it with an underscore: `_ctx`

warning: unused variable: `ctx`
   --> src/packages/sys/fs.rs:513:36
    |
513 |     .set_into_module(module, move |ctx: NativeCallContext, file: FileHandle| -> Res<String> {
    |                                    ^^^ help: if this is intentional, prefix it with an underscore: `_ctx`

warning: `rhai` (lib) generated 4 warnings (run `cargo fix --lib -p rhai` to apply 4 suggestions)
   Compiling rhai v1.26.1 (/tmp/agent-build-sdku18v2/source)
warning: unused import: `PathBuf`
 --> src/bin/rhai-run.rs:8:18
  |
8 |     path::{Path, PathBuf},
  |                  ^^^^^^^
  |
  = note: `#[warn(unused_imports)]` (part of `#[warn(unused)]`) on by default

warning: `rhai` (bin "rhai-run") generated 1 warning (run `cargo fix --bin "rhai-run" -p rhai` to apply 1 suggestion)
    Finished `test` profile [unoptimized] target(s) in 0.22s
     Running tests/sys_fs.rs (/tmp/agent-build-sdku18v2/target/debug/deps/sys_fs-46aad37555b2d315)

running 33 tests
test test_create_dir_cases ... ok
test test_deep_tree_and_many_entries ... ok
test test_empty_and_mixed_writes ... ok
test test_file_handle_read_blob_preserves_bytes_and_obeys_host_cap ... ok
test test_file_handle_read_string_advances_the_shared_cursor ... ok
test test_file_handle_reads_fail_at_eof_and_on_write_only_handle ... ok
test test_file_handle_reads_obey_host_cap_and_reject_negative_lengths_without_moving ... ok
test test_file_handle_string_read_requires_complete_utf8 ... ok
test test_large_file_round_trip ... ok
test test_metadata_symlink_and_readonly ... ok
test test_no_handle_leak ... ok
test test_non_utf8_file_name ... ok
test test_open_file_checks_grants_before_mutation_and_stays_confined ... ok
test test_open_file_default_preserves_contents_and_shares_cursor ... independent host readback: "original XYyload"
ok
test test_open_file_modes_and_exclusive_create ... ok
test test_path_spellings ... ok
test test_predicates_and_metadata ... ok
test test_read_binary ... ok
test test_read_dir_cases ... ok
test test_read_file_cases ... ok
test test_remove_cases ... ok
test test_rename_and_copy ... ok
test test_rename_overwrite_and_directory ... ok
test test_unicode_names ... ok
test test_unrestricted_missing_parents ... ok
test test_unrestricted_relative_paths ... ok
test test_unrestricted_relative_paths_after_cwd_is_unlinked ... ok
test test_unrestricted_round_trip ... ok
test test_unrestricted_symlink_then_parent_uses_host_resolution ... ok
test test_unrestricted_symlinks_follow_host_semantics ... ok
test test_write_append_blob ... ok
test test_write_into_missing_parent ... ok
test test_wrong_entry_kind ... ok

test result: ok. 33 passed; 0 failed; 0 ignored; 0 measured; 0 filtered out; finished in 0.16s

STATUS fixture-06-sys_fs: 0
PRIVATE_RUNTIME_SAMPLED_STORAGE fixture-06-sys_fs: 758116 KiB; sampled maximum 758116 KiB (1 s du -sk samples)
TARGET_TEST_COUNT 06-sys_fs: 33
COMMAND fixture-06-sys_policy: /root/.cargo/bin/cargo test --locked --jobs 2 --features testing-environ,sys,unchecked --test sys_policy -- --test-threads=1 --nocapture
LOG /root/rhai-linux-sys-release-features-task/followup-e1db9baa-attempt3/evidence/fixture-06-sys_policy.log
warning: unused variable: `ctx`
   --> src/packages/sys/fs.rs:583:40
    |
583 |         .set_into_module(module, move |ctx: NativeCallContext, file: FileHandle, len: INT| -> Res<crate::Blob> {
    |                                        ^^^ help: if this is intentional, prefix it with an underscore: `_ctx`
    |
    = note: `#[warn(unused_variables)]` (part of `#[warn(unused)]`) on by default

warning: unused variable: `ctx`
   --> src/packages/sys/fs.rs:566:40
    |
566 |         .set_into_module(module, move |ctx: NativeCallContext, file: FileHandle| -> Res<crate::Blob> {
    |                                        ^^^ help: if this is intentional, prefix it with an underscore: `_ctx`

warning: unused variable: `ctx`
   --> src/packages/sys/fs.rs:538:36
    |
538 |     .set_into_module(module, move |ctx: NativeCallContext, file: FileHandle, len: INT| -> Res<String> {
    |                                    ^^^ help: if this is intentional, prefix it with an underscore: `_ctx`

warning: unused variable: `ctx`
   --> src/packages/sys/fs.rs:513:36
    |
513 |     .set_into_module(module, move |ctx: NativeCallContext, file: FileHandle| -> Res<String> {
    |                                    ^^^ help: if this is intentional, prefix it with an underscore: `_ctx`

warning: `rhai` (lib) generated 4 warnings (run `cargo fix --lib -p rhai` to apply 4 suggestions)
   Compiling rhai v1.26.1 (/tmp/agent-build-sdku18v2/source)
warning: unused import: `PathBuf`
 --> src/bin/rhai-run.rs:8:18
  |
8 |     path::{Path, PathBuf},
  |                  ^^^^^^^
  |
  = note: `#[warn(unused_imports)]` (part of `#[warn(unused)]`) on by default

warning: `rhai` (bin "rhai-run") generated 1 warning (run `cargo fix --bin "rhai-run" -p rhai` to apply 1 suggestion)
    Finished `test` profile [unoptimized] target(s) in 0.19s
     Running tests/sys_policy.rs (/tmp/agent-build-sdku18v2/target/debug/deps/sys_policy-9471a19b3230f895)

running 23 tests
test test_absolute_path_with_parent_components ... ok
test test_absolute_paths ... ok
test test_config_builder ... ok
test test_configured_root_symlink_then_parent_uses_os_resolution ... ok
test test_copy_across_roots ... ok
test test_default_config_denies_fs ... ok
test test_env_allow_list ... ok
test test_error_position ... ok
test test_error_variants ... ok
test test_errors_are_catchable ... ok
test test_host_can_downcast ... ok
test test_missing_root_fails_early ... ok
test test_multiple_roots ... ok
test test_nested_roots_longest_prefix ... ok
test test_parent_traversal_is_denied ... ok
test test_plain_engine_has_no_sys_functions ... ok
test test_read_only_root ... ok
test test_remove_dir_all_needs_delete_access ... ok
test test_root_with_dot_components ... ok
test test_static_module_and_sharing ... ok
test test_symlink_escape_is_denied ... ok
test test_symlinked_root ... ok
test test_unrestricted_respects_access_level ... ok

test result: ok. 23 passed; 0 failed; 0 ignored; 0 measured; 0 filtered out; finished in 0.04s

STATUS fixture-06-sys_policy: 0
PRIVATE_RUNTIME_SAMPLED_STORAGE fixture-06-sys_policy: 770524 KiB; sampled maximum 770524 KiB (1 s du -sk samples)
TARGET_TEST_COUNT 06-sys_policy: 23
COMMAND fixture-07-sys_env: /root/.cargo/bin/cargo test --locked --jobs 2 --features testing-environ,sys,no_index,sync,metadata --test sys_env -- --test-threads=1 --nocapture
LOG /root/rhai-linux-sys-release-features-task/followup-e1db9baa-attempt3/evidence/fixture-07-sys_env.log
   Compiling rhai v1.26.1 (/tmp/agent-build-sdku18v2/source)
   Compiling rhai_codegen v3.2.0 (/tmp/agent-build-sdku18v2/source/codegen)
warning: function `os_to_string` is never used
   --> src/packages/sys/fs.rs:287:4
    |
287 | fn os_to_string(what: &str, s: std::ffi::OsString) -> Result<String, SysError> {
    |    ^^^^^^^^^^^^
    |
    = note: `#[warn(dead_code)]` (part of `#[warn(unused)]`) on by default

warning: `rhai` (lib) generated 1 warning
warning: unused import: `PathBuf`
 --> src/bin/rhai-run.rs:8:18
  |
8 |     path::{Path, PathBuf},
  |                  ^^^^^^^
  |
  = note: `#[warn(unused_imports)]` (part of `#[warn(unused)]`) on by default

warning: `rhai` (bin "rhai-run") generated 1 warning (run `cargo fix --bin "rhai-run" -p rhai` to apply 1 suggestion)
    Finished `test` profile [unoptimized] target(s) in 4.67s
     Running tests/sys_env.rs (/tmp/agent-build-sdku18v2/target/debug/deps/sys_env-7d0e8d48ab9e7a4d)

running 7 tests
test test_cwd_matches_process ... ok
test test_env_allow_list_unset_variable ... ok
test test_env_allow_list_value ... ok
test test_env_default_policy_hides_all ... ok
test test_env_var_non_utf8 ... ok
test test_env_var_set_and_unset ... ok
test test_env_vars_all ... ok

test result: ok. 7 passed; 0 failed; 0 ignored; 0 measured; 0 filtered out; finished in 0.07s

STATUS fixture-07-sys_env: 0
PRIVATE_RUNTIME_SAMPLED_STORAGE fixture-07-sys_env: 839824 KiB; sampled maximum 839824 KiB (1 s du -sk samples)
TARGET_TEST_COUNT 07-sys_env: 7
COMMAND fixture-07-sys_fs: /root/.cargo/bin/cargo test --locked --jobs 2 --features testing-environ,sys,no_index,sync,metadata --test sys_fs -- --test-threads=1 --nocapture
LOG /root/rhai-linux-sys-release-features-task/followup-e1db9baa-attempt3/evidence/fixture-07-sys_fs.log
warning: function `os_to_string` is never used
   --> src/packages/sys/fs.rs:287:4
    |
287 | fn os_to_string(what: &str, s: std::ffi::OsString) -> Result<String, SysError> {
    |    ^^^^^^^^^^^^
    |
    = note: `#[warn(dead_code)]` (part of `#[warn(unused)]`) on by default

warning: `rhai` (lib) generated 1 warning
warning: unused import: `PathBuf`
 --> src/bin/rhai-run.rs:8:18
  |
8 |     path::{Path, PathBuf},
  |                  ^^^^^^^
  |
  = note: `#[warn(unused_imports)]` (part of `#[warn(unused)]`) on by default

   Compiling rhai v1.26.1 (/tmp/agent-build-sdku18v2/source)
warning: `rhai` (bin "rhai-run") generated 1 warning (run `cargo fix --bin "rhai-run" -p rhai` to apply 1 suggestion)
    Finished `test` profile [unoptimized] target(s) in 0.19s
     Running tests/sys_fs.rs (/tmp/agent-build-sdku18v2/target/debug/deps/sys_fs-7c122bb954d464c5)

running 24 tests
test test_create_dir_cases ... ok
test test_file_handle_blob_read_is_omitted_under_no_index ... ok
test test_file_handle_read_respects_engine_limit_below_host_cap ... ok
test test_file_handle_read_string_advances_the_shared_cursor ... ok
test test_file_handle_reads_fail_at_eof_and_on_write_only_handle ... ok
test test_file_handle_reads_obey_host_cap_and_reject_negative_lengths_without_moving ... ok
test test_file_handle_string_read_requires_complete_utf8 ... ok
test test_metadata_symlink_and_readonly ... ok
test test_open_file_checks_grants_before_mutation_and_stays_confined ... ok
test test_open_file_default_preserves_contents_and_shares_cursor ... independent host readback: "original XYyload"
ok
test test_open_file_modes_and_exclusive_create ... ok
test test_path_spellings ... ok
test test_predicates_and_metadata ... ok
test test_read_file_cases ... ok
test test_remove_cases ... ok
test test_rename_and_copy ... ok
test test_rename_overwrite_and_directory ... ok
test test_unrestricted_missing_parents ... ok
test test_unrestricted_relative_paths ... ok
test test_unrestricted_relative_paths_after_cwd_is_unlinked ... ok
test test_unrestricted_symlink_then_parent_uses_host_resolution ... ok
test test_unrestricted_symlinks_follow_host_semantics ... ok
test test_write_into_missing_parent ... ok
test test_wrong_entry_kind ... ok

test result: ok. 24 passed; 0 failed; 0 ignored; 0 measured; 0 filtered out; finished in 0.06s

STATUS fixture-07-sys_fs: 0
PRIVATE_RUNTIME_SAMPLED_STORAGE fixture-07-sys_fs: 851004 KiB; sampled maximum 851004 KiB (1 s du -sk samples)
TARGET_TEST_COUNT 07-sys_fs: 24
COMMAND fixture-07-sys_policy: /root/.cargo/bin/cargo test --locked --jobs 2 --features testing-environ,sys,no_index,sync,metadata --test sys_policy -- --test-threads=1 --nocapture
LOG /root/rhai-linux-sys-release-features-task/followup-e1db9baa-attempt3/evidence/fixture-07-sys_policy.log
warning: function `os_to_string` is never used
   --> src/packages/sys/fs.rs:287:4
    |
287 | fn os_to_string(what: &str, s: std::ffi::OsString) -> Result<String, SysError> {
    |    ^^^^^^^^^^^^
    |
    = note: `#[warn(dead_code)]` (part of `#[warn(unused)]`) on by default

warning: `rhai` (lib) generated 1 warning
warning: unused import: `PathBuf`
 --> src/bin/rhai-run.rs:8:18
  |
8 |     path::{Path, PathBuf},
  |                  ^^^^^^^
  |
  = note: `#[warn(unused_imports)]` (part of `#[warn(unused)]`) on by default

warning: `rhai` (bin "rhai-run") generated 1 warning (run `cargo fix --bin "rhai-run" -p rhai` to apply 1 suggestion)
   Compiling rhai v1.26.1 (/tmp/agent-build-sdku18v2/source)
warning: variable does not need to be mutable
  --> tests/sys_policy.rs:14:9
   |
14 |     let mut scripts = vec![r#"read_file("x")"#, r#"write_file("x", "y")"#, r#"exists("x")"#, r#"create_dir("x")"#, r#"remove_file("x...
   |         ----^^^^^^^
   |         |
   |         help: remove this `mut`
   |
   = note: `#[warn(unused_mut)]` (part of `#[warn(unused)]`) on by default

warning: variable does not need to be mutable
  --> tests/sys_policy.rs:63:9
   |
63 |     let mut scripts = vec![r#"read_file("../secret.txt")"#, r#"read_file("sub/../../secret.txt")"#, r#"exists("../secret.txt")"#, r#...
   |         ----^^^^^^^
   |         |
   |         help: remove this `mut`

warning: `rhai` (test "sys_policy") generated 2 warnings (run `cargo fix --test "sys_policy" -p rhai` to apply 2 suggestions)
    Finished `test` profile [unoptimized] target(s) in 0.21s
     Running tests/sys_policy.rs (/tmp/agent-build-sdku18v2/target/debug/deps/sys_policy-8fae664ab95413c5)

running 25 tests
test test_absolute_path_with_parent_components ... ok
test test_absolute_paths ... ok
test test_config_builder ... ok
test test_configured_root_symlink_then_parent_uses_os_resolution ... ok
test test_copy_across_roots ... ok
test test_default_config_denies_fs ... ok
test test_env_allow_list ... ok
test test_error_position ... ok
test test_error_variants ... ok
test test_errors_are_catchable ... ok
test test_function_metadata ... ok
test test_host_can_downcast ... ok
test test_missing_root_fails_early ... ok
test test_multiple_roots ... ok
test test_nested_roots_longest_prefix ... ok
test test_parent_traversal_is_denied ... ok
test test_plain_engine_has_no_sys_functions ... ok
test test_read_only_root ... ok
test test_remove_dir_all_needs_delete_access ... ok
test test_root_with_dot_components ... ok
test test_static_module_and_sharing ... ok
test test_symlink_escape_is_denied ... ok
test test_symlinked_root ... ok
test test_sync_threads ... ok
test test_unrestricted_respects_access_level ... ok

test result: ok. 25 passed; 0 failed; 0 ignored; 0 measured; 0 filtered out; finished in 0.09s

STATUS fixture-07-sys_policy: 0
PRIVATE_RUNTIME_SAMPLED_STORAGE fixture-07-sys_policy: 862632 KiB; sampled maximum 862632 KiB (1 s du -sk samples)
TARGET_TEST_COUNT 07-sys_policy: 25
COMMAND fixture-08-sys_env: /root/.cargo/bin/cargo test --locked --jobs 2 --features testing-environ,sys,f32_float --test sys_env -- --test-threads=1 --nocapture
LOG /root/rhai-linux-sys-release-features-task/followup-e1db9baa-attempt3/evidence/fixture-08-sys_env.log
   Compiling rhai v1.26.1 (/tmp/agent-build-sdku18v2/source)
warning: unused import: `PathBuf`
 --> src/bin/rhai-run.rs:8:18
  |
8 |     path::{Path, PathBuf},
  |                  ^^^^^^^
  |
  = note: `#[warn(unused_imports)]` (part of `#[warn(unused)]`) on by default

warning: `rhai` (bin "rhai-run") generated 1 warning (run `cargo fix --bin "rhai-run" -p rhai` to apply 1 suggestion)
    Finished `test` profile [unoptimized] target(s) in 4.39s
     Running tests/sys_env.rs (/tmp/agent-build-sdku18v2/target/debug/deps/sys_env-9e28a1c4845b474a)

running 7 tests
test test_cwd_matches_process ... ok
test test_env_allow_list_unset_variable ... ok
test test_env_allow_list_value ... ok
test test_env_default_policy_hides_all ... ok
test test_env_var_non_utf8 ... ok
test test_env_var_set_and_unset ... ok
test test_env_vars_all ... ok

test result: ok. 7 passed; 0 failed; 0 ignored; 0 measured; 0 filtered out; finished in 0.07s

STATUS fixture-08-sys_env: 0
PRIVATE_RUNTIME_SAMPLED_STORAGE fixture-08-sys_env: 933428 KiB; sampled maximum 933428 KiB (1 s du -sk samples)
TARGET_TEST_COUNT 08-sys_env: 7
COMMAND fixture-08-sys_fs: /root/.cargo/bin/cargo test --locked --jobs 2 --features testing-environ,sys,f32_float --test sys_fs -- --test-threads=1 --nocapture
LOG /root/rhai-linux-sys-release-features-task/followup-e1db9baa-attempt3/evidence/fixture-08-sys_fs.log
   Compiling rhai v1.26.1 (/tmp/agent-build-sdku18v2/source)
warning: unused import: `PathBuf`
 --> src/bin/rhai-run.rs:8:18
  |
8 |     path::{Path, PathBuf},
  |                  ^^^^^^^
  |
  = note: `#[warn(unused_imports)]` (part of `#[warn(unused)]`) on by default

warning: `rhai` (bin "rhai-run") generated 1 warning (run `cargo fix --bin "rhai-run" -p rhai` to apply 1 suggestion)
    Finished `test` profile [unoptimized] target(s) in 0.22s
     Running tests/sys_fs.rs (/tmp/agent-build-sdku18v2/target/debug/deps/sys_fs-ba7cc18d49063e35)

running 35 tests
test test_create_dir_cases ... ok
test test_deep_tree_and_many_entries ... ok
test test_empty_and_mixed_writes ... ok
test test_file_handle_blob_read_respects_engine_array_limit ... ok
test test_file_handle_read_blob_preserves_bytes_and_obeys_host_cap ... ok
test test_file_handle_read_respects_engine_limit_below_host_cap ... ok
test test_file_handle_read_string_advances_the_shared_cursor ... ok
test test_file_handle_reads_fail_at_eof_and_on_write_only_handle ... ok
test test_file_handle_reads_obey_host_cap_and_reject_negative_lengths_without_moving ... ok
test test_file_handle_string_read_requires_complete_utf8 ... ok
test test_large_file_round_trip ... ok
test test_metadata_symlink_and_readonly ... ok
test test_no_handle_leak ... ok
test test_non_utf8_file_name ... ok
test test_open_file_checks_grants_before_mutation_and_stays_confined ... ok
test test_open_file_default_preserves_contents_and_shares_cursor ... independent host readback: "original XYyload"
ok
test test_open_file_modes_and_exclusive_create ... ok
test test_path_spellings ... ok
test test_predicates_and_metadata ... ok
test test_read_binary ... ok
test test_read_dir_cases ... ok
test test_read_file_cases ... ok
test test_remove_cases ... ok
test test_rename_and_copy ... ok
test test_rename_overwrite_and_directory ... ok
test test_unicode_names ... ok
test test_unrestricted_missing_parents ... ok
test test_unrestricted_relative_paths ... ok
test test_unrestricted_relative_paths_after_cwd_is_unlinked ... ok
test test_unrestricted_round_trip ... ok
test test_unrestricted_symlink_then_parent_uses_host_resolution ... ok
test test_unrestricted_symlinks_follow_host_semantics ... ok
test test_write_append_blob ... ok
test test_write_into_missing_parent ... ok
test test_wrong_entry_kind ... ok

test result: ok. 35 passed; 0 failed; 0 ignored; 0 measured; 0 filtered out; finished in 0.16s

STATUS fixture-08-sys_fs: 0
PRIVATE_RUNTIME_SAMPLED_STORAGE fixture-08-sys_fs: 946188 KiB; sampled maximum 946188 KiB (1 s du -sk samples)
TARGET_TEST_COUNT 08-sys_fs: 35
COMMAND fixture-08-sys_policy: /root/.cargo/bin/cargo test --locked --jobs 2 --features testing-environ,sys,f32_float --test sys_policy -- --test-threads=1 --nocapture
LOG /root/rhai-linux-sys-release-features-task/followup-e1db9baa-attempt3/evidence/fixture-08-sys_policy.log
warning: unused import: `PathBuf`
 --> src/bin/rhai-run.rs:8:18
  |
8 |     path::{Path, PathBuf},
  |                  ^^^^^^^
  |
  = note: `#[warn(unused_imports)]` (part of `#[warn(unused)]`) on by default

warning: `rhai` (bin "rhai-run") generated 1 warning (run `cargo fix --bin "rhai-run" -p rhai` to apply 1 suggestion)
   Compiling rhai v1.26.1 (/tmp/agent-build-sdku18v2/source)
    Finished `test` profile [unoptimized] target(s) in 0.17s
     Running tests/sys_policy.rs (/tmp/agent-build-sdku18v2/target/debug/deps/sys_policy-29f51f374817859d)

running 23 tests
test test_absolute_path_with_parent_components ... ok
test test_absolute_paths ... ok
test test_config_builder ... ok
test test_configured_root_symlink_then_parent_uses_os_resolution ... ok
test test_copy_across_roots ... ok
test test_default_config_denies_fs ... ok
test test_env_allow_list ... ok
test test_error_position ... ok
test test_error_variants ... ok
test test_errors_are_catchable ... ok
test test_host_can_downcast ... ok
test test_missing_root_fails_early ... ok
test test_multiple_roots ... ok
test test_nested_roots_longest_prefix ... ok
test test_parent_traversal_is_denied ... ok
test test_plain_engine_has_no_sys_functions ... ok
test test_read_only_root ... ok
test test_remove_dir_all_needs_delete_access ... ok
test test_root_with_dot_components ... ok
test test_static_module_and_sharing ... ok
test test_symlink_escape_is_denied ... ok
test test_symlinked_root ... ok
test test_unrestricted_respects_access_level ... ok

test result: ok. 23 passed; 0 failed; 0 ignored; 0 measured; 0 filtered out; finished in 0.04s

STATUS fixture-08-sys_policy: 0
PRIVATE_RUNTIME_SAMPLED_STORAGE fixture-08-sys_policy: 958832 KiB; sampled maximum 958832 KiB (1 s du -sk samples)
TARGET_TEST_COUNT 08-sys_policy: 23
EXPORTED_FINAL_LOCK /root/rhai-linux-sys-release-features-task/followup-e1db9baa-attempt3/evidence/Cargo.lock sha256=4aa2e32287d33184c12e98c7a86a17574dbf3a2361c968c76e9611bfd4396cc3
ACCEPTED: native Linux strict Engine/OS sys feature gates; negative control failed on actual fixture bytes and restored assertion passed.
FINAL_PRIVATE_STORAGE_BEFORE_WRAPPER_CLEANUP 958832 KiB
PEAK_OWNED_DESCENDANTS_SAMPLED 6 (1 s ps PID/PPID ancestry samples)
outer_status=0
