 Downloading crates ...
  Downloaded num-traits v0.2.19
  Downloaded fs-set-times v0.20.3
  Downloaded unicode-ident v1.0.26
  Downloaded const-random-macro v0.1.16
  Downloaded crunchy v0.2.4
  Downloaded errno v0.3.14
  Downloaded itoa v1.0.18
  Downloaded io-lifetimes v3.0.1
  Downloaded maybe-owned v0.3.4
  Downloaded cfg-if v1.0.5
  Downloaded autocfg v1.5.1
  Downloaded tiny-keccak v2.0.2
  Downloaded zmij v1.0.23
  Downloaded ipnet v2.12.2
  Downloaded rmp v0.8.15
  Downloaded static_assertions v1.1.0
  Downloaded io-lifetimes v2.0.4
  Downloaded once_cell v1.21.4
  Downloaded smallvec v1.16.2
  Downloaded getrandom v0.2.17
  Downloaded cap-std v4.0.3
  Downloaded smartstring v1.0.1
  Downloaded ahash v0.8.12
  Downloaded io-extras v0.19.0
  Downloaded rmp-serde v1.3.1
  Downloaded serde_core v1.0.229
  Downloaded bitflags v2.13.2
  Downloaded ambient-authority v0.0.2
  Downloaded version_check v0.9.5
  Downloaded const-random v0.1.18
  Downloaded thin-vec v0.2.20
  Downloaded proc-macro2 v1.0.107
  Downloaded quote v1.0.47
  Downloaded serde v1.0.229
  Downloaded cap-primitives v4.0.3
  Downloaded rustix-linux-procfs v0.1.1
  Downloaded getrandom v0.3.4
  Downloaded memchr v2.8.3
  Downloaded serde_json v1.0.151
  Downloaded portable-atomic v1.15.0
  Downloaded zerocopy v0.8.59
  Downloaded syn v2.0.119
  Downloaded rustix v1.1.5
  Downloaded libc v0.2.189
  Downloaded linux-raw-sys v0.12.1
   Compiling autocfg v1.5.1
   Compiling portable-atomic v1.15.0
   Compiling libc v0.2.189
   Compiling crunchy v0.2.4
   Compiling rustix v1.1.5
   Compiling version_check v0.9.5
   Compiling io-lifetimes v2.0.4
   Compiling proc-macro2 v1.0.107
   Compiling cfg-if v1.0.5
   Compiling tiny-keccak v2.0.2
   Compiling bitflags v2.13.2
   Compiling io-lifetimes v3.0.1
   Compiling linux-raw-sys v0.12.1
   Compiling once_cell v1.21.4
   Compiling num-traits v0.2.19
   Compiling quote v1.0.47
   Compiling unicode-ident v1.0.26
   Compiling io-extras v0.19.0
   Compiling getrandom v0.2.17
   Compiling cap-primitives v4.0.3
   Compiling zerocopy v0.8.59
   Compiling getrandom v0.3.4
   Compiling serde_core v1.0.229
   Compiling const-random-macro v0.1.16
   Compiling rustix-linux-procfs v0.1.1
   Compiling fs-set-times v0.20.3
   Compiling smartstring v1.0.1
   Compiling ahash v0.8.12
   Compiling ipnet v2.12.2
   Compiling ambient-authority v0.0.2
   Compiling cap-std v4.0.3
   Compiling maybe-owned v0.3.4
   Compiling syn v2.0.119
   Compiling const-random v0.1.18
   Compiling serde v1.0.229
   Compiling zmij v1.0.23
   Compiling static_assertions v1.1.0
   Compiling rhai v1.26.1 (/tmp/agent-build-sdku18v2/source)
   Compiling rhai_codegen v3.2.0 (/tmp/agent-build-sdku18v2/source/codegen)
   Compiling serde_json v1.0.151
   Compiling smallvec v1.16.2
   Compiling thin-vec v0.2.20
   Compiling rmp v0.8.15
   Compiling itoa v1.0.18
   Compiling memchr v2.8.3
   Compiling rmp-serde v1.3.1
warning: unused import: `PathBuf`
 --> src/bin/rhai-run.rs:8:18
  |
8 |     path::{Path, PathBuf},
  |                  ^^^^^^^
  |
  = note: `#[warn(unused_imports)]` (part of `#[warn(unused)]`) on by default

warning: `rhai` (bin "rhai-run") generated 1 warning (run `cargo fix --bin "rhai-run" -p rhai` to apply 1 suggestion)
    Finished `test` profile [unoptimized] target(s) in 8.90s
     Running tests/sys_fs.rs (/tmp/agent-build-sdku18v2/target/debug/deps/sys_fs-1aa31d7c86583ed4)

running 1 test
test test_file_handle_reads_obey_host_cap_and_reject_negative_lengths_without_moving ... 
thread 'test_file_handle_reads_obey_host_cap_and_reject_negative_lengths_without_moving' (3343063) panicked at tests/sys_fs.rs:161:5:
assertion `left == right` failed
  left: "abc"
 right: "wrong expectation"
note: run with `RUST_BACKTRACE=1` environment variable to display a backtrace
FAILED

failures:

failures:
    test_file_handle_reads_obey_host_cap_and_reject_negative_lengths_without_moving

test result: FAILED. 0 passed; 1 failed; 0 ignored; 0 measured; 34 filtered out; finished in 0.00s

error: test failed, to rerun pass `--test sys_fs`
