PRIVATE_RUNTIME /tmp/agent-build-1ftfwo9g
SOURCE_ARCHIVE sha256=c4330ee1ff3f60d08210f5232304a391413c3481bce13518a7c08068d5fc2455 revision=1241a5f8c6863a3bdde02e58ee1fded7571068f2
LOCK edge_only_sha256=2ba4b3a0807e32b613ff2e972b893c3fd2e0923fd91803611963f09e93265425 baseline_sha256=8bd35d7d14b123c204f253e89e77c4f655815f141ccdb1ce4e44c4be837d8baa
PLATFORM Linux workhorse 7.2.7-ogc1.1.fc44.x86_64 #1 SMP PREEMPT_DYNAMIC Fri Sep 25 06:00:41 UTC 2026 x86_64 GNU/Linux
LIMITS package_outer_seconds=600 active_driver_seconds=580 aggregate_cargo_seconds=540 cargo_jobs=2 storage_sample_stop_kib=1572864 hard_policy_kib=2097152 sampler_interval_seconds=1
COMMAND known-broken-managed-gate-control: ['/root/.rustup/toolchains/1.93.0-x86_64-unknown-linux-gnu/bin/cargo', 'test', '--locked', '--no-fail-fast', '--features', 'testing-environ,sys', '--test', 'sys_process', 'managed_run_closes_pipe_closed_worker_before_return', '--', '--exact', '--nocapture', '--test-threads=1']
STATUS known-broken-managed-gate-control=101 elapsed=13.63s
CONTROL_SOURCE_RESTORED sha256=13ab7b1e8492c0cb13140089f1c454c3b6e0dc1ee51f92640561f86fc06c827c
COMMAND known-broken-provisional-eperm-control: ['/root/.rustup/toolchains/1.93.0-x86_64-unknown-linux-gnu/bin/cargo', 'test', '--locked', '--no-fail-fast', '--features', 'testing-environ,sys', '--lib', 'packages::sys::process::unix::tests::managed_run_retries_provisional_group_eperm_within_one_observation_window', '--', '--exact', '--nocapture', '--test-threads=1']
STATUS known-broken-provisional-eperm-control=101 elapsed=4.81s
COMMAND unix-owner: ['/root/.rustup/toolchains/1.93.0-x86_64-unknown-linux-gnu/bin/cargo', 'test', '--locked', '--no-fail-fast', '--features', 'testing-environ,sys', '--lib', 'packages::sys::process::unix::tests::', '--', '--nocapture', '--test-threads=1']
STATUS unix-owner=0 elapsed=20.25s
COMMAND full-sys-process: ['/root/.rustup/toolchains/1.93.0-x86_64-unknown-linux-gnu/bin/cargo', 'test', '--locked', '--no-fail-fast', '--features', 'testing-environ,sys', '--test', 'sys_process', '--', '--nocapture', '--test-threads=1']
STATUS full-sys-process=0 elapsed=12.03s
OUTER_SUMMARY full_sys_process_passed=32 owner_passed=21 raw_sys_process_test_attributes=33
EXPORTED_FINAL_LOCK sha256=2ba4b3a0807e32b613ff2e972b893c3fd2e0923fd91803611963f09e93265425
SAMPLED_PRIVATE_STORAGE_MAX_KIB=303500; interval=1s du -sk; sampled maximum, not continuous peak
LINUX_PROCESS_PUBLIC_BEHAVIOR_PROOF_COMPLETE
EXACT_SAMPLED_CHILD_CLEANUP alive_before=[] remaining=[]
SAMPLED_PRIVATE_STORAGE_MAX_KIB=303500; interval=1s du -sk; sampled maximum, not continuous peak
