   Compiling rhai v1.26.1 (/tmp/agent-build-1ftfwo9g/source)
warning: variable does not need to be mutable
   --> src/packages/sys/process/unix.rs:668:13
    |
668 |         let mut wait_operation = "wait for child";
    |             ----^^^^^^^^^^^^^^
    |             |
    |             help: remove this `mut`
    |
    = note: `#[warn(unused_mut)]` (part of `#[warn(unused)]`) on by default

warning: unused variable: `termination`
    --> src/packages/sys/process/unix.rs:1106:22
     |
1106 |                 let (termination, _operation) = if self.managed {
     |                      ^^^^^^^^^^^ help: if this is intentional, prefix it with an underscore: `_termination`
     |
     = note: `#[warn(unused_variables)]` (part of `#[warn(unused)]`) on by default

warning: variable does not need to be mutable
    --> src/packages/sys/process/unix.rs:2134:9
     |
2134 |     let mut child =
     |         ----^^^^^
     |         |
     |         help: remove this `mut`

warning: variable does not need to be mutable
    --> src/packages/sys/process/unix.rs:2456:9
     |
2456 |     let mut pending = input.unwrap_or_default();
     |         ----^^^^^^^
     |         |
     |         help: remove this `mut`

warning: variant `OnlyZombieLeader` is never constructed
  --> src/packages/sys/process/unix.rs:50:5
   |
47 | enum GroupCloseOutcome {
   |      ----------------- variant in this enum
...
50 |     OnlyZombieLeader,
   |     ^^^^^^^^^^^^^^^^
   |
   = note: `GroupCloseOutcome` has derived impls for the traits `Clone` and `Debug`, but these are intentionally ignored during dead code analysis
   = note: `#[warn(dead_code)]` (part of `#[warn(unused)]`) on by default

warning: struct `CancelChildOnDrop` is never constructed
    --> src/packages/sys/process/unix.rs:3995:12
     |
3995 |     struct CancelChildOnDrop {
     |            ^^^^^^^^^^^^^^^^^

warning: method `finish` is never used
    --> src/packages/sys/process/unix.rs:4038:12
     |
4037 |     impl CancelChildOnDrop {
     |     ---------------------- method in this implementation
4038 |         fn finish(&mut self) {
     |            ^^^^^^

warning: function `try_release_fifo` is never used
    --> src/packages/sys/process/unix.rs:4069:8
     |
4069 |     fn try_release_fifo(path: &Path) -> io::Result<()> {
     |        ^^^^^^^^^^^^^^^^

warning: `rhai` (lib test) generated 8 warnings (run `cargo fix --lib -p rhai --tests` to apply 4 suggestions)
    Finished `test` profile [unoptimized] target(s) in 4.64s
     Running unittests src/lib.rs (/tmp/agent-build-1ftfwo9g/target/debug/deps/rhai-02633672f86fc62e)

running 1 test
test packages::sys::process::unix::tests::managed_run_retries_provisional_group_eperm_within_one_observation_window ... 
thread 'packages::sys::process::unix::tests::managed_run_retries_provisional_group_eperm_within_one_observation_window' (2780822) panicked at src/packages/sys/process/unix.rs:3203:17:
a later exact ESRCH observation closes the scope: Process { cause: Io { op: "observe process group closure", target: "/bin/true", kind: PermissionDenied, message: "Operation not permitted (os error 1)" }, report: ProcessReport { stdout: [], stderr: [], stdout_complete: true, stderr_complete: true, exit: Some(Code(0)), timed_out: false, cleanup_diagnostics: [] } }
note: run with `RUST_BACKTRACE=1` environment variable to display a backtrace
FAILED

failures:

failures:
    packages::sys::process::unix::tests::managed_run_retries_provisional_group_eperm_within_one_observation_window

test result: FAILED. 0 passed; 1 failed; 0 ignored; 0 measured; 21 filtered out; finished in 0.10s

error: test failed, to rerun pass `--lib`
error: 1 target failed:
    `--lib`
