warning: the item `TryFrom` is imported redundantly
   --> src/func/func_call.rs:291:21
    |
291 |                 use std::convert::TryFrom;
    |                     ^^^^^^^^^^^^^^^^^^^^^
   --> /rustc/25ef9e3d85d934b27d9dada2f9dd52b1dc63bb04/library/std/src/prelude/mod.rs:129:13
    |
    = note: the item `TryFrom` is already defined here
    |
    = note: `#[warn(unused_imports)]` on by default

warning: `rhai` (lib) generated 1 warning
warning: unused import: `PathBuf`
 --> src/bin/rhai-run.rs:8:18
  |
8 |     path::{Path, PathBuf},
  |                  ^^^^^^^
  |
  = note: `#[warn(unused_imports)]` on by default

warning: `rhai` (bin "rhai-run") generated 1 warning (run `cargo fix --bin "rhai-run"` to apply 1 suggestion)
    Finished test [unoptimized] target(s) in 0.03s
     Running tests/net_connect.rs (/var/folders/yk/m4dzf0ss5x9f4j4z3xb2rrv40000gn/T/agent-build-cnn6m89c/target/debug/deps/net_connect-526f15853980c904)

running 4 tests
test authorized_connect_is_observed_and_clone_close_is_shared ... ok
test denied_and_invalid_endpoints_do_not_reach_peer_and_errors_are_catchable ... ok
test net_config_rejects_zero_deadline_and_invalid_handle_limits ... ok
test open_handle_limit_is_shared_across_package_engines_and_released_on_close ... ok

test result: ok. 4 passed; 0 failed; 0 ignored; 0 measured; 0 filtered out; finished in 0.02s

