warning: the item `TryFrom` is imported redundantly
   --> src/func/func_call.rs:291:21
    |
291 |                 use std::convert::TryFrom;
    |                     ^^^^^^^^^^^^^^^^^^^^^
   --> /rustc/25ef9e3d85d934b27d9dada2f9dd52b1dc63bb04/library/std/src/prelude/mod.rs:129:13
    |
    = note: the item `TryFrom` is already defined here
    |
    = note: `#[warn(unused_imports)]` on by default

warning: `rhai` (lib) generated 1 warning
warning: unused import: `PathBuf`
 --> src/bin/rhai-run.rs:8:18
  |
8 |     path::{Path, PathBuf},
  |                  ^^^^^^^
  |
  = note: `#[warn(unused_imports)]` on by default

warning: `rhai` (bin "rhai-run") generated 1 warning (run `cargo fix --bin "rhai-run"` to apply 1 suggestion)
    Finished test [unoptimized] target(s) in 0.09s
     Running tests/sys_fs.rs (/var/folders/yk/m4dzf0ss5x9f4j4z3xb2rrv40000gn/T/agent-build-cnn6m89c/target/debug/deps/sys_fs-5190bdc683f7ea69)

running 1 test
test test_file_handle_reads_obey_host_cap_and_reject_negative_lengths_without_moving ... thread 'test_file_handle_reads_obey_host_cap_and_reject_negative_lengths_without_moving' panicked at tests/sys_fs.rs:161:5:
assertion `left == right` failed
  left: "abc"
 right: "wrong expectation"
note: run with `RUST_BACKTRACE=1` environment variable to display a backtrace
FAILED

failures:

failures:
    test_file_handle_reads_obey_host_cap_and_reject_negative_lengths_without_moving

test result: FAILED. 0 passed; 1 failed; 0 ignored; 0 measured; 33 filtered out; finished in 0.00s

error: test failed, to rerun pass `--test sys_fs`
