warning: variable does not need to be mutable
    --> src/packages/sys/process/unix.rs:1817:9
     |
1817 |     let mut child =
     |         ----^^^^^
     |         |
     |         help: remove this `mut`
     |
     = note: `#[warn(unused_mut)]` (part of `#[warn(unused)]`) on by default

warning: variable does not need to be mutable
    --> src/packages/sys/process/unix.rs:2136:9
     |
2136 |     let mut pending = input.unwrap_or_default();
     |         ----^^^^^^^
     |         |
     |         help: remove this `mut`

warning: field `kill_on_drop` is never read
  --> src/packages/sys/process/unix.rs:71:5
   |
55 | struct ChildSnapshot {
   |        ------------- field in this struct
...
71 |     kill_on_drop: bool,
   |     ^^^^^^^^^^^^
   |
   = note: `#[warn(dead_code)]` (part of `#[warn(unused)]`) on by default

warning: methods `numeric_operations_probe`, `quarantine_observations_probe`, and `fail_reservation` are never used
    --> src/packages/sys/process/unix.rs:1160:8
     |
1089 | impl ExecutionFaults {
     | -------------------- methods in this implementation
...
1160 |     fn numeric_operations_probe(&self) -> Option<Arc<AtomicUsize>> {
     |        ^^^^^^^^^^^^^^^^^^^^^^^^
...
1171 |     fn quarantine_observations_probe(&self) -> Option<Arc<AtomicUsize>> {
     |        ^^^^^^^^^^^^^^^^^^^^^^^^^^^^^
...
1196 |     fn fail_reservation(&self) -> bool {
     |        ^^^^^^^^^^^^^^^^

warning: `rhai` (lib) generated 4 warnings (run `cargo fix --lib -p rhai` to apply 2 suggestions)
warning: variable does not need to be mutable
   --> tests/sys_process.rs:671:9
    |
671 |     let mut holder = command.spawn().expect("start escaped captured-pipe holder");
    |         ----^^^^^^
    |         |
    |         help: remove this `mut`
    |
    = note: `#[warn(unused_mut)]` (part of `#[warn(unused)]`) on by default

warning: constant `DIRECT_DROP_RECORD_ENV` is never used
  --> tests/sys_process.rs:34:7
   |
34 | const DIRECT_DROP_RECORD_ENV: &str = "RHAI_SYS_DIRECT_DROP_RECORD";
   |       ^^^^^^^^^^^^^^^^^^^^^^
   |
   = note: `#[warn(dead_code)]` (part of `#[warn(unused)]`) on by default

warning: unused import: `PathBuf`
 --> src/bin/rhai-run.rs:8:18
  |
8 |     path::{Path, PathBuf},
  |                  ^^^^^^^
  |
  = note: `#[warn(unused_imports)]` (part of `#[warn(unused)]`) on by default

warning: `rhai` (test "sys_process") generated 2 warnings (run `cargo fix --test "sys_process" -p rhai` to apply 1 suggestion)
warning: `rhai` (bin "rhai-run") generated 1 warning (run `cargo fix --bin "rhai-run" -p rhai` to apply 1 suggestion)
    Finished `test` profile [unoptimized] target(s) in 0.06s
     Running tests/sys_process.rs (/private/var/folders/yk/m4dzf0ss5x9f4j4z3xb2rrv40000gn/T/agent-build-p7pa_4od/target/debug/deps/sys_process-a4f350212a887c3b)

running 1 test
test managed_spawn_kill_on_drop_false_preserves_group_until_leader_exit ... managed_false_drop_started root=/private/var/folders/yk/m4dzf0ss5x9f4j4z3xb2rrv40000gn/T/agent-build-p7pa_4od/tmp/rhai-sys-test-36152-managed_spawn_kill_on_drop_false_preserves_group_until_leader_exit-0 test_pid=36152 sentinel_pid=36153 sentinel_pgid=36153 leader=36154 worker=36155 leaf=36156 group=36154
managed_false_drop_after_final_client_drop leader=36154 leader_live=false worker=36155 worker_live=false leaf=36156 leaf_live=false sentinel=36153 sentinel_live=true

thread 'managed_spawn_kill_on_drop_false_preserves_group_until_leader_exit' (56219286) panicked at tests/sys_process.rs:1182:5:
kill_on_drop(false) must preserve managed members after final handle drop
note: run with `RUST_BACKTRACE=1` environment variable to display a backtrace
managed-scope sentinel_cleanup pid=36153 status=Some(ExitStatus(unix_wait_status(9))) esrch=true
managed_fixture_cleanup worker_pid=Some(36155) worker_esrch=true leaf_pid=Some(36156) leaf_esrch=true
managed_spawn_fixture_leader_cleanup leader_pid=Some(36154) leader_esrch=true
FAILED

failures:

failures:
    managed_spawn_kill_on_drop_false_preserves_group_until_leader_exit

test result: FAILED. 0 passed; 1 failed; 0 ignored; 0 measured; 28 filtered out; finished in 0.05s

error: test failed, to rerun pass `--test sys_process`
