    Updating git repository `https://github.com/schungx/rustyline`
    Updating crates.io index
    Updating git repository `https://gitlab.com/jD91mZM2/no-std-compat.git`
 Downloading crates ...
  Downloaded cfg-if v1.0.5
  Downloaded maybe-owned v0.3.4
  Downloaded ambient-authority v0.0.2
  Downloaded itoa v1.0.15
  Downloaded fs-set-times v0.20.3
  Downloaded crunchy v0.2.4
  Downloaded ahash v0.8.12
  Downloaded const-random-macro v0.1.16
  Downloaded const-random v0.1.18
  Downloaded errno v0.3.14
  Downloaded ipnet v2.12.2
  Downloaded autocfg v1.5.1
  Downloaded version_check v0.9.5
  Downloaded byteorder v1.5.0
  Downloaded io-lifetimes v3.0.1
  Downloaded tiny-keccak v2.0.2
  Downloaded smartstring v1.0.1
  Downloaded quote v1.0.41
  Downloaded rmp-serde v1.3.0
  Downloaded thin-vec v0.2.19
  Downloaded unicode-ident v1.0.22
  Downloaded rmp v0.8.14
  Downloaded serde_core v1.0.229
  Downloaded serde v1.0.229
  Downloaded cap-primitives v4.0.3
  Downloaded memchr v2.8.3
  Downloaded ryu v1.0.20
  Downloaded serde_json v1.0.145
  Downloaded proc-macro2 v1.0.103
  Downloaded once_cell v1.21.4
  Downloaded portable-atomic v1.15.0
  Downloaded num-traits v0.2.19
  Downloaded smallvec v1.16.2
  Downloaded getrandom v0.3.4
  Downloaded syn v2.0.106
  Downloaded zerocopy v0.8.59
  Downloaded bitflags v2.13.2
  Downloaded paste v1.0.15
  Downloaded io-extras v0.19.0
  Downloaded getrandom v0.2.17
  Downloaded cap-std v4.0.3
  Downloaded rustix v1.1.5
  Downloaded static_assertions v1.1.0
  Downloaded io-lifetimes v2.0.4
  Downloaded libc v0.2.189
   Compiling libc v0.2.189
   Compiling autocfg v1.5.1
   Compiling version_check v0.9.5
   Compiling crunchy v0.2.4
   Compiling rustix v1.1.5
   Compiling io-lifetimes v2.0.4
   Compiling io-lifetimes v3.0.1
   Compiling proc-macro2 v1.0.103
   Compiling tiny-keccak v2.0.2
   Compiling serde_core v1.0.229
   Compiling cfg-if v1.0.5
   Compiling errno v0.3.14
   Compiling num-traits v0.2.19
   Compiling quote v1.0.41
   Compiling paste v1.0.15
   Compiling unicode-ident v1.0.22
   Compiling portable-atomic v1.15.0
   Compiling io-extras v0.19.0
   Compiling bitflags v2.13.2
   Compiling getrandom v0.2.17
   Compiling once_cell v1.21.4
   Compiling zerocopy v0.8.59
   Compiling cap-primitives v4.0.3
   Compiling getrandom v0.3.4
   Compiling serde v1.0.229
   Compiling const-random-macro v0.1.16
   Compiling fs-set-times v0.20.3
   Compiling ahash v0.8.12
   Compiling smartstring v1.0.1
   Compiling cap-std v4.0.3
   Compiling ambient-authority v0.0.2
   Compiling serde_json v1.0.145
   Compiling maybe-owned v0.3.4
   Compiling ipnet v2.12.2
   Compiling byteorder v1.5.0
   Compiling rmp v0.8.14
   Compiling syn v2.0.106
   Compiling const-random v0.1.18
   Compiling rhai v1.26.1 (/private/var/folders/yk/m4dzf0ss5x9f4j4z3xb2rrv40000gn/T/agent-build-897khgkb/source)
   Compiling ryu v1.0.20
   Compiling static_assertions v1.1.0
   Compiling memchr v2.8.3
   Compiling itoa v1.0.15
   Compiling rmp-serde v1.3.0
   Compiling rhai_codegen v3.2.0 (/private/var/folders/yk/m4dzf0ss5x9f4j4z3xb2rrv40000gn/T/agent-build-897khgkb/source/codegen)
   Compiling smallvec v1.16.2
   Compiling thin-vec v0.2.19
warning: variable does not need to be mutable
    --> src/packages/sys/process/unix.rs:1817:9
     |
1817 |     let mut child =
     |         ----^^^^^
     |         |
     |         help: remove this `mut`
     |
     = note: `#[warn(unused_mut)]` (part of `#[warn(unused)]`) on by default

warning: variable does not need to be mutable
    --> src/packages/sys/process/unix.rs:2136:9
     |
2136 |     let mut pending = input.unwrap_or_default();
     |         ----^^^^^^^
     |         |
     |         help: remove this `mut`

warning: struct `CancelChildOnDrop` is never constructed
    --> src/packages/sys/process/unix.rs:3216:12
     |
3216 |     struct CancelChildOnDrop {
     |            ^^^^^^^^^^^^^^^^^
     |
     = note: `#[warn(dead_code)]` (part of `#[warn(unused)]`) on by default

warning: method `finish` is never used
    --> src/packages/sys/process/unix.rs:3259:12
     |
3258 |     impl CancelChildOnDrop {
     |     ---------------------- method in this implementation
3259 |         fn finish(&mut self) {
     |            ^^^^^^

warning: function `try_release_fifo` is never used
    --> src/packages/sys/process/unix.rs:3290:8
     |
3290 |     fn try_release_fifo(path: &Path) -> io::Result<()> {
     |        ^^^^^^^^^^^^^^^^

warning: `rhai` (lib test) generated 5 warnings (run `cargo fix --lib -p rhai --tests` to apply 2 suggestions)
    Finished `test` profile [unoptimized] target(s) in 15.94s
     Running unittests src/lib.rs (/private/var/folders/yk/m4dzf0ss5x9f4j4z3xb2rrv40000gn/T/agent-build-897khgkb/target/debug/deps/rhai-9db611e578dbdfd2)

running 13 tests
test packages::sys::process::unix::tests::cleanup_service_progresses_past_a_stalled_owner ... owner_service_child first pid=39776
owner_service_child second pid=39777
owner_service_checkpoint first_pid=39776 first_retired=false second_pid=39777 second=ESRCH
owner_service_final first_pid=39776 second_pid=39777 both=ESRCH
ok
test packages::sys::process::unix::tests::cleanup_service_reservation_failure_precedes_os_spawn ... ok
test packages::sys::process::unix::tests::darwin_eperm_fallback_requires_natural_exit_and_exact_group_listing ... ok
test packages::sys::process::unix::tests::echild_quarantine_performs_no_later_numeric_child_operations ... 
running 1 test
echild-quarantine fault=deterministic-cleanup-wait-ECHILD
echild-quarantine worker_passes_before=1 after=2
echild-quarantine child_pid=39780 operations=5 owner=retained
test packages::sys::process::unix::tests::echild_quarantine_performs_no_later_numeric_child_operations ... ok

test result: ok. 1 passed; 0 failed; 0 ignored; 0 measured; 13 filtered out; finished in 0.13s

echild-quarantine child_record=/private/var/folders/yk/m4dzf0ss5x9f4j4z3xb2rrv40000gn/T/agent-build-897khgkb/tmp/rhai-process-owner-39775-1790884245001172000/child-record pid=39780
echild-quarantine child_pid=39780 reap=ESRCH
ok
test packages::sys::process::unix::tests::inherited_pipe_holder_is_alive_at_timeout_and_fixture_releases_it ... 
running 1 test
inherited-pipe fixture holder_pid=39798 alive=true challenge=before:nonce-before-timeout answered=true
inherited-pipe captured_stdout_ready=true captured_stderr_ready=true
inherited-pipe timeout child_pid=39796 child_reap=ESRCH holder_pid=39798 holder_live=true stdout_complete=false stderr_complete=false
inherited-pipe post-return challenge=after:nonce-after-return answered=true
inherited-pipe holder_pid=39798 probe="stdout=errno=32 stderr=errno=32\n" reap=ESRCH
test packages::sys::process::unix::tests::inherited_pipe_holder_is_alive_at_timeout_and_fixture_releases_it ... ok

test result: ok. 1 passed; 0 failed; 0 ignored; 0 measured; 13 filtered out; finished in 2.09s

inherited-pipe fixture api_returned_after_pre_ack=true
inherited-pipe outer child_pid=39796 holder_pid=39798 both=ESRCH
ok
test packages::sys::process::unix::tests::interrupted_poll_does_not_skip_public_deadline ... interrupted-poll child_pid=39817 reap=ESRCH elapsed_ms=113 injected=69
ok
test packages::sys::process::unix::tests::kill_refusal_returns_boundedly_and_retains_real_child_after_package_drop ... 
running 1 test
test packages::sys::process::unix::tests::kill_refusal_returns_boundedly_and_retains_real_child_after_package_drop ... ok

test result: ok. 1 passed; 0 failed; 0 ignored; 0 measured; 13 filtered out; finished in 1.14s

retained-owner-red child_record=/private/var/folders/yk/m4dzf0ss5x9f4j4z3xb2rrv40000gn/T/agent-build-897khgkb/tmp/rhai-process-owner-39775-1790884251372837000/child-record pid=39820
retained-owner-red child_pid=39820 reap=ESRCH
ok
test packages::sys::process::unix::tests::non_consuming_cleanup_wait_failure_publishes_frozen_snapshot ... 
running 1 test
retained-owner-wait child_record=/private/var/folders/yk/m4dzf0ss5x9f4j4z3xb2rrv40000gn/T/agent-build-897khgkb/tmp/rhai-process-owner-39775-1790884254540300000/child-record pid=39895
retained-owner-wait child_pid=39895 reap=ESRCH
test packages::sys::process::unix::tests::non_consuming_cleanup_wait_failure_publishes_frozen_snapshot ... ok

test result: ok. 1 passed; 0 failed; 0 ignored; 0 measured; 13 filtered out; finished in 0.14s

retained-owner-wait child_record=/private/var/folders/yk/m4dzf0ss5x9f4j4z3xb2rrv40000gn/T/agent-build-897khgkb/tmp/rhai-process-owner-39775-1790884254540300000/child-record pid=39895
retained-owner-wait child_pid=39895 reap=ESRCH
ok
test packages::sys::process::unix::tests::post_spawn_pipe_setup_failure_preserves_cause_and_reaps_child ... 
running 1 test
setup-failure child_pid=39909 reap=ESRCH owner_retired=true
test packages::sys::process::unix::tests::post_spawn_pipe_setup_failure_preserves_cause_and_reaps_child ... ok

test result: ok. 1 passed; 0 failed; 0 ignored; 0 measured; 13 filtered out; finished in 0.03s

setup-failure fixture child_pid=39909 reap=ESRCH
ok
test packages::sys::process::unix::tests::public_kill_on_drop_false_final_lease_retires_owner_and_worker ... false-policy-owner-retired pid=39956 slot_retired=true worker_done=true reap=ESRCH stdout=retained-output stdout_complete=true stderr_complete=true exit=Code(0)
ok
test packages::sys::process::unix::tests::read_ready_yields_after_budget_for_always_ready_reader ... ok
test packages::sys::process::unix::tests::reaped_driver_unwind_retires_completed_owner_once ... reaped-driver-unwind child_pid=39958 has_been_waited=true

thread 'packages::sys::process::unix::tests::reaped_driver_unwind_retires_completed_owner_once' (56235442) panicked at src/packages/sys/process/unix.rs:2917:13:
injected caller unwind after child reap and pump completion
note: run with `RUST_BACKTRACE=1` environment variable to display a backtrace
reaped-driver-unwind child_pid=39958 reap=ESRCH
ok
test packages::sys::process::unix::tests::successful_execution_enters_os_spawn_seam ... spawn-seam control child_pid=39959 reap=ESRCH marker=/private/var/folders/yk/m4dzf0ss5x9f4j4z3xb2rrv40000gn/T/agent-build-897khgkb/tmp/rhai-process-owner-39775-1790884259022788000/spawned spawn_entries=1 content=x
ok

test result: ok. 13 passed; 0 failed; 0 ignored; 0 measured; 1 filtered out; finished in 14.08s

