   Compiling rhai v1.26.1 (/private/var/folders/yk/m4dzf0ss5x9f4j4z3xb2rrv40000gn/T/agent-build-p7pa_4od/source)
warning: variable does not need to be mutable
    --> src/packages/sys/process/unix.rs:1817:9
     |
1817 |     let mut child =
     |         ----^^^^^
     |         |
     |         help: remove this `mut`
     |
     = note: `#[warn(unused_mut)]` (part of `#[warn(unused)]`) on by default

warning: variable does not need to be mutable
    --> src/packages/sys/process/unix.rs:2136:9
     |
2136 |     let mut pending = input.unwrap_or_default();
     |         ----^^^^^^^
     |         |
     |         help: remove this `mut`

warning: methods `numeric_operations_probe`, `quarantine_observations_probe`, and `fail_reservation` are never used
    --> src/packages/sys/process/unix.rs:1160:8
     |
1089 | impl ExecutionFaults {
     | -------------------- methods in this implementation
...
1160 |     fn numeric_operations_probe(&self) -> Option<Arc<AtomicUsize>> {
     |        ^^^^^^^^^^^^^^^^^^^^^^^^
...
1171 |     fn quarantine_observations_probe(&self) -> Option<Arc<AtomicUsize>> {
     |        ^^^^^^^^^^^^^^^^^^^^^^^^^^^^^
...
1196 |     fn fail_reservation(&self) -> bool {
     |        ^^^^^^^^^^^^^^^^
     |
     = note: `#[warn(dead_code)]` (part of `#[warn(unused)]`) on by default

warning: `rhai` (lib) generated 3 warnings (run `cargo fix --lib -p rhai` to apply 2 suggestions)
warning: unused import: `PathBuf`
 --> src/bin/rhai-run.rs:8:18
  |
8 |     path::{Path, PathBuf},
  |                  ^^^^^^^
  |
  = note: `#[warn(unused_imports)]` (part of `#[warn(unused)]`) on by default

warning: variable does not need to be mutable
   --> tests/sys_process.rs:671:9
    |
671 |     let mut holder = command.spawn().expect("start escaped captured-pipe holder");
    |         ----^^^^^^
    |         |
    |         help: remove this `mut`
    |
    = note: `#[warn(unused_mut)]` (part of `#[warn(unused)]`) on by default

warning: constant `DIRECT_DROP_RECORD_ENV` is never used
  --> tests/sys_process.rs:34:7
   |
34 | const DIRECT_DROP_RECORD_ENV: &str = "RHAI_SYS_DIRECT_DROP_RECORD";
   |       ^^^^^^^^^^^^^^^^^^^^^^
   |
   = note: `#[warn(dead_code)]` (part of `#[warn(unused)]`) on by default

warning: `rhai` (bin "rhai-run") generated 1 warning (run `cargo fix --bin "rhai-run" -p rhai` to apply 1 suggestion)
warning: `rhai` (test "sys_process") generated 2 warnings (run `cargo fix --test "sys_process" -p rhai` to apply 1 suggestion)
    Finished `test` profile [unoptimized] target(s) in 4.58s
     Running tests/sys_process.rs (/private/var/folders/yk/m4dzf0ss5x9f4j4z3xb2rrv40000gn/T/agent-build-p7pa_4od/target/debug/deps/sys_process-a4f350212a887c3b)

running 1 test
test direct_spawn_kill_on_drop_false_preserves_child_and_capture ... direct_drop_fixture_started root=/private/var/folders/yk/m4dzf0ss5x9f4j4z3xb2rrv40000gn/T/agent-build-p7pa_4od/tmp/rhai-sys-test-36250-direct_spawn_kill_on_drop_false_preserves_child_and_capture-0 test_pid=36250 child_pid=36255
direct_drop_after_final_client_drop pid=36255 alive=true challenge_ack=true completion_exists=false
direct_drop_completion pid=36255 record="pid=36255 stdout_bytes=524288 stderr_bytes=524288 complete=true\n"
direct_drop_terminal pid=36255 esrch=true
direct_drop_fixture_cleanup root=/private/var/folders/yk/m4dzf0ss5x9f4j4z3xb2rrv40000gn/T/agent-build-p7pa_4od/tmp/rhai-sys-test-36250-direct_spawn_kill_on_drop_false_preserves_child_and_capture-0 pid=36255 esrch=true
direct_drop_fixture_cleanup root=/private/var/folders/yk/m4dzf0ss5x9f4j4z3xb2rrv40000gn/T/agent-build-p7pa_4od/tmp/rhai-sys-test-36250-direct_spawn_kill_on_drop_false_preserves_child_and_capture-0 pid=36255 esrch=true
ok

test result: ok. 1 passed; 0 failed; 0 ignored; 0 measured; 28 filtered out; finished in 0.38s

