warning: variable does not need to be mutable
    --> src/packages/sys/process/unix.rs:1817:9
     |
1817 |     let mut child =
     |         ----^^^^^
     |         |
     |         help: remove this `mut`
     |
     = note: `#[warn(unused_mut)]` (part of `#[warn(unused)]`) on by default

warning: variable does not need to be mutable
    --> src/packages/sys/process/unix.rs:2136:9
     |
2136 |     let mut pending = input.unwrap_or_default();
     |         ----^^^^^^^
     |         |
     |         help: remove this `mut`

warning: methods `numeric_operations_probe`, `quarantine_observations_probe`, and `fail_reservation` are never used
    --> src/packages/sys/process/unix.rs:1160:8
     |
1089 | impl ExecutionFaults {
     | -------------------- methods in this implementation
...
1160 |     fn numeric_operations_probe(&self) -> Option<Arc<AtomicUsize>> {
     |        ^^^^^^^^^^^^^^^^^^^^^^^^
...
1171 |     fn quarantine_observations_probe(&self) -> Option<Arc<AtomicUsize>> {
     |        ^^^^^^^^^^^^^^^^^^^^^^^^^^^^^
...
1196 |     fn fail_reservation(&self) -> bool {
     |        ^^^^^^^^^^^^^^^^
     |
     = note: `#[warn(dead_code)]` (part of `#[warn(unused)]`) on by default

warning: `rhai` (lib) generated 3 warnings (run `cargo fix --lib -p rhai` to apply 2 suggestions)
warning: variable does not need to be mutable
   --> tests/sys_process.rs:671:9
    |
671 |     let mut holder = command.spawn().expect("start escaped captured-pipe holder");
    |         ----^^^^^^
    |         |
    |         help: remove this `mut`
    |
    = note: `#[warn(unused_mut)]` (part of `#[warn(unused)]`) on by default

warning: constant `DIRECT_DROP_RECORD_ENV` is never used
  --> tests/sys_process.rs:34:7
   |
34 | const DIRECT_DROP_RECORD_ENV: &str = "RHAI_SYS_DIRECT_DROP_RECORD";
   |       ^^^^^^^^^^^^^^^^^^^^^^
   |
   = note: `#[warn(dead_code)]` (part of `#[warn(unused)]`) on by default

warning: unused import: `PathBuf`
 --> src/bin/rhai-run.rs:8:18
  |
8 |     path::{Path, PathBuf},
  |                  ^^^^^^^
  |
  = note: `#[warn(unused_imports)]` (part of `#[warn(unused)]`) on by default

warning: `rhai` (test "sys_process") generated 2 warnings (run `cargo fix --test "sys_process" -p rhai` to apply 1 suggestion)
warning: `rhai` (bin "rhai-run") generated 1 warning (run `cargo fix --bin "rhai-run" -p rhai` to apply 1 suggestion)
    Finished `test` profile [unoptimized] target(s) in 0.04s
     Running tests/sys_process.rs (/private/var/folders/yk/m4dzf0ss5x9f4j4z3xb2rrv40000gn/T/agent-build-p7pa_4od/target/debug/deps/sys_process-a4f350212a887c3b)

running 1 test
test managed_spawn_kill_on_drop_false_preserves_group_until_leader_exit ... managed_false_drop_started root=/private/var/folders/yk/m4dzf0ss5x9f4j4z3xb2rrv40000gn/T/agent-build-p7pa_4od/tmp/rhai-sys-test-36294-managed_spawn_kill_on_drop_false_preserves_group_until_leader_exit-0 test_pid=36294 sentinel_pid=36295 sentinel_pgid=36295 leader=36296 worker=36297 leaf=36298 group=36296
managed_false_drop_after_final_client_drop leader=36296 leader_live=true worker=36297 worker_live=true leaf=36298 leaf_live=true sentinel=36295 sentinel_live=true
managed_false_drop_live_challenge leader=36296 worker=36297 leaf=36298 group=36296 ack_count=3 ack_pids=[Some(36296), Some(36297), Some(36298)] ack_groups=[Some(36296), Some(36296), Some(36296)]
managed_false_drop_after_leader_exit leader=36296 leader_esrch=true worker=36297 worker_esrch=true leaf=36298 leaf_esrch=true sentinel=36295 sentinel_live=true
managed-scope sentinel_cleanup pid=36295 status=Some(ExitStatus(unix_wait_status(9))) esrch=true
managed_fixture_cleanup worker_pid=Some(36297) worker_esrch=true leaf_pid=Some(36298) leaf_esrch=true
managed_spawn_fixture_leader_cleanup leader_pid=Some(36296) leader_esrch=true
ok

test result: ok. 1 passed; 0 failed; 0 ignored; 0 measured; 28 filtered out; finished in 0.31s

