    Updating git repository `https://github.com/schungx/rustyline`
    Updating crates.io index
    Updating git repository `https://gitlab.com/jD91mZM2/no-std-compat.git`
 Downloading crates ...
  Downloaded const-random-macro v0.1.16
  Downloaded fs-set-times v0.20.3
  Downloaded maybe-owned v0.3.4
  Downloaded smartstring v1.0.1
  Downloaded ipnet v2.12.2
  Downloaded ahash v0.8.12
  Downloaded ambient-authority v0.0.2
  Downloaded byteorder v1.5.0
  Downloaded thin-vec v0.2.19
  Downloaded version_check v0.9.5
  Downloaded errno v0.3.14
  Downloaded cfg-if v1.0.5
  Downloaded static_assertions v1.1.0
  Downloaded paste v1.0.15
  Downloaded rmp-serde v1.3.0
  Downloaded getrandom v0.3.4
  Downloaded unicode-ident v1.0.22
  Downloaded serde_core v1.0.229
  Downloaded io-lifetimes v3.0.1
  Downloaded ryu v1.0.20
  Downloaded io-lifetimes v2.0.4
  Downloaded rmp v0.8.14
  Downloaded serde v1.0.229
  Downloaded tiny-keccak v2.0.2
  Downloaded io-extras v0.19.0
  Downloaded getrandom v0.2.17
  Downloaded proc-macro2 v1.0.103
  Downloaded cap-primitives v4.0.3
  Downloaded portable-atomic v1.15.0
  Downloaded autocfg v1.5.1
  Downloaded serde_json v1.0.145
  Downloaded smallvec v1.16.2
  Downloaded quote v1.0.41
  Downloaded num-traits v0.2.19
  Downloaded memchr v2.8.3
  Downloaded itoa v1.0.15
  Downloaded const-random v0.1.18
  Downloaded syn v2.0.106
  Downloaded zerocopy v0.8.59
  Downloaded bitflags v2.13.2
  Downloaded rustix v1.1.5
  Downloaded crunchy v0.2.4
  Downloaded cap-std v4.0.3
  Downloaded once_cell v1.21.4
  Downloaded libc v0.2.189
 Downloading crates ...
  Downloaded web-time v1.1.0
   Compiling libc v0.2.189
   Compiling autocfg v1.5.1
   Compiling version_check v0.9.5
   Compiling crunchy v0.2.4
   Compiling io-lifetimes v3.0.1
   Compiling rustix v1.1.5
   Compiling io-lifetimes v2.0.4
   Compiling proc-macro2 v1.0.103
   Compiling cfg-if v1.0.5
   Compiling tiny-keccak v2.0.2
   Compiling errno v0.3.14
   Compiling num-traits v0.2.19
   Compiling unicode-ident v1.0.22
   Compiling io-extras v0.19.0
   Compiling bitflags v2.13.2
   Compiling quote v1.0.41
   Compiling portable-atomic v1.15.0
   Compiling getrandom v0.2.17
   Compiling cap-primitives v4.0.3
   Compiling getrandom v0.3.4
   Compiling serde_core v1.0.229
   Compiling once_cell v1.21.4
   Compiling zerocopy v0.8.59
   Compiling const-random-macro v0.1.16
   Compiling fs-set-times v0.20.3
   Compiling ahash v0.8.12
   Compiling smartstring v1.0.1
   Compiling ipnet v2.12.2
   Compiling ambient-authority v0.0.2
   Compiling maybe-owned v0.3.4
   Compiling paste v1.0.15
   Compiling cap-std v4.0.3
   Compiling syn v2.0.106
   Compiling const-random v0.1.18
   Compiling static_assertions v1.1.0
   Compiling serde v1.0.229
   Compiling rhai v1.26.1 (/private/var/folders/yk/m4dzf0ss5x9f4j4z3xb2rrv40000gn/T/agent-build-p7pa_4od/source)
   Compiling rhai_codegen v3.2.0 (/private/var/folders/yk/m4dzf0ss5x9f4j4z3xb2rrv40000gn/T/agent-build-p7pa_4od/source/codegen)
   Compiling byteorder v1.5.0
   Compiling smallvec v1.16.2
   Compiling thin-vec v0.2.19
   Compiling serde_json v1.0.145
   Compiling rmp v0.8.14
   Compiling ryu v1.0.20
   Compiling itoa v1.0.15
   Compiling memchr v2.8.3
   Compiling rmp-serde v1.3.0
warning: variable does not need to be mutable
    --> src/packages/sys/process/unix.rs:1817:9
     |
1817 |     let mut child =
     |         ----^^^^^
     |         |
     |         help: remove this `mut`
     |
     = note: `#[warn(unused_mut)]` (part of `#[warn(unused)]`) on by default

warning: variable does not need to be mutable
    --> src/packages/sys/process/unix.rs:2136:9
     |
2136 |     let mut pending = input.unwrap_or_default();
     |         ----^^^^^^^
     |         |
     |         help: remove this `mut`

warning: field `kill_on_drop` is never read
  --> src/packages/sys/process/unix.rs:71:5
   |
55 | struct ChildSnapshot {
   |        ------------- field in this struct
...
71 |     kill_on_drop: bool,
   |     ^^^^^^^^^^^^
   |
   = note: `#[warn(dead_code)]` (part of `#[warn(unused)]`) on by default

warning: methods `numeric_operations_probe`, `quarantine_observations_probe`, and `fail_reservation` are never used
    --> src/packages/sys/process/unix.rs:1160:8
     |
1089 | impl ExecutionFaults {
     | -------------------- methods in this implementation
...
1160 |     fn numeric_operations_probe(&self) -> Option<Arc<AtomicUsize>> {
     |        ^^^^^^^^^^^^^^^^^^^^^^^^
...
1171 |     fn quarantine_observations_probe(&self) -> Option<Arc<AtomicUsize>> {
     |        ^^^^^^^^^^^^^^^^^^^^^^^^^^^^^
...
1196 |     fn fail_reservation(&self) -> bool {
     |        ^^^^^^^^^^^^^^^^

warning: `rhai` (lib) generated 4 warnings (run `cargo fix --lib -p rhai` to apply 2 suggestions)
warning: unused import: `PathBuf`
 --> src/bin/rhai-run.rs:8:18
  |
8 |     path::{Path, PathBuf},
  |                  ^^^^^^^
  |
  = note: `#[warn(unused_imports)]` (part of `#[warn(unused)]`) on by default

warning: variable does not need to be mutable
   --> tests/sys_process.rs:671:9
    |
671 |     let mut holder = command.spawn().expect("start escaped captured-pipe holder");
    |         ----^^^^^^
    |         |
    |         help: remove this `mut`
    |
    = note: `#[warn(unused_mut)]` (part of `#[warn(unused)]`) on by default

warning: constant `DIRECT_DROP_RECORD_ENV` is never used
  --> tests/sys_process.rs:34:7
   |
34 | const DIRECT_DROP_RECORD_ENV: &str = "RHAI_SYS_DIRECT_DROP_RECORD";
   |       ^^^^^^^^^^^^^^^^^^^^^^
   |
   = note: `#[warn(dead_code)]` (part of `#[warn(unused)]`) on by default

warning: `rhai` (bin "rhai-run") generated 1 warning (run `cargo fix --bin "rhai-run" -p rhai` to apply 1 suggestion)
warning: `rhai` (test "sys_process") generated 2 warnings (run `cargo fix --test "sys_process" -p rhai` to apply 1 suggestion)
    Finished `test` profile [unoptimized] target(s) in 14.80s
     Running tests/sys_process.rs (/private/var/folders/yk/m4dzf0ss5x9f4j4z3xb2rrv40000gn/T/agent-build-p7pa_4od/target/debug/deps/sys_process-a4f350212a887c3b)

running 1 test
test direct_spawn_kill_on_drop_false_preserves_child_and_capture ... direct_drop_fixture_started root=/private/var/folders/yk/m4dzf0ss5x9f4j4z3xb2rrv40000gn/T/agent-build-p7pa_4od/tmp/rhai-sys-test-36122-direct_spawn_kill_on_drop_false_preserves_child_and_capture-0 test_pid=36122 child_pid=36123
direct_drop_after_final_client_drop pid=36123 alive=false challenge_ack=false completion_exists=false

thread 'direct_spawn_kill_on_drop_false_preserves_child_and_capture' (56219096) panicked at tests/sys_process.rs:274:5:
kill_on_drop(false) must preserve the child after final handle drop
note: run with `RUST_BACKTRACE=1` environment variable to display a backtrace
direct_drop_fixture_cleanup root=/private/var/folders/yk/m4dzf0ss5x9f4j4z3xb2rrv40000gn/T/agent-build-p7pa_4od/tmp/rhai-sys-test-36122-direct_spawn_kill_on_drop_false_preserves_child_and_capture-0 pid=36123 esrch=true
FAILED

failures:

failures:
    direct_spawn_kill_on_drop_false_preserves_child_and_capture

test result: FAILED. 0 passed; 1 failed; 0 ignored; 0 measured; 28 filtered out; finished in 5.03s

error: test failed, to rerun pass `--test sys_process`
