    Updating git repository `https://github.com/schungx/rustyline`
    Updating crates.io index
    Updating git repository `https://gitlab.com/jD91mZM2/no-std-compat.git`
 Downloading crates ...
  Downloaded num-traits v0.2.19
  Downloaded const-random-macro v0.1.16
  Downloaded version_check v0.9.5
  Downloaded fs-set-times v0.20.3
  Downloaded cap-primitives v4.0.3
  Downloaded smallvec v1.16.2
  Downloaded tiny-keccak v2.0.2
  Downloaded rmp v0.8.14
  Downloaded unicode-ident v1.0.22
  Downloaded smartstring v1.0.1
  Downloaded serde v1.0.229
  Downloaded serde_json v1.0.145
  Downloaded portable-atomic v1.15.0
  Downloaded zerocopy v0.8.59
  Downloaded syn v2.0.106
  Downloaded rustix v1.1.5
  Downloaded memchr v2.8.3
  Downloaded io-extras v0.19.0
  Downloaded libc v0.2.189
  Downloaded serde_core v1.0.229
  Downloaded static_assertions v1.1.0
  Downloaded once_cell v1.21.4
  Downloaded thin-vec v0.2.19
  Downloaded itoa v1.0.15
  Downloaded ahash v0.8.12
  Downloaded cfg-if v1.0.5
  Downloaded bitflags v2.13.2
  Downloaded getrandom v0.2.17
  Downloaded cap-std v4.0.3
  Downloaded spin v0.7.2
  Downloaded ryu v1.0.20
  Downloaded rmp-serde v1.3.0
  Downloaded quote v1.0.41
  Downloaded proc-macro2 v1.0.103
  Downloaded io-lifetimes v2.0.4
  Downloaded getrandom v0.3.4
  Downloaded crunchy v0.2.4
  Downloaded const-random v0.1.18
  Downloaded byteorder v1.5.0
  Downloaded autocfg v1.5.1
  Downloaded ambient-authority v0.0.2
  Downloaded paste v1.0.15
  Downloaded maybe-owned v0.3.4
  Downloaded ipnet v2.12.2
  Downloaded io-lifetimes v3.0.1
  Downloaded errno v0.3.14
   Compiling libc v0.2.189
   Compiling autocfg v1.5.1
   Compiling crunchy v0.2.4
   Compiling version_check v0.9.5
   Compiling rustix v1.1.5
   Compiling tiny-keccak v2.0.2
   Compiling serde_core v1.0.229
   Compiling io-lifetimes v2.0.4
   Compiling cfg-if v1.0.5
   Compiling io-lifetimes v3.0.1
   Compiling proc-macro2 v1.0.103
   Compiling errno v0.3.14
   Compiling num-traits v0.2.19
   Compiling quote v1.0.41
   Compiling unicode-ident v1.0.22
   Compiling portable-atomic v1.15.0
   Compiling bitflags v2.13.2
   Compiling io-extras v0.19.0
   Compiling paste v1.0.15
   Compiling getrandom v0.2.17
   Compiling serde v1.0.229
   Compiling getrandom v0.3.4
   Compiling zerocopy v0.8.59
   Compiling once_cell v1.21.4
   Compiling cap-primitives v4.0.3
   Compiling const-random-macro v0.1.16
   Compiling fs-set-times v0.20.3
   Compiling smartstring v1.0.1
   Compiling ahash v0.8.12
   Compiling serde_json v1.0.145
   Compiling cap-std v4.0.3
   Compiling ambient-authority v0.0.2
   Compiling ipnet v2.12.2
   Compiling byteorder v1.5.0
   Compiling maybe-owned v0.3.4
   Compiling rmp v0.8.14
   Compiling syn v2.0.106
   Compiling const-random v0.1.18
   Compiling itoa v1.0.15
   Compiling memchr v2.8.3
   Compiling static_assertions v1.1.0
   Compiling rhai v1.26.1 (/private/var/folders/yk/m4dzf0ss5x9f4j4z3xb2rrv40000gn/T/agent-build-mqh39eh9/source)
   Compiling ryu v1.0.20
   Compiling rhai_codegen v3.2.0 (/private/var/folders/yk/m4dzf0ss5x9f4j4z3xb2rrv40000gn/T/agent-build-mqh39eh9/source/codegen)
   Compiling rmp-serde v1.3.0
   Compiling thin-vec v0.2.19
   Compiling smallvec v1.16.2
warning: variable does not need to be mutable
    --> src/packages/sys/process/unix.rs:1571:9
     |
1571 |     let mut child =
     |         ----^^^^^
     |         |
     |         help: remove this `mut`
     |
     = note: `#[warn(unused_mut)]` (part of `#[warn(unused)]`) on by default

warning: variable does not need to be mutable
    --> src/packages/sys/process/unix.rs:1890:9
     |
1890 |     let mut pending = input.unwrap_or_default();
     |         ----^^^^^^^
     |         |
     |         help: remove this `mut`

warning: function `try_release_fifo` is never used
    --> src/packages/sys/process/unix.rs:2915:8
     |
2915 |     fn try_release_fifo(path: &Path) -> io::Result<()> {
     |        ^^^^^^^^^^^^^^^^
     |
     = note: `#[warn(dead_code)]` (part of `#[warn(unused)]`) on by default

warning: unused `dynamic::Dynamic` that must be used
    --> src/packages/sys/process/unix.rs:3080:9
     |
3080 | /         engine
3081 | |             .eval_with_scope::<crate::Dynamic>(&mut cancel_scope, "child.kill()")
3082 | |             .expect("public cancellation should wake the blocked waiter");
     | |_________________________________________________________________________^
     |
     = note: `#[warn(unused_must_use)]` (part of `#[warn(unused)]`) on by default
help: use `let _ = ...` to ignore the resulting value
     |
3080 |         let _ = engine
     |         +++++++

warning: `rhai` (lib test) generated 4 warnings (run `cargo fix --lib -p rhai --tests` to apply 2 suggestions)
    Finished `test` profile [unoptimized] target(s) in 24.32s
     Running unittests src/lib.rs (/private/var/folders/yk/m4dzf0ss5x9f4j4z3xb2rrv40000gn/T/agent-build-mqh39eh9/target/debug/deps/rhai-0e1361df2a553af5)

running 1 test
test packages::sys::process::unix::tests::public_wait_is_cancelled_after_entering_condvar ... wait-entry checkpoint pid=59640 count=1 nonterminal=true

thread 'packages::sys::process::unix::tests::public_wait_is_cancelled_after_entering_condvar' (55378675) panicked at src/packages/sys/process/unix.rs:3072:9:
observer acquired snapshot mutex after Condvar wait entry
note: run with `RUST_BACKTRACE=1` environment variable to display a backtrace
wait-entry fixture cleanup pid=59640 reap=ESRCH
FAILED

failures:

failures:
    packages::sys::process::unix::tests::public_wait_is_cancelled_after_entering_condvar

test result: FAILED. 0 passed; 1 failed; 0 ignored; 0 measured; 12 filtered out; finished in 0.05s

error: test failed, to rerun pass `--lib`
