info: syncing channel updates for 1.77.2-aarch64-apple-darwin
info: latest update on 2024-04-09 for version 1.77.2 (25ef9e3d8 2024-04-09)
info: downloading 3 components

  1.77.2-aarch64-apple-darwin installed - rustc 1.77.2 (25ef9e3d8 2024-04-09)

info: default toolchain set to 1.77.2-aarch64-apple-darwin
rustc 1.77.2 (25ef9e3d8 2024-04-09)
cargo 1.77.2 (e52e36006 2024-03-26)
    Updating git repository `https://github.com/schungx/rustyline`
    Updating crates.io index
    Updating git repository `https://gitlab.com/jD91mZM2/no-std-compat.git`
 Downloading crates ...
  Downloaded ambient-authority v0.0.2
  Downloaded io-lifetimes v3.0.1
  Downloaded const-random v0.1.18
  Downloaded ahash v0.8.12
  Downloaded maybe-owned v0.3.4
  Downloaded itoa v1.0.15
  Downloaded fs-set-times v0.20.3
  Downloaded cfg-if v1.0.5
  Downloaded crunchy v0.2.4
  Downloaded version_check v0.9.5
  Downloaded smartstring v1.0.1
  Downloaded unicode-ident v1.0.22
  Downloaded ryu v1.0.20
  Downloaded serde_derive v1.0.229
  Downloaded num-traits v0.2.19
  Downloaded serde v1.0.229
  Downloaded memchr v2.8.3
  Downloaded cap-primitives v4.0.3
  Downloaded bitflags v2.13.2
  Downloaded serde_json v1.0.145
  Downloaded serde_core v1.0.229
  Downloaded proc-macro2 v1.0.103
  Downloaded portable-atomic v1.15.0
  Downloaded getrandom v0.3.4
  Downloaded rmp-serde v1.3.0
  Downloaded zerocopy v0.8.59
  Downloaded syn v2.0.106
  Downloaded syn v3.0.6
  Downloaded once_cell v1.21.4
  Downloaded ipnet v2.12.2
  Downloaded io-extras v0.19.0
  Downloaded getrandom v0.2.17
  Downloaded errno v0.3.14
  Downloaded rustix v1.1.5
  Downloaded cap-std v4.0.3
  Downloaded tiny-keccak v2.0.2
  Downloaded thin-vec v0.2.19
  Downloaded static_assertions v1.1.0
  Downloaded smallvec v1.16.2
  Downloaded quote v1.0.41
  Downloaded paste v1.0.15
  Downloaded autocfg v1.5.1
  Downloaded rmp v0.8.14
  Downloaded io-lifetimes v2.0.4
  Downloaded const-random-macro v0.1.16
  Downloaded byteorder v1.5.0
  Downloaded libc v0.2.189
 Downloading crates ...
  Downloaded web-time v1.1.0
   Compiling proc-macro2 v1.0.103
   Compiling quote v1.0.41
   Compiling unicode-ident v1.0.22
   Compiling libc v0.2.189
   Compiling autocfg v1.5.1
   Compiling serde_core v1.0.229
   Compiling version_check v0.9.5
   Compiling crunchy v0.2.4
   Compiling io-lifetimes v3.0.1
   Compiling io-lifetimes v2.0.4
   Compiling rustix v1.1.5
   Compiling tiny-keccak v2.0.2
   Compiling cfg-if v1.0.5
   Compiling errno v0.3.14
   Compiling num-traits v0.2.19
   Compiling syn v3.0.6
   Compiling serde v1.0.229
   Compiling portable-atomic v1.15.0
   Compiling io-extras v0.19.0
   Compiling bitflags v2.13.2
   Compiling serde_derive v1.0.229
   Compiling getrandom v0.2.17
   Compiling once_cell v1.21.4
   Compiling cap-primitives v4.0.3
   Compiling getrandom v0.3.4
   Compiling zerocopy v0.8.59
   Compiling const-random-macro v0.1.16
   Compiling fs-set-times v0.20.3
   Compiling smartstring v1.0.1
   Compiling ahash v0.8.12
   Compiling ipnet v2.12.2
   Compiling serde_json v1.0.145
   Compiling cap-std v4.0.3
   Compiling paste v1.0.15
   Compiling maybe-owned v0.3.4
   Compiling ambient-authority v0.0.2
   Compiling const-random v0.1.18
   Compiling syn v2.0.106
   Compiling ryu v1.0.20
   Compiling itoa v1.0.15
   Compiling memchr v2.8.3
   Compiling static_assertions v1.1.0
   Compiling rhai v1.26.1 (/private/var/folders/yk/m4dzf0ss5x9f4j4z3xb2rrv40000gn/T/agent-build-rkpxw522/source)
   Compiling rhai_codegen v3.2.0 (/private/var/folders/yk/m4dzf0ss5x9f4j4z3xb2rrv40000gn/T/agent-build-rkpxw522/source/codegen)
   Compiling smallvec v1.16.2
   Compiling byteorder v1.5.0
   Compiling thin-vec v0.2.19
   Compiling rmp v0.8.14
   Compiling rmp-serde v1.3.0
warning: the item `TryFrom` is imported redundantly
   --> src/func/func_call.rs:291:21
    |
291 |                 use std::convert::TryFrom;
    |                     ^^^^^^^^^^^^^^^^^^^^^
   --> /rustc/25ef9e3d85d934b27d9dada2f9dd52b1dc63bb04/library/std/src/prelude/mod.rs:129:13
    |
    = note: the item `TryFrom` is already defined here
    |
    = note: `#[warn(unused_imports)]` on by default

error[E0505]: cannot move out of `resolved.rel` because it is borrowed
   --> src/packages/sys/fs.rs:284:37
    |
279 |         let resolved = self.resolve(path, Need::Read)?;
    |             -------- binding `resolved` declared here
...
284 |             resolved.dir().open_dir(resolved.rel)
    |             --------       -------- ^^^^^^^^^^^^ move out of `resolved.rel` occurs here
    |             |              |
    |             |              borrow later used by call
    |             borrow of `resolved` occurs here

warning: value assigned to `status` is never read
   --> src/packages/sys/process/unix.rs:469:13
    |
469 |     let mut status = None;
    |             ^^^^^^
    |
    = help: maybe it is overwritten before being read?
    = note: `#[warn(unused_assignments)]` on by default

warning: variable does not need to be mutable
   --> src/packages/sys/process/unix.rs:464:9
    |
464 |     let mut pending = input.unwrap_or_default();
    |         ----^^^^^^^
    |         |
    |         help: remove this `mut`
    |
    = note: `#[warn(unused_mut)]` on by default

warning: unused variable: `program`
   --> src/packages/sys/process/unix.rs:683:5
    |
683 |     program: &str,
    |     ^^^^^^^ help: if this is intentional, prefix it with an underscore: `_program`
    |
    = note: `#[warn(unused_variables)]` on by default

For more information about this error, try `rustc --explain E0505`.
warning: `rhai` (lib) generated 4 warnings
error: could not compile `rhai` (lib) due to 1 previous error; 4 warnings emitted
