    Updating git repository `https://github.com/schungx/rustyline`
    Updating crates.io index
    Updating git repository `https://gitlab.com/jD91mZM2/no-std-compat.git`
 Downloading crates ...
  Downloaded bitflags v2.13.2
  Downloaded version_check v0.9.5
  Downloaded fs-set-times v0.20.3
  Downloaded errno v0.3.14
  Downloaded const-random-macro v0.1.16
  Downloaded ambient-authority v0.0.2
  Downloaded const-random v0.1.18
  Downloaded maybe-owned v0.3.4
  Downloaded crunchy v0.2.4
  Downloaded itoa v1.0.15
  Downloaded cfg-if v1.0.5
  Downloaded tiny-keccak v2.0.2
  Downloaded static_assertions v1.1.0
  Downloaded rmp v0.8.14
  Downloaded io-lifetimes v2.0.4
  Downloaded smallvec v1.16.2
  Downloaded io-extras v0.19.0
  Downloaded smartstring v1.0.1
  Downloaded thin-vec v0.2.19
  Downloaded getrandom v0.3.4
  Downloaded unicode-ident v1.0.22
  Downloaded cap-primitives v4.0.3
  Downloaded memchr v2.8.3
  Downloaded serde v1.0.229
  Downloaded proc-macro2 v1.0.103
  Downloaded portable-atomic v1.15.0
  Downloaded serde_json v1.0.145
  Downloaded num-traits v0.2.19
  Downloaded serde_core v1.0.229
  Downloaded ryu v1.0.20
  Downloaded ahash v0.8.12
  Downloaded cap-std v4.0.3
  Downloaded rmp-serde v1.3.0
  Downloaded zerocopy v0.8.59
  Downloaded syn v2.0.106
  Downloaded byteorder v1.5.0
  Downloaded getrandom v0.2.17
  Downloaded autocfg v1.5.1
  Downloaded quote v1.0.41
  Downloaded paste v1.0.15
  Downloaded once_cell v1.21.4
  Downloaded rustix v1.1.5
  Downloaded ipnet v2.12.2
  Downloaded io-lifetimes v3.0.1
  Downloaded libc v0.2.189
 Downloading crates ...
  Downloaded web-time v1.1.0
   Compiling libc v0.2.189
   Compiling autocfg v1.5.1
   Compiling version_check v0.9.5
   Compiling crunchy v0.2.4
   Compiling io-lifetimes v3.0.1
   Compiling rustix v1.1.5
   Compiling tiny-keccak v2.0.2
   Compiling proc-macro2 v1.0.103
   Compiling cfg-if v1.0.5
   Compiling io-lifetimes v2.0.4
   Compiling errno v0.3.14
   Compiling num-traits v0.2.19
   Compiling unicode-ident v1.0.22
   Compiling portable-atomic v1.15.0
   Compiling bitflags v2.13.2
   Compiling io-extras v0.19.0
   Compiling quote v1.0.41
   Compiling getrandom v0.2.17
   Compiling getrandom v0.3.4
   Compiling cap-primitives v4.0.3
   Compiling once_cell v1.21.4
   Compiling serde_core v1.0.229
   Compiling zerocopy v0.8.59
   Compiling const-random-macro v0.1.16
   Compiling fs-set-times v0.20.3
   Compiling smartstring v1.0.1
   Compiling ahash v0.8.12
   Compiling cap-std v4.0.3
   Compiling maybe-owned v0.3.4
   Compiling ambient-authority v0.0.2
   Compiling ipnet v2.12.2
   Compiling paste v1.0.15
   Compiling syn v2.0.106
   Compiling const-random v0.1.18
   Compiling serde v1.0.229
   Compiling static_assertions v1.1.0
   Compiling rhai v1.26.1 (/private/var/folders/yk/m4dzf0ss5x9f4j4z3xb2rrv40000gn/T/agent-build-_0uvqzvx/source)
   Compiling rhai_codegen v3.2.0 (/private/var/folders/yk/m4dzf0ss5x9f4j4z3xb2rrv40000gn/T/agent-build-_0uvqzvx/source/codegen)
   Compiling smallvec v1.16.2
   Compiling thin-vec v0.2.19
   Compiling serde_json v1.0.145
   Compiling byteorder v1.5.0
   Compiling rmp v0.8.14
   Compiling ryu v1.0.20
   Compiling itoa v1.0.15
   Compiling memchr v2.8.3
   Compiling rmp-serde v1.3.0
warning: variable does not need to be mutable
    --> src/packages/sys/process/unix.rs:1716:9
     |
1716 |     let mut child =
     |         ----^^^^^
     |         |
     |         help: remove this `mut`
     |
     = note: `#[warn(unused_mut)]` (part of `#[warn(unused)]`) on by default

warning: variable does not need to be mutable
    --> src/packages/sys/process/unix.rs:2035:9
     |
2035 |     let mut pending = input.unwrap_or_default();
     |         ----^^^^^^^
     |         |
     |         help: remove this `mut`

warning: methods `numeric_operations_probe`, `quarantine_observations_probe`, and `fail_reservation` are never used
    --> src/packages/sys/process/unix.rs:1059:8
     |
 988 | impl ExecutionFaults {
     | -------------------- methods in this implementation
...
1059 |     fn numeric_operations_probe(&self) -> Option<Arc<AtomicUsize>> {
     |        ^^^^^^^^^^^^^^^^^^^^^^^^
...
1070 |     fn quarantine_observations_probe(&self) -> Option<Arc<AtomicUsize>> {
     |        ^^^^^^^^^^^^^^^^^^^^^^^^^^^^^
...
1095 |     fn fail_reservation(&self) -> bool {
     |        ^^^^^^^^^^^^^^^^
     |
     = note: `#[warn(dead_code)]` (part of `#[warn(unused)]`) on by default

warning: `rhai` (lib) generated 3 warnings (run `cargo fix --lib -p rhai` to apply 2 suggestions)
warning: unused import: `PathBuf`
 --> src/bin/rhai-run.rs:8:18
  |
8 |     path::{Path, PathBuf},
  |                  ^^^^^^^
  |
  = note: `#[warn(unused_imports)]` (part of `#[warn(unused)]`) on by default

warning: `rhai` (bin "rhai-run") generated 1 warning (run `cargo fix --bin "rhai-run" -p rhai` to apply 1 suggestion)
    Finished `test` profile [unoptimized] target(s) in 19.03s
     Running tests/sys_process.rs (/private/var/folders/yk/m4dzf0ss5x9f4j4z3xb2rrv40000gn/T/agent-build-_0uvqzvx/target/debug/deps/sys_process-a4f350212a887c3b)

running 1 test
test managed_spawn_kill_stops_leader_worker_leaf_and_preserves_sentinel ... managed_spawn_kill_started root=/private/var/folders/yk/m4dzf0ss5x9f4j4z3xb2rrv40000gn/T/agent-build-_0uvqzvx/tmp/rhai-sys-test-27616-managed_spawn_kill_stops_leader_worker_leaf_and_preserves_sentinel-0 test_pid=27616 sentinel_pid=27617 sentinel_pgid=27617 leader=27618 worker=27619 leaf=27620 group=27618
managed_spawn_kill leader=27618 leader_esrch=true worker=27619 worker_esrch=false leaf=27620 leaf_esrch=false all_esrch=false sentinel=27617 live=true wait_returned=true

thread 'managed_spawn_kill_stops_leader_worker_leaf_and_preserves_sentinel' (55733763) panicked at tests/sys_process.rs:700:5:
managed spawned members must be gone after public kill
note: run with `RUST_BACKTRACE=1` environment variable to display a backtrace
managed-scope sentinel_cleanup pid=27617 status=Some(ExitStatus(unix_wait_status(9))) esrch=true
managed_fixture_cleanup worker_pid=Some(27619) worker_esrch=true leaf_pid=Some(27620) leaf_esrch=true
managed_spawn_fixture_leader_cleanup leader_pid=Some(27618) leader_esrch=true
FAILED

failures:

failures:
    managed_spawn_kill_stops_leader_worker_leaf_and_preserves_sentinel

test result: FAILED. 0 passed; 1 failed; 0 ignored; 0 measured; 19 filtered out; finished in 0.54s

error: test failed, to rerun pass `--test sys_process`
