    Updating git repository `https://github.com/schungx/rustyline`
    Updating crates.io index
    Updating git repository `https://gitlab.com/jD91mZM2/no-std-compat.git`
 Downloading crates ...
  Downloaded itoa v1.0.15
  Downloaded version_check v0.9.5
  Downloaded const-random v0.1.18
  Downloaded once_cell v1.21.4
  Downloaded ahash v0.8.12
  Downloaded syn v2.0.106
  Downloaded smartstring v1.0.1
  Downloaded tiny-keccak v2.0.2
  Downloaded static_assertions v1.1.0
  Downloaded serde_json v1.0.145
  Downloaded zerocopy v0.8.59
  Downloaded unicode-ident v1.0.22
  Downloaded rmp-serde v1.3.0
  Downloaded io-lifetimes v3.0.1
  Downloaded io-lifetimes v2.0.4
  Downloaded autocfg v1.5.1
  Downloaded getrandom v0.3.4
  Downloaded fs-set-times v0.20.3
  Downloaded cfg-if v1.0.5
  Downloaded thin-vec v0.2.19
  Downloaded num-traits v0.2.19
  Downloaded memchr v2.8.3
  Downloaded libc v0.2.189
  Downloaded errno v0.3.14
  Downloaded serde_core v1.0.229
  Downloaded rmp v0.8.14
  Downloaded portable-atomic v1.15.0
  Downloaded ipnet v2.12.2
  Downloaded byteorder v1.5.0
  Downloaded ambient-authority v0.0.2
  Downloaded maybe-owned v0.3.4
  Downloaded serde v1.0.229
  Downloaded quote v1.0.41
  Downloaded paste v1.0.15
  Downloaded io-extras v0.19.0
  Downloaded cap-primitives v4.0.3
  Downloaded crunchy v0.2.4
  Downloaded cap-std v4.0.3
  Downloaded bitflags v2.13.2
  Downloaded smallvec v1.16.2
  Downloaded ryu v1.0.20
  Downloaded getrandom v0.2.17
  Downloaded const-random-macro v0.1.16
  Downloaded proc-macro2 v1.0.103
  Downloaded rustix v1.1.5
 Downloading crates ...
  Downloaded web-time v1.1.0
   Compiling libc v0.2.189
   Compiling autocfg v1.5.1
   Compiling crunchy v0.2.4
   Compiling version_check v0.9.5
   Compiling cfg-if v1.0.5
   Compiling tiny-keccak v2.0.2
   Compiling io-lifetimes v2.0.4
   Compiling rustix v1.1.5
   Compiling proc-macro2 v1.0.103
   Compiling io-lifetimes v3.0.1
   Compiling errno v0.3.14
   Compiling num-traits v0.2.19
   Compiling io-extras v0.19.0
   Compiling quote v1.0.41
   Compiling bitflags v2.13.2
   Compiling portable-atomic v1.15.0
   Compiling unicode-ident v1.0.22
   Compiling getrandom v0.2.17
   Compiling zerocopy v0.8.59
   Compiling once_cell v1.21.4
   Compiling getrandom v0.3.4
   Compiling cap-primitives v4.0.3
   Compiling serde_core v1.0.229
   Compiling const-random-macro v0.1.16
   Compiling fs-set-times v0.20.3
   Compiling smartstring v1.0.1
   Compiling ahash v0.8.12
   Compiling maybe-owned v0.3.4
   Compiling ipnet v2.12.2
   Compiling paste v1.0.15
   Compiling cap-std v4.0.3
   Compiling ambient-authority v0.0.2
   Compiling syn v2.0.106
   Compiling const-random v0.1.18
   Compiling rhai v1.26.1 (/private/var/folders/yk/m4dzf0ss5x9f4j4z3xb2rrv40000gn/T/agent-build-cbsuwuxt/source)
   Compiling serde v1.0.229
   Compiling static_assertions v1.1.0
   Compiling rhai_codegen v3.2.0 (/private/var/folders/yk/m4dzf0ss5x9f4j4z3xb2rrv40000gn/T/agent-build-cbsuwuxt/source/codegen)
   Compiling serde_json v1.0.145
   Compiling byteorder v1.5.0
   Compiling smallvec v1.16.2
   Compiling thin-vec v0.2.19
   Compiling rmp v0.8.14
   Compiling ryu v1.0.20
   Compiling itoa v1.0.15
   Compiling memchr v2.8.3
   Compiling rmp-serde v1.3.0
warning: variable does not need to be mutable
    --> src/packages/sys/process/unix.rs:1817:9
     |
1817 |     let mut child =
     |         ----^^^^^
     |         |
     |         help: remove this `mut`
     |
     = note: `#[warn(unused_mut)]` (part of `#[warn(unused)]`) on by default

warning: variable does not need to be mutable
    --> src/packages/sys/process/unix.rs:2136:9
     |
2136 |     let mut pending = input.unwrap_or_default();
     |         ----^^^^^^^
     |         |
     |         help: remove this `mut`

warning: methods `numeric_operations_probe`, `quarantine_observations_probe`, and `fail_reservation` are never used
    --> src/packages/sys/process/unix.rs:1160:8
     |
1089 | impl ExecutionFaults {
     | -------------------- methods in this implementation
...
1160 |     fn numeric_operations_probe(&self) -> Option<Arc<AtomicUsize>> {
     |        ^^^^^^^^^^^^^^^^^^^^^^^^
...
1171 |     fn quarantine_observations_probe(&self) -> Option<Arc<AtomicUsize>> {
     |        ^^^^^^^^^^^^^^^^^^^^^^^^^^^^^
...
1196 |     fn fail_reservation(&self) -> bool {
     |        ^^^^^^^^^^^^^^^^
     |
     = note: `#[warn(dead_code)]` (part of `#[warn(unused)]`) on by default

warning: `rhai` (lib) generated 3 warnings (run `cargo fix --lib -p rhai` to apply 2 suggestions)
warning: unused import: `PathBuf`
 --> src/bin/rhai-run.rs:8:18
  |
8 |     path::{Path, PathBuf},
  |                  ^^^^^^^
  |
  = note: `#[warn(unused_imports)]` (part of `#[warn(unused)]`) on by default

warning: variable does not need to be mutable
   --> tests/sys_process.rs:401:9
    |
401 |     let mut holder = command.spawn().expect("start escaped captured-pipe holder");
    |         ----^^^^^^
    |         |
    |         help: remove this `mut`
    |
    = note: `#[warn(unused_mut)]` (part of `#[warn(unused)]`) on by default

warning: `rhai` (bin "rhai-run") generated 1 warning (run `cargo fix --bin "rhai-run" -p rhai` to apply 1 suggestion)
warning: `rhai` (test "sys_process") generated 1 warning (run `cargo fix --test "sys_process" -p rhai` to apply 1 suggestion)
    Finished `test` profile [unoptimized] target(s) in 20.07s
     Running tests/sys_process.rs (/private/var/folders/yk/m4dzf0ss5x9f4j4z3xb2rrv40000gn/T/agent-build-cbsuwuxt/target/debug/deps/sys_process-a4f350212a887c3b)

running 1 test
test managed_spawn_post_reap_cancel_bounds_escaped_capture ... managed_post_reap_ordinary_wait root=/private/var/folders/yk/m4dzf0ss5x9f4j4z3xb2rrv40000gn/T/agent-build-cbsuwuxt/tmp/rhai-sys-test-6519-managed_spawn_post_reap_cancel_bounds_escaped_capture-0 test_pid=6519 leader=6524 holder=6525 sentinel=6523 wait_unit=true holder_live=true
managed_post_reap_typed_error cause=Io { op: "terminate process group", target: "/private/var/folders/yk/m4dzf0ss5x9f4j4z3xb2rrv40000gn/T/agent-build-cbsuwuxt/target/debug/deps/sys_process-a4f350212a887c3b", kind: PermissionDenied, message: "Operation not permitted (os error 1)" } exit_code=None exit_signal=None stdout_complete=false stderr_complete=false timed_out=false stdout_bytes=[10, 114, 117, 110, 110, 105, 110, 103, 32, 49, 32, 116, 101, 115, 116, 10, 10, 114, 117, 110, 110, 105, 110, 103, 32, 49, 32, 116, 101, 115, 116, 10, 101, 115, 99, 97, 112, 101, 100, 45, 104, 111, 108, 100, 101, 114, 45, 115, 116, 100, 111, 117, 116, 45, 114, 101, 97, 100, 121, 10, 46, 10, 116, 101, 115, 116, 32, 114, 101, 115, 117, 108, 116, 58, 32, 111, 107, 46, 32, 49, 32, 112, 97, 115, 115, 101, 100, 59, 32, 48, 32, 102, 97, 105, 108, 101, 100, 59, 32, 48, 32, 105, 103, 110, 111, 114, 101, 100, 59, 32, 48, 32, 109, 101, 97, 115, 117, 114, 101, 100, 59, 32, 50, 51, 32, 102, 105, 108, 116, 101, 114, 101, 100, 32, 111, 117, 116, 59, 32, 102, 105, 110, 105, 115, 104, 101, 100, 32, 105, 110, 32, 48, 46, 48, 55, 115, 10, 10] stderr_bytes=[101, 115, 99, 97, 112, 101, 100, 45, 104, 111, 108, 100, 101, 114, 45, 115, 116, 100, 101, 114, 114, 45, 114, 101, 97, 100, 121, 10] cleanup_diagnostics=[]
managed_post_reap_leader leader=6524 exit_record_matches=true exit_record="pid=6524 release_seen=true exit_intent=true\n" try_wait_unit=false try_wait_error=Some("Runtime error: rhai::packages::sys::error::SysError (line 1, position 7)") ps_status=Ok("Z") leader_esrch=false holder=6525 holder_live=true

thread 'managed_spawn_post_reap_cancel_bounds_escaped_capture' (56085636) panicked at tests/sys_process.rs:1065:5:
natural leader exit with only its zombie remaining must not fail group closure
note: run with `RUST_BACKTRACE=1` environment variable to display a backtrace
managed-scope sentinel_cleanup pid=6523 status=Some(ExitStatus(unix_wait_status(9))) esrch=true
managed_escaped_pipe_cleanup root=/private/var/folders/yk/m4dzf0ss5x9f4j4z3xb2rrv40000gn/T/agent-build-cbsuwuxt/tmp/rhai-sys-test-6519-managed_spawn_post_reap_cancel_bounds_escaped_capture-0 leader=Some(6524) leader_esrch=false holder=Some(6525) holder_esrch=true
FAILED

failures:

failures:
    managed_spawn_post_reap_cancel_bounds_escaped_capture

test result: FAILED. 0 passed; 1 failed; 0 ignored; 0 measured; 23 filtered out; finished in 8.10s

error: test failed, to rerun pass `--test sys_process`
