2026-10-01T08:06:17Z	16072
2026-10-01T08:06:18Z	30116
2026-10-01T08:06:19Z	80172
2026-10-01T08:06:20Z	124952
2026-10-01T08:06:21Z	233632
2026-10-01T08:06:22Z	313860
2026-10-01T08:06:23Z	511716
2026-10-01T08:06:24Z	481956
2026-10-01T08:06:25Z	481984
2026-10-01T08:06:26Z	485232
2026-10-01T08:06:27Z	485452
2026-10-01T08:06:28Z	488792
2026-10-01T08:06:29Z	492908
2026-10-01T08:06:30Z	529568
2026-10-01T08:06:31Z	544068
2026-10-01T08:06:32Z	553220
2026-10-01T08:06:33Z	570944
2026-10-01T08:06:34Z	586908
2026-10-01T08:06:36Z	603664
2026-10-01T08:06:37Z	614752
2026-10-01T08:06:38Z	618584
2026-10-01T08:06:39Z	658492
2026-10-01T08:06:40Z	681732
2026-10-01T08:06:41Z	687316
2026-10-01T08:06:42Z	713436
2026-10-01T08:06:43Z	723676
2026-10-01T08:06:44Z	743132
2026-10-01T08:06:45Z	782400
2026-10-01T08:06:46Z	801020
2026-10-01T08:06:47Z	820520
2026-10-01T08:06:48Z	861352
2026-10-01T08:06:49Z	1044652
