    Updating git repository `https://github.com/schungx/rustyline`
    Updating crates.io index
    Updating git repository `https://gitlab.com/jD91mZM2/no-std-compat.git`
     Locking 130 packages to latest compatible versions
      Adding getrandom v0.3.4 (available: v0.4.3)
      Adding hashbrown v0.16.1 (available: v0.17.1)
      Adding syn v2.0.119 (available: v3.0.6)
   Compiling autocfg v1.5.1
   Compiling libc v0.2.189
   Compiling version_check v0.9.5
   Compiling crunchy v0.2.4
   Compiling proc-macro2 v1.0.107
   Compiling tiny-keccak v2.0.2
   Compiling cfg-if v1.0.5
   Compiling unicode-ident v1.0.26
   Compiling quote v1.0.47
   Compiling portable-atomic v1.15.0
   Compiling serde_core v1.0.229
   Compiling zerocopy v0.8.59
   Compiling getrandom v0.3.4
   Compiling num-traits v0.2.19
   Compiling once_cell v1.21.4
   Compiling smartstring v1.0.1
   Compiling ahash v0.8.12
   Compiling zmij v1.0.23
   Compiling serde v1.0.229
   Compiling static_assertions v1.1.0
   Compiling rhai v1.26.1 (/Users/hoppworks/projects/rhai-tcp-stream-writes)
   Compiling getrandom v0.2.17
   Compiling const-random-macro v0.1.16
   Compiling smallvec v1.16.2
   Compiling syn v2.0.119
   Compiling thin-vec v0.2.20
   Compiling bitflags v2.13.2
   Compiling serde_json v1.0.151
   Compiling rmp v0.8.15
   Compiling const-random v0.1.18
   Compiling itoa v1.0.18
   Compiling memchr v2.8.3
   Compiling rmp-serde v1.3.1
   Compiling rhai_codegen v3.2.0 (/Users/hoppworks/projects/rhai-tcp-stream-writes/codegen)
warning: unused import: `PathBuf`
 --> src/bin/rhai-run.rs:8:18
  |
8 |     path::{Path, PathBuf},
  |                  ^^^^^^^
  |
  = note: `#[warn(unused_imports)]` (part of `#[warn(unused)]`) on by default

error[E0433]: failed to resolve: could not find `Blob` in `rhai`
   --> tests/net_writes.rs:124:41
    |
124 |             scope.push("payload", rhai::Blob::from([1_u8, 2, 3]));
    |                                         ^^^^ could not find `Blob` in `rhai`
    |
note: found an item that was configured out
   --> /Users/hoppworks/projects/rhai-tcp-stream-writes/src/lib.rs:316:10
    |
315 | #[cfg(not(feature = "no_index"))]
    |          ---------------------- the item is gated here
316 | pub type Blob = Vec<u8>;
    |          ^^^^

warning: variable does not need to be mutable
  --> tests/net_writes.rs:11:24
   |
11 | fn read_bounded_to_end(mut stream: &TcpStream, max_bytes: usize) -> Vec<u8> {
   |                        ----^^^^^^
   |                        |
   |                        help: remove this `mut`
   |
   = note: `#[warn(unused_mut)]` (part of `#[warn(unused)]`) on by default

warning: variable does not need to be mutable
  --> tests/net_writes.rs:62:10
   |
62 |         |mut peer| read_bounded_to_end(&peer, 20 * 1024 * 1024),
   |          ----^^^^
   |          |
   |          help: remove this `mut`

warning: variable does not need to be mutable
   --> tests/net_writes.rs:210:10
    |
210 |         |mut peer| read_bounded_to_end(&peer, 20 * 1024 * 1024),
    |          ----^^^^
    |          |
    |          help: remove this `mut`

warning: variable does not need to be mutable
   --> tests/net_writes.rs:268:10
    |
268 |         |mut peer| read_bounded_to_end(&peer, 20 * 1024 * 1024),
    |          ----^^^^
    |          |
    |          help: remove this `mut`

warning: variable does not need to be mutable
   --> tests/net_writes.rs:287:9
    |
287 |     let mut engine = engine(NetConfig::default().allow_listen("127.0.0.1:0".parse().unwrap()));
    |         ----^^^^^^
    |         |
    |         help: remove this `mut`

warning: variable does not need to be mutable
   --> tests/net_writes.rs:291:9
    |
291 |     let mut peer = TcpStream::connect(address.parse::<SocketAddr>().unwrap()).unwrap();
    |         ----^^^^
    |         |
    |         help: remove this `mut`

warning: variable does not need to be mutable
   --> tests/net_writes.rs:308:9
    |
308 |     let mut engine = engine(NetConfig::default().allow_listen("127.0.0.1:0".parse().unwrap()).max_write_bytes(2));
    |         ----^^^^^^
    |         |
    |         help: remove this `mut`

For more information about this error, try `rustc --explain E0433`.
warning: `rhai` (test "net_writes") generated 7 warnings
error: could not compile `rhai` (test "net_writes") due to 1 previous error; 7 warnings emitted
warning: build failed, waiting for other jobs to finish...
warning: `rhai` (bin "rhai-run") generated 1 warning (run `cargo fix --bin "rhai-run" -p rhai` to apply 1 suggestion)
