warning: variable does not need to be mutable
   --> src/packages/sys/process/unix.rs:678:13
    |
678 |         let mut wait_operation = "wait for child";
    |             ----^^^^^^^^^^^^^^
    |             |
    |             help: remove this `mut`
    |
    = note: `#[warn(unused_mut)]` (part of `#[warn(unused)]`) on by default

warning: unused variable: `termination`
    --> src/packages/sys/process/unix.rs:1118:22
     |
1118 |                 let (termination, _operation) = if self.managed {
     |                      ^^^^^^^^^^^ help: if this is intentional, prefix it with an underscore: `_termination`
     |
     = note: `#[warn(unused_variables)]` (part of `#[warn(unused)]`) on by default

warning: variable does not need to be mutable
    --> src/packages/sys/process/unix.rs:2301:9
     |
2301 |     let mut faults = ExecutionFaults::take_for_execution();
     |         ----^^^^^^
     |         |
     |         help: remove this `mut`

warning: variable does not need to be mutable
    --> src/packages/sys/process/unix.rs:2378:9
     |
2378 |     let mut child =
     |         ----^^^^^
     |         |
     |         help: remove this `mut`

warning: unused variable: `faults`
    --> src/packages/sys/process/unix.rs:2301:9
     |
2301 |     let mut faults = ExecutionFaults::take_for_execution();
     |         ^^^^^^^^^^ help: if this is intentional, prefix it with an underscore: `_faults`

warning: variable does not need to be mutable
    --> src/packages/sys/process/unix.rs:2721:9
     |
2721 |     let mut pending = input.unwrap_or_default();
     |         ----^^^^^^^
     |         |
     |         help: remove this `mut`

warning: methods `numeric_operations_probe`, `quarantine_observations_probe`, and `fail_reservation` are never used
    --> src/packages/sys/process/unix.rs:1549:8
     |
1422 | impl ExecutionFaults {
     | -------------------- methods in this implementation
...
1549 |     fn numeric_operations_probe(&self) -> Option<Arc<AtomicUsize>> {
     |        ^^^^^^^^^^^^^^^^^^^^^^^^
...
1560 |     fn quarantine_observations_probe(&self) -> Option<Arc<AtomicUsize>> {
     |        ^^^^^^^^^^^^^^^^^^^^^^^^^^^^^
...
1585 |     fn fail_reservation(&self) -> bool {
     |        ^^^^^^^^^^^^^^^^
     |
     = note: `#[warn(dead_code)]` (part of `#[warn(unused)]`) on by default

warning: `rhai` (lib) generated 7 warnings (run `cargo fix --lib -p rhai` to apply 6 suggestions)
   Compiling rhai v1.26.1 (/Users/hoppworks/.local/share/agent-builds/rhai/darwin-x20-20261008-82f295c8/agent-build-jnxp222b/source)
warning: variable does not need to be mutable
    --> tests/sys_process.rs:1022:9
     |
1022 |     let mut holder = command.spawn().expect("start escaped captured-pipe holder");
     |         ----^^^^^^
     |         |
     |         help: remove this `mut`
     |
     = note: `#[warn(unused_mut)]` (part of `#[warn(unused)]`) on by default

warning: constant `DIRECT_DROP_RECORD_ENV` is never used
  --> tests/sys_process.rs:40:7
   |
40 | const DIRECT_DROP_RECORD_ENV: &str = "RHAI_SYS_DIRECT_DROP_RECORD";
   |       ^^^^^^^^^^^^^^^^^^^^^^
   |
   = note: `#[warn(dead_code)]` (part of `#[warn(unused)]`) on by default

warning: unused `Dynamic` that must be used
   --> tests/fixtures/sys_process_shared_child_contract.rs:260:5
    |
260 |     engine.eval_with_scope::<Dynamic>(&mut scope, "child.kill()").expect("kill after completion is idempotent");
    |     ^^^^^^^^^^^^^^^^^^^^^^^^^^^^^^^^^^^^^^^^^^^^^^^^^^^^^^^^^^^^^^^^^^^^^^^^^^^^^^^^^^^^^^^^^^^^^^^^^^^^^^^^^^^
    |
    = note: `#[warn(unused_must_use)]` (part of `#[warn(unused)]`) on by default
help: use `let _ = ...` to ignore the resulting value
    |
260 |     let _ = engine.eval_with_scope::<Dynamic>(&mut scope, "child.kill()").expect("kill after completion is idempotent");
    |     +++++++

warning: unused `Dynamic` that must be used
   --> tests/fixtures/sys_process_shared_child_contract.rs:261:5
    |
261 |     engine.eval_with_scope::<Dynamic>(&mut scope, "child.kill()").expect("repeated kill after completion is idempotent");
    |     ^^^^^^^^^^^^^^^^^^^^^^^^^^^^^^^^^^^^^^^^^^^^^^^^^^^^^^^^^^^^^^^^^^^^^^^^^^^^^^^^^^^^^^^^^^^^^^^^^^^^^^^^^^^^^^^^^^^^
    |
help: use `let _ = ...` to ignore the resulting value
    |
261 |     let _ = engine.eval_with_scope::<Dynamic>(&mut scope, "child.kill()").expect("repeated kill after completion is idempotent");
    |     +++++++

warning: `rhai` (test "sys_process") generated 4 warnings (run `cargo fix --test "sys_process" -p rhai` to apply 1 suggestion)
warning: unused import: `PathBuf`
 --> src/bin/rhai-run.rs:8:18
  |
8 |     path::{Path, PathBuf},
  |                  ^^^^^^^
  |
  = note: `#[warn(unused_imports)]` (part of `#[warn(unused)]`) on by default

warning: `rhai` (bin "rhai-run") generated 1 warning (run `cargo fix --bin "rhai-run" -p rhai` to apply 1 suggestion)
    Finished `test` profile [unoptimized + debuginfo] target(s) in 0.66s
     Running tests/sys_process.rs (/Users/hoppworks/.local/share/agent-builds/rhai/darwin-x20-20261008-82f295c8/agent-build-jnxp222b/target/debug/deps/sys_process-9d679bfc958d06a6)

running 1 test
test run_io_contract_empty_output ... x14_empty_output stdout_len=0 stderr_len=0 child_record="child-pid=83117\nchild-exit=0" child_reaped=true
ok

test result: ok. 1 passed; 0 failed; 0 ignored; 0 measured; 47 filtered out; finished in 0.11s

