   Compiling rhai v1.26.1 (/Users/hoppworks/.local/share/agent-builds/rhai/root-feature-20261002-29bc7f16/agent-build-wqsbtouw/source)
warning: the item `TryFrom` is imported redundantly
   --> src/func/func_call.rs:291:21
    |
291 |                 use std::convert::TryFrom;
    |                     ^^^^^^^^^^^^^^^^^^^^^
   --> /rustc/25ef9e3d85d934b27d9dada2f9dd52b1dc63bb04/library/std/src/prelude/mod.rs:129:13
    |
    = note: the item `TryFrom` is already defined here
    |
    = note: `#[warn(unused_imports)]` on by default

warning: variable does not need to be mutable
   --> src/packages/sys/process/unix.rs:668:13
    |
668 |         let mut wait_operation = "wait for child";
    |             ----^^^^^^^^^^^^^^
    |             |
    |             help: remove this `mut`
    |
    = note: `#[warn(unused_mut)]` on by default

warning: unused variable: `termination`
    --> src/packages/sys/process/unix.rs:1106:22
     |
1106 |                 let (termination, _operation) = if self.managed {
     |                      ^^^^^^^^^^^ help: if this is intentional, prefix it with an underscore: `_termination`
     |
     = note: `#[warn(unused_variables)]` on by default

warning: variable does not need to be mutable
    --> src/packages/sys/process/unix.rs:2134:9
     |
2134 |     let mut child =
     |         ----^^^^^
     |         |
     |         help: remove this `mut`

warning: variable does not need to be mutable
    --> src/packages/sys/process/unix.rs:2456:9
     |
2456 |     let mut pending = input.unwrap_or_default();
     |         ----^^^^^^^
     |         |
     |         help: remove this `mut`

warning: methods `numeric_operations_probe`, `quarantine_observations_probe`, and `fail_reservation` are never used
    --> src/packages/sys/process/unix.rs:1470:8
     |
1390 | impl ExecutionFaults {
     | -------------------- methods in this implementation
...
1470 |     fn numeric_operations_probe(&self) -> Option<Arc<AtomicUsize>> {
     |        ^^^^^^^^^^^^^^^^^^^^^^^^
...
1481 |     fn quarantine_observations_probe(&self) -> Option<Arc<AtomicUsize>> {
     |        ^^^^^^^^^^^^^^^^^^^^^^^^^^^^^
...
1506 |     fn fail_reservation(&self) -> bool {
     |        ^^^^^^^^^^^^^^^^
     |
     = note: `#[warn(dead_code)]` on by default

warning: `rhai` (lib) generated 6 warnings (run `cargo fix --lib -p rhai` to apply 4 suggestions)
    Finished dev [unoptimized] target(s) in 2.85s
