    Updating git repository `https://github.com/schungx/rustyline`
    Updating crates.io index
    Updating git repository `https://gitlab.com/jD91mZM2/no-std-compat.git`
 Downloading crates ...
  Downloaded const-random v0.1.18
  Downloaded ambient-authority v0.0.2
  Downloaded cfg-if v1.0.5
  Downloaded crunchy v0.2.4
  Downloaded const-random-macro v0.1.16
  Downloaded fs-set-times v0.20.3
  Downloaded maybe-owned v0.3.4
  Downloaded version_check v0.9.5
  Downloaded errno v0.3.14
  Downloaded tiny-keccak v2.0.2
  Downloaded quote v1.0.41
  Downloaded smartstring v1.0.1
  Downloaded unicode-ident v1.0.22
  Downloaded smallvec v1.16.2
  Downloaded proc-macro2 v1.0.103
  Downloaded bitflags v2.13.2
  Downloaded ahash v0.8.12
  Downloaded num-traits v0.2.19
  Downloaded cap-primitives v4.0.3
  Downloaded getrandom v0.3.4
  Downloaded io-extras v0.19.0
  Downloaded syn v2.0.106
  Downloaded getrandom v0.2.17
  Downloaded portable-atomic v1.15.0
  Downloaded thin-vec v0.2.19
  Downloaded static_assertions v1.1.0
  Downloaded cap-std v4.0.3
  Downloaded ipnet v2.12.2
  Downloaded zerocopy v0.8.59
  Downloaded io-lifetimes v3.0.1
  Downloaded autocfg v1.5.1
  Downloaded io-lifetimes v2.0.4
  Downloaded once_cell v1.21.4
  Downloaded rustix v1.1.5
  Downloaded libc v0.2.189
   Compiling libc v0.2.189
   Compiling version_check v0.9.5
   Compiling crunchy v0.2.4
   Compiling autocfg v1.5.1
   Compiling io-lifetimes v2.0.4
   Compiling proc-macro2 v1.0.103
   Compiling rustix v1.1.5
   Compiling io-lifetimes v3.0.1
   Compiling tiny-keccak v2.0.2
    Checking errno v0.3.14
   Compiling portable-atomic v1.15.0
   Compiling quote v1.0.41
   Compiling io-extras v0.19.0
   Compiling unicode-ident v1.0.22
    Checking bitflags v2.13.2
   Compiling cfg-if v1.0.5
   Compiling getrandom v0.2.17
   Compiling zerocopy v0.8.59
   Compiling cap-primitives v4.0.3
   Compiling once_cell v1.21.4
   Compiling getrandom v0.3.4
   Compiling const-random-macro v0.1.16
    Checking fs-set-times v0.20.3
   Compiling smartstring v1.0.1
   Compiling num-traits v0.2.19
   Compiling ahash v0.8.12
    Checking ipnet v2.12.2
    Checking ambient-authority v0.0.2
   Compiling cap-std v4.0.3
    Checking maybe-owned v0.3.4
   Compiling syn v2.0.106
    Checking const-random v0.1.18
   Compiling rhai v1.26.1 (/Users/hoppworks/.local/share/agent-builds/rhai/root-feature-20261002-29bc7f16/agent-build-wqsbtouw/source)
    Checking static_assertions v1.1.0
   Compiling rhai_codegen v3.2.0 (/Users/hoppworks/.local/share/agent-builds/rhai/root-feature-20261002-29bc7f16/agent-build-wqsbtouw/source/codegen)
    Checking thin-vec v0.2.19
    Checking smallvec v1.16.2
warning: the item `TryFrom` is imported redundantly
   --> src/func/func_call.rs:291:21
    |
291 |                 use std::convert::TryFrom;
    |                     ^^^^^^^^^^^^^^^^^^^^^
   --> /rustc/25ef9e3d85d934b27d9dada2f9dd52b1dc63bb04/library/std/src/prelude/mod.rs:129:13
    |
    = note: the item `TryFrom` is already defined here
    |
    = note: `#[warn(unused_imports)]` on by default

warning: variable does not need to be mutable
   --> src/packages/sys/process/unix.rs:668:13
    |
668 |         let mut wait_operation = "wait for child";
    |             ----^^^^^^^^^^^^^^
    |             |
    |             help: remove this `mut`
    |
    = note: `#[warn(unused_mut)]` on by default

warning: unused variable: `termination`
    --> src/packages/sys/process/unix.rs:1106:22
     |
1106 |                 let (termination, _operation) = if self.managed {
     |                      ^^^^^^^^^^^ help: if this is intentional, prefix it with an underscore: `_termination`
     |
     = note: `#[warn(unused_variables)]` on by default

warning: variable does not need to be mutable
    --> src/packages/sys/process/unix.rs:2134:9
     |
2134 |     let mut child =
     |         ----^^^^^
     |         |
     |         help: remove this `mut`

warning: variable does not need to be mutable
    --> src/packages/sys/process/unix.rs:2456:9
     |
2456 |     let mut pending = input.unwrap_or_default();
     |         ----^^^^^^^
     |         |
     |         help: remove this `mut`

warning: methods `numeric_operations_probe`, `quarantine_observations_probe`, and `fail_reservation` are never used
    --> src/packages/sys/process/unix.rs:1470:8
     |
1390 | impl ExecutionFaults {
     | -------------------- methods in this implementation
...
1470 |     fn numeric_operations_probe(&self) -> Option<Arc<AtomicUsize>> {
     |        ^^^^^^^^^^^^^^^^^^^^^^^^
...
1481 |     fn quarantine_observations_probe(&self) -> Option<Arc<AtomicUsize>> {
     |        ^^^^^^^^^^^^^^^^^^^^^^^^^^^^^
...
1506 |     fn fail_reservation(&self) -> bool {
     |        ^^^^^^^^^^^^^^^^
     |
     = note: `#[warn(dead_code)]` on by default

warning: `rhai` (lib) generated 6 warnings (run `cargo fix --lib -p rhai` to apply 4 suggestions)
    Finished dev [unoptimized] target(s) in 15.07s
