   Compiling rhai v1.26.1 (/private/var/folders/yk/m4dzf0ss5x9f4j4z3xb2rrv40000gn/T/agent-build-a4847cob/source)
warning: unused import: `super::*`
   --> src/packages/net/stream.rs:446:9
    |
446 |     use super::*;
    |         ^^^^^^^^
    |
    = note: `#[warn(unused_imports)]` (part of `#[warn(unused)]`) on by default

warning: unused import: `crate::packages::net::NetError`
   --> src/packages/net/stream.rs:447:9
    |
447 |     use crate::packages::net::NetError;
    |         ^^^^^^^^^^^^^^^^^^^^^^^^^^^^^^

warning: unused import: `std::io::Write`
   --> src/packages/net/stream.rs:448:9
    |
448 |     use std::io::Write;
    |         ^^^^^^^^^^^^^^

warning: unused import: `std::net::TcpListener`
   --> src/packages/net/stream.rs:449:9
    |
449 |     use std::net::TcpListener;
    |         ^^^^^^^^^^^^^^^^^^^^^

warning: unused import: `std::sync::mpsc`
   --> src/packages/net/stream.rs:450:9
    |
450 |     use std::sync::mpsc;
    |         ^^^^^^^^^^^^^^^

warning: `rhai` (lib test) generated 5 warnings (run `cargo fix --lib -p rhai --tests` to apply 5 suggestions)
warning: unused import: `PathBuf`
 --> src/bin/rhai-run.rs:8:18
  |
8 |     path::{Path, PathBuf},
  |                  ^^^^^^^
  |
  = note: `#[warn(unused_imports)]` (part of `#[warn(unused)]`) on by default

warning: variable does not need to be mutable
  --> tests/net_reads.rs:28:14
   |
28 |         let (mut stream, _) = loop {
   |              ----^^^^^^
   |              |
   |              help: remove this `mut`
   |
   = note: `#[warn(unused_mut)]` (part of `#[warn(unused)]`) on by default

warning: `rhai` (bin "rhai-run") generated 1 warning (run `cargo fix --bin "rhai-run" -p rhai` to apply 1 suggestion)
warning: `rhai` (test "net_reads") generated 1 warning (run `cargo fix --test "net_reads" -p rhai` to apply 1 suggestion)
    Finished `test` profile [unoptimized] target(s) in 5.55s
     Running unittests src/lib.rs (/var/folders/yk/m4dzf0ss5x9f4j4z3xb2rrv40000gn/T/agent-build-a4847cob/target/debug/deps/rhai-a3390a496b9d23f3)

running 1 test
test tests::check_struct_sizes ... ok

test result: ok. 1 passed; 0 failed; 0 ignored; 0 measured; 0 filtered out; finished in 0.00s

     Running tests/net_reads.rs (/var/folders/yk/m4dzf0ss5x9f4j4z3xb2rrv40000gn/T/agent-build-a4847cob/target/debug/deps/net_reads-1f5ee3d926a2e18c)

running 7 tests
test accepted_stream_inherits_host_receive_cap ... ok
test engine_string_limit_keeps_ascii_and_reports_lossy_expansion_progress ... ok
test no_data_read_times_out_and_bounded_eof_loop_reports_partial_progress ... FAILED
test no_index_keeps_string_reads_and_omits_blob_methods ... ok
test one_shot_read_returns_an_available_short_prefix_without_waiting_for_more ... ok
test one_shot_text_read_replaces_a_utf8_character_cut_by_the_available_prefix ... ok
test stream_read_string_returns_exact_lossy_text_from_peer_bytes ... ok

failures:

---- no_data_read_times_out_and_bounded_eof_loop_reports_partial_progress stdout ----

thread 'no_data_read_times_out_and_bounded_eof_loop_reports_partial_progress' (51662458) panicked at tests/net_reads.rs:181:5:
script timeout cannot raise the host deadline and reports structured fields
note: run with `RUST_BACKTRACE=1` environment variable to display a backtrace


failures:
    no_data_read_times_out_and_bounded_eof_loop_reports_partial_progress

test result: FAILED. 6 passed; 1 failed; 0 ignored; 0 measured; 0 filtered out; finished in 0.02s

error: test failed, to rerun pass `--test net_reads`
