    Updating git repository `https://github.com/schungx/rustyline`
    Updating crates.io index
    Updating git repository `https://gitlab.com/jD91mZM2/no-std-compat.git`
     Locking 130 packages to latest compatible versions
      Adding getrandom v0.3.4 (available: v0.4.3)
      Adding hashbrown v0.16.1 (available: v0.17.1)
      Adding syn v2.0.119 (available: v3.0.6)
 Downloading crates ...
  Downloaded ahash v0.8.12
  Downloaded const-random v0.1.18
  Downloaded version_check v0.9.5
  Downloaded crunchy v0.2.4
  Downloaded itoa v1.0.18
  Downloaded cfg-if v1.0.5
  Downloaded const-random-macro v0.1.16
  Downloaded autocfg v1.5.1
  Downloaded zmij v1.0.23
  Downloaded static_assertions v1.1.0
  Downloaded tiny-keccak v2.0.2
  Downloaded serde_json v1.0.151
  Downloaded unicode-ident v1.0.26
  Downloaded serde_core v1.0.229
  Downloaded serde v1.0.229
  Downloaded memchr v2.8.3
  Downloaded proc-macro2 v1.0.107
  Downloaded once_cell v1.21.4
  Downloaded num-traits v0.2.19
  Downloaded getrandom v0.3.4
  Downloaded getrandom v0.2.17
  Downloaded portable-atomic v1.15.0
  Downloaded bitflags v2.13.2
  Downloaded thin-vec v0.2.20
  Downloaded smartstring v1.0.1
  Downloaded smallvec v1.16.2
  Downloaded zerocopy v0.8.59
  Downloaded syn v2.0.119
  Downloaded rmp-serde v1.3.1
  Downloaded rmp v0.8.15
  Downloaded quote v1.0.47
  Downloaded libc v0.2.189
 Downloading crates ...
  Downloaded web-time v1.1.0
   Compiling autocfg v1.5.1
   Compiling libc v0.2.189
   Compiling crunchy v0.2.4
   Compiling version_check v0.9.5
   Compiling tiny-keccak v2.0.2
   Compiling proc-macro2 v1.0.107
   Compiling cfg-if v1.0.5
   Compiling num-traits v0.2.19
   Compiling quote v1.0.47
   Compiling portable-atomic v1.15.0
   Compiling unicode-ident v1.0.26
   Compiling getrandom v0.2.17
   Compiling once_cell v1.21.4
   Compiling serde_core v1.0.229
   Compiling zerocopy v0.8.59
   Compiling getrandom v0.3.4
   Compiling const-random-macro v0.1.16
   Compiling smartstring v1.0.1
   Compiling ahash v0.8.12
   Compiling syn v2.0.119
   Compiling const-random v0.1.18
   Compiling zmij v1.0.23
   Compiling rhai v1.26.1 (/private/var/folders/yk/m4dzf0ss5x9f4j4z3xb2rrv40000gn/T/agent-build-_3sssp5d/source)
   Compiling static_assertions v1.1.0
   Compiling serde v1.0.229
   Compiling rhai_codegen v3.2.0 (/private/var/folders/yk/m4dzf0ss5x9f4j4z3xb2rrv40000gn/T/agent-build-_3sssp5d/source/codegen)
   Compiling serde_json v1.0.151
   Compiling smallvec v1.16.2
   Compiling thin-vec v0.2.20
   Compiling bitflags v2.13.2
   Compiling rmp v0.8.15
   Compiling memchr v2.8.3
   Compiling itoa v1.0.18
   Compiling rmp-serde v1.3.1
warning: unused import: `PathBuf`
 --> src/bin/rhai-run.rs:8:18
  |
8 |     path::{Path, PathBuf},
  |                  ^^^^^^^
  |
  = note: `#[warn(unused_imports)]` (part of `#[warn(unused)]`) on by default

warning: `rhai` (bin "rhai-run") generated 1 warning (run `cargo fix --bin "rhai-run" -p rhai` to apply 1 suggestion)
    Finished `test` profile [unoptimized] target(s) in 15.62s
     Running tests/net_connect.rs (/var/folders/yk/m4dzf0ss5x9f4j4z3xb2rrv40000gn/T/agent-build-_3sssp5d/target/debug/deps/net_connect-59153bbcc7bfacc1)

running 4 tests
test authorized_connect_is_observed_and_clone_close_is_shared ... ok
test denied_and_invalid_endpoints_do_not_reach_peer_and_errors_are_catchable ... ok
test net_config_rejects_zero_deadline_and_invalid_handle_limits ... ok
test open_handle_limit_is_shared_across_package_engines_and_released_on_close ... ok

test result: ok. 4 passed; 0 failed; 0 ignored; 0 measured; 0 filtered out; finished in 0.01s

     Running tests/net_listen.rs (/var/folders/yk/m4dzf0ss5x9f4j4z3xb2rrv40000gn/T/agent-build-_3sssp5d/target/debug/deps/net_listen-5f2e54cf3c9379fa)

running 7 tests
test accepted_stream_uses_the_shared_package_quota_across_engines ... ok
test authorized_listener_accepts_an_independent_peer ... ok
test bind_failure_releases_listener_quota ... ok
test denied_and_invalid_listener_endpoints_never_bind ... ok
test listener_clones_share_close_and_final_drop_releases_the_bind ... ok
test no_client_accept_times_out_with_catchable_net_error ... ok
test quota_retry_deadline_expires_under_a_real_saturated_handle_limit ... ok

test result: ok. 7 passed; 0 failed; 0 ignored; 0 measured; 0 filtered out; finished in 0.12s

     Running tests/net_reads.rs (/var/folders/yk/m4dzf0ss5x9f4j4z3xb2rrv40000gn/T/agent-build-_3sssp5d/target/debug/deps/net_reads-f1580575ca780969)

running 7 tests
test accepted_stream_inherits_host_receive_cap ... ok
test blob_reads_validate_lengths_return_exact_short_prefix_and_obey_host_cap ... ok
test engine_string_limit_keeps_ascii_and_reports_lossy_expansion_progress ... ok
test no_data_read_times_out_and_bounded_eof_loop_reports_partial_progress ... ok
test one_shot_read_returns_an_available_short_prefix_without_waiting_for_more ... ok
test one_shot_text_read_replaces_a_utf8_character_cut_by_the_available_prefix ... ok
test stream_read_string_returns_exact_lossy_text_from_peer_bytes ... ok

test result: ok. 7 passed; 0 failed; 0 ignored; 0 measured; 0 filtered out; finished in 0.16s

