    Updating git repository `https://github.com/schungx/rustyline`
    Updating crates.io index
    Updating git repository `https://gitlab.com/jD91mZM2/no-std-compat.git`
     Locking 130 packages to latest compatible versions
      Adding getrandom v0.3.4 (available: v0.4.3)
      Adding hashbrown v0.16.1 (available: v0.17.1)
      Adding syn v2.0.119 (available: v3.0.6)
 Downloading crates ...
  Downloaded rmp v0.8.15
  Downloaded once_cell v1.21.4
  Downloaded cfg-if v1.0.5
  Downloaded num-traits v0.2.19
  Downloaded thin-vec v0.2.20
  Downloaded ahash v0.8.12
  Downloaded version_check v0.9.5
  Downloaded itoa v1.0.18
  Downloaded crunchy v0.2.4
  Downloaded const-random-macro v0.1.16
  Downloaded zmij v1.0.23
  Downloaded smartstring v1.0.1
  Downloaded unicode-ident v1.0.26
  Downloaded smallvec v1.16.2
  Downloaded proc-macro2 v1.0.107
  Downloaded serde_core v1.0.229
  Downloaded serde v1.0.229
  Downloaded getrandom v0.3.4
  Downloaded getrandom v0.2.17
  Downloaded serde_json v1.0.151
  Downloaded rmp-serde v1.3.1
  Downloaded zerocopy v0.8.59
  Downloaded const-random v0.1.18
  Downloaded syn v2.0.119
  Downloaded bitflags v2.13.2
  Downloaded static_assertions v1.1.0
  Downloaded quote v1.0.47
  Downloaded autocfg v1.5.1
  Downloaded libc v0.2.189
  Downloaded portable-atomic v1.15.0
  Downloaded tiny-keccak v2.0.2
  Downloaded memchr v2.8.3
 Downloading crates ...
  Downloaded web-time v1.1.0
   Compiling autocfg v1.5.1
   Compiling libc v0.2.189
   Compiling crunchy v0.2.4
   Compiling version_check v0.9.5
   Compiling cfg-if v1.0.5
   Compiling proc-macro2 v1.0.107
   Compiling tiny-keccak v2.0.2
   Compiling num-traits v0.2.19
   Compiling unicode-ident v1.0.26
   Compiling quote v1.0.47
   Compiling portable-atomic v1.15.0
   Compiling getrandom v0.2.17
   Compiling zerocopy v0.8.59
   Compiling getrandom v0.3.4
   Compiling serde_core v1.0.229
   Compiling once_cell v1.21.4
   Compiling const-random-macro v0.1.16
   Compiling smartstring v1.0.1
   Compiling ahash v0.8.12
   Compiling syn v2.0.119
   Compiling const-random v0.1.18
   Compiling static_assertions v1.1.0
   Compiling serde v1.0.229
   Compiling rhai v1.26.1 (/private/var/folders/yk/m4dzf0ss5x9f4j4z3xb2rrv40000gn/T/agent-build-hgpxojkg/source)
   Compiling zmij v1.0.23
   Compiling rhai_codegen v3.2.0 (/private/var/folders/yk/m4dzf0ss5x9f4j4z3xb2rrv40000gn/T/agent-build-hgpxojkg/source/codegen)
   Compiling thin-vec v0.2.20
   Compiling smallvec v1.16.2
   Compiling serde_json v1.0.151
   Compiling bitflags v2.13.2
   Compiling rmp v0.8.15
   Compiling memchr v2.8.3
   Compiling itoa v1.0.18
   Compiling rmp-serde v1.3.1
warning: unused import: `PathBuf`
 --> src/bin/rhai-run.rs:8:18
  |
8 |     path::{Path, PathBuf},
  |                  ^^^^^^^
  |
  = note: `#[warn(unused_imports)]` (part of `#[warn(unused)]`) on by default

warning: `rhai` (bin "rhai-run") generated 1 warning (run `cargo fix --bin "rhai-run" -p rhai` to apply 1 suggestion)
warning: variable does not need to be mutable
  --> tests/net_reads.rs:28:14
   |
28 |         let (mut stream, _) = loop {
   |              ----^^^^^^
   |              |
   |              help: remove this `mut`
   |
   = note: `#[warn(unused_mut)]` (part of `#[warn(unused)]`) on by default

warning: `rhai` (test "net_reads") generated 1 warning (run `cargo fix --test "net_reads" -p rhai` to apply 1 suggestion)
    Finished `test` profile [unoptimized] target(s) in 16.40s
     Running unittests src/lib.rs (/var/folders/yk/m4dzf0ss5x9f4j4z3xb2rrv40000gn/T/agent-build-hgpxojkg/target/debug/deps/rhai-269b67d0c2e55198)

running 2 tests
test packages::net::stream::tests::clone_close_cancels_a_read_after_partial_progress ... FAILED
test tests::check_struct_sizes ... ok

failures:

---- packages::net::stream::tests::clone_close_cancels_a_read_after_partial_progress stdout ----

thread 'packages::net::stream::tests::clone_close_cancels_a_read_after_partial_progress' (51651292) panicked at src/packages/net/stream.rs:508:9:
assertion `left == right` failed: close preserves bytes captured before cancellation
  left: 0
 right: 1
note: run with `RUST_BACKTRACE=1` environment variable to display a backtrace

thread '<unnamed>' (51651293) panicked at src/packages/net/stream.rs:460:61:
called `Result::unwrap()` on an `Err` value: Disconnected


failures:
    packages::net::stream::tests::clone_close_cancels_a_read_after_partial_progress

test result: FAILED. 1 passed; 1 failed; 0 ignored; 0 measured; 0 filtered out; finished in 0.00s

error: test failed, to rerun pass `--lib`
