 Downloading crates ...
  Downloaded ambient-authority v0.0.2
  Downloaded errno v0.3.14
  Downloaded io-lifetimes v2.0.4
  Downloaded io-extras v0.19.0
  Downloaded fs-set-times v0.20.3
  Downloaded maybe-owned v0.3.4
  Downloaded spin v0.7.2
  Downloaded ipnet v2.12.2
  Downloaded io-lifetimes v3.0.1
  Downloaded cap-std v4.0.3
  Downloaded cap-primitives v4.0.3
  Downloaded rustix v1.1.5
   Compiling libc v0.2.189
   Compiling autocfg v1.5.1
   Compiling version_check v0.9.5
   Compiling crunchy v0.2.4
   Compiling io-lifetimes v3.0.1
   Compiling tiny-keccak v2.0.2
   Compiling proc-macro2 v1.0.107
   Compiling rustix v1.1.5
   Compiling serde_core v1.0.229
   Compiling cfg-if v1.0.5
   Compiling io-lifetimes v2.0.4
   Compiling errno v0.3.14
   Compiling num-traits v0.2.19
   Compiling io-extras v0.19.0
   Compiling bitflags v2.13.2
   Compiling unicode-ident v1.0.26
   Compiling portable-atomic v1.15.0
   Compiling quote v1.0.47
   Compiling getrandom v0.2.17
   Compiling once_cell v1.21.4
   Compiling zerocopy v0.8.61
   Compiling zmij v1.0.23
   Compiling serde v1.0.229
   Compiling cap-primitives v4.0.3
   Compiling getrandom v0.3.4
   Compiling const-random-macro v0.1.16
   Compiling fs-set-times v0.20.3
   Compiling smartstring v1.0.1
   Compiling ahash v0.8.12
   Compiling ipnet v2.12.2
   Compiling serde_json v1.0.151
   Compiling maybe-owned v0.3.4
   Compiling cap-std v4.0.3
   Compiling ambient-authority v0.0.2
   Compiling syn v2.0.119
   Compiling rmp v0.8.15
   Compiling const-random v0.1.18
   Compiling static_assertions v1.1.0
   Compiling memchr v2.8.3
   Compiling itoa v1.0.18
   Compiling rhai v1.26.1 (/Users/hoppworks/.local/share/agent-builds/rhai/x31-darwin-wait-entry-20261008-1218bf21a1ad461dd954609f62527fb92/agent-build-mbpq1mwy/source)
   Compiling rmp-serde v1.3.1
   Compiling rhai_codegen v3.2.0 (/Users/hoppworks/.local/share/agent-builds/rhai/x31-darwin-wait-entry-20261008-1218bf21a1ad461dd954609f62527fb92/agent-build-mbpq1mwy/source/codegen)
   Compiling smallvec v1.16.2
   Compiling thin-vec v0.2.20
error: argument never used
    --> src/packages/sys/process/unix.rs:4667:13
     |
4666 |             "X31 RED: wait-entry assertion sensitivity control",
     |             --------------------------------------------------- formatting specifier missing
4667 |             "observer acquired snapshot mutex after Condvar wait entry"
     |             ^^^^^^^^^^^^^^^^^^^^^^^^^^^^^^^^^^^^^^^^^^^^^^^^^^^^^^^^^^^ argument never used
     |
help: format specifiers use curly braces, consider adding a format specifier
     |
4666 |             "X31 RED: wait-entry assertion sensitivity control{}",
     |                                                               ++

warning: variable does not need to be mutable
   --> src/packages/sys/process/unix.rs:678:13
    |
678 |         let mut wait_operation = "wait for child";
    |             ----^^^^^^^^^^^^^^
    |             |
    |             help: remove this `mut`
    |
    = note: `#[warn(unused_mut)]` (part of `#[warn(unused)]`) on by default

warning: unused variable: `termination`
    --> src/packages/sys/process/unix.rs:1118:22
     |
1118 |                 let (termination, _operation) = if self.managed {
     |                      ^^^^^^^^^^^ help: if this is intentional, prefix it with an underscore: `_termination`
     |
     = note: `#[warn(unused_variables)]` (part of `#[warn(unused)]`) on by default

warning: variable does not need to be mutable
    --> src/packages/sys/process/unix.rs:2378:9
     |
2378 |     let mut child =
     |         ----^^^^^
     |         |
     |         help: remove this `mut`

warning: variable does not need to be mutable
    --> src/packages/sys/process/unix.rs:2721:9
     |
2721 |     let mut pending = input.unwrap_or_default();
     |         ----^^^^^^^
     |         |
     |         help: remove this `mut`

warning: `rhai` (lib test) generated 4 warnings
error: could not compile `rhai` (lib test) due to 1 previous error; 4 warnings emitted
