    Updating git repository `https://github.com/schungx/rustyline`
    Updating crates.io index
    Updating git repository `https://gitlab.com/jD91mZM2/no-std-compat.git`
     Locking 130 packages to latest compatible versions
      Adding getrandom v0.3.4 (available: v0.4.3)
      Adding hashbrown v0.16.1 (available: v0.17.1)
      Adding syn v2.0.119 (available: v3.0.6)
 Downloading crates ...
  Downloaded bitflags v2.13.2
  Downloaded itoa v1.0.18
  Downloaded const-random v0.1.18
  Downloaded cfg-if v1.0.5
  Downloaded getrandom v0.2.17
  Downloaded version_check v0.9.5
  Downloaded ahash v0.8.12
  Downloaded crunchy v0.2.4
  Downloaded autocfg v1.5.1
  Downloaded tiny-keccak v2.0.2
  Downloaded zmij v1.0.23
  Downloaded static_assertions v1.1.0
  Downloaded smartstring v1.0.1
  Downloaded quote v1.0.47
  Downloaded rmp-serde v1.3.1
  Downloaded unicode-ident v1.0.26
  Downloaded serde_core v1.0.229
  Downloaded thin-vec v0.2.20
  Downloaded serde_derive v1.0.229
  Downloaded num-traits v0.2.19
  Downloaded serde v1.0.229
  Downloaded getrandom v0.3.4
  Downloaded memchr v2.8.3
  Downloaded proc-macro2 v1.0.107
  Downloaded smallvec v1.16.2
  Downloaded serde_json v1.0.151
  Downloaded rmp v0.8.15
  Downloaded portable-atomic v1.15.0
  Downloaded once_cell v1.21.4
  Downloaded const-random-macro v0.1.16
  Downloaded zerocopy v0.8.59
  Downloaded syn v3.0.6
  Downloaded syn v2.0.119
  Downloaded libc v0.2.189
 Downloading crates ...
  Downloaded web-time v1.1.0
   Compiling proc-macro2 v1.0.107
   Compiling unicode-ident v1.0.26
   Compiling quote v1.0.47
   Compiling autocfg v1.5.1
   Compiling libc v0.2.189
   Compiling crunchy v0.2.4
   Compiling version_check v0.9.5
   Compiling serde_core v1.0.229
   Compiling cfg-if v1.0.5
   Compiling tiny-keccak v2.0.2
   Compiling syn v3.0.6
   Compiling num-traits v0.2.19
   Compiling serde v1.0.229
   Compiling portable-atomic v1.15.0
   Compiling serde_derive v1.0.229
   Compiling getrandom v0.2.17
   Compiling zerocopy v0.8.59
   Compiling zmij v1.0.23
   Compiling once_cell v1.21.4
   Compiling getrandom v0.3.4
   Compiling const-random-macro v0.1.16
   Compiling ahash v0.8.12
   Compiling smartstring v1.0.1
   Compiling serde_json v1.0.151
   Compiling const-random v0.1.18
   Compiling syn v2.0.119
   Compiling memchr v2.8.3
   Compiling itoa v1.0.18
   Compiling static_assertions v1.1.0
   Compiling rhai v1.26.1 (/private/var/folders/yk/m4dzf0ss5x9f4j4z3xb2rrv40000gn/T/agent-build-21lztwm3/source)
   Compiling rhai_codegen v3.2.0 (/private/var/folders/yk/m4dzf0ss5x9f4j4z3xb2rrv40000gn/T/agent-build-21lztwm3/source/codegen)
   Compiling rmp v0.8.15
   Compiling smallvec v1.16.2
   Compiling bitflags v2.13.2
   Compiling thin-vec v0.2.20
   Compiling rmp-serde v1.3.1
    Finished `dev` profile [unoptimized] target(s) in 16.65s
     Running `/var/folders/yk/m4dzf0ss5x9f4j4z3xb2rrv40000gn/T/agent-build-21lztwm3/target/debug/examples/net`

thread 'main' (52040317) panicked at examples/net.rs:89:5:
assertion `left == right` failed: independent peer received the script bytes
  left: [112, 105, 110, 103]
 right: [112, 97, 110, 103]
note: run with `RUST_BACKTRACE=1` environment variable to display a backtrace
