 Downloading crates ...
  Downloaded serde_derive v1.0.229
  Downloaded syn v3.0.6
   Compiling syn v3.0.6
   Compiling serde v1.0.229
   Compiling rhai v1.26.1 (/var/roothome/.local/share/agent-builds/rhai/linux-current-sys-net-behavior-a2d7a8c2-20261002-policy1/agent-build-b_e0ropn/source)
   Compiling rhai_codegen v3.2.0 (/var/roothome/.local/share/agent-builds/rhai/linux-current-sys-net-behavior-a2d7a8c2-20261002-policy1/agent-build-b_e0ropn/source/codegen)
   Compiling serde_derive v1.0.229
   Compiling smallvec v1.16.2
   Compiling rmp-serde v1.3.0
warning: the item `TryFrom` is imported redundantly
   --> src/func/func_call.rs:291:21
    |
291 |                 use std::convert::TryFrom;
    |                     ^^^^^^^^^^^^^^^^^^^^^
   --> /rustc/25ef9e3d85d934b27d9dada2f9dd52b1dc63bb04/library/std/src/prelude/mod.rs:129:13
    |
    = note: the item `TryFrom` is already defined here
    |
    = note: `#[warn(unused_imports)]` on by default

warning: variable does not need to be mutable
   --> src/packages/sys/process/unix.rs:668:13
    |
668 |         let mut wait_operation = "wait for child";
    |             ----^^^^^^^^^^^^^^
    |             |
    |             help: remove this `mut`
    |
    = note: `#[warn(unused_mut)]` on by default

warning: unused variable: `termination`
    --> src/packages/sys/process/unix.rs:1106:22
     |
1106 |                 let (termination, _operation) = if self.managed {
     |                      ^^^^^^^^^^^ help: if this is intentional, prefix it with an underscore: `_termination`
     |
     = note: `#[warn(unused_variables)]` on by default

warning: variable does not need to be mutable
    --> src/packages/sys/process/unix.rs:2134:9
     |
2134 |     let mut child =
     |         ----^^^^^
     |         |
     |         help: remove this `mut`

warning: variable does not need to be mutable
    --> src/packages/sys/process/unix.rs:2456:9
     |
2456 |     let mut pending = input.unwrap_or_default();
     |         ----^^^^^^^
     |         |
     |         help: remove this `mut`

warning: variant `OnlyZombieLeader` is never constructed
  --> src/packages/sys/process/unix.rs:50:5
   |
47 | enum GroupCloseOutcome {
   |      ----------------- variant in this enum
...
50 |     OnlyZombieLeader,
   |     ^^^^^^^^^^^^^^^^
   |
   = note: `GroupCloseOutcome` has derived impls for the traits `Clone` and `Debug`, but these are intentionally ignored during dead code analysis
   = note: `#[warn(dead_code)]` on by default

warning: methods `numeric_operations_probe`, `quarantine_observations_probe`, and `fail_reservation` are never used
    --> src/packages/sys/process/unix.rs:1470:8
     |
1390 | impl ExecutionFaults {
     | -------------------- methods in this implementation
...
1470 |     fn numeric_operations_probe(&self) -> Option<Arc<AtomicUsize>> {
     |        ^^^^^^^^^^^^^^^^^^^^^^^^
...
1481 |     fn quarantine_observations_probe(&self) -> Option<Arc<AtomicUsize>> {
     |        ^^^^^^^^^^^^^^^^^^^^^^^^^^^^^
...
1506 |     fn fail_reservation(&self) -> bool {
     |        ^^^^^^^^^^^^^^^^

warning: `rhai` (lib) generated 7 warnings (run `cargo fix --lib -p rhai` to apply 4 suggestions)
warning: unused import: `PathBuf`
 --> src/bin/rhai-run.rs:8:18
  |
8 |     path::{Path, PathBuf},
  |                  ^^^^^^^
  |
  = note: `#[warn(unused_imports)]` on by default

warning: `rhai` (bin "rhai-run") generated 1 warning (run `cargo fix --bin "rhai-run"` to apply 1 suggestion)
    Finished test [unoptimized] target(s) in 8.38s
     Running tests/net_metadata.rs (/root/.local/share/agent-builds/rhai/linux-current-sys-net-behavior-a2d7a8c2-20261002-policy1/agent-build-b_e0ropn/target/debug/deps/net_metadata-7d07e0b855194529)

running 1 test
test metadata_exposes_the_documented_tcp_surface ... ok

test result: ok. 1 passed; 0 failed; 0 ignored; 0 measured; 0 filtered out; finished in 0.00s

     Running tests/sys_policy.rs (/root/.local/share/agent-builds/rhai/linux-current-sys-net-behavior-a2d7a8c2-20261002-policy1/agent-build-b_e0ropn/target/debug/deps/sys_policy-be2ecccc34779b8d)

running 25 tests
test test_absolute_path_through_symlinked_root_ancestor ... ok
test test_absolute_path_with_parent_components ... ok
test test_absolute_paths ... ok
test test_config_builder ... ok
test test_configured_root_symlink_then_parent_uses_os_resolution ... ok
test test_copy_across_roots ... ok
test test_default_config_denies_fs ... ok
test test_env_allow_list ... ok
test test_error_position ... ok
test test_error_variants ... ok
test test_errors_are_catchable ... ok
test test_function_metadata ... ok
test test_host_can_downcast ... ok
test test_missing_root_fails_early ... ok
test test_multiple_roots ... ok
test test_nested_roots_longest_prefix ... ok
test test_parent_traversal_is_denied ... ok
test test_plain_engine_has_no_sys_functions ... ok
test test_read_only_root ... ok
test test_remove_dir_all_needs_delete_access ... ok
test test_root_with_dot_components ... ok
test test_static_module_and_sharing ... ok
test test_symlink_escape_is_denied ... ok
test test_symlinked_root ... ok
test test_unrestricted_respects_access_level ... ok

test result: ok. 25 passed; 0 failed; 0 ignored; 0 measured; 0 filtered out; finished in 0.07s

