   Compiling rhai v1.26.1 (/var/roothome/.local/share/agent-builds/rhai/linux-current-sys-net-behavior-a2d7a8c2-20261002-policy1/agent-build-b_e0ropn/source)
warning: the item `TryFrom` is imported redundantly
   --> src/func/func_call.rs:291:21
    |
291 |                 use std::convert::TryFrom;
    |                     ^^^^^^^^^^^^^^^^^^^^^
   --> /rustc/25ef9e3d85d934b27d9dada2f9dd52b1dc63bb04/library/std/src/prelude/mod.rs:129:13
    |
    = note: the item `TryFrom` is already defined here
    |
    = note: `#[warn(unused_imports)]` on by default

warning: variable does not need to be mutable
   --> src/packages/sys/process/unix.rs:668:13
    |
668 |         let mut wait_operation = "wait for child";
    |             ----^^^^^^^^^^^^^^
    |             |
    |             help: remove this `mut`
    |
    = note: `#[warn(unused_mut)]` on by default

warning: unused variable: `termination`
    --> src/packages/sys/process/unix.rs:1106:22
     |
1106 |                 let (termination, _operation) = if self.managed {
     |                      ^^^^^^^^^^^ help: if this is intentional, prefix it with an underscore: `_termination`
     |
     = note: `#[warn(unused_variables)]` on by default

warning: variable does not need to be mutable
    --> src/packages/sys/process/unix.rs:1900:9
     |
1900 |     let mut known = vec!["cwd", "env", "env_clear", "stdin", "timeout", "max_output"];
     |         ----^^^^^
     |         |
     |         help: remove this `mut`

warning: variable does not need to be mutable
    --> src/packages/sys/process/unix.rs:2134:9
     |
2134 |     let mut child =
     |         ----^^^^^
     |         |
     |         help: remove this `mut`

warning: variable does not need to be mutable
    --> src/packages/sys/process/unix.rs:2456:9
     |
2456 |     let mut pending = input.unwrap_or_default();
     |         ----^^^^^^^
     |         |
     |         help: remove this `mut`

warning: function `os_to_string` is never used
   --> src/packages/sys/fs.rs:340:4
    |
340 | fn os_to_string(what: &str, s: std::ffi::OsString) -> Result<String, SysError> {
    |    ^^^^^^^^^^^^
    |
    = note: `#[warn(dead_code)]` on by default

warning: variant `OnlyZombieLeader` is never constructed
  --> src/packages/sys/process/unix.rs:50:5
   |
47 | enum GroupCloseOutcome {
   |      ----------------- variant in this enum
...
50 |     OnlyZombieLeader,
   |     ^^^^^^^^^^^^^^^^
   |
   = note: `GroupCloseOutcome` has derived impls for the traits `Clone` and `Debug`, but these are intentionally ignored during dead code analysis

warning: methods `numeric_operations_probe`, `quarantine_observations_probe`, and `fail_reservation` are never used
    --> src/packages/sys/process/unix.rs:1470:8
     |
1390 | impl ExecutionFaults {
     | -------------------- methods in this implementation
...
1470 |     fn numeric_operations_probe(&self) -> Option<Arc<AtomicUsize>> {
     |        ^^^^^^^^^^^^^^^^^^^^^^^^
...
1481 |     fn quarantine_observations_probe(&self) -> Option<Arc<AtomicUsize>> {
     |        ^^^^^^^^^^^^^^^^^^^^^^^^^^^^^
...
1506 |     fn fail_reservation(&self) -> bool {
     |        ^^^^^^^^^^^^^^^^

warning: `rhai` (lib) generated 9 warnings (run `cargo fix --lib -p rhai` to apply 5 suggestions)
warning: unused import: `PathBuf`
 --> src/bin/rhai-run.rs:8:18
  |
8 |     path::{Path, PathBuf},
  |                  ^^^^^^^
  |
  = note: `#[warn(unused_imports)]` on by default

warning: `rhai` (bin "rhai-run") generated 1 warning (run `cargo fix --bin "rhai-run"` to apply 1 suggestion)
warning: variable does not need to be mutable
  --> tests/net_writes.rs:11:24
   |
11 | fn read_bounded_to_end(mut stream: &TcpStream, max_bytes: usize) -> Vec<u8> {
   |                        ----^^^^^^
   |                        |
   |                        help: remove this `mut`
   |
   = note: `#[warn(unused_mut)]` on by default

warning: variable does not need to be mutable
  --> tests/net_writes.rs:62:10
   |
62 |         |mut peer| read_bounded_to_end(&peer, 20 * 1024 * 1024),
   |          ----^^^^
   |          |
   |          help: remove this `mut`

warning: variable does not need to be mutable
   --> tests/net_writes.rs:208:10
    |
208 |         |mut peer| read_bounded_to_end(&peer, 20 * 1024 * 1024),
    |          ----^^^^
    |          |
    |          help: remove this `mut`

warning: variable does not need to be mutable
   --> tests/net_writes.rs:266:10
    |
266 |         |mut peer| read_bounded_to_end(&peer, 20 * 1024 * 1024),
    |          ----^^^^
    |          |
    |          help: remove this `mut`

warning: variable does not need to be mutable
   --> tests/net_writes.rs:285:9
    |
285 |     let mut engine = engine(NetConfig::default().allow_listen("127.0.0.1:0".parse().unwrap()));
    |         ----^^^^^^
    |         |
    |         help: remove this `mut`

warning: variable does not need to be mutable
   --> tests/net_writes.rs:289:9
    |
289 |     let mut peer = TcpStream::connect(address.parse::<SocketAddr>().unwrap()).unwrap();
    |         ----^^^^
    |         |
    |         help: remove this `mut`

warning: variable does not need to be mutable
   --> tests/net_writes.rs:306:9
    |
306 |     let mut engine = engine(NetConfig::default().allow_listen("127.0.0.1:0".parse().unwrap()).max_write_bytes(2));
    |         ----^^^^^^
    |         |
    |         help: remove this `mut`

warning: unused return value of `rhai::Scope::<'_>::remove` that must be used
   --> tests/net_writes.rs:245:13
    |
245 |             scope.remove::<String>("payload");
    |             ^^^^^^^^^^^^^^^^^^^^^^^^^^^^^^^^^
    |
    = note: `#[warn(unused_must_use)]` on by default
help: use `let _ = ...` to ignore the resulting value
    |
245 |             let _ = scope.remove::<String>("payload");
    |             +++++++

warning: `rhai` (test "net_writes") generated 8 warnings (run `cargo fix --test "net_writes"` to apply 7 suggestions)
    Finished test [unoptimized] target(s) in 5.47s
     Running tests/combined_sys_net.rs (/root/.local/share/agent-builds/rhai/linux-current-sys-net-behavior-a2d7a8c2-20261002-policy1/agent-build-b_e0ropn/target/debug/deps/combined_sys_net-9b0c6a932f218946)

running 1 test
test sys_and_net_packages_coexist_in_one_engine_with_os_readback_and_typed_errors ... ok

test result: ok. 1 passed; 0 failed; 0 ignored; 0 measured; 0 filtered out; finished in 0.00s

     Running tests/net_reads.rs (/root/.local/share/agent-builds/rhai/linux-current-sys-net-behavior-a2d7a8c2-20261002-policy1/agent-build-b_e0ropn/target/debug/deps/net_reads-82718253d2e6ad18)

running 7 tests
test accepted_stream_inherits_host_receive_cap ... ok
test engine_string_limit_keeps_ascii_and_reports_lossy_expansion_progress ... ok
test no_data_read_times_out_and_bounded_eof_loop_reports_partial_progress ... ok
test no_index_keeps_string_reads_and_omits_blob_methods ... ok
test one_shot_read_returns_an_available_short_prefix_without_waiting_for_more ... ok
test one_shot_text_read_replaces_a_utf8_character_cut_by_the_available_prefix ... ok
test stream_read_string_returns_exact_lossy_text_from_peer_bytes ... ok

test result: ok. 7 passed; 0 failed; 0 ignored; 0 measured; 0 filtered out; finished in 0.16s

     Running tests/net_writes.rs (/root/.local/share/agent-builds/rhai/linux-current-sys-net-behavior-a2d7a8c2-20261002-policy1/agent-build-b_e0ropn/target/debug/deps/net_writes-06235b400a8af278)

running 10 tests
test accepted_stream_inherits_host_write_cap ... ok
test accepted_stream_writes_are_read_back_by_the_peer ... ok
test bounded_write_timeout_reports_partial_bytes_matching_peer_readback ... ok
test engine_string_limit_rejects_write_before_peer_bytes ... ok
test host_write_cap_rejects_oversize_input_without_peer_bytes ... ok
test invalid_host_write_bounds_are_rejected ... ok
test no_index_keeps_string_writes_and_omits_blob_writes ... ok
test read_half_close_is_idempotent_and_keeps_stream_open_for_close ... ok
test script_writes_string_and_write_all_report_real_peer_bytes ... ok
test write_half_close_keeps_the_read_direction_and_is_idempotent ... ok

test result: ok. 10 passed; 0 failed; 0 ignored; 0 measured; 0 filtered out; finished in 0.05s

     Running tests/sys_fs.rs (/root/.local/share/agent-builds/rhai/linux-current-sys-net-behavior-a2d7a8c2-20261002-policy1/agent-build-b_e0ropn/target/debug/deps/sys_fs-5bb4c53c388bed31)

running 24 tests
test test_create_dir_cases ... ok
test test_file_handle_blob_read_is_omitted_under_no_index ... ok
test test_file_handle_read_respects_engine_limit_below_host_cap ... ok
test test_file_handle_read_string_advances_the_shared_cursor ... ok
test test_file_handle_reads_fail_at_eof_and_on_write_only_handle ... ok
test test_file_handle_reads_obey_host_cap_and_reject_negative_lengths_without_moving ... ok
test test_file_handle_string_read_requires_complete_utf8 ... ok
test test_metadata_symlink_and_readonly ... ok
test test_open_file_checks_grants_before_mutation_and_stays_confined ... ok
test test_open_file_default_preserves_contents_and_shares_cursor ... independent host readback: "original XYyload"
ok
test test_open_file_modes_and_exclusive_create ... ok
test test_path_spellings ... ok
test test_predicates_and_metadata ... ok
test test_read_file_cases ... ok
test test_remove_cases ... ok
test test_rename_and_copy ... ok
test test_rename_overwrite_and_directory ... ok
test test_unrestricted_missing_parents ... ok
test test_unrestricted_relative_paths ... ok
test test_unrestricted_relative_paths_after_cwd_is_unlinked ... ok
test test_unrestricted_symlink_then_parent_uses_host_resolution ... ok
test test_unrestricted_symlinks_follow_host_semantics ... ok
test test_write_into_missing_parent ... ok
test test_wrong_entry_kind ... ok

test result: ok. 24 passed; 0 failed; 0 ignored; 0 measured; 0 filtered out; finished in 0.06s

