   Compiling rhai v1.26.1 (/var/roothome/.local/share/agent-builds/rhai/linux-managed-escaped-pipe-20261003-52360864-109/agent-build-vsvl7gap/source)
warning: the item `TryFrom` is imported redundantly
   --> src/func/func_call.rs:291:21
    |
291 |                 use std::convert::TryFrom;
    |                     ^^^^^^^^^^^^^^^^^^^^^
   --> /rustc/25ef9e3d85d934b27d9dada2f9dd52b1dc63bb04/library/std/src/prelude/mod.rs:129:13
    |
    = note: the item `TryFrom` is already defined here
    |
    = note: `#[warn(unused_imports)]` on by default

warning: unused variable: `ctx`
   --> src/packages/sys/fs.rs:566:36
    |
566 |     .set_into_module(module, move |ctx: NativeCallContext, file: FileHandle| -> Res<String> {
    |                                    ^^^ help: if this is intentional, prefix it with an underscore: `_ctx`
    |
    = note: `#[warn(unused_variables)]` on by default

warning: unused variable: `ctx`
   --> src/packages/sys/fs.rs:591:36
    |
591 |     .set_into_module(module, move |ctx: NativeCallContext, file: FileHandle, len: INT| -> Res<String> {
    |                                    ^^^ help: if this is intentional, prefix it with an underscore: `_ctx`

warning: unused variable: `ctx`
   --> src/packages/sys/fs.rs:619:40
    |
619 |         .set_into_module(module, move |ctx: NativeCallContext, file: FileHandle| -> Res<crate::Blob> {
    |                                        ^^^ help: if this is intentional, prefix it with an underscore: `_ctx`

warning: unused variable: `ctx`
   --> src/packages/sys/fs.rs:636:40
    |
636 |         .set_into_module(module, move |ctx: NativeCallContext, file: FileHandle, len: INT| -> Res<crate::Blob> {
    |                                        ^^^ help: if this is intentional, prefix it with an underscore: `_ctx`

warning: variable does not need to be mutable
   --> src/packages/sys/process/unix.rs:668:13
    |
668 |         let mut wait_operation = "wait for child";
    |             ----^^^^^^^^^^^^^^
    |             |
    |             help: remove this `mut`
    |
    = note: `#[warn(unused_mut)]` on by default

warning: unused variable: `termination`
    --> src/packages/sys/process/unix.rs:1106:22
     |
1106 |                 let (termination, _operation) = if self.managed {
     |                      ^^^^^^^^^^^ help: if this is intentional, prefix it with an underscore: `_termination`

warning: unused variable: `ctx`
    --> src/packages/sys/process/unix.rs:2053:5
     |
2053 |     ctx: &NativeCallContext,
     |     ^^^ help: if this is intentional, prefix it with an underscore: `_ctx`

warning: variable does not need to be mutable
    --> src/packages/sys/process/unix.rs:2134:9
     |
2134 |     let mut child =
     |         ----^^^^^
     |         |
     |         help: remove this `mut`

warning: unused variable: `ctx`
    --> src/packages/sys/process/unix.rs:2176:5
     |
2176 |     ctx: &NativeCallContext,
     |     ^^^ help: if this is intentional, prefix it with an underscore: `_ctx`

warning: variable does not need to be mutable
    --> src/packages/sys/process/unix.rs:2456:9
     |
2456 |     let mut pending = input.unwrap_or_default();
     |         ----^^^^^^^
     |         |
     |         help: remove this `mut`

warning: variant `OnlyZombieLeader` is never constructed
  --> src/packages/sys/process/unix.rs:50:5
   |
47 | enum GroupCloseOutcome {
   |      ----------------- variant in this enum
...
50 |     OnlyZombieLeader,
   |     ^^^^^^^^^^^^^^^^
   |
   = note: `GroupCloseOutcome` has derived impls for the traits `Clone` and `Debug`, but these are intentionally ignored during dead code analysis
   = note: `#[warn(dead_code)]` on by default

warning: methods `numeric_operations_probe`, `quarantine_observations_probe`, and `fail_reservation` are never used
    --> src/packages/sys/process/unix.rs:1470:8
     |
1390 | impl ExecutionFaults {
     | -------------------- methods in this implementation
...
1470 |     fn numeric_operations_probe(&self) -> Option<Arc<AtomicUsize>> {
     |        ^^^^^^^^^^^^^^^^^^^^^^^^
...
1481 |     fn quarantine_observations_probe(&self) -> Option<Arc<AtomicUsize>> {
     |        ^^^^^^^^^^^^^^^^^^^^^^^^^^^^^
...
1506 |     fn fail_reservation(&self) -> bool {
     |        ^^^^^^^^^^^^^^^^

warning: `rhai` (lib) generated 13 warnings (run `cargo fix --lib -p rhai` to apply 10 suggestions)
warning: unused import: `PathBuf`
 --> src/bin/rhai-run.rs:8:18
  |
8 |     path::{Path, PathBuf},
  |                  ^^^^^^^
  |
  = note: `#[warn(unused_imports)]` on by default

warning: variable does not need to be mutable
   --> tests/sys_process.rs:912:9
    |
912 |     let mut holder = command.spawn().expect("start escaped captured-pipe holder");
    |         ----^^^^^^
    |         |
    |         help: remove this `mut`
    |
    = note: `#[warn(unused_mut)]` on by default

warning: value assigned to `incomplete` is never read
    --> tests/sys_process.rs:1329:17
     |
1329 |         let mut incomplete = false;
     |                 ^^^^^^^^^^
     |
     = help: maybe it is overwritten before being read?
     = note: `#[warn(unused_assignments)]` on by default

warning: unused variable: `state`
    --> tests/sys_process.rs:1631:26
     |
1631 |                 Ok(Some((state, parent, group, start)))
     |                          ^^^^^ help: if this is intentional, prefix it with an underscore: `_state`
     |
     = note: `#[warn(unused_variables)]` on by default

warning: variable does not need to be mutable
    --> tests/sys_process.rs:2224:9
     |
2224 |     let mut sentinel = managed_spawn_sentinel();
     |         ----^^^^^^^^
     |         |
     |         help: remove this `mut`

warning: variable does not need to be mutable
    --> tests/sys_process.rs:2332:9
     |
2332 |     let mut sentinel = managed_spawn_sentinel();
     |         ----^^^^^^^^
     |         |
     |         help: remove this `mut`

warning: variable does not need to be mutable
    --> tests/sys_process.rs:2522:9
     |
2522 |     let mut sentinel = Sentinel(
     |         ----^^^^^^^^
     |         |
     |         help: remove this `mut`

warning: variable does not need to be mutable
    --> tests/sys_process.rs:2653:9
     |
2653 |     let mut sentinel = managed_spawn_sentinel();
     |         ----^^^^^^^^
     |         |
     |         help: remove this `mut`

warning: variable does not need to be mutable
    --> tests/sys_process.rs:2821:9
     |
2821 |     let mut sentinel = Sentinel(
     |         ----^^^^^^^^
     |         |
     |         help: remove this `mut`

warning: variable does not need to be mutable
    --> tests/sys_process.rs:2961:9
     |
2961 |     let mut sentinel = Sentinel(
     |         ----^^^^^^^^
     |         |
     |         help: remove this `mut`

warning: `rhai` (bin "rhai-run") generated 1 warning (run `cargo fix --bin "rhai-run"` to apply 1 suggestion)
warning: variable does not need to be mutable
    --> tests/sys_process.rs:4431:9
     |
4431 |     let mut engine = engine(config);
     |         ----^^^^^^
     |         |
     |         help: remove this `mut`

warning: constant `DIRECT_DROP_RECORD_ENV` is never used
  --> tests/sys_process.rs:38:7
   |
38 | const DIRECT_DROP_RECORD_ENV: &str = "RHAI_SYS_DIRECT_DROP_RECORD";
   |       ^^^^^^^^^^^^^^^^^^^^^^
   |
   = note: `#[warn(dead_code)]` on by default

warning: unused `Dynamic` that must be used
   --> tests/fixtures/sys_process_shared_child_contract.rs:239:5
    |
239 |     engine.eval_with_scope::<Dynamic>(&mut scope, "child.kill()").expect("kill after completion is idempotent");
    |     ^^^^^^^^^^^^^^^^^^^^^^^^^^^^^^^^^^^^^^^^^^^^^^^^^^^^^^^^^^^^^^^^^^^^^^^^^^^^^^^^^^^^^^^^^^^^^^^^^^^^^^^^^^^
    |
    = note: `#[warn(unused_must_use)]` on by default
help: use `let _ = ...` to ignore the resulting value
    |
239 |     let _ = engine.eval_with_scope::<Dynamic>(&mut scope, "child.kill()").expect("kill after completion is idempotent");
    |     +++++++

warning: unused `Dynamic` that must be used
   --> tests/fixtures/sys_process_shared_child_contract.rs:240:5
    |
240 |     engine.eval_with_scope::<Dynamic>(&mut scope, "child.kill()").expect("repeated kill after completion is idempotent");
    |     ^^^^^^^^^^^^^^^^^^^^^^^^^^^^^^^^^^^^^^^^^^^^^^^^^^^^^^^^^^^^^^^^^^^^^^^^^^^^^^^^^^^^^^^^^^^^^^^^^^^^^^^^^^^^^^^^^^^^
    |
help: use `let _ = ...` to ignore the resulting value
    |
240 |     let _ = engine.eval_with_scope::<Dynamic>(&mut scope, "child.kill()").expect("repeated kill after completion is idempotent");
    |     +++++++

warning: `rhai` (test "sys_process") generated 13 warnings (run `cargo fix --test "sys_process"` to apply 9 suggestions)
    Finished test [unoptimized] target(s) in 7.66s
     Running tests/sys_process.rs (/root/.local/share/agent-builds/rhai/linux-managed-escaped-pipe-20261003-52360864-109/agent-build-vsvl7gap/target/debug/deps/sys_process-aaa16c8a4c1d9dde)
managed_pipe_pidfd_acquired pid=1735071 start=4959588 ppid=1735068 pgid=1735071
managed_pipe_pidfd_acquired pid=1735073 start=4959588 ppid=1735071 pgid=1735065
managed-scope sentinel_cleanup pid=1735065 status=Some(ExitStatus(unix_wait_status(9))) esrch=true
managed_deadline_escaped_pipe_boundary host=1735068 host_start=4959587 reaper=1735066 reaper_start=4959587 leader=1735071 leader_start=4959588 leader_live=false leader_pidfd_exited=true managed_group=1735071 group_probe=-1 group_errno=3 holder=1735073 holder_start=4959588 holder_group=1735065 holder_live=true holder_pidfd_live=true host_live=true reaper_live=true sentinel=1735065 sentinel_start=4959587 sentinel_group=1735065 sentinel_live=true timeout_report=true partial_capture=true no_watchdog=true
 api="host=1735068 host_start=4959587 api_success=true api_outcome=timeout_report success=Some(false) timed_out=Some(true) stdout_complete=Some(false) stderr_complete=Some(false) stdout_marker=true stderr_marker=true\n" challenge="pid=1735073 stdout_result=-1 stdout_error=32 stderr_result=-1 stderr_error=32\n" no_watchdog_through_challenge=true holder_reap="holder=1735073 start=4959588 pgid=1735065 reaped=true wait_status=25856\n" reaper_cleanup="pid=1735066 start=4959587 host_status=0 complete=true holder=1735073 start=4959588 pgid=1735065 reaped=true wait_status=25856\n" reaper_ok=true host_absent=true host_absence="not found" leader_absent=true leader_absence="not found" holder_absent=true holder_absence="not found" sentinel_absent=true sentinel_absence="not found" sentinel_group_probe=-1 sentinel_group_errno=3
managed_fixture_cleanup worker_pid=None worker_esrch=false leaf_pid=None leaf_esrch=true
managed_spawn_fixture_leader_cleanup leader_pid=Some(1735071) leader_esrch=true
