 Downloading crates ...
  Downloaded serde_derive v1.0.229
  Downloaded syn v3.0.6
   Compiling syn v3.0.6
   Compiling serde v1.0.229
   Compiling rhai v1.26.1 (/private/var/folders/yk/m4dzf0ss5x9f4j4z3xb2rrv40000gn/T/agent-build-8f7sw7wx/source/repo)
   Compiling rhai_codegen v3.2.0 (/private/var/folders/yk/m4dzf0ss5x9f4j4z3xb2rrv40000gn/T/agent-build-8f7sw7wx/source/repo/codegen)
   Compiling serde_derive v1.0.229
   Compiling smallvec v1.16.2
   Compiling rmp-serde v1.3.1
warning: unused import: `PathBuf`
 --> src/bin/rhai-run.rs:8:18
  |
8 |     path::{Path, PathBuf},
  |                  ^^^^^^^
  |
  = note: `#[warn(unused_imports)]` (part of `#[warn(unused)]`) on by default

warning: variable does not need to be mutable
   --> tests/net_writes.rs:245:9
    |
245 |     let mut engine = engine(NetConfig::default().allow_listen("127.0.0.1:0".parse().unwrap()).max_write_bytes(2));
    |         ----^^^^^^
    |         |
    |         help: remove this `mut`
    |
    = note: `#[warn(unused_mut)]` (part of `#[warn(unused)]`) on by default

warning: `rhai` (bin "rhai-run") generated 1 warning (run `cargo fix --bin "rhai-run" -p rhai` to apply 1 suggestion)
warning: `rhai` (test "net_writes") generated 1 warning (run `cargo fix --test "net_writes" -p rhai` to apply 1 suggestion)
    Finished `test` profile [unoptimized + debuginfo] target(s) in 10.35s
     Running tests/net_writes.rs (/var/folders/yk/m4dzf0ss5x9f4j4z3xb2rrv40000gn/T/agent-build-8f7sw7wx/target/debug/deps/net_writes-33bd0951ec2313d3)

running 7 tests
test host_write_cap_rejects_oversize_input_without_peer_bytes ... ok
test accepted_stream_inherits_host_write_cap ... ok
test script_writes_string_and_write_all_report_real_peer_bytes ... ok
test read_half_close_is_idempotent_and_keeps_stream_open_for_close ... ok
test script_write_blob_preserves_exact_bytes ... ok
test write_half_close_keeps_the_read_direction_and_is_idempotent ... ok

thread 'bounded_write_timeout_reports_partial_bytes_matching_peer_readback' (51784709) panicked at tests/net_writes.rs:186:5:
assertion `left == right` failed: write did not hit its finite deadline: none:16:-1
  left: Some("none")
 right: Some("Timeout")
note: run with `RUST_BACKTRACE=1` environment variable to display a backtrace
test bounded_write_timeout_reports_partial_bytes_matching_peer_readback ... FAILED

failures:

failures:
    bounded_write_timeout_reports_partial_bytes_matching_peer_readback

test result: FAILED. 6 passed; 1 failed; 0 ignored; 0 measured; 0 filtered out; finished in 0.02s

error: test failed, to rerun pass `--test net_writes`
