   Compiling rhai v1.26.1 (/private/var/folders/yk/m4dzf0ss5x9f4j4z3xb2rrv40000gn/T/agent-build-8f7sw7wx/source/repo)
warning: unused variable: `ctx`
   --> src/packages/net/stream.rs:551:9
    |
551 |         ctx: NativeCallContext,
    |         ^^^ help: if this is intentional, prefix it with an underscore: `_ctx`
    |
    = note: `#[warn(unused_variables)]` (part of `#[warn(unused)]`) on by default

warning: unused variable: `ctx`
   --> src/packages/net/stream.rs:564:9
    |
564 |         ctx: NativeCallContext,
    |         ^^^ help: if this is intentional, prefix it with an underscore: `_ctx`

warning: unused variable: `ctx`
   --> src/packages/net/stream.rs:578:9
    |
578 |         ctx: NativeCallContext,
    |         ^^^ help: if this is intentional, prefix it with an underscore: `_ctx`

warning: unused variable: `ctx`
   --> src/packages/net/stream.rs:591:9
    |
591 |         ctx: NativeCallContext,
    |         ^^^ help: if this is intentional, prefix it with an underscore: `_ctx`

warning: unused variable: `ctx`
   --> src/packages/net/stream.rs:606:9
    |
606 |         ctx: NativeCallContext,
    |         ^^^ help: if this is intentional, prefix it with an underscore: `_ctx`

warning: unused variable: `ctx`
   --> src/packages/net/stream.rs:620:9
    |
620 |         ctx: NativeCallContext,
    |         ^^^ help: if this is intentional, prefix it with an underscore: `_ctx`

warning: unused variable: `ctx`
   --> src/packages/net/stream.rs:635:9
    |
635 |         ctx: NativeCallContext,
    |         ^^^ help: if this is intentional, prefix it with an underscore: `_ctx`

warning: unused variable: `ctx`
   --> src/packages/net/stream.rs:649:9
    |
649 |         ctx: NativeCallContext,
    |         ^^^ help: if this is intentional, prefix it with an underscore: `_ctx`

warning: unused variable: `ctx`
   --> src/packages/net/stream.rs:664:9
    |
664 |         ctx: NativeCallContext,
    |         ^^^ help: if this is intentional, prefix it with an underscore: `_ctx`

warning: unused variable: `ctx`
   --> src/packages/net/stream.rs:678:9
    |
678 |         ctx: NativeCallContext,
    |         ^^^ help: if this is intentional, prefix it with an underscore: `_ctx`

warning: unused variable: `ctx`
   --> src/packages/net/stream.rs:693:9
    |
693 |         ctx: NativeCallContext,
    |         ^^^ help: if this is intentional, prefix it with an underscore: `_ctx`

warning: unused variable: `ctx`
   --> src/packages/net/stream.rs:707:9
    |
707 |         ctx: NativeCallContext,
    |         ^^^ help: if this is intentional, prefix it with an underscore: `_ctx`

warning: unused variable: `ctx`
   --> src/packages/net/stream.rs:721:9
    |
721 |         ctx: NativeCallContext,
    |         ^^^ help: if this is intentional, prefix it with an underscore: `_ctx`

warning: unused variable: `ctx`
   --> src/packages/net/stream.rs:734:9
    |
734 |         ctx: NativeCallContext,
    |         ^^^ help: if this is intentional, prefix it with an underscore: `_ctx`

warning: unused variable: `ctx`
   --> src/packages/net/stream.rs:748:9
    |
748 |         ctx: NativeCallContext,
    |         ^^^ help: if this is intentional, prefix it with an underscore: `_ctx`

warning: unused variable: `ctx`
   --> src/packages/net/stream.rs:761:9
    |
761 |         ctx: NativeCallContext,
    |         ^^^ help: if this is intentional, prefix it with an underscore: `_ctx`

warning: `rhai` (lib) generated 16 warnings (run `cargo fix --lib -p rhai` to apply 16 suggestions)
warning: unused import: `PathBuf`
 --> src/bin/rhai-run.rs:8:18
  |
8 |     path::{Path, PathBuf},
  |                  ^^^^^^^
  |
  = note: `#[warn(unused_imports)]` (part of `#[warn(unused)]`) on by default

warning: variable does not need to be mutable
   --> tests/net_writes.rs:245:9
    |
245 |     let mut engine = engine(NetConfig::default().allow_listen("127.0.0.1:0".parse().unwrap()).max_write_bytes(2));
    |         ----^^^^^^
    |         |
    |         help: remove this `mut`
    |
    = note: `#[warn(unused_mut)]` (part of `#[warn(unused)]`) on by default

warning: `rhai` (bin "rhai-run") generated 1 warning (run `cargo fix --bin "rhai-run" -p rhai` to apply 1 suggestion)
warning: `rhai` (test "net_writes") generated 1 warning (run `cargo fix --test "net_writes" -p rhai` to apply 1 suggestion)
    Finished `test` profile [unoptimized + debuginfo] target(s) in 6.83s
     Running tests/net_writes.rs (/var/folders/yk/m4dzf0ss5x9f4j4z3xb2rrv40000gn/T/agent-build-8f7sw7wx/target/debug/deps/net_writes-cfe5583a5f184920)

running 7 tests
test script_writes_string_and_write_all_report_real_peer_bytes ... ok
test host_write_cap_rejects_oversize_input_without_peer_bytes ... ok
test accepted_stream_inherits_host_write_cap ... ok
test read_half_close_is_idempotent_and_keeps_stream_open_for_close ... ok
test script_write_blob_preserves_exact_bytes ... ok
test write_half_close_keeps_the_read_direction_and_is_idempotent ... ok

thread 'bounded_write_timeout_reports_partial_bytes_matching_peer_readback' (51783284) panicked at tests/net_writes.rs:186:5:
assertion `left == right` failed: write did not hit its finite deadline: none:16:-1
  left: Some("none")
 right: Some("Timeout")
note: run with `RUST_BACKTRACE=1` environment variable to display a backtrace
test bounded_write_timeout_reports_partial_bytes_matching_peer_readback ... FAILED

failures:

failures:
    bounded_write_timeout_reports_partial_bytes_matching_peer_readback

test result: FAILED. 6 passed; 1 failed; 0 ignored; 0 measured; 0 filtered out; finished in 0.02s

error: test failed, to rerun pass `--test net_writes`
