    Updating git repository `https://github.com/schungx/rustyline`
    Updating crates.io index
    Updating git repository `https://gitlab.com/jD91mZM2/no-std-compat.git`
     Locking 130 packages to latest compatible versions
      Adding getrandom v0.3.4 (available: v0.4.3)
      Adding hashbrown v0.16.1 (available: v0.17.1)
      Adding syn v2.0.119 (available: v3.0.6)
 Downloading crates ...
  Downloaded quote v1.0.47
  Downloaded serde v1.0.229
  Downloaded cfg-if v1.0.5
  Downloaded getrandom v0.3.4
  Downloaded const-random-macro v0.1.16
  Downloaded zmij v1.0.23
  Downloaded smartstring v1.0.1
  Downloaded smallvec v1.16.2
  Downloaded rmp-serde v1.3.1
  Downloaded bitflags v2.13.2
  Downloaded unicode-ident v1.0.26
  Downloaded rmp v0.8.15
  Downloaded tiny-keccak v2.0.2
  Downloaded once_cell v1.21.4
  Downloaded itoa v1.0.18
  Downloaded autocfg v1.5.1
  Downloaded crunchy v0.2.4
  Downloaded getrandom v0.2.17
  Downloaded thin-vec v0.2.20
  Downloaded serde_core v1.0.229
  Downloaded proc-macro2 v1.0.107
  Downloaded serde_json v1.0.151
  Downloaded num-traits v0.2.19
  Downloaded zerocopy v0.8.59
  Downloaded memchr v2.8.3
  Downloaded portable-atomic v1.15.0
  Downloaded libc v0.2.189
  Downloaded syn v2.0.119
  Downloaded version_check v0.9.5
  Downloaded ahash v0.8.12
  Downloaded static_assertions v1.1.0
  Downloaded const-random v0.1.18
 Downloading crates ...
  Downloaded web-time v1.1.0
   Compiling autocfg v1.5.1
   Compiling libc v0.2.189
   Compiling crunchy v0.2.4
   Compiling version_check v0.9.5
   Compiling tiny-keccak v2.0.2
   Compiling cfg-if v1.0.5
   Compiling proc-macro2 v1.0.107
   Compiling num-traits v0.2.19
   Compiling quote v1.0.47
   Compiling portable-atomic v1.15.0
   Compiling unicode-ident v1.0.26
   Compiling getrandom v0.2.17
   Compiling serde_core v1.0.229
   Compiling zerocopy v0.8.59
   Compiling once_cell v1.21.4
   Compiling getrandom v0.3.4
   Compiling const-random-macro v0.1.16
   Compiling ahash v0.8.12
   Compiling smartstring v1.0.1
   Compiling syn v2.0.119
   Compiling const-random v0.1.18
   Compiling serde v1.0.229
   Compiling rhai v1.26.1 (/private/var/folders/yk/m4dzf0ss5x9f4j4z3xb2rrv40000gn/T/agent-build-fk6064r6/source/repo)
   Compiling static_assertions v1.1.0
   Compiling zmij v1.0.23
   Compiling rhai_codegen v3.2.0 (/private/var/folders/yk/m4dzf0ss5x9f4j4z3xb2rrv40000gn/T/agent-build-fk6064r6/source/repo/codegen)
   Compiling smallvec v1.16.2
   Compiling serde_json v1.0.151
   Compiling thin-vec v0.2.20
   Compiling bitflags v2.13.2
   Compiling rmp v0.8.15
   Compiling itoa v1.0.18
   Compiling memchr v2.8.3
   Compiling rmp-serde v1.3.1
warning: unused import: `PathBuf`
 --> src/bin/rhai-run.rs:8:18
  |
8 |     path::{Path, PathBuf},
  |                  ^^^^^^^
  |
  = note: `#[warn(unused_imports)]` (part of `#[warn(unused)]`) on by default

error[E0599]: no method named `write_timeout` found for struct `NetConfig` in the current scope
   --> tests/net_writes.rs:102:30
    |
102 |         NetConfig::default().write_timeout(Duration::from_millis(50)),
    |                              ^^^^^^^^^^^^^
    |
help: there is a method `read_timeout` with a similar name
    |
102 -         NetConfig::default().write_timeout(Duration::from_millis(50)),
102 +         NetConfig::default().read_timeout(Duration::from_millis(50)),
    |

For more information about this error, try `rustc --explain E0599`.
error: could not compile `rhai` (test "net_writes") due to 1 previous error
warning: build failed, waiting for other jobs to finish...
warning: `rhai` (bin "rhai-run") generated 1 warning (run `cargo fix --bin "rhai-run" -p rhai` to apply 1 suggestion)
