   Compiling rhai v1.26.1 (/private/var/folders/yk/m4dzf0ss5x9f4j4z3xb2rrv40000gn/T/agent-build-8f7sw7wx/source/repo)
warning: unused import: `PathBuf`
 --> src/bin/rhai-run.rs:8:18
  |
8 |     path::{Path, PathBuf},
  |                  ^^^^^^^
  |
  = note: `#[warn(unused_imports)]` (part of `#[warn(unused)]`) on by default

warning: variable does not need to be mutable
   --> tests/net_writes.rs:245:9
    |
245 |     let mut engine = engine(NetConfig::default().allow_listen("127.0.0.1:0".parse().unwrap()).max_write_bytes(2));
    |         ----^^^^^^
    |         |
    |         help: remove this `mut`
    |
    = note: `#[warn(unused_mut)]` (part of `#[warn(unused)]`) on by default

warning: `rhai` (bin "rhai-run") generated 1 warning (run `cargo fix --bin "rhai-run" -p rhai` to apply 1 suggestion)
warning: `rhai` (test "net_writes") generated 1 warning (run `cargo fix --test "net_writes" -p rhai` to apply 1 suggestion)
    Finished `test` profile [unoptimized + debuginfo] target(s) in 1.81s
     Running tests/net_writes.rs (/var/folders/yk/m4dzf0ss5x9f4j4z3xb2rrv40000gn/T/agent-build-8f7sw7wx/target/debug/deps/net_writes-6b98901fe6045efd)

running 1 test

thread 'script_write_blob_preserves_exact_bytes' (51785238) panicked at tests/net_writes.rs:99:9:
assertion `left == right` failed
  left: [0, 255, 65]
 right: [0, 254, 65]
note: run with `RUST_BACKTRACE=1` environment variable to display a backtrace
test script_write_blob_preserves_exact_bytes ... FAILED

failures:

failures:
    script_write_blob_preserves_exact_bytes

test result: FAILED. 0 passed; 1 failed; 0 ignored; 0 measured; 6 filtered out; finished in 0.00s

error: test failed, to rerun pass `--test net_writes`
