   Compiling rhai v1.26.1 (/var/roothome/.local/share/agent-builds/rhai/linux-managed-output-limit-20261003-0a6dbb5d-106/agent-build-hast5o_8/source)
warning: the item `TryFrom` is imported redundantly
   --> src/func/func_call.rs:291:21
    |
291 |                 use std::convert::TryFrom;
    |                     ^^^^^^^^^^^^^^^^^^^^^
   --> /rustc/25ef9e3d85d934b27d9dada2f9dd52b1dc63bb04/library/std/src/prelude/mod.rs:129:13
    |
    = note: the item `TryFrom` is already defined here
    |
    = note: `#[warn(unused_imports)]` on by default

warning: unused variable: `ctx`
   --> src/packages/sys/fs.rs:566:36
    |
566 |     .set_into_module(module, move |ctx: NativeCallContext, file: FileHandle| -> Res<String> {
    |                                    ^^^ help: if this is intentional, prefix it with an underscore: `_ctx`
    |
    = note: `#[warn(unused_variables)]` on by default

warning: unused variable: `ctx`
   --> src/packages/sys/fs.rs:591:36
    |
591 |     .set_into_module(module, move |ctx: NativeCallContext, file: FileHandle, len: INT| -> Res<String> {
    |                                    ^^^ help: if this is intentional, prefix it with an underscore: `_ctx`

warning: unused variable: `ctx`
   --> src/packages/sys/fs.rs:619:40
    |
619 |         .set_into_module(module, move |ctx: NativeCallContext, file: FileHandle| -> Res<crate::Blob> {
    |                                        ^^^ help: if this is intentional, prefix it with an underscore: `_ctx`

warning: unused variable: `ctx`
   --> src/packages/sys/fs.rs:636:40
    |
636 |         .set_into_module(module, move |ctx: NativeCallContext, file: FileHandle, len: INT| -> Res<crate::Blob> {
    |                                        ^^^ help: if this is intentional, prefix it with an underscore: `_ctx`

warning: variable does not need to be mutable
   --> src/packages/sys/process/unix.rs:668:13
    |
668 |         let mut wait_operation = "wait for child";
    |             ----^^^^^^^^^^^^^^
    |             |
    |             help: remove this `mut`
    |
    = note: `#[warn(unused_mut)]` on by default

warning: unused variable: `termination`
    --> src/packages/sys/process/unix.rs:1106:22
     |
1106 |                 let (termination, _operation) = if self.managed {
     |                      ^^^^^^^^^^^ help: if this is intentional, prefix it with an underscore: `_termination`

warning: unused variable: `ctx`
    --> src/packages/sys/process/unix.rs:2053:5
     |
2053 |     ctx: &NativeCallContext,
     |     ^^^ help: if this is intentional, prefix it with an underscore: `_ctx`

warning: variable does not need to be mutable
    --> src/packages/sys/process/unix.rs:2134:9
     |
2134 |     let mut child =
     |         ----^^^^^
     |         |
     |         help: remove this `mut`

warning: unused variable: `ctx`
    --> src/packages/sys/process/unix.rs:2176:5
     |
2176 |     ctx: &NativeCallContext,
     |     ^^^ help: if this is intentional, prefix it with an underscore: `_ctx`

warning: variable does not need to be mutable
    --> src/packages/sys/process/unix.rs:2456:9
     |
2456 |     let mut pending = input.unwrap_or_default();
     |         ----^^^^^^^
     |         |
     |         help: remove this `mut`

warning: variant `OnlyZombieLeader` is never constructed
  --> src/packages/sys/process/unix.rs:50:5
   |
47 | enum GroupCloseOutcome {
   |      ----------------- variant in this enum
...
50 |     OnlyZombieLeader,
   |     ^^^^^^^^^^^^^^^^
   |
   = note: `GroupCloseOutcome` has derived impls for the traits `Clone` and `Debug`, but these are intentionally ignored during dead code analysis
   = note: `#[warn(dead_code)]` on by default

warning: methods `numeric_operations_probe`, `quarantine_observations_probe`, and `fail_reservation` are never used
    --> src/packages/sys/process/unix.rs:1470:8
     |
1390 | impl ExecutionFaults {
     | -------------------- methods in this implementation
...
1470 |     fn numeric_operations_probe(&self) -> Option<Arc<AtomicUsize>> {
     |        ^^^^^^^^^^^^^^^^^^^^^^^^
...
1481 |     fn quarantine_observations_probe(&self) -> Option<Arc<AtomicUsize>> {
     |        ^^^^^^^^^^^^^^^^^^^^^^^^^^^^^
...
1506 |     fn fail_reservation(&self) -> bool {
     |        ^^^^^^^^^^^^^^^^

warning: `rhai` (lib) generated 13 warnings (run `cargo fix --lib -p rhai` to apply 10 suggestions)
warning: unused import: `PathBuf`
 --> src/bin/rhai-run.rs:8:18
  |
8 |     path::{Path, PathBuf},
  |                  ^^^^^^^
  |
  = note: `#[warn(unused_imports)]` on by default

warning: variable does not need to be mutable
   --> tests/sys_process.rs:899:9
    |
899 |     let mut holder = command.spawn().expect("start escaped captured-pipe holder");
    |         ----^^^^^^
    |         |
    |         help: remove this `mut`
    |
    = note: `#[warn(unused_mut)]` on by default

warning: value assigned to `incomplete` is never read
    --> tests/sys_process.rs:1313:17
     |
1313 |         let mut incomplete = false;
     |                 ^^^^^^^^^^
     |
     = help: maybe it is overwritten before being read?
     = note: `#[warn(unused_assignments)]` on by default

warning: variable does not need to be mutable
    --> tests/sys_process.rs:2082:9
     |
2082 |     let mut sentinel = managed_spawn_sentinel();
     |         ----^^^^^^^^
     |         |
     |         help: remove this `mut`

warning: variable does not need to be mutable
    --> tests/sys_process.rs:2190:9
     |
2190 |     let mut sentinel = managed_spawn_sentinel();
     |         ----^^^^^^^^
     |         |
     |         help: remove this `mut`

warning: variable does not need to be mutable
    --> tests/sys_process.rs:2380:9
     |
2380 |     let mut sentinel = Sentinel(
     |         ----^^^^^^^^
     |         |
     |         help: remove this `mut`

warning: variable does not need to be mutable
    --> tests/sys_process.rs:2511:9
     |
2511 |     let mut sentinel = Sentinel(
     |         ----^^^^^^^^
     |         |
     |         help: remove this `mut`

warning: variable does not need to be mutable
    --> tests/sys_process.rs:2651:9
     |
2651 |     let mut sentinel = Sentinel(
     |         ----^^^^^^^^
     |         |
     |         help: remove this `mut`

warning: variable does not need to be mutable
    --> tests/sys_process.rs:4100:9
     |
4100 |     let mut engine = engine(config);
     |         ----^^^^^^
     |         |
     |         help: remove this `mut`

warning: `rhai` (bin "rhai-run") generated 1 warning (run `cargo fix --bin "rhai-run"` to apply 1 suggestion)
warning: constant `DIRECT_DROP_RECORD_ENV` is never used
  --> tests/sys_process.rs:38:7
   |
38 | const DIRECT_DROP_RECORD_ENV: &str = "RHAI_SYS_DIRECT_DROP_RECORD";
   |       ^^^^^^^^^^^^^^^^^^^^^^
   |
   = note: `#[warn(dead_code)]` on by default

warning: unused `Dynamic` that must be used
   --> tests/fixtures/sys_process_shared_child_contract.rs:239:5
    |
239 |     engine.eval_with_scope::<Dynamic>(&mut scope, "child.kill()").expect("kill after completion is idempotent");
    |     ^^^^^^^^^^^^^^^^^^^^^^^^^^^^^^^^^^^^^^^^^^^^^^^^^^^^^^^^^^^^^^^^^^^^^^^^^^^^^^^^^^^^^^^^^^^^^^^^^^^^^^^^^^^
    |
    = note: `#[warn(unused_must_use)]` on by default
help: use `let _ = ...` to ignore the resulting value
    |
239 |     let _ = engine.eval_with_scope::<Dynamic>(&mut scope, "child.kill()").expect("kill after completion is idempotent");
    |     +++++++

warning: unused `Dynamic` that must be used
   --> tests/fixtures/sys_process_shared_child_contract.rs:240:5
    |
240 |     engine.eval_with_scope::<Dynamic>(&mut scope, "child.kill()").expect("repeated kill after completion is idempotent");
    |     ^^^^^^^^^^^^^^^^^^^^^^^^^^^^^^^^^^^^^^^^^^^^^^^^^^^^^^^^^^^^^^^^^^^^^^^^^^^^^^^^^^^^^^^^^^^^^^^^^^^^^^^^^^^^^^^^^^^^
    |
help: use `let _ = ...` to ignore the resulting value
    |
240 |     let _ = engine.eval_with_scope::<Dynamic>(&mut scope, "child.kill()").expect("repeated kill after completion is idempotent");
    |     +++++++

warning: `rhai` (test "sys_process") generated 11 warnings (run `cargo fix --test "sys_process"` to apply 7 suggestions)
    Finished test [unoptimized] target(s) in 5.93s
     Running tests/sys_process.rs (/root/.local/share/agent-builds/rhai/linux-managed-output-limit-20261003-0a6dbb5d-106/agent-build-hast5o_8/target/debug/deps/sys_process-aaa16c8a4c1d9dde)
managed_pidfd_acquired pid=1355597 start=4469799 ppid=1355594 pgid=1355597
managed_pidfd_acquired pid=1355599 start=4469799 ppid=1355597 pgid=1355597
managed_pidfd_acquired pid=1355601 start=4469799 ppid=1355599 pgid=1355597
managed-scope sentinel_cleanup pid=1355591 status=Some(ExitStatus(unix_wait_status(9))) esrch=true
managed_output_limit_group_boundary host=1355594 host_start=4469798 reaper=1355592 reaper_start=4469798 leader=1355597 leader_start=4469799 leader_absent=true worker=1355599 worker_start=4469799 worker_absent=true leaf=1355601 leaf_start=4469799 leaf_absent=true group=1355597 group_probe=-1 group_errno=3 host_live=true reaper_live=true sentinel=1355591 sentinel_start=4469798 sentinel_live=true output_limit=true prefix_preserved=true captures_honest=true pidfds_exited=true cleanup_exact=true no_watchdog_cleanup_through_boundary=true
 api="host=1355594 host_start=4469798 api_success=false api_outcome=typed_output_limit stdout_len=4096 stdout_prefix_exact=true stdout_complete=false stderr_len=0 stderr_complete=false timed_out=false exit=None\n" cleanup="worker=1355599 start=4469799 pgid=1355597 reaped=true wait_status=9 leaf=1355601 start=4469799 pgid=1355597 reaped=true wait_status=9 complete=true\n" reaper_ok=true sentinel_reaped=true no_watchdog_cleanup_after_reap=true
managed_fixture_cleanup worker_pid=Some(1355599) worker_esrch=true leaf_pid=Some(1355601) leaf_esrch=true
managed_spawn_fixture_leader_cleanup leader_pid=Some(1355597) leader_esrch=true
