Control command: RHAI_COMBINED_WRONG_EXPECTATION=1 cargo test --features testing-environ\,sys\,net --test combined_sys_net -- --exact sys_and_net_packages_coexist_in_one_engine_with_os_readback_and_typed_errors --test-threads=1 --nocapture
    Updating git repository `https://github.com/schungx/rustyline`
    Updating crates.io index
    Updating git repository `https://gitlab.com/jD91mZM2/no-std-compat.git`
     Locking 130 packages to latest compatible versions
      Adding getrandom v0.3.4 (available: v0.4.3)
      Adding hashbrown v0.16.1 (available: v0.17.1)
      Adding syn v2.0.119 (available: v3.0.6)
 Downloading crates ...
  Downloaded once_cell v1.21.4
  Downloaded const-random v0.1.18
  Downloaded ipnet v2.12.2
  Downloaded crunchy v0.2.4
  Downloaded ambient-authority v0.0.2
  Downloaded ahash v0.8.12
  Downloaded smartstring v1.0.1
  Downloaded quote v1.0.47
  Downloaded maybe-owned v0.3.4
  Downloaded static_assertions v1.1.0
  Downloaded syn v2.0.119
  Downloaded rmp-serde v1.3.1
  Downloaded version_check v0.9.5
  Downloaded portable-atomic v1.15.0
  Downloaded itoa v1.0.18
  Downloaded rustix v1.1.5
  Downloaded unicode-ident v1.0.26
  Downloaded cfg-if v1.0.5
  Downloaded thin-vec v0.2.20
  Downloaded getrandom v0.3.4
  Downloaded zerocopy v0.8.59
  Downloaded serde_core v1.0.229
  Downloaded io-extras v0.19.0
  Downloaded getrandom v0.2.17
  Downloaded io-lifetimes v2.0.4
  Downloaded bitflags v2.13.2
  Downloaded proc-macro2 v1.0.107
  Downloaded libc v0.2.189
  Downloaded errno v0.3.14
  Downloaded zmij v1.0.23
  Downloaded serde v1.0.229
  Downloaded rmp v0.8.15
  Downloaded memchr v2.8.3
  Downloaded cap-std v4.0.3
  Downloaded io-lifetimes v3.0.1
  Downloaded const-random-macro v0.1.16
  Downloaded num-traits v0.2.19
  Downloaded tiny-keccak v2.0.2
  Downloaded cap-primitives v4.0.3
  Downloaded fs-set-times v0.20.3
  Downloaded autocfg v1.5.1
  Downloaded smallvec v1.16.2
  Downloaded serde_json v1.0.151
 Downloading crates ...
  Downloaded web-time v1.1.0
   Compiling libc v0.2.189
   Compiling autocfg v1.5.1
   Compiling crunchy v0.2.4
   Compiling version_check v0.9.5
   Compiling io-lifetimes v3.0.1
   Compiling cfg-if v1.0.5
   Compiling proc-macro2 v1.0.107
   Compiling io-lifetimes v2.0.4
   Compiling tiny-keccak v2.0.2
   Compiling rustix v1.1.5
   Compiling errno v0.3.14
   Compiling num-traits v0.2.19
   Compiling quote v1.0.47
   Compiling bitflags v2.13.2
   Compiling io-extras v0.19.0
   Compiling unicode-ident v1.0.26
   Compiling portable-atomic v1.15.0
   Compiling getrandom v0.2.17
   Compiling getrandom v0.3.4
   Compiling serde_core v1.0.229
   Compiling once_cell v1.21.4
   Compiling zerocopy v0.8.59
   Compiling cap-primitives v4.0.3
   Compiling const-random-macro v0.1.16
   Compiling fs-set-times v0.20.3
   Compiling smartstring v1.0.1
   Compiling ahash v0.8.12
   Compiling cap-std v4.0.3
   Compiling ambient-authority v0.0.2
   Compiling ipnet v2.12.2
   Compiling maybe-owned v0.3.4
   Compiling syn v2.0.119
   Compiling const-random v0.1.18
   Compiling static_assertions v1.1.0
   Compiling zmij v1.0.23
   Compiling rhai v1.26.1 (/private/var/folders/yk/m4dzf0ss5x9f4j4z3xb2rrv40000gn/T/agent-build-j79pdzmx/source)
   Compiling serde v1.0.229
   Compiling rhai_codegen v3.2.0 (/private/var/folders/yk/m4dzf0ss5x9f4j4z3xb2rrv40000gn/T/agent-build-j79pdzmx/source/codegen)
   Compiling smallvec v1.16.2
   Compiling thin-vec v0.2.20
   Compiling serde_json v1.0.151
   Compiling rmp v0.8.15
   Compiling memchr v2.8.3
   Compiling itoa v1.0.18
   Compiling rmp-serde v1.3.1
warning: unused import: `PathBuf`
 --> src/bin/rhai-run.rs:8:18
  |
8 |     path::{Path, PathBuf},
  |                  ^^^^^^^
  |
  = note: `#[warn(unused_imports)]` (part of `#[warn(unused)]`) on by default

warning: `rhai` (bin "rhai-run") generated 1 warning (run `cargo fix --bin "rhai-run" -p rhai` to apply 1 suggestion)
    Finished `test` profile [unoptimized] target(s) in 17.67s
     Running tests/combined_sys_net.rs (/var/folders/yk/m4dzf0ss5x9f4j4z3xb2rrv40000gn/T/agent-build-j79pdzmx/target/debug/deps/combined_sys_net-a851e55ef3c7f483)

running 1 test
test sys_and_net_packages_coexist_in_one_engine_with_os_readback_and_typed_errors ... 
thread 'sys_and_net_packages_coexist_in_one_engine_with_os_readback_and_typed_errors' (52022691) panicked at tests/combined_sys_net.rs:125:5:
assertion `left == right` failed: fresh host readback must match independent expected bytes
  left: [102, 105, 108, 101, 115, 121, 115, 116, 101, 109, 45, 112, 97, 121, 108, 111, 97, 100]
 right: [105, 110, 99, 111, 114, 114, 101, 99, 116, 32, 102, 105, 108, 101, 115, 121, 115, 116, 101, 109, 32, 101, 120, 112, 101, 99, 116, 97, 116, 105, 111, 110]
note: run with `RUST_BACKTRACE=1` environment variable to display a backtrace
FAILED

failures:

failures:
    sys_and_net_packages_coexist_in_one_engine_with_os_readback_and_typed_errors

test result: FAILED. 0 passed; 1 failed; 0 ignored; 0 measured; 0 filtered out; finished in 0.01s

error: test failed, to rerun pass `--test combined_sys_net`
Control exit status: 101
Control accepted: the deliberately incorrect independent filesystem readback expectation failed.
