    Updating git repository `https://github.com/schungx/rustyline`
    Updating crates.io index
    Updating git repository `https://gitlab.com/jD91mZM2/no-std-compat.git`
 Downloading crates ...
  Downloaded ahash v0.8.12
  Downloaded ambient-authority v0.0.2
  Downloaded io-lifetimes v3.0.1
  Downloaded cfg-if v1.0.5
  Downloaded const-random v0.1.18
  Downloaded const-random-macro v0.1.16
  Downloaded itoa v1.0.15
  Downloaded errno v0.3.14
  Downloaded version_check v0.9.5
  Downloaded maybe-owned v0.3.4
  Downloaded crunchy v0.2.4
  Downloaded fs-set-times v0.20.3
  Downloaded quote v1.0.41
  Downloaded rmp v0.8.14
  Downloaded autocfg v1.5.1
  Downloaded io-lifetimes v2.0.4
  Downloaded paste v1.0.15
  Downloaded byteorder v1.5.0
  Downloaded static_assertions v1.1.0
  Downloaded smartstring v1.0.1
  Downloaded rustix-linux-procfs v0.1.1
  Downloaded getrandom v0.2.17
  Downloaded ipnet v2.12.2
  Downloaded io-extras v0.19.0
  Downloaded cap-std v4.0.3
  Downloaded bitflags v2.13.2
  Downloaded tiny-keccak v2.0.2
  Downloaded once_cell v1.21.4
  Downloaded smallvec v1.16.2
  Downloaded rmp-serde v1.3.0
  Downloaded thin-vec v0.2.19
  Downloaded unicode-ident v1.0.22
  Downloaded getrandom v0.3.4
  Downloaded proc-macro2 v1.0.103
  Downloaded num-traits v0.2.19
  Downloaded ryu v1.0.20
  Downloaded serde_core v1.0.229
  Downloaded serde v1.0.229
  Downloaded memchr v2.8.3
  Downloaded cap-primitives v4.0.3
  Downloaded serde_json v1.0.145
  Downloaded portable-atomic v1.15.0
  Downloaded zerocopy v0.8.59
  Downloaded syn v2.0.106
  Downloaded rustix v1.1.5
  Downloaded libc v0.2.189
  Downloaded linux-raw-sys v0.12.1
 Downloading crates ...
  Downloaded web-time v1.1.0
   Compiling autocfg v1.5.1
   Compiling portable-atomic v1.15.0
   Compiling crunchy v0.2.4
   Compiling rustix v1.1.5
   Compiling libc v0.2.189
   Compiling version_check v0.9.5
   Compiling cfg-if v1.0.5
   Compiling bitflags v2.13.2
   Compiling proc-macro2 v1.0.103
   Compiling linux-raw-sys v0.12.1
   Compiling tiny-keccak v2.0.2
   Compiling io-lifetimes v2.0.4
   Compiling io-lifetimes v3.0.1
   Compiling once_cell v1.21.4
   Compiling num-traits v0.2.19
   Compiling io-extras v0.19.0
   Compiling unicode-ident v1.0.22
   Compiling quote v1.0.41
   Compiling getrandom v0.2.17
   Compiling serde_core v1.0.229
   Compiling zerocopy v0.8.59
   Compiling getrandom v0.3.4
   Compiling cap-primitives v4.0.3
   Compiling const-random-macro v0.1.16
   Compiling fs-set-times v0.20.3
   Compiling rustix-linux-procfs v0.1.1
   Compiling smartstring v1.0.1
   Compiling ahash v0.8.12
   Compiling ipnet v2.12.2
   Compiling maybe-owned v0.3.4
   Compiling cap-std v4.0.3
   Compiling paste v1.0.15
   Compiling ambient-authority v0.0.2
   Compiling syn v2.0.106
   Compiling const-random v0.1.18
   Compiling static_assertions v1.1.0
   Compiling serde v1.0.229
   Compiling rhai v1.26.1 (/tmp/agent-build-f6ovy6yn/source)
   Compiling rhai_codegen v3.2.0 (/tmp/agent-build-f6ovy6yn/source/codegen)
   Compiling byteorder v1.5.0
   Compiling smallvec v1.16.2
   Compiling thin-vec v0.2.19
   Compiling serde_json v1.0.145
   Compiling rmp v0.8.14
   Compiling ryu v1.0.20
   Compiling memchr v2.8.3
   Compiling itoa v1.0.15
   Compiling rmp-serde v1.3.0
warning: variable does not need to be mutable
   --> src/packages/sys/process/unix.rs:668:13
    |
668 |         let mut wait_operation = "wait for child";
    |             ----^^^^^^^^^^^^^^
    |             |
    |             help: remove this `mut`
    |
    = note: `#[warn(unused_mut)]` (part of `#[warn(unused)]`) on by default

warning: unused variable: `termination`
    --> src/packages/sys/process/unix.rs:1106:22
     |
1106 |                 let (termination, _operation) = if self.managed {
     |                      ^^^^^^^^^^^ help: if this is intentional, prefix it with an underscore: `_termination`
     |
     = note: `#[warn(unused_variables)]` (part of `#[warn(unused)]`) on by default

warning: variable does not need to be mutable
    --> src/packages/sys/process/unix.rs:2123:9
     |
2123 |     let mut child =
     |         ----^^^^^
     |         |
     |         help: remove this `mut`

warning: variable does not need to be mutable
    --> src/packages/sys/process/unix.rs:2444:9
     |
2444 |     let mut pending = input.unwrap_or_default();
     |         ----^^^^^^^
     |         |
     |         help: remove this `mut`

warning: unused variable: `scope_closed`
    --> src/packages/sys/process/unix.rs:2572:13
     |
2572 |         let scope_closed = if driver.managed {
     |             ^^^^^^^^^^^^ help: if this is intentional, prefix it with an underscore: `_scope_closed`

warning: variant `OnlyZombieLeader` is never constructed
  --> src/packages/sys/process/unix.rs:50:5
   |
47 | enum GroupCloseOutcome {
   |      ----------------- variant in this enum
...
50 |     OnlyZombieLeader,
   |     ^^^^^^^^^^^^^^^^
   |
   = note: `GroupCloseOutcome` has derived impls for the traits `Clone` and `Debug`, but these are intentionally ignored during dead code analysis
   = note: `#[warn(dead_code)]` (part of `#[warn(unused)]`) on by default

warning: methods `numeric_operations_probe`, `quarantine_observations_probe`, and `fail_reservation` are never used
    --> src/packages/sys/process/unix.rs:1459:8
     |
1388 | impl ExecutionFaults {
     | -------------------- methods in this implementation
...
1459 |     fn numeric_operations_probe(&self) -> Option<Arc<AtomicUsize>> {
     |        ^^^^^^^^^^^^^^^^^^^^^^^^
...
1470 |     fn quarantine_observations_probe(&self) -> Option<Arc<AtomicUsize>> {
     |        ^^^^^^^^^^^^^^^^^^^^^^^^^^^^^
...
1495 |     fn fail_reservation(&self) -> bool {
     |        ^^^^^^^^^^^^^^^^

warning: `rhai` (lib) generated 7 warnings (run `cargo fix --lib -p rhai` to apply 5 suggestions)
warning: unused import: `PathBuf`
 --> src/bin/rhai-run.rs:8:18
  |
8 |     path::{Path, PathBuf},
  |                  ^^^^^^^
  |
  = note: `#[warn(unused_imports)]` (part of `#[warn(unused)]`) on by default

warning: `rhai` (bin "rhai-run") generated 1 warning (run `cargo fix --bin "rhai-run" -p rhai` to apply 1 suggestion)
warning: variable does not need to be mutable
   --> tests/sys_process.rs:727:9
    |
727 |     let mut holder = command.spawn().expect("start escaped captured-pipe holder");
    |         ----^^^^^^
    |         |
    |         help: remove this `mut`
    |
    = note: `#[warn(unused_mut)]` (part of `#[warn(unused)]`) on by default

warning: value assigned to `incomplete` is never read
    --> tests/sys_process.rs:1040:30
     |
1040 |         let mut incomplete = false;
     |                              ^^^^^
     |
     = help: maybe it is overwritten before being read?
     = note: `#[warn(unused_assignments)]` (part of `#[warn(unused)]`) on by default

warning: constant `DIRECT_DROP_RECORD_ENV` is never used
  --> tests/sys_process.rs:34:7
   |
34 | const DIRECT_DROP_RECORD_ENV: &str = "RHAI_SYS_DIRECT_DROP_RECORD";
   |       ^^^^^^^^^^^^^^^^^^^^^^
   |
   = note: `#[warn(dead_code)]` (part of `#[warn(unused)]`) on by default

warning: `rhai` (test "sys_process") generated 3 warnings (run `cargo fix --test "sys_process" -p rhai` to apply 1 suggestion)
    Finished `test` profile [unoptimized] target(s) in 14.35s
     Running tests/sys_process.rs (/tmp/agent-build-f6ovy6yn/target/debug/deps/sys_process-1928063df57ef1bb)

running 1 test
test managed_run_closes_pipe_closed_worker_before_return ... managed_pidfd_acquired pid=3862411 start=3161637 ppid=3862407 pgid=3862411
managed_pidfd_acquired pid=3862413 start=3161637 ppid=3862411 pgid=3862411
managed_pidfd_acquired pid=3862415 start=3161637 ppid=3862413 pgid=3862411

thread 'managed_run_closes_pipe_closed_worker_before_return' (3862408) panicked at tests/sys_process.rs:1601:9:
assertion `left == right` failed: managed member pid=3862413 start=3161637 remained live at API return
  left: 0
 right: 1
note: run with `RUST_BACKTRACE=1` environment variable to display a backtrace
managed_fixture_cleanup worker_pid=Some(3862413) worker_esrch=true leaf_pid=Some(3862415) leaf_esrch=true
managed_spawn_fixture_leader_cleanup leader_pid=Some(3862411) leader_esrch=true
FAILED

failures:

failures:
    managed_run_closes_pipe_closed_worker_before_return

test result: FAILED. 0 passed; 1 failed; 0 ignored; 0 measured; 31 filtered out; finished in 0.12s

error: test failed, to rerun pass `--test sys_process`
error: 1 target failed:
    `--test sys_process`
