    Updating git repository `https://github.com/schungx/rustyline`
    Updating crates.io index
    Updating git repository `https://gitlab.com/jD91mZM2/no-std-compat.git`
     Locking 130 packages to latest compatible versions
      Adding getrandom v0.3.4 (available: v0.4.3)
      Adding hashbrown v0.16.1 (available: v0.17.1)
      Adding syn v2.0.119 (available: v3.0.6)
 Downloading crates ...
  Downloaded proc-macro2 v1.0.107
  Downloaded autocfg v1.5.1
  Downloaded ambient-authority v0.0.2
  Downloaded errno v0.3.14
  Downloaded maybe-owned v0.3.4
  Downloaded const-random-macro v0.1.16
  Downloaded fs-set-times v0.20.3
  Downloaded version_check v0.9.5
  Downloaded crunchy v0.2.4
  Downloaded const-random v0.1.18
  Downloaded itoa v1.0.18
  Downloaded io-lifetimes v3.0.1
  Downloaded tiny-keccak v2.0.2
  Downloaded zmij v1.0.23
  Downloaded ahash v0.8.12
  Downloaded ipnet v2.12.2
  Downloaded smartstring v1.0.1
  Downloaded unicode-ident v1.0.26
  Downloaded thin-vec v0.2.20
  Downloaded cap-std v4.0.3
  Downloaded rmp-serde v1.3.1
  Downloaded serde_core v1.0.229
  Downloaded getrandom v0.3.4
  Downloaded serde v1.0.229
  Downloaded memchr v2.8.3
  Downloaded cap-primitives v4.0.3
  Downloaded num-traits v0.2.19
  Downloaded bitflags v2.13.2
  Downloaded serde_json v1.0.151
  Downloaded portable-atomic v1.15.0
  Downloaded rmp v0.8.15
  Downloaded once_cell v1.21.4
  Downloaded io-extras v0.19.0
  Downloaded zerocopy v0.8.59
  Downloaded getrandom v0.2.17
  Downloaded smallvec v1.16.2
  Downloaded cfg-if v1.0.5
  Downloaded syn v2.0.119
  Downloaded static_assertions v1.1.0
  Downloaded rustix v1.1.5
  Downloaded io-lifetimes v2.0.4
  Downloaded quote v1.0.47
  Downloaded libc v0.2.189
 Downloading crates ...
  Downloaded web-time v1.1.0
   Compiling libc v0.2.189
   Compiling autocfg v1.5.1
   Compiling crunchy v0.2.4
   Compiling version_check v0.9.5
   Compiling rustix v1.1.5
   Compiling tiny-keccak v2.0.2
   Compiling proc-macro2 v1.0.107
   Compiling io-lifetimes v3.0.1
   Compiling cfg-if v1.0.5
   Compiling io-lifetimes v2.0.4
   Compiling errno v0.3.14
   Compiling num-traits v0.2.19
   Compiling quote v1.0.47
   Compiling serde_core v1.0.229
   Compiling portable-atomic v1.15.0
   Compiling bitflags v2.13.2
   Compiling unicode-ident v1.0.26
   Compiling io-extras v0.19.0
   Compiling getrandom v0.2.17
   Compiling zerocopy v0.8.59
   Compiling once_cell v1.21.4
   Compiling cap-primitives v4.0.3
   Compiling getrandom v0.3.4
   Compiling const-random-macro v0.1.16
   Compiling fs-set-times v0.20.3
   Compiling ahash v0.8.12
   Compiling smartstring v1.0.1
   Compiling maybe-owned v0.3.4
   Compiling cap-std v4.0.3
   Compiling ambient-authority v0.0.2
   Compiling serde v1.0.229
   Compiling zmij v1.0.23
   Compiling ipnet v2.12.2
   Compiling syn v2.0.119
   Compiling const-random v0.1.18
   Compiling serde_json v1.0.151
   Compiling rhai v1.26.1 (/private/var/folders/yk/m4dzf0ss5x9f4j4z3xb2rrv40000gn/T/agent-build-6o4bxcjz/source)
   Compiling static_assertions v1.1.0
   Compiling rhai_codegen v3.2.0 (/private/var/folders/yk/m4dzf0ss5x9f4j4z3xb2rrv40000gn/T/agent-build-6o4bxcjz/source/codegen)
   Compiling rmp v0.8.15
   Compiling memchr v2.8.3
   Compiling thin-vec v0.2.20
   Compiling itoa v1.0.18
   Compiling smallvec v1.16.2
   Compiling rmp-serde v1.3.1
    Finished `dev` profile [unoptimized + debuginfo] target(s) in 18.24s
     Running `/var/folders/yk/m4dzf0ss5x9f4j4z3xb2rrv40000gn/T/agent-build-6o4bxcjz/target/debug/examples/sys`
Script read Rhai; host file now contains "Rhaiting data".
   Compiling rhai v1.26.1 (/private/var/folders/yk/m4dzf0ss5x9f4j4z3xb2rrv40000gn/T/agent-build-6o4bxcjz/source)
    Finished `dev` profile [unoptimized + debuginfo] target(s) in 0.23s
     Running `/var/folders/yk/m4dzf0ss5x9f4j4z3xb2rrv40000gn/T/agent-build-6o4bxcjz/target/debug/examples/sys`

thread 'main' (51571867) panicked at examples/sys.rs:75:5:
assertion `left == right` failed
  left: "Rhaiting data"
 right: "wrong payload"
note: run with `RUST_BACKTRACE=1` environment variable to display a backtrace
wrong-payload control exited 101 as expected
   Compiling rhai v1.26.1 (/private/var/folders/yk/m4dzf0ss5x9f4j4z3xb2rrv40000gn/T/agent-build-6o4bxcjz/source)
warning: function `os_to_string` is never used
   --> src/packages/sys/fs.rs:287:4
    |
287 | fn os_to_string(what: &str, s: std::ffi::OsString) -> Result<String, SysError> {
    |    ^^^^^^^^^^^^
    |
    = note: `#[warn(dead_code)]` (part of `#[warn(unused)]`) on by default

warning: `rhai` (lib) generated 1 warning
    Finished `dev` profile [unoptimized + debuginfo] target(s) in 5.65s
     Running `/var/folders/yk/m4dzf0ss5x9f4j4z3xb2rrv40000gn/T/agent-build-6o4bxcjz/target/debug/examples/sys`
Script read Rhai; host file now contains "Rhaiting data".

Scoped runtime: /var/folders/yk/m4dzf0ss5x9f4j4z3xb2rrv40000gn/T/agent-build-6o4bxcjz
723268	/var/folders/yk/m4dzf0ss5x9f4j4z3xb2rrv40000gn/T/agent-build-6o4bxcjz/target
