
running 1 test
test shared_child_contract::nonfinal_child_clone_drop_keeps_the_real_child_available ... shared-child controller_started scenario=drop_true pid=3226998 root=/root/.local/share/agent-builds/rhai/shared-child-contracts-20261009T1715Z-02/agent-build-cioje82u/shared-child-fixture-3226996-0
shared-child controller_reaped scenario=drop_true pid=3226998 status=exit status: 101
shared-child controller_output scenario=drop_true stdout="\nrunning 1 test\nF\nfailures:\n\nfailures:\n    shared_child_contract::scenario_entry\n\ntest result: FAILED. 0 passed; 1 failed; 0 ignored; 0 measured; 60 filtered out; finished in 0.03s\n\n" stderr="thread 'shared_child_contract::scenario_entry' panicked at tests/fixtures/sys_process_shared_child_contract.rs:287:5:\nRED control: nonfinal child clone unexpectedly preserved the live child\nnote: run with `RUST_BACKTRACE=1` environment variable to display a backtrace\nshared-child controller-panic-cleanup scenario=drop_true payload=\"RED control: nonfinal child clone unexpectedly preserved the live child\" fixture_pid=3227001 reap=ESRCH verified=true\n"
shared-child controller_esrch pid=3226998 verified=true
thread 'shared_child_contract::nonfinal_child_clone_drop_keeps_the_real_child_available' panicked at tests/fixtures/sys_process_shared_child_contract.rs:505:17:
scenario drop_true failed (exit status: 101)
stdout:

running 1 test
F
failures:

failures:
    shared_child_contract::scenario_entry

test result: FAILED. 0 passed; 1 failed; 0 ignored; 0 measured; 60 filtered out; finished in 0.03s


stderr:
thread 'shared_child_contract::scenario_entry' panicked at tests/fixtures/sys_process_shared_child_contract.rs:287:5:
RED control: nonfinal child clone unexpectedly preserved the live child
note: run with `RUST_BACKTRACE=1` environment variable to display a backtrace
shared-child controller-panic-cleanup scenario=drop_true payload="RED control: nonfinal child clone unexpectedly preserved the live child" fixture_pid=3227001 reap=ESRCH verified=true

note: run with `RUST_BACKTRACE=1` environment variable to display a backtrace
shared-child watchdog fixture_closure=verified pid=3227001 reap=ESRCH production_reap=true
FAILED

failures:

failures:
    shared_child_contract::nonfinal_child_clone_drop_keeps_the_real_child_available

test result: FAILED. 0 passed; 1 failed; 0 ignored; 0 measured; 60 filtered out; finished in 0.04s

