
running 1 test
test shared_child_contract::sync_waiter_can_be_cancelled_through_another_shared_child_handle ... shared-child controller_started scenario=sync_wait_cancel pid=3236658 root=/root/.local/share/agent-builds/rhai/shared-child-contracts-20261009T1715Z-02/agent-build-cioje82u/shared-child-fixture-3236656-0
shared-child controller_reaped scenario=sync_wait_cancel pid=3236658 status=exit status: 101
shared-child controller_output scenario=sync_wait_cancel stdout="\nrunning 1 test\nF\nfailures:\n\nfailures:\n    shared_child_contract::scenario_entry\n\ntest result: FAILED. 0 passed; 1 failed; 0 ignored; 0 measured; 61 filtered out; finished in 0.03s\n\n" stderr="thread 'shared_child_contract::scenario_entry' panicked at tests/fixtures/sys_process_shared_child_contract.rs:393:5:\nRED control: cancelled sync wait unexpectedly returned the retained process report\nnote: run with `RUST_BACKTRACE=1` environment variable to display a backtrace\nshared-child controller-panic-cleanup scenario=sync_wait_cancel payload=\"RED control: cancelled sync wait unexpectedly returned the retained process report\" fixture_pid=3236661 reap=ESRCH verified=true\n"
shared-child controller_esrch pid=3236658 verified=true
thread 'shared_child_contract::sync_waiter_can_be_cancelled_through_another_shared_child_handle' panicked at tests/fixtures/sys_process_shared_child_contract.rs:505:17:
scenario sync_wait_cancel failed (exit status: 101)
stdout:

running 1 test
F
failures:

failures:
    shared_child_contract::scenario_entry

test result: FAILED. 0 passed; 1 failed; 0 ignored; 0 measured; 61 filtered out; finished in 0.03s


stderr:
thread 'shared_child_contract::scenario_entry' panicked at tests/fixtures/sys_process_shared_child_contract.rs:393:5:
RED control: cancelled sync wait unexpectedly returned the retained process report
note: run with `RUST_BACKTRACE=1` environment variable to display a backtrace
shared-child controller-panic-cleanup scenario=sync_wait_cancel payload="RED control: cancelled sync wait unexpectedly returned the retained process report" fixture_pid=3236661 reap=ESRCH verified=true

note: run with `RUST_BACKTRACE=1` environment variable to display a backtrace
shared-child watchdog fixture_closure=verified pid=3236661 reap=ESRCH production_reap=true
FAILED

failures:

failures:
    shared_child_contract::sync_waiter_can_be_cancelled_through_another_shared_child_handle

test result: FAILED. 0 passed; 1 failed; 0 ignored; 0 measured; 61 filtered out; finished in 0.03s

