    Updating git repository `https://github.com/schungx/rustyline`
    Updating crates.io index
    Updating git repository `https://gitlab.com/jD91mZM2/no-std-compat.git`
 Downloading crates ...
  Downloaded crunchy v0.2.4
  Downloaded const-random v0.1.18
  Downloaded byteorder v1.5.0
  Downloaded getrandom v0.2.17
  Downloaded const-random-macro v0.1.16
  Downloaded itoa v1.0.15
  Downloaded cfg-if v1.0.5
  Downloaded ahash v0.8.12
  Downloaded memchr v2.8.3
  Downloaded tiny-keccak v2.0.2
  Downloaded smartstring v1.0.1
  Downloaded quote v1.0.41
  Downloaded bitflags v2.13.2
  Downloaded version_check v0.9.5
  Downloaded rmp v0.8.14
  Downloaded thin-vec v0.2.19
  Downloaded smallvec v1.16.2
  Downloaded unicode-ident v1.0.22
  Downloaded rmp-serde v1.3.0
  Downloaded static_assertions v1.1.0
  Downloaded getrandom v0.3.4
  Downloaded paste v1.0.15
  Downloaded autocfg v1.5.1
  Downloaded once_cell v1.21.4
  Downloaded ryu v1.0.20
  Downloaded serde_core v1.0.229
  Downloaded num-traits v0.2.19
  Downloaded proc-macro2 v1.0.103
  Downloaded serde v1.0.229
  Downloaded serde_json v1.0.145
  Downloaded portable-atomic v1.15.0
  Downloaded syn v2.0.106
  Downloaded zerocopy v0.8.59
  Downloaded libc v0.2.189
 Downloading crates ...
  Downloaded web-time v1.1.0
   Compiling autocfg v1.5.1
   Compiling libc v0.2.189
   Compiling crunchy v0.2.4
   Compiling version_check v0.9.5
   Compiling proc-macro2 v1.0.103
   Compiling tiny-keccak v2.0.2
   Compiling cfg-if v1.0.5
   Compiling num-traits v0.2.19
   Compiling quote v1.0.41
   Compiling portable-atomic v1.15.0
   Compiling unicode-ident v1.0.22
   Compiling getrandom v0.2.17
   Compiling serde_core v1.0.229
   Compiling zerocopy v0.8.59
   Compiling once_cell v1.21.4
   Compiling getrandom v0.3.4
   Compiling const-random-macro v0.1.16
   Compiling ahash v0.8.12
   Compiling smartstring v1.0.1
   Compiling paste v1.0.15
   Compiling syn v2.0.106
   Compiling const-random v0.1.18
   Compiling rhai v1.26.1 (/var/roothome/.local/share/agent-builds/rhai/ipv6-26e70d5b06/agent-build-nybly4ni/source)
   Compiling serde v1.0.229
   Compiling static_assertions v1.1.0
   Compiling rhai_codegen v3.2.0 (/var/roothome/.local/share/agent-builds/rhai/ipv6-26e70d5b06/agent-build-nybly4ni/source/codegen)
   Compiling bitflags v2.13.2
   Compiling byteorder v1.5.0
   Compiling smallvec v1.16.2
   Compiling thin-vec v0.2.19
   Compiling serde_json v1.0.145
   Compiling rmp v0.8.14
   Compiling ryu v1.0.20
   Compiling memchr v2.8.3
   Compiling itoa v1.0.15
   Compiling rmp-serde v1.3.0
    Finished test [unoptimized + debuginfo] target(s) in 16.91s
