profile0-red-build 0
profile0-red-build-net_connect-list 0
profile0-red-build-net_listen-list 0
profile0-red-net_connect 101
profile0-red-net_listen 101
profile0-green-build 0
profile0-green-build-net_connect-list 0
profile0-green-build-net_listen-list 0
profile0-green-net_connect 0
profile0-green-net_listen 0
profile1-red-build 0
profile1-red-build-net_connect-list 0
profile1-red-build-net_listen-list 0
profile1-red-net_connect 101
profile1-red-net_listen 101
profile1-green-build 0
profile1-green-build-net_connect-list 0
profile1-green-build-net_listen-list 0
profile1-green-net_connect 0
profile1-green-net_listen 0
