
running 1 test

running 1 test

running 1 test
managed_pidfd_acquired pid=2627051 start=8353091 ppid=2627048 pgid=2627051
managed_pidfd_acquired pid=2627053 start=8353091 ppid=2627051 pgid=2627051
managed_pidfd_acquired pid=2627055 start=8353091 ppid=2627053 pgid=2627051
managed_child_kill_live reaper=2627046 reaper_start=8353090 host=2627048 host_start=8353090 leader=2627051 leader_start=8353091 worker=2627053 worker_start=8353091 leaf=2627055 leaf_start=8353091 group=2627051 sentinel=2627045 sentinel_start=8353090 sentinel_pgid=2627045
.
test result: ok. 1 passed; 0 failed; 0 ignored; 0 measured; 60 filtered out; finished in 0.04s

.
test result: ok. 1 passed; 0 failed; 0 ignored; 0 measured; 60 filtered out; finished in 0.04s

managed-scope sentinel_cleanup pid=2627045 status=Some(ExitStatus(unix_wait_status(9))) esrch=true
managed_child_kill_boundary host_live_at_return=true reaper_live_at_return=true leader=2627051 leader_start=8353091 leader_record_start_matches_pidfd=true leader_absent=true worker=2627053 worker_start=8353091 worker_absent=true leaf=2627055 leaf_start=8353091 leaf_absent=true group=2627051 exact_descendants_reaped=true sentinel=2627045 sentinel_start=8353090 sentinel_pgid=2627045 sentinel_live_at_return=true sentinel_reaped_after_return=true api_bound=true report_returned=true killed_report=true capture_complete=true pidfds_exited=true reaper_ok=true host_absent_after_cleanup=true group_empty=true api="host=2627048 host_start=8353090 api_success=true api_outcome=child_report success=false code=None signal=Some(9) stdout_complete=true stderr_complete=true cause=none diagnostic=none\n" reaped="worker=2627053 start=8353091 pgid=2627051 reaped=true wait_status=9 leaf=2627055 start=8353091 pgid=2627051 reaped=true wait_status=9 complete=true\n" cleanup="pid=2627046 prompt=true host_status=0 worker=2627053 start=8353091 pgid=2627051 reaped=true wait_status=9 leaf=2627055 start=8353091 pgid=2627051 reaped=true wait_status=9 complete=true\n"
thread 'managed_child_kill_reports_group_closed_under_fixture_reaper' panicked at tests/sys_process.rs:2425:5:
RED control: killed-child report unexpectedly unsuccessful
note: run with `RUST_BACKTRACE=1` environment variable to display a backtrace
managed_fixture_cleanup worker_pid=Some(2627053) worker_esrch=true leaf_pid=Some(2627055) leaf_esrch=true
managed_spawn_fixture_leader_cleanup leader_pid=Some(2627051) leader_esrch=true
test managed_child_kill_reports_group_closed_under_fixture_reaper ... FAILED

failures:

failures:
    managed_child_kill_reports_group_closed_under_fixture_reaper

test result: FAILED. 0 passed; 1 failed; 0 ignored; 0 measured; 60 filtered out; finished in 0.05s

