 Downloading crates ...
  Downloaded autocfg v1.5.1
  Downloaded unicode-ident v1.0.22
  Downloaded crunchy v0.2.4
  Downloaded getrandom v0.3.4
  Downloaded num-traits v0.2.19
  Downloaded thin-vec v0.2.19
  Downloaded syn v2.0.106
  Downloaded smallvec v1.16.2
  Downloaded getrandom v0.2.17
  Downloaded proc-macro2 v1.0.103
  Downloaded once_cell v1.21.4
  Downloaded cfg-if v1.0.5
  Downloaded portable-atomic v1.15.0
  Downloaded quote v1.0.41
  Downloaded zerocopy v0.8.59
  Downloaded bitflags v2.13.2
  Downloaded smartstring v1.0.1
  Downloaded ahash v0.8.12
  Downloaded libc v0.2.189
   Compiling libc v0.2.189
   Compiling autocfg v1.5.1
   Compiling crunchy v0.2.4
   Compiling version_check v0.9.5
   Compiling proc-macro2 v1.0.103
   Compiling tiny-keccak v2.0.2
   Compiling portable-atomic v1.15.0
   Compiling unicode-ident v1.0.22
   Compiling quote v1.0.41
   Compiling cfg-if v1.0.5
   Compiling zerocopy v0.8.59
   Compiling once_cell v1.21.4
   Compiling getrandom v0.3.4
   Compiling rhai v1.26.1 (/private/var/folders/yk/m4dzf0ss5x9f4j4z3xb2rrv40000gn/T/agent-build-5yr5quw3/source)
    Checking static_assertions v1.1.0
    Checking thin-vec v0.2.19
   Compiling ahash v0.8.12
   Compiling num-traits v0.2.19
   Compiling smartstring v1.0.1
    Checking bitflags v2.13.2
    Checking smallvec v1.16.2
   Compiling syn v2.0.106
   Compiling getrandom v0.2.17
   Compiling const-random-macro v0.1.16
    Checking const-random v0.1.18
   Compiling rhai_codegen v3.2.0 (/private/var/folders/yk/m4dzf0ss5x9f4j4z3xb2rrv40000gn/T/agent-build-5yr5quw3/source/codegen)
warning: the item `TryFrom` is imported redundantly
   --> src/func/func_call.rs:291:21
    |
291 |                 use std::convert::TryFrom;
    |                     ^^^^^^^^^^^^^^^^^^^^^
    |
    = note: `#[warn(unused_imports)]` on by default

warning: associated function `get_script_fn_by_hash_mut` is never used
    --> src/module/mod.rs:1358:19
     |
1358 |     pub(crate) fn get_script_fn_by_hash_mut(
     |                   ^^^^^^^^^^^^^^^^^^^^^^^^^
     |
     = note: `#[warn(dead_code)]` on by default

warning: `rhai` (lib) generated 2 warnings
    Finished dev [unoptimized + debuginfo] target(s) in 11.78s
