 Downloading crates ...
  Downloaded memchr v2.8.3
  Downloaded rmp v0.8.14
  Downloaded serde_core v1.0.229
  Downloaded rmp-serde v1.3.0
  Downloaded serde v1.0.229
  Downloaded paste v1.0.15
  Downloaded byteorder v1.5.0
  Downloaded serde_json v1.0.145
   Compiling serde_core v1.0.229
   Compiling paste v1.0.15
   Compiling portable-atomic v1.15.0
   Compiling num-traits v0.2.19
   Compiling libc v0.2.189
   Compiling serde v1.0.229
   Compiling cfg-if v1.0.5
   Compiling const-random v0.1.18
   Compiling zerocopy v0.8.59
   Compiling serde_json v1.0.145
   Compiling static_assertions v1.1.0
   Compiling byteorder v1.5.0
   Compiling smartstring v1.0.1
   Compiling bitflags v2.13.2
   Compiling thin-vec v0.2.19
   Compiling ryu v1.0.20
   Compiling itoa v1.0.15
   Compiling once_cell v1.21.4
   Compiling smallvec v1.16.2
   Compiling memchr v2.8.3
   Compiling getrandom v0.3.4
   Compiling rmp v0.8.14
   Compiling rmp-serde v1.3.0
   Compiling ahash v0.8.12
   Compiling rhai v1.26.1 (/private/var/folders/yk/m4dzf0ss5x9f4j4z3xb2rrv40000gn/T/agent-build-5yr5quw3/source)
warning: the item `TryFrom` is imported redundantly
   --> src/func/func_call.rs:291:21
    |
291 |                 use std::convert::TryFrom;
    |                     ^^^^^^^^^^^^^^^^^^^^^
    |
    = note: `#[warn(unused_imports)]` on by default

warning: associated function `get_script_fn_by_hash_mut` is never used
    --> src/module/mod.rs:1358:19
     |
1358 |     pub(crate) fn get_script_fn_by_hash_mut(
     |                   ^^^^^^^^^^^^^^^^^^^^^^^^^
     |
     = note: `#[warn(dead_code)]` on by default

warning: `rhai` (lib) generated 2 warnings
    Finished dev [unoptimized + debuginfo] target(s) in 11.21s
     Running `/var/folders/yk/m4dzf0ss5x9f4j4z3xb2rrv40000gn/T/agent-build-5yr5quw3/target/aarch64-apple-darwin/debug/examples/core_msrv_eval`
Engine evaluated 40 + 2 to 42; expected 42
