    Updating git repository `https://github.com/schungx/rustyline`
    Updating crates.io index
    Updating git repository `https://gitlab.com/jD91mZM2/no-std-compat.git`
     Locking 133 packages to latest Rust 1.66.0 compatible versions
      Adding bumpalo v3.14.0 (available: v3.20.3, requires Rust 1.71.1)
      Adding getrandom v0.3.4 (available: v0.4.3, requires Rust 1.85)
      Adding hashbrown v0.16.1 (available: v0.17.1, requires Rust 1.85.0)
      Adding home v0.5.5 (available: v0.5.12, requires Rust 1.88)
      Adding indexmap v2.11.4 (available: v2.14.2, requires Rust 1.85)
      Adding io-extras v0.19.0 (requires Rust 1.70)
      Adding io-lifetimes v3.0.1 (requires Rust 1.70)
      Adding itoa v1.0.15 (available: v1.0.18, requires Rust 1.68)
      Adding js-sys v0.3.82 (available: v0.3.106, requires Rust 1.81)
      Adding log v0.4.28 (available: v0.4.34, requires Rust 1.71.0)
      Adding proc-macro2 v1.0.103 (available: v1.0.107, requires Rust 1.71)
      Adding quote v1.0.41 (available: v1.0.47, requires Rust 1.71)
      Adding r-efi v5.3.0 (requires Rust 1.68)
      Adding rmp v0.8.14 (available: v0.8.15, requires Rust 1.85)
      Adding rmp-serde v1.3.0 (available: v1.3.1, requires Rust 1.85)
      Adding rust_decimal v1.36.0 (available: v1.43.0, requires Rust 1.67.1)
      Adding ryu v1.0.20 (available: v1.0.23, requires Rust 1.71)
      Adding serde_derive v1.0.229 (requires Rust 1.71)
      Adding serde_json v1.0.145 (available: v1.0.151, requires Rust 1.71)
      Adding syn v2.0.106 (available: v2.0.119, requires Rust 1.71)
      Adding syn v3.0.6 (requires Rust 1.71)
      Adding thin-vec v0.2.19 (available: v0.2.20, requires Rust 1.85)
      Adding trybuild v1.0.90 (available: v1.0.121, requires Rust 1.88)
      Adding unicode-ident v1.0.22 (available: v1.0.26, requires Rust 1.71)
      Adding unicode-segmentation v1.12.0 (available: v1.13.3, requires Rust 1.85.0)
      Adding wasip2 v1.0.4+wasi-0.2.12 (requires Rust 1.87.0)
      Adding wasm-bindgen v0.2.105 (available: v0.2.129, requires Rust 1.81)
      Adding wasm-bindgen-macro v0.2.105 (available: v0.2.129, requires Rust 1.81)
      Adding wasm-bindgen-macro-support v0.2.105 (available: v0.2.129, requires Rust 1.81)
      Adding wasm-bindgen-shared v0.2.105 (available: v0.2.129, requires Rust 1.81)
      Adding windows-link v0.2.1 (requires Rust 1.71)
      Adding wit-bindgen v0.57.1 (requires Rust 1.85.0)
