    Updating git repository `https://github.com/schungx/rustyline`
    Updating crates.io index
    Updating git repository `https://gitlab.com/jD91mZM2/no-std-compat.git`
 Downloading crates ...
  Downloaded cap-primitives v4.0.3
  Downloaded crunchy v0.2.4
  Downloaded const-random-macro v0.1.16
  Downloaded const-random v0.1.18
  Downloaded byteorder v1.5.0
  Downloaded cfg-if v1.0.5
  Downloaded ambient-authority v0.0.2
  Downloaded paste v1.0.15
  Downloaded cap-std v4.0.3
  Downloaded bitflags v2.13.2
  Downloaded fs-set-times v0.20.3
  Downloaded autocfg v1.5.1
  Downloaded quote v1.0.41
  Downloaded version_check v0.9.5
  Downloaded once_cell v1.21.4
  Downloaded itoa v1.0.15
  Downloaded smallvec v1.16.2
  Downloaded io-extras v0.19.0
  Downloaded rmp-serde v1.3.0
  Downloaded maybe-owned v0.3.4
  Downloaded static_assertions v1.1.0
  Downloaded ipnet v2.12.2
  Downloaded io-lifetimes v3.0.1
  Downloaded getrandom v0.2.17
  Downloaded tiny-keccak v2.0.2
  Downloaded smartstring v1.0.1
  Downloaded rustix-linux-procfs v0.1.1
  Downloaded io-lifetimes v2.0.4
  Downloaded ahash v0.8.12
  Downloaded ryu v1.0.20
  Downloaded errno v0.3.14
  Downloaded rmp v0.8.14
  Downloaded unicode-ident v1.0.22
  Downloaded proc-macro2 v1.0.103
  Downloaded serde v1.0.229
  Downloaded num-traits v0.2.19
  Downloaded thin-vec v0.2.19
  Downloaded getrandom v0.3.4
  Downloaded serde_core v1.0.229
  Downloaded memchr v2.8.3
  Downloaded serde_json v1.0.145
  Downloaded portable-atomic v1.15.0
  Downloaded zerocopy v0.8.59
  Downloaded syn v2.0.106
  Downloaded rustix v1.1.5
  Downloaded libc v0.2.189
  Downloaded linux-raw-sys v0.12.1
 Downloading crates ...
  Downloaded web-time v1.1.0
   Compiling autocfg v1.5.1
   Compiling portable-atomic v1.15.0
   Compiling libc v0.2.189
   Compiling crunchy v0.2.4
   Compiling rustix v1.1.5
   Compiling version_check v0.9.5
   Compiling bitflags v2.13.2
   Compiling cfg-if v1.0.5
   Compiling proc-macro2 v1.0.103
   Compiling linux-raw-sys v0.12.1
   Compiling io-lifetimes v2.0.4
   Compiling tiny-keccak v2.0.2
   Compiling io-lifetimes v3.0.1
   Compiling once_cell v1.21.4
   Compiling num-traits v0.2.19
   Compiling io-extras v0.19.0
   Compiling quote v1.0.41
   Compiling unicode-ident v1.0.22
   Compiling getrandom v0.2.17
   Compiling zerocopy v0.8.59
   Compiling serde_core v1.0.229
   Compiling getrandom v0.3.4
   Compiling cap-primitives v4.0.3
   Compiling const-random-macro v0.1.16
   Compiling fs-set-times v0.20.3
   Compiling rustix-linux-procfs v0.1.1
   Compiling ahash v0.8.12
   Compiling smartstring v1.0.1
   Compiling ambient-authority v0.0.2
   Compiling paste v1.0.15
   Compiling cap-std v4.0.3
   Compiling ipnet v2.12.2
   Compiling maybe-owned v0.3.4
   Compiling syn v2.0.106
   Compiling const-random v0.1.18
   Compiling rhai v1.26.1 (/var/roothome/.local/share/agent-builds/rhai/linux-process-feature-20261003-6c451c5c-92/agent-build-79hikwwa/source)
   Compiling static_assertions v1.1.0
   Compiling serde v1.0.229
   Compiling rhai_codegen v3.2.0 (/var/roothome/.local/share/agent-builds/rhai/linux-process-feature-20261003-6c451c5c-92/agent-build-79hikwwa/source/codegen)
   Compiling thin-vec v0.2.19
   Compiling smallvec v1.16.2
   Compiling serde_json v1.0.145
   Compiling byteorder v1.5.0
   Compiling rmp v0.8.14
   Compiling memchr v2.8.3
warning: the item `TryFrom` is imported redundantly
   --> src/func/func_call.rs:291:21
    |
291 |                 use std::convert::TryFrom;
    |                     ^^^^^^^^^^^^^^^^^^^^^
   --> /rustc/25ef9e3d85d934b27d9dada2f9dd52b1dc63bb04/library/std/src/prelude/mod.rs:129:13
    |
    = note: the item `TryFrom` is already defined here
    |
    = note: `#[warn(unused_imports)]` on by default

   Compiling itoa v1.0.15
   Compiling ryu v1.0.20
   Compiling rmp-serde v1.3.0
warning: variable does not need to be mutable
   --> src/packages/sys/process/unix.rs:668:13
    |
668 |         let mut wait_operation = "wait for child";
    |             ----^^^^^^^^^^^^^^
    |             |
    |             help: remove this `mut`
    |
    = note: `#[warn(unused_mut)]` on by default

warning: unused variable: `termination`
    --> src/packages/sys/process/unix.rs:1106:22
     |
1106 |                 let (termination, _operation) = if self.managed {
     |                      ^^^^^^^^^^^ help: if this is intentional, prefix it with an underscore: `_termination`
     |
     = note: `#[warn(unused_variables)]` on by default

warning: variable does not need to be mutable
    --> src/packages/sys/process/unix.rs:2134:9
     |
2134 |     let mut child =
     |         ----^^^^^
     |         |
     |         help: remove this `mut`

warning: variable does not need to be mutable
    --> src/packages/sys/process/unix.rs:2456:9
     |
2456 |     let mut pending = input.unwrap_or_default();
     |         ----^^^^^^^
     |         |
     |         help: remove this `mut`

warning: variant `OnlyZombieLeader` is never constructed
  --> src/packages/sys/process/unix.rs:50:5
   |
47 | enum GroupCloseOutcome {
   |      ----------------- variant in this enum
...
50 |     OnlyZombieLeader,
   |     ^^^^^^^^^^^^^^^^
   |
   = note: `GroupCloseOutcome` has derived impls for the traits `Clone` and `Debug`, but these are intentionally ignored during dead code analysis
   = note: `#[warn(dead_code)]` on by default

warning: methods `numeric_operations_probe`, `quarantine_observations_probe`, and `fail_reservation` are never used
    --> src/packages/sys/process/unix.rs:1470:8
     |
1390 | impl ExecutionFaults {
     | -------------------- methods in this implementation
...
1470 |     fn numeric_operations_probe(&self) -> Option<Arc<AtomicUsize>> {
     |        ^^^^^^^^^^^^^^^^^^^^^^^^
...
1481 |     fn quarantine_observations_probe(&self) -> Option<Arc<AtomicUsize>> {
     |        ^^^^^^^^^^^^^^^^^^^^^^^^^^^^^
...
1506 |     fn fail_reservation(&self) -> bool {
     |        ^^^^^^^^^^^^^^^^

warning: `rhai` (lib) generated 7 warnings (run `cargo fix --lib -p rhai` to apply 4 suggestions)
warning: unused import: `PathBuf`
 --> src/bin/rhai-run.rs:8:18
  |
8 |     path::{Path, PathBuf},
  |                  ^^^^^^^
  |
  = note: `#[warn(unused_imports)]` on by default

warning: unused imports: `Dynamic`, `Engine`, `EvalAltResult`, `Scope`
  --> tests/sys_process.rs:13:12
   |
13 | use rhai::{Dynamic, Engine, EvalAltResult, Map, Scope};
   |            ^^^^^^^  ^^^^^^  ^^^^^^^^^^^^^       ^^^^^
   |
   = note: `#[warn(unused_imports)]` on by default

warning: unused imports: `Child`, `Command`, `Stdio`
  --> tests/sys_process.rs:21:20
   |
21 | use std::process::{Child, Command, Stdio};
   |                    ^^^^^  ^^^^^^^  ^^^^^

error[E0308]: mismatched types
    --> tests/sys_process.rs:2555:71
     |
2555 |         assert_child_record(&records.path().join("child-record.txt"), code);
     |         ------------------- arguments to this function are incorrect  ^^^^ expected `i64`, found `i32`
     |
note: function defined here
    --> tests/sys_process.rs:2570:4
     |
2570 | fn assert_child_record(path: &std::path::Path, code: i64) {
     |    ^^^^^^^^^^^^^^^^^^^                         ---------
help: you can convert an `i32` to an `i64`
     |
2555 |         assert_child_record(&records.path().join("child-record.txt"), code.into());
     |                                                                           +++++++

error[E0308]: mismatched types
    --> tests/sys_process.rs:2565:71
     |
2565 |         assert_child_record(&records.path().join("child-record.txt"), code);
     |         ------------------- arguments to this function are incorrect  ^^^^ expected `i64`, found `i32`
     |
note: function defined here
    --> tests/sys_process.rs:2570:4
     |
2570 | fn assert_child_record(path: &std::path::Path, code: i64) {
     |    ^^^^^^^^^^^^^^^^^^^                         ---------
help: you can convert an `i32` to an `i64`
     |
2565 |         assert_child_record(&records.path().join("child-record.txt"), code.into());
     |                                                                           +++++++

For more information about this error, try `rustc --explain E0308`.
warning: `rhai` (test "sys_process") generated 2 warnings
error: could not compile `rhai` (test "sys_process") due to 2 previous errors; 2 warnings emitted
warning: build failed, waiting for other jobs to finish...
warning: `rhai` (bin "rhai-run") generated 1 warning (run `cargo fix --bin "rhai-run"` to apply 1 suggestion)
