    Updating git repository `https://github.com/schungx/rustyline`
    Updating crates.io index
    Updating git repository `https://gitlab.com/jD91mZM2/no-std-compat.git`
 Downloading crates ...
  Downloaded const-random v0.1.18
  Downloaded ambient-authority v0.0.2
  Downloaded ahash v0.8.12
  Downloaded bitflags v2.13.2
  Downloaded itoa v1.0.15
  Downloaded crunchy v0.2.4
  Downloaded const-random-macro v0.1.16
  Downloaded fs-set-times v0.20.3
  Downloaded maybe-owned v0.3.4
  Downloaded cfg-if v1.0.5
  Downloaded paste v1.0.15
  Downloaded errno v0.3.14
  Downloaded version_check v0.9.5
  Downloaded autocfg v1.5.1
  Downloaded once_cell v1.21.4
  Downloaded io-extras v0.19.0
  Downloaded rustix-linux-procfs v0.1.1
  Downloaded io-lifetimes v3.0.1
  Downloaded cap-std v4.0.3
  Downloaded static_assertions v1.1.0
  Downloaded tiny-keccak v2.0.2
  Downloaded quote v1.0.41
  Downloaded smartstring v1.0.1
  Downloaded ipnet v2.12.2
  Downloaded io-lifetimes v2.0.4
  Downloaded getrandom v0.2.17
  Downloaded byteorder v1.5.0
  Downloaded smallvec v1.16.2
  Downloaded rmp v0.8.14
  Downloaded num-traits v0.2.19
  Downloaded proc-macro2 v1.0.103
  Downloaded unicode-ident v1.0.22
  Downloaded thin-vec v0.2.19
  Downloaded rmp-serde v1.3.0
  Downloaded getrandom v0.3.4
  Downloaded ryu v1.0.20
  Downloaded serde_core v1.0.229
  Downloaded cap-primitives v4.0.3
  Downloaded serde v1.0.229
  Downloaded memchr v2.8.3
  Downloaded serde_json v1.0.145
  Downloaded portable-atomic v1.15.0
  Downloaded zerocopy v0.8.59
  Downloaded syn v2.0.106
  Downloaded rustix v1.1.5
  Downloaded libc v0.2.189
  Downloaded linux-raw-sys v0.12.1
   Compiling autocfg v1.5.1
   Compiling portable-atomic v1.15.0
   Compiling crunchy v0.2.4
   Compiling version_check v0.9.5
   Compiling rustix v1.1.5
   Compiling libc v0.2.189
   Compiling bitflags v2.13.2
   Compiling cfg-if v1.0.5
   Compiling proc-macro2 v1.0.103
   Compiling tiny-keccak v2.0.2
   Compiling io-lifetimes v2.0.4
   Compiling io-lifetimes v3.0.1
   Compiling linux-raw-sys v0.12.1
   Compiling once_cell v1.21.4
   Compiling num-traits v0.2.19
   Compiling quote v1.0.41
   Compiling unicode-ident v1.0.22
   Compiling io-extras v0.19.0
   Compiling getrandom v0.2.17
   Compiling cap-primitives v4.0.3
   Compiling getrandom v0.3.4
   Compiling serde_core v1.0.229
   Compiling zerocopy v0.8.59
   Compiling const-random-macro v0.1.16
   Compiling fs-set-times v0.20.3
   Compiling rustix-linux-procfs v0.1.1
   Compiling smartstring v1.0.1
   Compiling ahash v0.8.12
   Compiling ambient-authority v0.0.2
   Compiling maybe-owned v0.3.4
   Compiling cap-std v4.0.3
   Compiling paste v1.0.15
   Compiling ipnet v2.12.2
   Compiling syn v2.0.106
   Compiling const-random v0.1.18
   Compiling rhai v1.26.1 (/var/home/workhorse/.local/share/agent-builds/rhai/rhai-process-policy-20261007-800babdf0222466d9fce718cb2c4a559/agent-build-zenqclgp/source)
   Compiling static_assertions v1.1.0
   Compiling serde v1.0.229
   Compiling rhai_codegen v3.2.0 (/var/home/workhorse/.local/share/agent-builds/rhai/rhai-process-policy-20261007-800babdf0222466d9fce718cb2c4a559/agent-build-zenqclgp/source/codegen)
   Compiling thin-vec v0.2.19
   Compiling smallvec v1.16.2
   Compiling byteorder v1.5.0
   Compiling serde_json v1.0.145
   Compiling rmp v0.8.14
   Compiling memchr v2.8.3
   Compiling ryu v1.0.20
   Compiling itoa v1.0.15
   Compiling rmp-serde v1.3.0
warning: variable does not need to be mutable
   --> src/packages/sys/process/unix.rs:678:13
    |
678 |         let mut wait_operation = "wait for child";
    |             ----^^^^^^^^^^^^^^
    |             |
    |             help: remove this `mut`
    |
    = note: `#[warn(unused_mut)]` (part of `#[warn(unused)]`) on by default

warning: unused variable: `termination`
    --> src/packages/sys/process/unix.rs:1118:22
     |
1118 |                 let (termination, _operation) = if self.managed {
     |                      ^^^^^^^^^^^ help: if this is intentional, prefix it with an underscore: `_termination`
     |
     = note: `#[warn(unused_variables)]` (part of `#[warn(unused)]`) on by default

warning: variable does not need to be mutable
    --> src/packages/sys/process/unix.rs:2192:9
     |
2192 |     let mut child =
     |         ----^^^^^
     |         |
     |         help: remove this `mut`

warning: variable does not need to be mutable
    --> src/packages/sys/process/unix.rs:2514:9
     |
2514 |     let mut pending = input.unwrap_or_default();
     |         ----^^^^^^^
     |         |
     |         help: remove this `mut`

warning: variant `OnlyZombieLeader` is never constructed
  --> src/packages/sys/process/unix.rs:50:5
   |
47 | enum GroupCloseOutcome {
   |      ----------------- variant in this enum
...
50 |     OnlyZombieLeader,
   |     ^^^^^^^^^^^^^^^^
   |
   = note: `GroupCloseOutcome` has derived impls for the traits `Clone` and `Debug`, but these are intentionally ignored during dead code analysis
   = note: `#[warn(dead_code)]` (part of `#[warn(unused)]`) on by default

warning: methods `numeric_operations_probe`, `quarantine_observations_probe`, and `fail_reservation` are never used
    --> src/packages/sys/process/unix.rs:1536:8
     |
1409 | impl ExecutionFaults {
     | -------------------- methods in this implementation
...
1536 |     fn numeric_operations_probe(&self) -> Option<Arc<AtomicUsize>> {
     |        ^^^^^^^^^^^^^^^^^^^^^^^^
...
1547 |     fn quarantine_observations_probe(&self) -> Option<Arc<AtomicUsize>> {
     |        ^^^^^^^^^^^^^^^^^^^^^^^^^^^^^
...
1572 |     fn fail_reservation(&self) -> bool {
     |        ^^^^^^^^^^^^^^^^

warning: `rhai` (lib) generated 6 warnings (run `cargo fix --lib -p rhai` to apply 4 suggestions)
warning: unused import: `PathBuf`
 --> src/bin/rhai-run.rs:8:18
  |
8 |     path::{Path, PathBuf},
  |                  ^^^^^^^
  |
  = note: `#[warn(unused_imports)]` (part of `#[warn(unused)]`) on by default

error[E0308]: mismatched types
    --> tests/sys_process.rs:4016:53
     |
4016 |     assert_eq!(control_result["success"].as_bool(), Some(true));
     |                                                     ^^^^^^^^^^ expected `Result<bool, &str>`, found `Option<bool>`
     |
     = note: expected enum `Result<bool, &str>`
                found enum `Option<bool>`

warning: variable does not need to be mutable
   --> tests/sys_process.rs:912:9
    |
912 |     let mut holder = command.spawn().expect("start escaped captured-pipe holder");
    |         ----^^^^^^
    |         |
    |         help: remove this `mut`
    |
    = note: `#[warn(unused_mut)]` (part of `#[warn(unused)]`) on by default

warning: value assigned to `incomplete` is never read
    --> tests/sys_process.rs:1329:30
     |
1329 |         let mut incomplete = false;
     |                              ^^^^^ this value is reassigned later and never used
...
1398 |                 incomplete = pending;
     |                 -------------------- `incomplete` is overwritten here before the previous value is read
     |
     = note: `#[warn(unused_assignments)]` (part of `#[warn(unused)]`) on by default

warning: `rhai` (bin "rhai-run") generated 1 warning (run `cargo fix --bin "rhai-run" -p rhai` to apply 1 suggestion)
warning: unused variable: `state`
    --> tests/sys_process.rs:1631:26
     |
1631 |                 Ok(Some((state, parent, group, start)))
     |                          ^^^^^ help: if this is intentional, prefix it with an underscore: `_state`
     |
     = note: `#[warn(unused_variables)]` (part of `#[warn(unused)]`) on by default

warning: variable does not need to be mutable
    --> tests/sys_process.rs:2224:9
     |
2224 |     let mut sentinel = managed_spawn_sentinel();
     |         ----^^^^^^^^
     |         |
     |         help: remove this `mut`

warning: variable does not need to be mutable
    --> tests/sys_process.rs:2332:9
     |
2332 |     let mut sentinel = managed_spawn_sentinel();
     |         ----^^^^^^^^
     |         |
     |         help: remove this `mut`

warning: variable does not need to be mutable
    --> tests/sys_process.rs:2522:9
     |
2522 |     let mut sentinel = Sentinel(
     |         ----^^^^^^^^
     |         |
     |         help: remove this `mut`

warning: variable does not need to be mutable
    --> tests/sys_process.rs:2653:9
     |
2653 |     let mut sentinel = managed_spawn_sentinel();
     |         ----^^^^^^^^
     |         |
     |         help: remove this `mut`

warning: variable does not need to be mutable
    --> tests/sys_process.rs:2821:9
     |
2821 |     let mut sentinel = Sentinel(
     |         ----^^^^^^^^
     |         |
     |         help: remove this `mut`

warning: variable does not need to be mutable
    --> tests/sys_process.rs:2961:9
     |
2961 |     let mut sentinel = Sentinel(
     |         ----^^^^^^^^
     |         |
     |         help: remove this `mut`

For more information about this error, try `rustc --explain E0308`.
warning: `rhai` (test "sys_process") generated 9 warnings
error: could not compile `rhai` (test "sys_process") due to 1 previous error; 9 warnings emitted
