    Updating git repository `https://github.com/schungx/rustyline`
    Updating crates.io index
    Updating git repository `https://gitlab.com/jD91mZM2/no-std-compat.git`
 Downloading crates ...
  Downloaded once_cell v1.21.4
  Downloaded ahash v0.8.12
  Downloaded autocfg v1.5.1
  Downloaded itoa v1.0.15
  Downloaded maybe-owned v0.3.4
  Downloaded ambient-authority v0.0.2
  Downloaded const-random v0.1.18
  Downloaded cfg-if v1.0.5
  Downloaded fs-set-times v0.20.3
  Downloaded errno v0.3.14
  Downloaded const-random-macro v0.1.16
  Downloaded rustix-linux-procfs v0.1.1
  Downloaded io-lifetimes v2.0.4
  Downloaded smartstring v1.0.1
  Downloaded version_check v0.9.5
  Downloaded rmp v0.8.14
  Downloaded quote v1.0.41
  Downloaded byteorder v1.5.0
  Downloaded static_assertions v1.1.0
  Downloaded ryu v1.0.20
  Downloaded io-lifetimes v3.0.1
  Downloaded paste v1.0.15
  Downloaded rmp-serde v1.3.0
  Downloaded cap-std v4.0.3
  Downloaded smallvec v1.16.2
  Downloaded getrandom v0.2.17
  Downloaded ipnet v2.12.2
  Downloaded io-extras v0.19.0
  Downloaded serde_core v1.0.229
  Downloaded unicode-ident v1.0.22
  Downloaded tiny-keccak v2.0.2
  Downloaded num-traits v0.2.19
  Downloaded thin-vec v0.2.19
  Downloaded bitflags v2.13.2
  Downloaded getrandom v0.3.4
  Downloaded proc-macro2 v1.0.103
  Downloaded serde v1.0.229
  Downloaded crunchy v0.2.4
  Downloaded memchr v2.8.3
  Downloaded serde_json v1.0.145
  Downloaded portable-atomic v1.15.0
  Downloaded cap-primitives v4.0.3
  Downloaded zerocopy v0.8.59
  Downloaded syn v2.0.106
  Downloaded rustix v1.1.5
  Downloaded libc v0.2.189
  Downloaded linux-raw-sys v0.12.1
 Downloading crates ...
  Downloaded web-time v1.1.0
   Compiling autocfg v1.5.1
   Compiling portable-atomic v1.15.0
   Compiling libc v0.2.189
   Compiling rustix v1.1.5
   Compiling crunchy v0.2.4
   Compiling version_check v0.9.5
   Compiling io-lifetimes v2.0.4
   Compiling io-lifetimes v3.0.1
   Compiling cfg-if v1.0.5
   Compiling tiny-keccak v2.0.2
   Compiling proc-macro2 v1.0.103
   Compiling bitflags v2.13.2
   Compiling linux-raw-sys v0.12.1
   Compiling once_cell v1.21.4
   Compiling num-traits v0.2.19
   Compiling unicode-ident v1.0.22
   Compiling quote v1.0.41
   Compiling io-extras v0.19.0
   Compiling getrandom v0.2.17
   Compiling cap-primitives v4.0.3
   Compiling serde_core v1.0.229
   Compiling getrandom v0.3.4
   Compiling zerocopy v0.8.59
   Compiling const-random-macro v0.1.16
   Compiling fs-set-times v0.20.3
   Compiling rustix-linux-procfs v0.1.1
   Compiling smartstring v1.0.1
   Compiling ahash v0.8.12
   Compiling paste v1.0.15
   Compiling maybe-owned v0.3.4
   Compiling ipnet v2.12.2
   Compiling cap-std v4.0.3
   Compiling ambient-authority v0.0.2
   Compiling syn v2.0.106
   Compiling const-random v0.1.18
   Compiling serde v1.0.229
   Compiling static_assertions v1.1.0
   Compiling rhai v1.26.1 (/var/home/workhorse/.local/share/agent-builds/rhai/x4-x6-argv-20261007-141000z/agent-build-pj8i_94m/source)
   Compiling rhai_codegen v3.2.0 (/var/home/workhorse/.local/share/agent-builds/rhai/x4-x6-argv-20261007-141000z/agent-build-pj8i_94m/source/codegen)
   Compiling byteorder v1.5.0
   Compiling thin-vec v0.2.19
   Compiling smallvec v1.16.2
   Compiling serde_json v1.0.145
   Compiling rmp v0.8.14
   Compiling memchr v2.8.3
   Compiling ryu v1.0.20
   Compiling itoa v1.0.15
   Compiling rmp-serde v1.3.0
warning: variable does not need to be mutable
   --> src/packages/sys/process/unix.rs:678:13
    |
678 |         let mut wait_operation = "wait for child";
    |             ----^^^^^^^^^^^^^^
    |             |
    |             help: remove this `mut`
    |
    = note: `#[warn(unused_mut)]` (part of `#[warn(unused)]`) on by default

warning: unused variable: `termination`
    --> src/packages/sys/process/unix.rs:1118:22
     |
1118 |                 let (termination, _operation) = if self.managed {
     |                      ^^^^^^^^^^^ help: if this is intentional, prefix it with an underscore: `_termination`
     |
     = note: `#[warn(unused_variables)]` (part of `#[warn(unused)]`) on by default

warning: variable does not need to be mutable
    --> src/packages/sys/process/unix.rs:2192:9
     |
2192 |     let mut child =
     |         ----^^^^^
     |         |
     |         help: remove this `mut`

warning: variable does not need to be mutable
    --> src/packages/sys/process/unix.rs:2514:9
     |
2514 |     let mut pending = input.unwrap_or_default();
     |         ----^^^^^^^
     |         |
     |         help: remove this `mut`

warning: variant `OnlyZombieLeader` is never constructed
  --> src/packages/sys/process/unix.rs:50:5
   |
47 | enum GroupCloseOutcome {
   |      ----------------- variant in this enum
...
50 |     OnlyZombieLeader,
   |     ^^^^^^^^^^^^^^^^
   |
   = note: `GroupCloseOutcome` has derived impls for the traits `Clone` and `Debug`, but these are intentionally ignored during dead code analysis
   = note: `#[warn(dead_code)]` (part of `#[warn(unused)]`) on by default

warning: methods `numeric_operations_probe`, `quarantine_observations_probe`, and `fail_reservation` are never used
    --> src/packages/sys/process/unix.rs:1536:8
     |
1409 | impl ExecutionFaults {
     | -------------------- methods in this implementation
...
1536 |     fn numeric_operations_probe(&self) -> Option<Arc<AtomicUsize>> {
     |        ^^^^^^^^^^^^^^^^^^^^^^^^
...
1547 |     fn quarantine_observations_probe(&self) -> Option<Arc<AtomicUsize>> {
     |        ^^^^^^^^^^^^^^^^^^^^^^^^^^^^^
...
1572 |     fn fail_reservation(&self) -> bool {
     |        ^^^^^^^^^^^^^^^^

warning: `rhai` (lib) generated 6 warnings (run `cargo fix --lib -p rhai` to apply 4 suggestions)
warning: unused import: `PathBuf`
 --> src/bin/rhai-run.rs:8:18
  |
8 |     path::{Path, PathBuf},
  |                  ^^^^^^^
  |
  = note: `#[warn(unused_imports)]` (part of `#[warn(unused)]`) on by default

warning: variable does not need to be mutable
   --> tests/sys_process.rs:912:9
    |
912 |     let mut holder = command.spawn().expect("start escaped captured-pipe holder");
    |         ----^^^^^^
    |         |
    |         help: remove this `mut`
    |
    = note: `#[warn(unused_mut)]` (part of `#[warn(unused)]`) on by default

warning: value assigned to `incomplete` is never read
    --> tests/sys_process.rs:1329:30
     |
1329 |         let mut incomplete = false;
     |                              ^^^^^
     |
     = help: maybe it is overwritten before being read?
     = note: `#[warn(unused_assignments)]` (part of `#[warn(unused)]`) on by default

warning: `rhai` (bin "rhai-run") generated 1 warning (run `cargo fix --bin "rhai-run" -p rhai` to apply 1 suggestion)
warning: variable does not need to be mutable
    --> tests/sys_process.rs:2224:9
     |
2224 |     let mut sentinel = managed_spawn_sentinel();
     |         ----^^^^^^^^
     |         |
     |         help: remove this `mut`

warning: variable does not need to be mutable
    --> tests/sys_process.rs:2332:9
     |
2332 |     let mut sentinel = managed_spawn_sentinel();
     |         ----^^^^^^^^
     |         |
     |         help: remove this `mut`

warning: variable does not need to be mutable
    --> tests/sys_process.rs:2522:9
     |
2522 |     let mut sentinel = Sentinel(
     |         ----^^^^^^^^
     |         |
     |         help: remove this `mut`

warning: variable does not need to be mutable
    --> tests/sys_process.rs:2653:9
     |
2653 |     let mut sentinel = managed_spawn_sentinel();
     |         ----^^^^^^^^
     |         |
     |         help: remove this `mut`

warning: variable does not need to be mutable
    --> tests/sys_process.rs:2821:9
     |
2821 |     let mut sentinel = Sentinel(
     |         ----^^^^^^^^
     |         |
     |         help: remove this `mut`

warning: variable does not need to be mutable
    --> tests/sys_process.rs:2961:9
     |
2961 |     let mut sentinel = Sentinel(
     |         ----^^^^^^^^
     |         |
     |         help: remove this `mut`

warning: constant `DIRECT_DROP_RECORD_ENV` is never used
  --> tests/sys_process.rs:38:7
   |
38 | const DIRECT_DROP_RECORD_ENV: &str = "RHAI_SYS_DIRECT_DROP_RECORD";
   |       ^^^^^^^^^^^^^^^^^^^^^^
   |
   = note: `#[warn(dead_code)]` (part of `#[warn(unused)]`) on by default

warning: unused `Dynamic` that must be used
   --> tests/fixtures/sys_process_shared_child_contract.rs:239:5
    |
239 |     engine.eval_with_scope::<Dynamic>(&mut scope, "child.kill()").expect("kill after completion is idempotent");
    |     ^^^^^^^^^^^^^^^^^^^^^^^^^^^^^^^^^^^^^^^^^^^^^^^^^^^^^^^^^^^^^^^^^^^^^^^^^^^^^^^^^^^^^^^^^^^^^^^^^^^^^^^^^^^
    |
    = note: `#[warn(unused_must_use)]` (part of `#[warn(unused)]`) on by default
help: use `let _ = ...` to ignore the resulting value
    |
239 |     let _ = engine.eval_with_scope::<Dynamic>(&mut scope, "child.kill()").expect("kill after completion is idempotent");
    |     +++++++

warning: unused `Dynamic` that must be used
   --> tests/fixtures/sys_process_shared_child_contract.rs:240:5
    |
240 |     engine.eval_with_scope::<Dynamic>(&mut scope, "child.kill()").expect("repeated kill after completion is idempotent");
    |     ^^^^^^^^^^^^^^^^^^^^^^^^^^^^^^^^^^^^^^^^^^^^^^^^^^^^^^^^^^^^^^^^^^^^^^^^^^^^^^^^^^^^^^^^^^^^^^^^^^^^^^^^^^^^^^^^^^^^
    |
help: use `let _ = ...` to ignore the resulting value
    |
240 |     let _ = engine.eval_with_scope::<Dynamic>(&mut scope, "child.kill()").expect("repeated kill after completion is idempotent");
    |     +++++++

warning: `rhai` (test "sys_process") generated 11 warnings (run `cargo fix --test "sys_process" -p rhai` to apply 7 suggestions)
    Finished `test` profile [unoptimized + debuginfo] target(s) in 15.25s
     Running tests/sys_process.rs (/home/workhorse/.local/share/agent-builds/rhai/x4-x6-argv-20261007-141000z/agent-build-pj8i_94m/target/debug/deps/sys_process-a92db313acb0b004)

thread 'run_preserves_argv_boundaries_without_shell_interpolation' (1701617) panicked at tests/sys_process.rs:4024:5:
assertion `left == right` failed: child received different argv boundaries or bytes
  left: [118, 97, 108, 117, 101, 32, 119, 105, 116, 104, 32, 115, 112, 97, 99, 101, 115, 0, 100, 111, 117, 98, 108, 101, 32, 34, 113, 117, 111, 116, 101, 115, 34, 32, 97, 110, 100, 32, 39, 115, 105, 110, 103, 108, 101, 32, 113, 117, 111, 116, 101, 115, 39, 0, 36, 72, 79, 77, 69, 0, 108, 105, 116, 101, 114, 97, 108, 124, 112, 105, 112, 101, 0, 108, 105, 116, 101, 114, 97, 108, 59, 115, 101, 109, 105, 99, 111, 108, 111, 110, 0, 108, 105, 116, 101, 114, 97, 108, 38, 38, 97, 110, 100, 0, 36, 40, 116, 111, 117, 99, 104, 32, 47, 104, 111, 109, 101, 47, 119, 111, 114, 107, 104, 111, 114, 115, 101, 47, 46, 108, 111, 99, 97, 108, 47, 115, 104, 97, 114, 101, 47, 97, 103, 101, 110, 116, 45, 98, 117, 105, 108, 100, 115, 47, 114, 104, 97, 105, 47, 120, 52, 45, 120, 54, 45, 97, 114, 103, 118, 45, 50, 48, 50, 54, 49, 48, 48, 55, 45, 49, 52, 49, 48, 48, 48, 122, 47, 97, 103, 101, 110, 116, 45, 98, 117, 105, 108, 100, 45, 112, 106, 56, 105, 95, 57, 52, 109, 47, 116, 109, 112, 47, 114, 104, 97, 105, 45, 115, 121, 115, 45, 116, 101, 115, 116, 45, 49, 55, 48, 49, 54, 49, 54, 45, 114, 117, 110, 95, 112, 114, 101, 115, 101, 114, 118, 101, 115, 95, 97, 114, 103, 118, 95, 98, 111, 117, 110, 100, 97, 114, 105, 101, 115, 95, 119, 105, 116, 104, 111, 117, 116, 95, 115, 104, 101, 108, 108, 95, 105, 110, 116, 101, 114, 112, 111, 108, 97, 116, 105, 111, 110, 45, 48, 47, 115, 104, 101, 108, 108, 45, 101, 120, 112, 97, 110, 100, 101, 100, 45, 109, 97, 114, 107, 101, 114, 41, 0, 0]
 right: [119, 97, 108, 117, 101, 32, 119, 105, 116, 104, 32, 115, 112, 97, 99, 101, 115, 0, 100, 111, 117, 98, 108, 101, 32, 34, 113, 117, 111, 116, 101, 115, 34, 32, 97, 110, 100, 32, 39, 115, 105, 110, 103, 108, 101, 32, 113, 117, 111, 116, 101, 115, 39, 0, 36, 72, 79, 77, 69, 0, 108, 105, 116, 101, 114, 97, 108, 124, 112, 105, 112, 101, 0, 108, 105, 116, 101, 114, 97, 108, 59, 115, 101, 109, 105, 99, 111, 108, 111, 110, 0, 108, 105, 116, 101, 114, 97, 108, 38, 38, 97, 110, 100, 0, 36, 40, 116, 111, 117, 99, 104, 32, 47, 104, 111, 109, 101, 47, 119, 111, 114, 107, 104, 111, 114, 115, 101, 47, 46, 108, 111, 99, 97, 108, 47, 115, 104, 97, 114, 101, 47, 97, 103, 101, 110, 116, 45, 98, 117, 105, 108, 100, 115, 47, 114, 104, 97, 105, 47, 120, 52, 45, 120, 54, 45, 97, 114, 103, 118, 45, 50, 48, 50, 54, 49, 48, 48, 55, 45, 49, 52, 49, 48, 48, 48, 122, 47, 97, 103, 101, 110, 116, 45, 98, 117, 105, 108, 100, 45, 112, 106, 56, 105, 95, 57, 52, 109, 47, 116, 109, 112, 47, 114, 104, 97, 105, 45, 115, 121, 115, 45, 116, 101, 115, 116, 45, 49, 55, 48, 49, 54, 49, 54, 45, 114, 117, 110, 95, 112, 114, 101, 115, 101, 114, 118, 101, 115, 95, 97, 114, 103, 118, 95, 98, 111, 117, 110, 100, 97, 114, 105, 101, 115, 95, 119, 105, 116, 104, 111, 117, 116, 95, 115, 104, 101, 108, 108, 95, 105, 110, 116, 101, 114, 112, 111, 108, 97, 116, 105, 111, 110, 45, 48, 47, 115, 104, 101, 108, 108, 45, 101, 120, 112, 97, 110, 100, 101, 100, 45, 109, 97, 114, 107, 101, 114, 41, 0, 0]
note: run with `RUST_BACKTRACE=1` environment variable to display a backtrace
error: test failed, to rerun pass `--test sys_process`
