    Updating git repository `https://github.com/schungx/rustyline`
    Updating crates.io index
    Updating git repository `https://gitlab.com/jD91mZM2/no-std-compat.git`
 Downloading crates ...
  Downloaded autocfg v1.5.1
  Downloaded rmp v0.8.14
  Downloaded errno v0.3.14
  Downloaded const-random v0.1.18
  Downloaded getrandom v0.2.17
  Downloaded itoa v1.0.15
  Downloaded crunchy v0.2.4
  Downloaded cfg-if v1.0.5
  Downloaded maybe-owned v0.3.4
  Downloaded ambient-authority v0.0.2
  Downloaded fs-set-times v0.20.3
  Downloaded version_check v0.9.5
  Downloaded io-lifetimes v2.0.4
  Downloaded const-random-macro v0.1.16
  Downloaded cap-primitives v4.0.3
  Downloaded static_assertions v1.1.0
  Downloaded unicode-ident v1.0.22
  Downloaded tiny-keccak v2.0.2
  Downloaded smallvec v1.16.2
  Downloaded num-traits v0.2.19
  Downloaded getrandom v0.3.4
  Downloaded serde_core v1.0.229
  Downloaded proc-macro2 v1.0.103
  Downloaded serde v1.0.229
  Downloaded memchr v2.8.3
  Downloaded cap-std v4.0.3
  Downloaded bitflags v2.13.2
  Downloaded io-extras v0.19.0
  Downloaded serde_json v1.0.145
  Downloaded thin-vec v0.2.19
  Downloaded ryu v1.0.20
  Downloaded syn v2.0.106
  Downloaded portable-atomic v1.15.0
  Downloaded rmp-serde v1.3.0
  Downloaded zerocopy v0.8.59
  Downloaded once_cell v1.21.4
  Downloaded ipnet v2.12.2
  Downloaded byteorder v1.5.0
  Downloaded ahash v0.8.12
  Downloaded smartstring v1.0.1
  Downloaded quote v1.0.41
  Downloaded paste v1.0.15
  Downloaded rustix v1.1.5
  Downloaded io-lifetimes v3.0.1
  Downloaded libc v0.2.189
 Downloading crates ...
  Downloaded web-time v1.1.0
   Compiling libc v0.2.189
   Compiling autocfg v1.5.1
   Compiling crunchy v0.2.4
   Compiling version_check v0.9.5
   Compiling io-lifetimes v2.0.4
   Compiling tiny-keccak v2.0.2
   Compiling cfg-if v1.0.5
   Compiling rustix v1.1.5
   Compiling io-lifetimes v3.0.1
   Compiling proc-macro2 v1.0.103
   Compiling errno v0.3.14
   Compiling num-traits v0.2.19
   Compiling io-extras v0.19.0
   Compiling unicode-ident v1.0.22
   Compiling quote v1.0.41
   Compiling portable-atomic v1.15.0
   Compiling bitflags v2.13.2
   Compiling getrandom v0.2.17
   Compiling getrandom v0.3.4
   Compiling cap-primitives v4.0.3
   Compiling serde_core v1.0.229
   Compiling once_cell v1.21.4
   Compiling zerocopy v0.8.59
   Compiling const-random-macro v0.1.16
   Compiling fs-set-times v0.20.3
   Compiling ahash v0.8.12
   Compiling smartstring v1.0.1
   Compiling cap-std v4.0.3
   Compiling maybe-owned v0.3.4
   Compiling paste v1.0.15
   Compiling ipnet v2.12.2
   Compiling ambient-authority v0.0.2
   Compiling syn v2.0.106
   Compiling const-random v0.1.18
   Compiling static_assertions v1.1.0
   Compiling serde v1.0.229
   Compiling rhai v1.26.1 (/Users/hoppworks/.local/share/agent-builds/rhai/darwin-f32-process-g0ucm42g/agent-build-7qkn7fxb/source)
   Compiling rhai_codegen v3.2.0 (/Users/hoppworks/.local/share/agent-builds/rhai/darwin-f32-process-g0ucm42g/agent-build-7qkn7fxb/source/codegen)
   Compiling smallvec v1.16.2
   Compiling thin-vec v0.2.19
   Compiling serde_json v1.0.145
   Compiling byteorder v1.5.0
   Compiling rmp v0.8.14
   Compiling memchr v2.8.3
   Compiling ryu v1.0.20
   Compiling itoa v1.0.15
   Compiling rmp-serde v1.3.0
    Finished test [unoptimized + debuginfo] target(s) in 19.43s
