    Updating git repository `https://github.com/schungx/rustyline`
    Updating crates.io index
    Updating git repository `https://gitlab.com/jD91mZM2/no-std-compat.git`
     Locking 130 packages to latest compatible versions
      Adding getrandom v0.3.4 (available: v0.4.3)
      Adding hashbrown v0.16.1 (available: v0.17.1)
      Adding syn v2.0.119 (available: v3.0.6)
 Downloading crates ...
  Downloaded cfg-if v1.0.5
  Downloaded version_check v0.9.5
  Downloaded smartstring v1.0.1
  Downloaded const-random-macro v0.1.16
  Downloaded itoa v1.0.18
  Downloaded crunchy v0.2.4
  Downloaded const-random v0.1.18
  Downloaded quote v1.0.47
  Downloaded tiny-keccak v2.0.2
  Downloaded zmij v1.0.23
  Downloaded thin-vec v0.2.20
  Downloaded spin v0.7.2
  Downloaded unicode-ident v1.0.26
  Downloaded serde_core v1.0.229
  Downloaded getrandom v0.3.4
  Downloaded bitflags v2.13.2
  Downloaded serde v1.0.229
  Downloaded memchr v2.8.3
  Downloaded portable-atomic v1.15.0
  Downloaded rmp-serde v1.3.1
  Downloaded serde_json v1.0.151
  Downloaded proc-macro2 v1.0.107
  Downloaded num-traits v0.2.19
  Downloaded rmp v0.8.15
  Downloaded getrandom v0.2.17
  Downloaded ahash v0.8.12
  Downloaded zerocopy v0.8.59
  Downloaded syn v2.0.119
  Downloaded smallvec v1.16.2
  Downloaded once_cell v1.21.4
  Downloaded static_assertions v1.1.0
  Downloaded autocfg v1.5.1
  Downloaded libc v0.2.189
   Compiling autocfg v1.5.1
   Compiling libc v0.2.189
   Compiling version_check v0.9.5
   Compiling crunchy v0.2.4
   Compiling serde_core v1.0.229
   Compiling proc-macro2 v1.0.107
   Compiling tiny-keccak v2.0.2
   Compiling cfg-if v1.0.5
   Compiling num-traits v0.2.19
   Compiling unicode-ident v1.0.26
   Compiling portable-atomic v1.15.0
   Compiling quote v1.0.47
   Compiling getrandom v0.2.17
   Compiling getrandom v0.3.4
   Compiling once_cell v1.21.4
   Compiling zmij v1.0.23
   Compiling zerocopy v0.8.59
   Compiling serde v1.0.229
   Compiling const-random-macro v0.1.16
   Compiling smartstring v1.0.1
   Compiling ahash v0.8.12
   Compiling serde_json v1.0.151
   Compiling rmp v0.8.15
   Compiling syn v2.0.119
   Compiling const-random v0.1.18
   Compiling static_assertions v1.1.0
   Compiling memchr v2.8.3
   Compiling itoa v1.0.18
   Compiling rhai v1.26.1 (/private/var/folders/yk/m4dzf0ss5x9f4j4z3xb2rrv40000gn/T/agent-build-qzcqt8ny/source)
   Compiling rmp-serde v1.3.1
   Compiling rhai_codegen v3.2.0 (/private/var/folders/yk/m4dzf0ss5x9f4j4z3xb2rrv40000gn/T/agent-build-qzcqt8ny/source/codegen)
   Compiling thin-vec v0.2.20
   Compiling bitflags v2.13.2
   Compiling smallvec v1.16.2
warning: variable does not need to be mutable
   --> src/packages/net/stream.rs:944:18
    |
944 |             let (mut peer, _) = loop {
    |                  ----^^^^
    |                  |
    |                  help: remove this `mut`
    |
    = note: `#[warn(unused_mut)]` (part of `#[warn(unused)]`) on by default

warning: `rhai` (lib test) generated 1 warning (run `cargo fix --lib -p rhai --tests` to apply 1 suggestion)
    Finished `test` profile [unoptimized + debuginfo] target(s) in 16.63s
     Running unittests src/lib.rs (/var/folders/yk/m4dzf0ss5x9f4j4z3xb2rrv40000gn/T/agent-build-qzcqt8ny/target/debug/deps/rhai-436bb671884a1513)

running 1 test
test packages::net::stream::tests::clone_close_cancels_a_write_after_socket_would_block ... ok

test result: ok. 1 passed; 0 failed; 0 ignored; 0 measured; 2 filtered out; finished in 0.01s

