shared-child controller_started scenario=drop_false pid=24216 root=/Users/hoppworks/.local/share/agent-builds/rhai/darwin-process-minimum-qug9u80c/agent-build-escdy770/shared-child-fixture-24215-0
shared-child controller_reaped scenario=drop_false pid=24216 status=exit status: 0
shared-child controller_output scenario=drop_false stdout="\nrunning 1 test\n.\ntest result: ok. 1 passed; 0 failed; 0 ignored; 0 measured; 48 filtered out; finished in 0.06s\n\n" stderr="shared-child nonfinal-drop pid=24217 child_record=ready operational_probe=one\nshared-child final-drop kill_on_drop=false pid=24217 child_record=\"pid=24217 state=exited code=0\\n\" eventual_reap=ESRCH\n"
shared-child controller_esrch pid=24216 verified=true
shared-child outer-observation scenario=drop_false controller_pid=24216 fixture_pid=24217 fixture_record="pid=24217 state=exited code=0" reap=ESRCH verified=true
thread 'shared_child_contract::panic_expectation_rejects_success_and_unrelated_panics' panicked at tests/fixtures/sys_process_shared_child_contract.rs:514:13:
expected controller panic for scenario drop_false, but it succeeded
note: run with `RUST_BACKTRACE=1` environment variable to display a backtrace
shared-child watchdog fixture_closure=verified pid=24217 reap=ESRCH production_reap=true
shared-child controller_started scenario=unrelated_panic_control pid=24218 root=/Users/hoppworks/.local/share/agent-builds/rhai/darwin-process-minimum-qug9u80c/agent-build-escdy770/shared-child-fixture-24215-1
shared-child controller_reaped scenario=unrelated_panic_control pid=24218 status=exit status: 101
shared-child controller_output scenario=unrelated_panic_control stdout="\nrunning 1 test\nF\nfailures:\n\nfailures:\n    shared_child_contract::scenario_entry\n\ntest result: FAILED. 0 passed; 1 failed; 0 ignored; 0 measured; 48 filtered out; finished in 0.03s\n\n" stderr="thread 'shared_child_contract::scenario_entry' panicked at tests/fixtures/sys_process_shared_child_contract.rs:323:5:\nunrelated controller panic control\nnote: run with `RUST_BACKTRACE=1` environment variable to display a backtrace\nshared-child controller-panic-cleanup scenario=unrelated_panic_control payload=\"unrelated controller panic control\" fixture_pid=24219 reap=ESRCH verified=true\n"
shared-child controller_esrch pid=24218 verified=true
thread 'shared_child_contract::panic_expectation_rejects_success_and_unrelated_panics' panicked at tests/fixtures/sys_process_shared_child_contract.rs:493:21:
controller did not report the intended panic payload:

running 1 test
F
failures:

failures:
    shared_child_contract::scenario_entry

test result: FAILED. 0 passed; 1 failed; 0 ignored; 0 measured; 48 filtered out; finished in 0.03s

thread 'shared_child_contract::scenario_entry' panicked at tests/fixtures/sys_process_shared_child_contract.rs:323:5:
unrelated controller panic control
note: run with `RUST_BACKTRACE=1` environment variable to display a backtrace
shared-child controller-panic-cleanup scenario=unrelated_panic_control payload="unrelated controller panic control" fixture_pid=24219 reap=ESRCH verified=true

shared-child watchdog fixture_closure=verified pid=24219 reap=ESRCH production_reap=true
