 Downloading crates ...
  Downloaded smallvec v1.16.2
  Downloaded const-random-macro v0.1.16
  Downloaded zmij v1.0.23
  Downloaded crunchy v0.2.4
  Downloaded tiny-keccak v2.0.2
  Downloaded cfg-if v1.0.5
  Downloaded version_check v0.9.5
  Downloaded itoa v1.0.18
  Downloaded getrandom v0.2.17
  Downloaded once_cell v1.21.4
  Downloaded smartstring v1.0.1
  Downloaded rmp v0.8.15
  Downloaded ahash v0.8.12
  Downloaded bitflags v2.13.2
  Downloaded unicode-ident v1.0.26
  Downloaded serde_derive v1.0.229
  Downloaded serde_core v1.0.229
  Downloaded thin-vec v0.2.20
  Downloaded proc-macro2 v1.0.107
  Downloaded getrandom v0.3.4
  Downloaded num-traits v0.2.19
  Downloaded serde v1.0.229
  Downloaded memchr v2.8.3
  Downloaded serde_json v1.0.151
  Downloaded syn v3.0.6
  Downloaded zerocopy v0.8.59
  Downloaded syn v2.0.119
  Downloaded libc v0.2.189
  Downloaded rmp-serde v1.3.1
  Downloaded autocfg v1.5.1
  Downloaded const-random v0.1.18
  Downloaded static_assertions v1.1.0
  Downloaded portable-atomic v1.15.0
  Downloaded quote v1.0.47
   Compiling proc-macro2 v1.0.107
   Compiling unicode-ident v1.0.26
   Compiling quote v1.0.47
   Compiling autocfg v1.5.1
   Compiling libc v0.2.189
   Compiling crunchy v0.2.4
   Compiling version_check v0.9.5
   Compiling serde_core v1.0.229
   Compiling tiny-keccak v2.0.2
   Compiling cfg-if v1.0.5
   Compiling syn v3.0.6
   Compiling num-traits v0.2.19
   Compiling serde v1.0.229
   Compiling portable-atomic v1.15.0
   Compiling getrandom v0.2.17
   Compiling serde_derive v1.0.229
   Compiling getrandom v0.3.4
   Compiling zerocopy v0.8.59
   Compiling zmij v1.0.23
   Compiling once_cell v1.21.4
   Compiling const-random-macro v0.1.16
   Compiling ahash v0.8.12
   Compiling smartstring v1.0.1
   Compiling serde_json v1.0.151
   Compiling const-random v0.1.18
   Compiling syn v2.0.119
   Compiling static_assertions v1.1.0
   Compiling memchr v2.8.3
   Compiling rhai v1.26.1 (/tmp/agent-build-ecwjw3ay/source)
   Compiling itoa v1.0.18
   Compiling rhai_codegen v3.2.0 (/tmp/agent-build-ecwjw3ay/source/codegen)
   Compiling smallvec v1.16.2
   Compiling thin-vec v0.2.20
   Compiling bitflags v2.13.2
   Compiling rmp v0.8.15
   Compiling rmp-serde v1.3.1
warning: unused import: `PathBuf`
 --> src/bin/rhai-run.rs:8:18
  |
8 |     path::{Path, PathBuf},
  |                  ^^^^^^^
  |
  = note: `#[warn(unused_imports)]` (part of `#[warn(unused)]`) on by default

warning: `rhai` (bin "rhai-run") generated 1 warning (run `cargo fix --bin "rhai-run" -p rhai` to apply 1 suggestion)
    Finished `test` profile [unoptimized] target(s) in 9.20s
     Running tests/net_connect.rs (/tmp/agent-build-ecwjw3ay/target/debug/deps/net_connect-5a45e152485806dc)

running 4 tests
test authorized_connect_is_observed_and_clone_close_is_shared ... ok
test denied_and_invalid_endpoints_do_not_reach_peer_and_errors_are_catchable ... ok
test net_config_rejects_zero_deadline_and_invalid_handle_limits ... ok
test open_handle_limit_is_shared_across_package_engines_and_released_on_close ... ok

test result: ok. 4 passed; 0 failed; 0 ignored; 0 measured; 0 filtered out; finished in 0.01s

