warning: unused variable: `ctx`
   --> src/packages/net/stream.rs:570:9
    |
570 |         ctx: NativeCallContext,
    |         ^^^ help: if this is intentional, prefix it with an underscore: `_ctx`
    |
    = note: `#[warn(unused_variables)]` (part of `#[warn(unused)]`) on by default

warning: unused variable: `ctx`
   --> src/packages/net/stream.rs:583:9
    |
583 |         ctx: NativeCallContext,
    |         ^^^ help: if this is intentional, prefix it with an underscore: `_ctx`

warning: unused variable: `ctx`
   --> src/packages/net/stream.rs:597:9
    |
597 |         ctx: NativeCallContext,
    |         ^^^ help: if this is intentional, prefix it with an underscore: `_ctx`

warning: unused variable: `ctx`
   --> src/packages/net/stream.rs:610:9
    |
610 |         ctx: NativeCallContext,
    |         ^^^ help: if this is intentional, prefix it with an underscore: `_ctx`

warning: unused variable: `ctx`
   --> src/packages/net/stream.rs:625:9
    |
625 |         ctx: NativeCallContext,
    |         ^^^ help: if this is intentional, prefix it with an underscore: `_ctx`

warning: unused variable: `ctx`
   --> src/packages/net/stream.rs:639:9
    |
639 |         ctx: NativeCallContext,
    |         ^^^ help: if this is intentional, prefix it with an underscore: `_ctx`

warning: unused variable: `ctx`
   --> src/packages/net/stream.rs:654:9
    |
654 |         ctx: NativeCallContext,
    |         ^^^ help: if this is intentional, prefix it with an underscore: `_ctx`

warning: unused variable: `ctx`
   --> src/packages/net/stream.rs:668:9
    |
668 |         ctx: NativeCallContext,
    |         ^^^ help: if this is intentional, prefix it with an underscore: `_ctx`

warning: unused variable: `ctx`
   --> src/packages/net/stream.rs:683:9
    |
683 |         ctx: NativeCallContext,
    |         ^^^ help: if this is intentional, prefix it with an underscore: `_ctx`

warning: unused variable: `ctx`
   --> src/packages/net/stream.rs:697:9
    |
697 |         ctx: NativeCallContext,
    |         ^^^ help: if this is intentional, prefix it with an underscore: `_ctx`

warning: unused variable: `ctx`
   --> src/packages/net/stream.rs:712:9
    |
712 |         ctx: NativeCallContext,
    |         ^^^ help: if this is intentional, prefix it with an underscore: `_ctx`

warning: unused variable: `ctx`
   --> src/packages/net/stream.rs:726:9
    |
726 |         ctx: NativeCallContext,
    |         ^^^ help: if this is intentional, prefix it with an underscore: `_ctx`

warning: unused variable: `ctx`
   --> src/packages/net/stream.rs:740:9
    |
740 |         ctx: NativeCallContext,
    |         ^^^ help: if this is intentional, prefix it with an underscore: `_ctx`

warning: unused variable: `ctx`
   --> src/packages/net/stream.rs:753:9
    |
753 |         ctx: NativeCallContext,
    |         ^^^ help: if this is intentional, prefix it with an underscore: `_ctx`

warning: unused variable: `ctx`
   --> src/packages/net/stream.rs:767:9
    |
767 |         ctx: NativeCallContext,
    |         ^^^ help: if this is intentional, prefix it with an underscore: `_ctx`

warning: unused variable: `ctx`
   --> src/packages/net/stream.rs:780:9
    |
780 |         ctx: NativeCallContext,
    |         ^^^ help: if this is intentional, prefix it with an underscore: `_ctx`

warning: `rhai` (lib) generated 16 warnings (run `cargo fix --lib -p rhai` to apply 16 suggestions)
   Compiling rhai v1.26.1 (/tmp/agent-build-ecwjw3ay/source)
warning: unused import: `PathBuf`
 --> src/bin/rhai-run.rs:8:18
  |
8 |     path::{Path, PathBuf},
  |                  ^^^^^^^
  |
  = note: `#[warn(unused_imports)]` (part of `#[warn(unused)]`) on by default

warning: `rhai` (bin "rhai-run") generated 1 warning (run `cargo fix --bin "rhai-run" -p rhai` to apply 1 suggestion)
    Finished `test` profile [unoptimized] target(s) in 0.12s
     Running tests/net_listen.rs (/tmp/agent-build-ecwjw3ay/target/debug/deps/net_listen-94738f4587a32086)

running 7 tests
test accepted_stream_uses_the_shared_package_quota_across_engines ... ok
test authorized_listener_accepts_an_independent_peer ... ok
test bind_failure_releases_listener_quota ... ok
test denied_and_invalid_listener_endpoints_never_bind ... ok
test listener_clones_share_close_and_final_drop_releases_the_bind ... ok
test no_client_accept_times_out_with_catchable_net_error ... ok
test quota_retry_deadline_expires_under_a_real_saturated_handle_limit ... ok

test result: ok. 7 passed; 0 failed; 0 ignored; 0 measured; 0 filtered out; finished in 0.12s

