   Compiling rhai v1.26.1 (/tmp/agent-build-ecwjw3ay/source)
   Compiling serde v1.0.229
   Compiling rhai_codegen v3.2.0 (/tmp/agent-build-ecwjw3ay/source/codegen)
   Compiling smallvec v1.16.2
   Compiling rmp-serde v1.3.1
warning: unused import: `PathBuf`
 --> src/bin/rhai-run.rs:8:18
  |
8 |     path::{Path, PathBuf},
  |                  ^^^^^^^
  |
  = note: `#[warn(unused_imports)]` (part of `#[warn(unused)]`) on by default

warning: `rhai` (bin "rhai-run") generated 1 warning (run `cargo fix --bin "rhai-run" -p rhai` to apply 1 suggestion)
    Finished `test` profile [unoptimized] target(s) in 3.56s
     Running tests/net_connect.rs (/tmp/agent-build-ecwjw3ay/target/debug/deps/net_connect-e114c53bcfcc1577)

running 4 tests
test authorized_connect_is_observed_and_clone_close_is_shared ... ok
test denied_and_invalid_endpoints_do_not_reach_peer_and_errors_are_catchable ... ok
test net_config_rejects_zero_deadline_and_invalid_handle_limits ... ok
test open_handle_limit_is_shared_across_package_engines_and_released_on_close ... ok

test result: ok. 4 passed; 0 failed; 0 ignored; 0 measured; 0 filtered out; finished in 0.00s

