    Updating git repository `https://github.com/schungx/rustyline`
    Updating crates.io index
    Updating git repository `https://gitlab.com/jD91mZM2/no-std-compat.git`
 Downloading crates ...
  Downloaded const-random v0.1.18
  Downloaded cfg-if v1.0.5
  Downloaded version_check v0.9.5
  Downloaded crunchy v0.2.4
  Downloaded const-random-macro v0.1.16
  Downloaded autocfg v1.5.1
  Downloaded tiny-keccak v2.0.2
  Downloaded zmij v1.0.23
  Downloaded smartstring v1.0.1
  Downloaded spin v0.7.2
  Downloaded unicode-ident v1.0.26
  Downloaded rmp v0.8.15
  Downloaded smallvec v1.16.2
  Downloaded proc-macro2 v1.0.107
  Downloaded serde_core v1.0.229
  Downloaded getrandom v0.3.4
  Downloaded serde v1.0.229
  Downloaded memchr v2.8.3
  Downloaded serde_json v1.0.151
  Downloaded num-traits v0.2.19
  Downloaded ahash v0.8.12
  Downloaded portable-atomic v1.15.0
  Downloaded once_cell v1.21.4
  Downloaded bitflags v2.13.2
  Downloaded getrandom v0.2.17
  Downloaded thin-vec v0.2.20
  Downloaded rmp-serde v1.3.1
  Downloaded zerocopy v0.8.59
  Downloaded syn v2.0.119
  Downloaded quote v1.0.47
  Downloaded itoa v1.0.18
  Downloaded static_assertions v1.1.0
  Downloaded libc v0.2.189
   Compiling autocfg v1.5.1
   Compiling libc v0.2.189
   Compiling version_check v0.9.5
   Compiling crunchy v0.2.4
   Compiling tiny-keccak v2.0.2
   Compiling cfg-if v1.0.5
   Compiling serde_core v1.0.229
   Compiling proc-macro2 v1.0.107
   Compiling num-traits v0.2.19
   Compiling quote v1.0.47
   Compiling unicode-ident v1.0.26
   Compiling portable-atomic v1.15.0
   Compiling getrandom v0.2.17
   Compiling zerocopy v0.8.59
   Compiling serde v1.0.229
   Compiling once_cell v1.21.4
   Compiling getrandom v0.3.4
   Compiling zmij v1.0.23
   Compiling const-random-macro v0.1.16
   Compiling ahash v0.8.12
   Compiling smartstring v1.0.1
   Compiling serde_json v1.0.151
   Compiling rmp v0.8.15
   Compiling syn v2.0.119
   Compiling const-random v0.1.18
   Compiling itoa v1.0.18
   Compiling static_assertions v1.1.0
   Compiling rhai v1.26.1 (/private/var/folders/yk/m4dzf0ss5x9f4j4z3xb2rrv40000gn/T/agent-build-i0j1g4qq/source)
   Compiling memchr v2.8.3
   Compiling rhai_codegen v3.2.0 (/private/var/folders/yk/m4dzf0ss5x9f4j4z3xb2rrv40000gn/T/agent-build-i0j1g4qq/source/codegen)
   Compiling rmp-serde v1.3.1
   Compiling smallvec v1.16.2
   Compiling bitflags v2.13.2
   Compiling thin-vec v0.2.20
    Finished `test` profile [unoptimized + debuginfo] target(s) in 14.34s
     Running unittests src/lib.rs (/var/folders/yk/m4dzf0ss5x9f4j4z3xb2rrv40000gn/T/agent-build-i0j1g4qq/target/debug/deps/rhai-436bb671884a1513)

running 2 tests
test packages::net::stream::tests::clone_close_cancels_a_read_after_partial_progress ... ok
test packages::net::stream::tests::clone_close_cancels_a_write_after_socket_would_block ... 
thread 'packages::net::stream::tests::clone_close_cancels_a_write_after_socket_would_block' (51868285) panicked at src/packages/net/stream.rs:1029:14:
socket write reached WouldBlock: Timeout
note: run with `RUST_BACKTRACE=1` environment variable to display a backtrace

thread '<unnamed>' (51868286) panicked at src/packages/net/stream.rs:969:18:
called `Result::unwrap()` on an `Err` value: Timeout
FAILED

failures:

failures:
    packages::net::stream::tests::clone_close_cancels_a_write_after_socket_would_block

test result: FAILED. 1 passed; 1 failed; 0 ignored; 0 measured; 1 filtered out; finished in 3.01s

error: test failed, to rerun pass `--lib`
