    Updating crates.io index
     Locking 12 packages to latest compatible versions
      Adding libc v0.2.171 (available: v0.2.189)
      Adding serde_json v1.0.140 (available: v1.0.151)
 Downloading crates ...
  Downloaded serde_core v1.0.229
  Downloaded itoa v1.0.18
  Downloaded memchr v2.8.3
  Downloaded ryu v1.0.23
  Downloaded serde v1.0.229
  Downloaded serde_json v1.0.140
  Downloaded libc v0.2.171
   Compiling serde_core v1.0.229
   Compiling serde v1.0.229
   Compiling libc v0.2.171
   Compiling serde_json v1.0.140
   Compiling ryu v1.0.23
   Compiling memchr v2.8.3
   Compiling itoa v1.0.18
   Compiling process-rust-io-acceptance v0.1.0 (/private/var/folders/yk/m4dzf0ss5x9f4j4z3xb2rrv40000gn/T/agent-build-4bl1xlop/private-source/process-rust-io)
warning: unreachable pattern
   --> src/main.rs:327:38
    |
311 |             WaitOutcome::WakeDrained(generation) => drained_release_generation = generation,
    |             ------------------------------------ matches all the relevant values
...
327 |             WaitOutcome::FileReady | WaitOutcome::WakeDrained(_) | WaitOutcome::Quiet => {}
    |                                      ^^^^^^^^^^^^^^^^^^^^^^^^^^^ no value can reach this
    |
    = note: `#[warn(unreachable_patterns)]` (part of `#[warn(unused)]`) on by default

warning: unreachable pattern
   --> src/main.rs:422:45
    |
409 |                 Ok(WaitOutcome::WakeDrained(generation)) => drained_release_generation = generation,
    |                    ------------------------------------ matches all the relevant values
...
422 |                 Ok(WaitOutcome::FileReady | WaitOutcome::WakeDrained(_) | WaitOutcome::Quiet) => {}
    |                                             ^^^^^^^^^^^^^^^^^^^^^^^^^^^ no value can reach this

error[E0133]: call to unsafe function `CMSG_LEN` is unsafe and requires unsafe function or block
   --> src/main.rs:797:27
    |
797 |         let data_offset = libc::CMSG_LEN(0) as usize;
    |                           ^^^^^^^^^^^^^^^^^ call to unsafe function
    |
    = note: consult the function's documentation for information on how to avoid undefined behavior

For more information about this error, try `rustc --explain E0133`.
warning: `process-rust-io-acceptance` (bin "process-rust-io-acceptance") generated 2 warnings
error: could not compile `process-rust-io-acceptance` (bin "process-rust-io-acceptance") due to 1 previous error; 2 warnings emitted
