warning: the item `TryFrom` is imported redundantly
   --> src/func/func_call.rs:291:21
    |
291 |                 use std::convert::TryFrom;
    |                     ^^^^^^^^^^^^^^^^^^^^^
   --> /rustc/25ef9e3d85d934b27d9dada2f9dd52b1dc63bb04/library/std/src/prelude/mod.rs:129:13
    |
    = note: the item `TryFrom` is already defined here
    |
    = note: `#[warn(unused_imports)]` on by default

warning: variable does not need to be mutable
   --> src/packages/sys/process/unix.rs:668:13
    |
668 |         let mut wait_operation = "wait for child";
    |             ----^^^^^^^^^^^^^^
    |             |
    |             help: remove this `mut`
    |
    = note: `#[warn(unused_mut)]` on by default

warning: unused variable: `termination`
    --> src/packages/sys/process/unix.rs:1106:22
     |
1106 |                 let (termination, _operation) = if self.managed {
     |                      ^^^^^^^^^^^ help: if this is intentional, prefix it with an underscore: `_termination`
     |
     = note: `#[warn(unused_variables)]` on by default

warning: variable does not need to be mutable
    --> src/packages/sys/process/unix.rs:2188:9
     |
2188 |     let mut child =
     |         ----^^^^^
     |         |
     |         help: remove this `mut`

warning: variable does not need to be mutable
    --> src/packages/sys/process/unix.rs:2510:9
     |
2510 |     let mut pending = input.unwrap_or_default();
     |         ----^^^^^^^
     |         |
     |         help: remove this `mut`

warning: variant `OnlyZombieLeader` is never constructed
  --> src/packages/sys/process/unix.rs:50:5
   |
47 | enum GroupCloseOutcome {
   |      ----------------- variant in this enum
...
50 |     OnlyZombieLeader,
   |     ^^^^^^^^^^^^^^^^
   |
   = note: `GroupCloseOutcome` has derived impls for the traits `Clone` and `Debug`, but these are intentionally ignored during dead code analysis
   = note: `#[warn(dead_code)]` on by default

warning: method `finish` is never used
    --> src/packages/sys/process/unix.rs:4131:12
     |
4130 |     impl CancelChildOnDrop {
     |     ---------------------- method in this implementation
4131 |         fn finish(&mut self) {
     |            ^^^^^^

warning: function `try_release_fifo` is never used
    --> src/packages/sys/process/unix.rs:4162:8
     |
4162 |     fn try_release_fifo(path: &Path) -> io::Result<()> {
     |        ^^^^^^^^^^^^^^^^

warning: `rhai` (lib test) generated 8 warnings (run `cargo fix --lib -p rhai --tests` to apply 4 suggestions)
    Finished test [unoptimized] target(s) in 0.05s
     Running unittests src/lib.rs (/root/.local/share/agent-builds/rhai/linux-process-overlap-d79-20261004-1259/agent-build-rkmq_u3w/target/debug/deps/rhai-15736e956d9ad844)
overlap-fixture mode=managed child_pid=1999822 child_start_ticks=11389425 child_pgid=1999822 child_write=acknowledged deadline=expired poll=stdout-readable overflow_observed=false reap=ESRCH owner=closed
thread 'packages::sys::process::unix::tests::readable_output_overflow_wins_when_deadline_expires_managed' panicked at src/packages/sys/process/unix.rs:4501:9:
assertion `left == right` failed: overflow must win over the simultaneously expired deadline
  left: "Timeout"
 right: "OutputLimit"
note: run with `RUST_BACKTRACE=1` environment variable to display a backtrace
error: test failed, to rerun pass `--lib`
