    Updating git repository `https://github.com/schungx/rustyline`
    Updating crates.io index
    Updating git repository `https://gitlab.com/jD91mZM2/no-std-compat.git`
 Downloading crates ...
  Downloaded ipnet v2.12.2
  Downloaded maybe-owned v0.3.4
  Downloaded const-random v0.1.18
  Downloaded static_assertions v1.1.0
  Downloaded io-extras v0.19.0
  Downloaded fs-set-times v0.20.3
  Downloaded autocfg v1.5.1
  Downloaded itoa v1.0.15
  Downloaded const-random-macro v0.1.16
  Downloaded ambient-authority v0.0.2
  Downloaded errno v0.3.14
  Downloaded ryu v1.0.20
  Downloaded crunchy v0.2.4
  Downloaded once_cell v1.21.4
  Downloaded version_check v0.9.5
  Downloaded byteorder v1.5.0
  Downloaded io-lifetimes v3.0.1
  Downloaded rmp v0.8.14
  Downloaded quote v1.0.41
  Downloaded smartstring v1.0.1
  Downloaded unicode-ident v1.0.22
  Downloaded num-traits v0.2.19
  Downloaded proc-macro2 v1.0.103
  Downloaded serde_core v1.0.229
  Downloaded bitflags v2.13.2
  Downloaded serde v1.0.229
  Downloaded memchr v2.8.3
  Downloaded serde_json v1.0.145
  Downloaded getrandom v0.3.4
  Downloaded cap-primitives v4.0.3
  Downloaded cap-std v4.0.3
  Downloaded thin-vec v0.2.19
  Downloaded portable-atomic v1.15.0
  Downloaded zerocopy v0.8.59
  Downloaded smallvec v1.16.2
  Downloaded rmp-serde v1.3.0
  Downloaded io-lifetimes v2.0.4
  Downloaded syn v2.0.106
  Downloaded getrandom v0.2.17
  Downloaded ahash v0.8.12
  Downloaded tiny-keccak v2.0.2
  Downloaded paste v1.0.15
  Downloaded cfg-if v1.0.5
  Downloaded rustix v1.1.5
  Downloaded libc v0.2.189
 Downloading crates ...
  Downloaded web-time v1.1.0
   Compiling libc v0.2.189
   Compiling autocfg v1.5.1
   Compiling version_check v0.9.5
   Compiling crunchy v0.2.4
   Compiling io-lifetimes v2.0.4
   Compiling rustix v1.1.5
   Compiling cfg-if v1.0.5
   Compiling tiny-keccak v2.0.2
   Compiling io-lifetimes v3.0.1
   Compiling proc-macro2 v1.0.103
   Compiling errno v0.3.14
   Compiling num-traits v0.2.19
   Compiling bitflags v2.13.2
   Compiling portable-atomic v1.15.0
   Compiling io-extras v0.19.0
   Compiling unicode-ident v1.0.22
   Compiling quote v1.0.41
   Compiling getrandom v0.2.17
   Compiling once_cell v1.21.4
   Compiling zerocopy v0.8.59
   Compiling serde_core v1.0.229
   Compiling getrandom v0.3.4
   Compiling cap-primitives v4.0.3
   Compiling fs-set-times v0.20.3
   Compiling const-random-macro v0.1.16
   Compiling ahash v0.8.12
   Compiling smartstring v1.0.1
   Compiling cap-std v4.0.3
   Compiling paste v1.0.15
   Compiling ambient-authority v0.0.2
   Compiling maybe-owned v0.3.4
   Compiling ipnet v2.12.2
   Compiling syn v2.0.106
   Compiling const-random v0.1.18
   Compiling serde v1.0.229
   Compiling rhai v1.26.1 (/Users/hoppworks/.local/share/agent-builds/rhai/ticket03-darwin-spawn-stdin-20261009T205058Z/agent-build-ywulxbcs/source)
   Compiling static_assertions v1.1.0
   Compiling rhai_codegen v3.2.0 (/Users/hoppworks/.local/share/agent-builds/rhai/ticket03-darwin-spawn-stdin-20261009T205058Z/agent-build-ywulxbcs/source/codegen)
   Compiling serde_json v1.0.145
   Compiling thin-vec v0.2.19
   Compiling smallvec v1.16.2
   Compiling byteorder v1.5.0
   Compiling rmp v0.8.14
   Compiling itoa v1.0.15
   Compiling memchr v2.8.3
warning: the item `TryFrom` is imported redundantly
   --> src/func/func_call.rs:291:21
    |
291 |                 use std::convert::TryFrom;
    |                     ^^^^^^^^^^^^^^^^^^^^^
   --> /rustc/25ef9e3d85d934b27d9dada2f9dd52b1dc63bb04/library/std/src/prelude/mod.rs:129:13
    |
    = note: the item `TryFrom` is already defined here
    |
    = note: `#[warn(unused_imports)]` on by default

   Compiling ryu v1.0.20
   Compiling rmp-serde v1.3.0
warning: variable does not need to be mutable
   --> src/packages/sys/process/unix.rs:674:13
    |
674 |         let mut wait_operation = "wait for child";
    |             ----^^^^^^^^^^^^^^
    |             |
    |             help: remove this `mut`
    |
    = note: `#[warn(unused_mut)]` on by default

warning: unused variable: `termination`
    --> src/packages/sys/process/unix.rs:1114:22
     |
1114 |                 let (termination, _operation) = if self.managed {
     |                      ^^^^^^^^^^^ help: if this is intentional, prefix it with an underscore: `_termination`
     |
     = note: `#[warn(unused_variables)]` on by default

warning: unused variable: `faults`
    --> src/packages/sys/process/unix.rs:2297:13
     |
2297 |     let mut faults = ExecutionFaults::take_for_execution();
     |             ^^^^^^ help: if this is intentional, prefix it with an underscore: `_faults`

warning: variable does not need to be mutable
    --> src/packages/sys/process/unix.rs:2297:9
     |
2297 |     let mut faults = ExecutionFaults::take_for_execution();
     |         ----^^^^^^
     |         |
     |         help: remove this `mut`

warning: variable does not need to be mutable
    --> src/packages/sys/process/unix.rs:2374:9
     |
2374 |     let mut child =
     |         ----^^^^^
     |         |
     |         help: remove this `mut`

warning: variable does not need to be mutable
    --> src/packages/sys/process/unix.rs:2717:9
     |
2717 |     let mut pending = input.unwrap_or_default();
     |         ----^^^^^^^
     |         |
     |         help: remove this `mut`

warning: methods `numeric_operations_probe`, `quarantine_observations_probe`, and `fail_reservation` are never used
    --> src/packages/sys/process/unix.rs:1545:8
     |
1418 | impl ExecutionFaults {
     | -------------------- methods in this implementation
...
1545 |     fn numeric_operations_probe(&self) -> Option<Arc<AtomicUsize>> {
     |        ^^^^^^^^^^^^^^^^^^^^^^^^
...
1556 |     fn quarantine_observations_probe(&self) -> Option<Arc<AtomicUsize>> {
     |        ^^^^^^^^^^^^^^^^^^^^^^^^^^^^^
...
1581 |     fn fail_reservation(&self) -> bool {
     |        ^^^^^^^^^^^^^^^^
     |
     = note: `#[warn(dead_code)]` on by default

warning: `rhai` (lib) generated 8 warnings (run `cargo fix --lib -p rhai` to apply 6 suggestions)
warning: unused import: `PathBuf`
 --> src/bin/rhai-run.rs:8:18
  |
8 |     path::{Path, PathBuf},
  |                  ^^^^^^^
  |
  = note: `#[warn(unused_imports)]` on by default

warning: variable does not need to be mutable
    --> tests/sys_process.rs:1157:9
     |
1157 |     let mut holder = command.spawn().expect("start escaped captured-pipe holder");
     |         ----^^^^^^
     |         |
     |         help: remove this `mut`
     |
     = note: `#[warn(unused_mut)]` on by default

warning: `rhai` (bin "rhai-run") generated 1 warning (run `cargo fix --bin "rhai-run"` to apply 1 suggestion)
warning: constant `DIRECT_DROP_RECORD_ENV` is never used
  --> tests/sys_process.rs:40:7
   |
40 | const DIRECT_DROP_RECORD_ENV: &str = "RHAI_SYS_DIRECT_DROP_RECORD";
   |       ^^^^^^^^^^^^^^^^^^^^^^
   |
   = note: `#[warn(dead_code)]` on by default

warning: unused `Dynamic` that must be used
   --> tests/fixtures/sys_process_shared_child_contract.rs:260:5
    |
260 |     engine.eval_with_scope::<Dynamic>(&mut scope, "child.kill()").expect("kill after completion is idempotent");
    |     ^^^^^^^^^^^^^^^^^^^^^^^^^^^^^^^^^^^^^^^^^^^^^^^^^^^^^^^^^^^^^^^^^^^^^^^^^^^^^^^^^^^^^^^^^^^^^^^^^^^^^^^^^^^
    |
    = note: `#[warn(unused_must_use)]` on by default
help: use `let _ = ...` to ignore the resulting value
    |
260 |     let _ = engine.eval_with_scope::<Dynamic>(&mut scope, "child.kill()").expect("kill after completion is idempotent");
    |     +++++++

warning: unused `Dynamic` that must be used
   --> tests/fixtures/sys_process_shared_child_contract.rs:261:5
    |
261 |     engine.eval_with_scope::<Dynamic>(&mut scope, "child.kill()").expect("repeated kill after completion is idempotent");
    |     ^^^^^^^^^^^^^^^^^^^^^^^^^^^^^^^^^^^^^^^^^^^^^^^^^^^^^^^^^^^^^^^^^^^^^^^^^^^^^^^^^^^^^^^^^^^^^^^^^^^^^^^^^^^^^^^^^^^^
    |
help: use `let _ = ...` to ignore the resulting value
    |
261 |     let _ = engine.eval_with_scope::<Dynamic>(&mut scope, "child.kill()").expect("repeated kill after completion is idempotent");
    |     +++++++

warning: `rhai` (test "sys_process") generated 4 warnings (run `cargo fix --test "sys_process"` to apply 1 suggestion)
    Finished test [unoptimized + debuginfo] target(s) in 19.69s
     Running tests/sys_process.rs (/Users/hoppworks/.local/share/agent-builds/rhai/ticket03-darwin-spawn-stdin-20261009T205058Z/agent-build-ywulxbcs/target/debug/deps/sys_process-a2e11f9faa2e3991)

running 1 test
darwin-stdin-close-readback child=24223 fd=0 absent=true child-live=true
darwin-stdin-missing-error-red first=Ok(()) cleanup={"code": (), "signal": 9, "stderr": "darwin-early-close-stderr\n", "stderr_complete": true, "stdout": "\nrunning 1 test\ndarwin-early-close-stdout\n", "stdout_complete": true, "success": false, "timed_out": false} child_reaped=true group_absent=true host_unchanged=true sentinel_unchanged=true
thread 'spawn_retains_error_when_child_closes_stdin_with_unsent_input_darwin' panicked at tests/sys_process.rs:5750:9:
DARWIN_RETAINED_BROKEN_PIPE_ASSERTION: first bounded Child.wait omitted retained stdin BrokenPipe
note: run with `RUST_BACKTRACE=1` environment variable to display a backtrace
darwin-sentinel-drop pid=24221 cleanup=Ok((Ok(()), ExitStatus(unix_wait_status(9)))) bounded=true
test spawn_retains_error_when_child_closes_stdin_with_unsent_input_darwin ... FAILED

failures:

failures:
    spawn_retains_error_when_child_closes_stdin_with_unsent_input_darwin

test result: FAILED. 0 passed; 1 failed; 0 ignored; 0 measured; 49 filtered out; finished in 3.89s

error: test failed, to rerun pass `--test sys_process`
