Cargo.lock: OK
sys_process.rs: OK
unix-current.rs: OK
unix-known-broken-baseline.rs: OK
sys-pipe.h: OK
darwin-run-03.red.log: OK
darwin-run-03.red.status: OK
darwin-run-03.green.log: OK
darwin-run-03.green.status: OK
darwin-run-03.run-info.txt: OK
run-darwin.sh: OK
preflight-attempt-01.md: OK
preflight-runner.status: OK
preflight-scope-cleanup.txt: OK
preflight-attempt-02.md: OK
preflight-copy-runner.status: OK
preflight-copy-scope-cleanup.txt: OK
compile-attempt-01.md: OK
compile-attempt-01.log: OK
compile-attempt-01.status: OK
compile-runner.status: OK
compile-scope-cleanup.txt: OK
baseline-control-attempt-01.md: OK
baseline-control-attempt-01.log: OK
baseline-control-attempt-01.status: OK
baseline-control-runner-01.status: OK
baseline-control-scope-01.txt: OK
baseline-green-run-02.md: OK
baseline-green-run-02.red.log: OK
baseline-green-run-02.red.status: OK
baseline-green-run-02.green.log: OK
baseline-green-run-02.green.status: OK
baseline-green-run-02.log: OK
baseline-green-run-02.runner-status: OK
baseline-green-run-02.scope-cleanup: OK
