warning: the item `TryFrom` is imported redundantly
   --> src/func/func_call.rs:291:21
    |
291 |                 use std::convert::TryFrom;
    |                     ^^^^^^^^^^^^^^^^^^^^^
   --> /rustc/25ef9e3d85d934b27d9dada2f9dd52b1dc63bb04/library/std/src/prelude/mod.rs:129:13
    |
    = note: the item `TryFrom` is already defined here
    |
    = note: `#[warn(unused_imports)]` on by default

warning: variable does not need to be mutable
   --> src/packages/sys/process/unix.rs:668:13
    |
668 |         let mut wait_operation = "wait for child";
    |             ----^^^^^^^^^^^^^^
    |             |
    |             help: remove this `mut`
    |
    = note: `#[warn(unused_mut)]` on by default

warning: unused variable: `termination`
    --> src/packages/sys/process/unix.rs:1106:22
     |
1106 |                 let (termination, _operation) = if self.managed {
     |                      ^^^^^^^^^^^ help: if this is intentional, prefix it with an underscore: `_termination`
     |
     = note: `#[warn(unused_variables)]` on by default

warning: variable does not need to be mutable
    --> src/packages/sys/process/unix.rs:2134:9
     |
2134 |     let mut child =
     |         ----^^^^^
     |         |
     |         help: remove this `mut`

warning: variable does not need to be mutable
    --> src/packages/sys/process/unix.rs:2456:9
     |
2456 |     let mut pending = input.unwrap_or_default();
     |         ----^^^^^^^
     |         |
     |         help: remove this `mut`

warning: variant `OnlyZombieLeader` is never constructed
  --> src/packages/sys/process/unix.rs:50:5
   |
47 | enum GroupCloseOutcome {
   |      ----------------- variant in this enum
...
50 |     OnlyZombieLeader,
   |     ^^^^^^^^^^^^^^^^
   |
   = note: `GroupCloseOutcome` has derived impls for the traits `Clone` and `Debug`, but these are intentionally ignored during dead code analysis
   = note: `#[warn(dead_code)]` on by default

warning: methods `numeric_operations_probe`, `quarantine_observations_probe`, and `fail_reservation` are never used
    --> src/packages/sys/process/unix.rs:1470:8
     |
1390 | impl ExecutionFaults {
     | -------------------- methods in this implementation
...
1470 |     fn numeric_operations_probe(&self) -> Option<Arc<AtomicUsize>> {
     |        ^^^^^^^^^^^^^^^^^^^^^^^^
...
1481 |     fn quarantine_observations_probe(&self) -> Option<Arc<AtomicUsize>> {
     |        ^^^^^^^^^^^^^^^^^^^^^^^^^^^^^
...
1506 |     fn fail_reservation(&self) -> bool {
     |        ^^^^^^^^^^^^^^^^

warning: `rhai` (lib) generated 7 warnings (run `cargo fix --lib -p rhai` to apply 4 suggestions)
warning: unused import: `PathBuf`
 --> src/bin/rhai-run.rs:8:18
  |
8 |     path::{Path, PathBuf},
  |                  ^^^^^^^
  |
  = note: `#[warn(unused_imports)]` on by default

warning: `rhai` (bin "rhai-run") generated 1 warning (run `cargo fix --bin "rhai-run"` to apply 1 suggestion)
   Compiling rhai v1.26.1 (/var/roothome/.local/share/agent-builds/rhai/linux-process-feature-20261003-6c451c5c-93/agent-build-xck6hk6g/source)
warning: unused imports: `Dynamic`, `Engine`, `EvalAltResult`, `Scope`
  --> tests/sys_process.rs:13:12
   |
13 | use rhai::{Dynamic, Engine, EvalAltResult, Map, Scope};
   |            ^^^^^^^  ^^^^^^  ^^^^^^^^^^^^^       ^^^^^
   |
   = note: `#[warn(unused_imports)]` on by default

warning: unused imports: `Child`, `Command`, `Stdio`
  --> tests/sys_process.rs:21:20
   |
21 | use std::process::{Child, Command, Stdio};
   |                    ^^^^^  ^^^^^^^  ^^^^^

warning: constant `MANAGED_SPAWN_HOLD_ENV` is never used
  --> tests/sys_process.rs:32:7
   |
32 | const MANAGED_SPAWN_HOLD_ENV: &str = "RHAI_SYS_MANAGED_SPAWN_HOLD";
   |       ^^^^^^^^^^^^^^^^^^^^^^
   |
   = note: `#[warn(dead_code)]` on by default

warning: constant `DIRECT_DROP_RECORD_ENV` is never used
  --> tests/sys_process.rs:38:7
   |
38 | const DIRECT_DROP_RECORD_ENV: &str = "RHAI_SYS_DIRECT_DROP_RECORD";
   |       ^^^^^^^^^^^^^^^^^^^^^^

warning: function `resource_census_assert_gone` is never used
   --> tests/sys_process.rs:243:4
    |
243 | fn resource_census_assert_gone(pid: i32, start: u64) {
    |    ^^^^^^^^^^^^^^^^^^^^^^^^^^^

warning: function `resource_census_snapshot` is never used
   --> tests/sys_process.rs:248:4
    |
248 | fn resource_census_snapshot() -> (usize, usize, usize) {
    |    ^^^^^^^^^^^^^^^^^^^^^^^^

warning: function `resource_census_wait_for_baseline` is never used
   --> tests/sys_process.rs:283:4
    |
283 | fn resource_census_wait_for_baseline(expected: (usize, usize, usize)) -> (usize, usize, usize) {
    |    ^^^^^^^^^^^^^^^^^^^^^^^^^^^^^^^^^

warning: function `resource_census_fields` is never used
   --> tests/sys_process.rs:295:4
    |
295 | fn resource_census_fields(path: &std::path::Path) -> Option<std::collections::HashMap<String, u64>> {
    |    ^^^^^^^^^^^^^^^^^^^^^^

warning: function `resource_census_wait_for_pid` is never used
   --> tests/sys_process.rs:309:4
    |
309 | fn resource_census_wait_for_pid(path: &std::path::Path) -> i32 {
    |    ^^^^^^^^^^^^^^^^^^^^^^^^^^^^

warning: unused `Dynamic` that must be used
   --> tests/fixtures/sys_process_shared_child_contract.rs:239:5
    |
239 |     engine.eval_with_scope::<Dynamic>(&mut scope, "child.kill()").expect("kill after completion is idempotent");
    |     ^^^^^^^^^^^^^^^^^^^^^^^^^^^^^^^^^^^^^^^^^^^^^^^^^^^^^^^^^^^^^^^^^^^^^^^^^^^^^^^^^^^^^^^^^^^^^^^^^^^^^^^^^^^
    |
    = note: `#[warn(unused_must_use)]` on by default
help: use `let _ = ...` to ignore the resulting value
    |
239 |     let _ = engine.eval_with_scope::<Dynamic>(&mut scope, "child.kill()").expect("kill after completion is idempotent");
    |     +++++++

warning: unused `Dynamic` that must be used
   --> tests/fixtures/sys_process_shared_child_contract.rs:240:5
    |
240 |     engine.eval_with_scope::<Dynamic>(&mut scope, "child.kill()").expect("repeated kill after completion is idempotent");
    |     ^^^^^^^^^^^^^^^^^^^^^^^^^^^^^^^^^^^^^^^^^^^^^^^^^^^^^^^^^^^^^^^^^^^^^^^^^^^^^^^^^^^^^^^^^^^^^^^^^^^^^^^^^^^^^^^^^^^^
    |
help: use `let _ = ...` to ignore the resulting value
    |
240 |     let _ = engine.eval_with_scope::<Dynamic>(&mut scope, "child.kill()").expect("repeated kill after completion is idempotent");
    |     +++++++

warning: `rhai` (test "sys_process") generated 11 warnings (run `cargo fix --test "sys_process"` to apply 2 suggestions)
    Finished test [unoptimized] target(s) in 0.49s
     Running tests/sys_process.rs (/root/.local/share/agent-builds/rhai/linux-process-feature-20261003-6c451c5c-93/agent-build-xck6hk6g/target/debug/deps/sys_process-4544789d81a006a6)
deadline-io reap=ESRCH pid=775156
deadline-io intended_wrong_expectation=true
thread 'run_deadline_with_blocked_stdin_and_active_stdout_stderr' panicked at tests/sys_process.rs:3070:13:
stderr active-stream marker missing
note: run with `RUST_BACKTRACE=1` environment variable to display a backtrace
error: test failed, to rerun pass `--test sys_process`
