warning: unused import: `PathBuf`
 --> src/bin/rhai-run.rs:8:18
  |
8 |     path::{Path, PathBuf},
  |                  ^^^^^^^
  |
  = note: `#[warn(unused_imports)]` (part of `#[warn(unused)]`) on by default

warning: `rhai` (bin "rhai-run") generated 1 warning (run `cargo fix --bin "rhai-run" -p rhai` to apply 1 suggestion)
    Finished `test` profile [unoptimized] target(s) in 0.04s
     Running tests/net_connect.rs (/var/folders/yk/m4dzf0ss5x9f4j4z3xb2rrv40000gn/T/agent-build-6dmn3c22/target/debug/deps/net_connect-59153bbcc7bfacc1)

running 1 test
test authorized_connect_is_observed_and_clone_close_is_shared ... FAILED

failures:

---- authorized_connect_is_observed_and_clone_close_is_shared stdout ----

thread 'authorized_connect_is_observed_and_clone_close_is_shared' (51328583) panicked at tests/net_connect.rs:49:9:
assertion `left != right` failed: deliberately wrong peer EOF expectation
  left: 0
 right: 0
note: run with `RUST_BACKTRACE=1` environment variable to display a backtrace


failures:
    authorized_connect_is_observed_and_clone_close_is_shared

test result: FAILED. 0 passed; 1 failed; 0 ignored; 0 measured; 3 filtered out; finished in 0.00s

error: test failed, to rerun pass `--test net_connect`
