 Downloading crates ...
  Downloaded spin v0.7.2
   Compiling rhai v1.26.1 (/private/var/folders/yk/m4dzf0ss5x9f4j4z3xb2rrv40000gn/T/agent-build-6dmn3c22/source)
   Compiling rhai_codegen v3.2.0 (/private/var/folders/yk/m4dzf0ss5x9f4j4z3xb2rrv40000gn/T/agent-build-6dmn3c22/source/codegen)
warning: unused import: `PathBuf`
 --> src/bin/rhai-run.rs:8:18
  |
8 |     path::{Path, PathBuf},
  |                  ^^^^^^^
  |
  = note: `#[warn(unused_imports)]` (part of `#[warn(unused)]`) on by default

warning: `rhai` (bin "rhai-run") generated 1 warning (run `cargo fix --bin "rhai-run" -p rhai` to apply 1 suggestion)
    Finished `test` profile [unoptimized] target(s) in 5.73s
     Running tests/net_connect.rs (/var/folders/yk/m4dzf0ss5x9f4j4z3xb2rrv40000gn/T/agent-build-6dmn3c22/target/debug/deps/net_connect-737be1e5cabbed3b)

running 4 tests
test net_config_rejects_zero_deadline_and_invalid_handle_limits ... ok
test authorized_connect_is_observed_and_clone_close_is_shared ... ok
test open_handle_limit_is_shared_across_package_engines_and_released_on_close ... ok
test denied_and_invalid_endpoints_do_not_reach_peer_and_errors_are_catchable ... ok

test result: ok. 4 passed; 0 failed; 0 ignored; 0 measured; 0 filtered out; finished in 0.01s

