launch_utc=2026-10-03T08:07:03Z
runner_timeout_seconds=585
stage=/root/rhai-linux-shared-child-20261003-4bb0848f
scope=/root/.local/share/agent-builds/rhai/linux-shared-child-20261003-4bb0848f
source.tar: OK
Cargo.lock.accepted: OK
check-linux-current-msrv-examples.py: OK
linux-shared-child-proof.py: OK
contract.md: OK
stage.sh: OK
launch.sh: OK
runner/tools/run_scoped.py: OK
runner/tools/agentskills/__init__.py: OK
runner/tools/agentskills/pyguard.py: OK
PRIVATE_RUNTIME /root/.local/share/agent-builds/rhai/linux-shared-child-20261003-4bb0848f/agent-build-za974fnb
command=rustup-install argv=['/root/.cargo/bin/rustup', 'toolchain', 'install', '1.77.2-x86_64-unknown-linux-gnu', '--profile', 'minimal', '--no-self-update']
sample={"descendants": 2, "monotonic_seconds": 0.369, "rss_kib": 46084, "storage_kib": 67636}
sample={"descendants": 2, "monotonic_seconds": 1.383, "rss_kib": 100852, "storage_kib": 100616}
sample={"descendants": 2, "monotonic_seconds": 2.395, "rss_kib": 56860, "storage_kib": 138388}
sample={"descendants": 2, "monotonic_seconds": 3.408, "rss_kib": 56888, "storage_kib": 161120}
sample={"descendants": 2, "monotonic_seconds": 4.421, "rss_kib": 56800, "storage_kib": 183896}
sample={"descendants": 2, "monotonic_seconds": 5.436, "rss_kib": 218184, "storage_kib": 294264}
sample={"descendants": 2, "monotonic_seconds": 6.45, "rss_kib": 285352, "storage_kib": 401916}
sample={"descendants": 2, "monotonic_seconds": 7.464, "rss_kib": 433216, "storage_kib": 544084}
sample={"descendants": 1, "monotonic_seconds": 8.077, "rss_kib": 30080, "storage_kib": 527324}
status=rustup-install:0
command=rustc-version argv=['/root/.local/share/agent-builds/rhai/linux-shared-child-20261003-4bb0848f/agent-build-za974fnb/rustup-home/toolchains/1.77.2-x86_64-unknown-linux-gnu/bin/rustc', '--version', '--verbose']
sample={"descendants": 2, "monotonic_seconds": 8.089, "rss_kib": 30084, "storage_kib": 527332}
sample={"descendants": 1, "monotonic_seconds": 8.2, "rss_kib": 30136, "storage_kib": 527336}
status=rustc-version:0
command=cargo-version argv=['/root/.local/share/agent-builds/rhai/linux-shared-child-20261003-4bb0848f/agent-build-za974fnb/rustup-home/toolchains/1.77.2-x86_64-unknown-linux-gnu/bin/cargo', '--version', '--verbose']
sample={"descendants": 2, "monotonic_seconds": 8.211, "rss_kib": 30080, "storage_kib": 527340}
sample={"descendants": 1, "monotonic_seconds": 8.321, "rss_kib": 30140, "storage_kib": 527344}
status=cargo-version:0
command=row-0-wrong-status argv=['/root/.local/share/agent-builds/rhai/linux-shared-child-20261003-4bb0848f/agent-build-za974fnb/rustup-home/toolchains/1.77.2-x86_64-unknown-linux-gnu/bin/cargo', 'test', '--locked', '--features', 'testing-environ,sys', '--test', 'sys_process', 'shared_child_contract::', '--', '--nocapture', '--test-threads=1']
sample={"descendants": 2, "monotonic_seconds": 8.333, "rss_kib": 51216, "storage_kib": 527352}
sample={"descendants": 2, "monotonic_seconds": 9.346, "rss_kib": 72344, "storage_kib": 530628}
sample={"descendants": 2, "monotonic_seconds": 10.36, "rss_kib": 75332, "storage_kib": 533552}
sample={"descendants": 3, "monotonic_seconds": 11.38, "rss_kib": 262900, "storage_kib": 591324}
sample={"descendants": 4, "monotonic_seconds": 12.4, "rss_kib": 595796, "storage_kib": 612996}
sample={"descendants": 7, "monotonic_seconds": 13.42, "rss_kib": 345112, "storage_kib": 650372}
sample={"descendants": 4, "monotonic_seconds": 14.44, "rss_kib": 597368, "storage_kib": 666496}
sample={"descendants": 4, "monotonic_seconds": 15.461, "rss_kib": 658000, "storage_kib": 679204}
sample={"descendants": 4, "monotonic_seconds": 16.48, "rss_kib": 442316, "storage_kib": 715704}
sample={"descendants": 3, "monotonic_seconds": 17.5, "rss_kib": 537808, "storage_kib": 723676}
sample={"descendants": 3, "monotonic_seconds": 18.521, "rss_kib": 680548, "storage_kib": 723688}
sample={"descendants": 3, "monotonic_seconds": 19.542, "rss_kib": 891480, "storage_kib": 736816}
sample={"descendants": 3, "monotonic_seconds": 20.562, "rss_kib": 893368, "storage_kib": 751020}
sample={"descendants": 6, "monotonic_seconds": 21.582, "rss_kib": 413572, "storage_kib": 785860}
sample={"descendants": 5, "monotonic_seconds": 22.601, "rss_kib": 146980, "storage_kib": 792072}
sample={"descendants": 1, "monotonic_seconds": 22.719, "rss_kib": 30080, "storage_kib": 792068}
status=row-0-wrong-status:101
command=row-0-green argv=['/root/.local/share/agent-builds/rhai/linux-shared-child-20261003-4bb0848f/agent-build-za974fnb/rustup-home/toolchains/1.77.2-x86_64-unknown-linux-gnu/bin/cargo', 'test', '--locked', '--features', 'testing-environ,sys', '--test', 'sys_process', 'shared_child_contract::', '--', '--nocapture', '--test-threads=1']
sample={"descendants": 2, "monotonic_seconds": 22.738, "rss_kib": 66368, "storage_kib": 792076}
sample={"descendants": 5, "monotonic_seconds": 23.758, "rss_kib": 105292, "storage_kib": 792104}
sample={"descendants": 1, "monotonic_seconds": 24.477, "rss_kib": 30128, "storage_kib": 792100}
status=row-0-green:0
command=row-1-wrong-status argv=['/root/.local/share/agent-builds/rhai/linux-shared-child-20261003-4bb0848f/agent-build-za974fnb/rustup-home/toolchains/1.77.2-x86_64-unknown-linux-gnu/bin/cargo', 'test', '--locked', '--features', 'testing-environ,sys,sync', '--test', 'sys_process', 'shared_child_contract::', '--', '--nocapture', '--test-threads=1']
sample={"descendants": 2, "monotonic_seconds": 24.498, "rss_kib": 65764, "storage_kib": 792104}
sample={"descendants": 3, "monotonic_seconds": 25.519, "rss_kib": 329568, "storage_kib": 796728}
sample={"descendants": 3, "monotonic_seconds": 26.539, "rss_kib": 525920, "storage_kib": 796744}
sample={"descendants": 3, "monotonic_seconds": 27.559, "rss_kib": 675384, "storage_kib": 796752}
sample={"descendants": 3, "monotonic_seconds": 28.579, "rss_kib": 869328, "storage_kib": 810376}
sample={"descendants": 3, "monotonic_seconds": 29.6, "rss_kib": 892284, "storage_kib": 824228}
sample={"descendants": 6, "monotonic_seconds": 30.621, "rss_kib": 381288, "storage_kib": 857276}
sample={"descendants": 5, "monotonic_seconds": 31.639, "rss_kib": 106180, "storage_kib": 865708}
sample={"descendants": 5, "monotonic_seconds": 32.658, "rss_kib": 109768, "storage_kib": 865708}
sample={"descendants": 1, "monotonic_seconds": 32.977, "rss_kib": 30144, "storage_kib": 865700}
status=row-1-wrong-status:101
command=row-1-green argv=['/root/.local/share/agent-builds/rhai/linux-shared-child-20261003-4bb0848f/agent-build-za974fnb/rustup-home/toolchains/1.77.2-x86_64-unknown-linux-gnu/bin/cargo', 'test', '--locked', '--features', 'testing-environ,sys,sync', '--test', 'sys_process', 'shared_child_contract::', '--', '--nocapture', '--test-threads=1']
sample={"descendants": 2, "monotonic_seconds": 32.996, "rss_kib": 65780, "storage_kib": 865708}
sample={"descendants": 5, "monotonic_seconds": 34.016, "rss_kib": 102312, "storage_kib": 865732}
sample={"descendants": 5, "monotonic_seconds": 35.035, "rss_kib": 105576, "storage_kib": 865736}
sample={"descendants": 1, "monotonic_seconds": 35.554, "rss_kib": 30140, "storage_kib": 865732}
status=row-1-green:0
command=row-2-wrong-status argv=['/root/.local/share/agent-builds/rhai/linux-shared-child-20261003-4bb0848f/agent-build-za974fnb/rustup-home/toolchains/1.77.2-x86_64-unknown-linux-gnu/bin/cargo', 'test', '--locked', '--features', 'testing-environ,sys,sync,no_float', '--test', 'sys_process', 'shared_child_contract::', '--', '--nocapture', '--test-threads=1']
sample={"descendants": 2, "monotonic_seconds": 35.577, "rss_kib": 65992, "storage_kib": 865736}
sample={"descendants": 3, "monotonic_seconds": 36.597, "rss_kib": 444420, "storage_kib": 866256}
sample={"descendants": 3, "monotonic_seconds": 37.617, "rss_kib": 556248, "storage_kib": 866256}
sample={"descendants": 3, "monotonic_seconds": 38.638, "rss_kib": 757876, "storage_kib": 874732}
sample={"descendants": 3, "monotonic_seconds": 39.658, "rss_kib": 812284, "storage_kib": 889096}
sample={"descendants": 6, "monotonic_seconds": 40.68, "rss_kib": 317332, "storage_kib": 919936}
sample={"descendants": 5, "monotonic_seconds": 41.7, "rss_kib": 104988, "storage_kib": 930152}
sample={"descendants": 1, "monotonic_seconds": 41.818, "rss_kib": 30096, "storage_kib": 930144}
status=row-2-wrong-status:101
command=row-2-green argv=['/root/.local/share/agent-builds/rhai/linux-shared-child-20261003-4bb0848f/agent-build-za974fnb/rustup-home/toolchains/1.77.2-x86_64-unknown-linux-gnu/bin/cargo', 'test', '--locked', '--features', 'testing-environ,sys,sync,no_float', '--test', 'sys_process', 'shared_child_contract::', '--', '--nocapture', '--test-threads=1']
sample={"descendants": 2, "monotonic_seconds": 41.837, "rss_kib": 65976, "storage_kib": 930148}
sample={"descendants": 5, "monotonic_seconds": 42.857, "rss_kib": 102248, "storage_kib": 930176}
sample={"descendants": 1, "monotonic_seconds": 43.677, "rss_kib": 30092, "storage_kib": 930168}
status=row-2-green:0
./launch.sh: line 123: /proc/740470/stat: No such file or directory
run_scoped_status=0
runtime_cleanup_status=0 pid_readback_status=0 scope_cleanup_status=0
outer_status=0
