    Updating git repository `https://github.com/schungx/rustyline`
    Updating crates.io index
    Updating git repository `https://gitlab.com/jD91mZM2/no-std-compat.git`
 Downloading crates ...
  Downloaded fs-set-times v0.20.3
  Downloaded bitflags v2.13.2
  Downloaded crunchy v0.2.4
  Downloaded const-random v0.1.18
  Downloaded errno v0.3.14
  Downloaded const-random-macro v0.1.16
  Downloaded autocfg v1.5.1
  Downloaded ambient-authority v0.0.2
  Downloaded cap-std v4.0.3
  Downloaded itoa v1.0.15
  Downloaded ahash v0.8.12
  Downloaded cfg-if v1.0.5
  Downloaded byteorder v1.5.0
  Downloaded smartstring v1.0.1
  Downloaded quote v1.0.41
  Downloaded maybe-owned v0.3.4
  Downloaded cap-primitives v4.0.3
  Downloaded paste v1.0.15
  Downloaded ipnet v2.12.2
  Downloaded tiny-keccak v2.0.2
  Downloaded once_cell v1.21.4
  Downloaded io-extras v0.19.0
  Downloaded getrandom v0.2.17
  Downloaded static_assertions v1.1.0
  Downloaded rustix-linux-procfs v0.1.1
  Downloaded io-lifetimes v3.0.1
  Downloaded smallvec v1.16.2
  Downloaded thin-vec v0.2.19
  Downloaded version_check v0.9.5
  Downloaded serde v1.0.229
  Downloaded rmp v0.8.14
  Downloaded proc-macro2 v1.0.103
  Downloaded io-lifetimes v2.0.4
  Downloaded serde_core v1.0.229
  Downloaded rmp-serde v1.3.0
  Downloaded unicode-ident v1.0.22
  Downloaded num-traits v0.2.19
  Downloaded ryu v1.0.20
  Downloaded getrandom v0.3.4
  Downloaded memchr v2.8.3
  Downloaded serde_json v1.0.145
  Downloaded portable-atomic v1.15.0
  Downloaded zerocopy v0.8.59
  Downloaded syn v2.0.106
  Downloaded rustix v1.1.5
  Downloaded libc v0.2.189
  Downloaded linux-raw-sys v0.12.1
 Downloading crates ...
  Downloaded web-time v1.1.0
   Compiling autocfg v1.5.1
   Compiling portable-atomic v1.15.0
   Compiling libc v0.2.189
   Compiling rustix v1.1.5
   Compiling version_check v0.9.5
   Compiling crunchy v0.2.4
   Compiling io-lifetimes v2.0.4
   Compiling bitflags v2.13.2
   Compiling cfg-if v1.0.5
   Compiling io-lifetimes v3.0.1
   Compiling tiny-keccak v2.0.2
   Compiling proc-macro2 v1.0.103
   Compiling linux-raw-sys v0.12.1
   Compiling once_cell v1.21.4
   Compiling num-traits v0.2.19
   Compiling unicode-ident v1.0.22
   Compiling quote v1.0.41
   Compiling io-extras v0.19.0
   Compiling getrandom v0.2.17
   Compiling getrandom v0.3.4
   Compiling zerocopy v0.8.59
   Compiling serde_core v1.0.229
   Compiling cap-primitives v4.0.3
   Compiling const-random-macro v0.1.16
   Compiling fs-set-times v0.20.3
   Compiling rustix-linux-procfs v0.1.1
   Compiling ahash v0.8.12
   Compiling smartstring v1.0.1
   Compiling ipnet v2.12.2
   Compiling maybe-owned v0.3.4
   Compiling cap-std v4.0.3
   Compiling ambient-authority v0.0.2
   Compiling paste v1.0.15
   Compiling syn v2.0.106
   Compiling const-random v0.1.18
   Compiling rhai v1.26.1 (/var/roothome/.local/share/agent-builds/rhai/linux-shared-child-20261003-4bb0848f/agent-build-za974fnb/source)
   Compiling serde v1.0.229
   Compiling static_assertions v1.1.0
   Compiling rhai_codegen v3.2.0 (/var/roothome/.local/share/agent-builds/rhai/linux-shared-child-20261003-4bb0848f/agent-build-za974fnb/source/codegen)
   Compiling byteorder v1.5.0
   Compiling smallvec v1.16.2
   Compiling thin-vec v0.2.19
   Compiling serde_json v1.0.145
   Compiling rmp v0.8.14
   Compiling memchr v2.8.3
   Compiling ryu v1.0.20
   Compiling itoa v1.0.15
warning: the item `TryFrom` is imported redundantly
   --> src/func/func_call.rs:291:21
    |
291 |                 use std::convert::TryFrom;
    |                     ^^^^^^^^^^^^^^^^^^^^^
   --> /rustc/25ef9e3d85d934b27d9dada2f9dd52b1dc63bb04/library/std/src/prelude/mod.rs:129:13
    |
    = note: the item `TryFrom` is already defined here
    |
    = note: `#[warn(unused_imports)]` on by default

   Compiling rmp-serde v1.3.0
warning: variable does not need to be mutable
   --> src/packages/sys/process/unix.rs:668:13
    |
668 |         let mut wait_operation = "wait for child";
    |             ----^^^^^^^^^^^^^^
    |             |
    |             help: remove this `mut`
    |
    = note: `#[warn(unused_mut)]` on by default

warning: unused variable: `termination`
    --> src/packages/sys/process/unix.rs:1106:22
     |
1106 |                 let (termination, _operation) = if self.managed {
     |                      ^^^^^^^^^^^ help: if this is intentional, prefix it with an underscore: `_termination`
     |
     = note: `#[warn(unused_variables)]` on by default

warning: variable does not need to be mutable
    --> src/packages/sys/process/unix.rs:2134:9
     |
2134 |     let mut child =
     |         ----^^^^^
     |         |
     |         help: remove this `mut`

warning: variable does not need to be mutable
    --> src/packages/sys/process/unix.rs:2456:9
     |
2456 |     let mut pending = input.unwrap_or_default();
     |         ----^^^^^^^
     |         |
     |         help: remove this `mut`

warning: variant `OnlyZombieLeader` is never constructed
  --> src/packages/sys/process/unix.rs:50:5
   |
47 | enum GroupCloseOutcome {
   |      ----------------- variant in this enum
...
50 |     OnlyZombieLeader,
   |     ^^^^^^^^^^^^^^^^
   |
   = note: `GroupCloseOutcome` has derived impls for the traits `Clone` and `Debug`, but these are intentionally ignored during dead code analysis
   = note: `#[warn(dead_code)]` on by default

warning: methods `numeric_operations_probe`, `quarantine_observations_probe`, and `fail_reservation` are never used
    --> src/packages/sys/process/unix.rs:1470:8
     |
1390 | impl ExecutionFaults {
     | -------------------- methods in this implementation
...
1470 |     fn numeric_operations_probe(&self) -> Option<Arc<AtomicUsize>> {
     |        ^^^^^^^^^^^^^^^^^^^^^^^^
...
1481 |     fn quarantine_observations_probe(&self) -> Option<Arc<AtomicUsize>> {
     |        ^^^^^^^^^^^^^^^^^^^^^^^^^^^^^
...
1506 |     fn fail_reservation(&self) -> bool {
     |        ^^^^^^^^^^^^^^^^

warning: `rhai` (lib) generated 7 warnings (run `cargo fix --lib -p rhai` to apply 4 suggestions)
warning: unused import: `PathBuf`
 --> src/bin/rhai-run.rs:8:18
  |
8 |     path::{Path, PathBuf},
  |                  ^^^^^^^
  |
  = note: `#[warn(unused_imports)]` on by default

warning: variable does not need to be mutable
   --> tests/sys_process.rs:865:9
    |
865 |     let mut holder = command.spawn().expect("start escaped captured-pipe holder");
    |         ----^^^^^^
    |         |
    |         help: remove this `mut`
    |
    = note: `#[warn(unused_mut)]` on by default

warning: value assigned to `incomplete` is never read
    --> tests/sys_process.rs:1178:17
     |
1178 |         let mut incomplete = false;
     |                 ^^^^^^^^^^
     |
     = help: maybe it is overwritten before being read?
     = note: `#[warn(unused_assignments)]` on by default

warning: constant `DIRECT_DROP_RECORD_ENV` is never used
  --> tests/sys_process.rs:38:7
   |
38 | const DIRECT_DROP_RECORD_ENV: &str = "RHAI_SYS_DIRECT_DROP_RECORD";
   |       ^^^^^^^^^^^^^^^^^^^^^^
   |
   = note: `#[warn(dead_code)]` on by default

warning: unused `Dynamic` that must be used
   --> tests/fixtures/sys_process_shared_child_contract.rs:239:5
    |
239 |     engine.eval_with_scope::<Dynamic>(&mut scope, "child.kill()").expect("kill after completion is idempotent");
    |     ^^^^^^^^^^^^^^^^^^^^^^^^^^^^^^^^^^^^^^^^^^^^^^^^^^^^^^^^^^^^^^^^^^^^^^^^^^^^^^^^^^^^^^^^^^^^^^^^^^^^^^^^^^^
    |
    = note: `#[warn(unused_must_use)]` on by default
help: use `let _ = ...` to ignore the resulting value
    |
239 |     let _ = engine.eval_with_scope::<Dynamic>(&mut scope, "child.kill()").expect("kill after completion is idempotent");
    |     +++++++

warning: unused `Dynamic` that must be used
   --> tests/fixtures/sys_process_shared_child_contract.rs:240:5
    |
240 |     engine.eval_with_scope::<Dynamic>(&mut scope, "child.kill()").expect("repeated kill after completion is idempotent");
    |     ^^^^^^^^^^^^^^^^^^^^^^^^^^^^^^^^^^^^^^^^^^^^^^^^^^^^^^^^^^^^^^^^^^^^^^^^^^^^^^^^^^^^^^^^^^^^^^^^^^^^^^^^^^^^^^^^^^^^
    |
help: use `let _ = ...` to ignore the resulting value
    |
240 |     let _ = engine.eval_with_scope::<Dynamic>(&mut scope, "child.kill()").expect("repeated kill after completion is idempotent");
    |     +++++++

warning: `rhai` (bin "rhai-run") generated 1 warning (run `cargo fix --bin "rhai-run"` to apply 1 suggestion)
warning: `rhai` (test "sys_process") generated 5 warnings (run `cargo fix --test "sys_process"` to apply 1 suggestion)
    Finished test [unoptimized] target(s) in 13.33s
     Running tests/sys_process.rs (/root/.local/share/agent-builds/rhai/linux-shared-child-20261003-4bb0848f/agent-build-za974fnb/target/debug/deps/sys_process-7540f7d2e1301f52)
shared-child controller_started scenario=drop_false pid=741655 root=/root/.local/share/agent-builds/rhai/linux-shared-child-20261003-4bb0848f/agent-build-za974fnb/shared-child-fixture-741653-0
shared-child controller_reaped scenario=drop_false pid=741655 status=exit status: 0
shared-child controller_output scenario=drop_false stdout="\nrunning 1 test\n.\ntest result: ok. 1 passed; 0 failed; 0 ignored; 0 measured; 40 filtered out; finished in 0.02s\n\n" stderr="shared-child nonfinal-drop pid=741658 child_record=ready operational_probe=one\nshared-child final-drop kill_on_drop=false pid=741658 child_record=\"pid=741658 state=exited code=0\\n\" eventual_reap=ESRCH\n"
shared-child controller_esrch pid=741655 verified=true
shared-child scenario=drop_false controller_pid=741655 status=ok fixture_record=Some("pid=741658 state=exited code=0\n")
shared-child watchdog fixture_closure=verified pid=741658 reap=ESRCH production_reap=true
shared-child controller_started scenario=drop_true pid=741662 root=/root/.local/share/agent-builds/rhai/linux-shared-child-20261003-4bb0848f/agent-build-za974fnb/shared-child-fixture-741653-1
shared-child controller_reaped scenario=drop_true pid=741662 status=exit status: 0
shared-child controller_output scenario=drop_true stdout="\nrunning 1 test\n.\ntest result: ok. 1 passed; 0 failed; 0 ignored; 0 measured; 40 filtered out; finished in 0.03s\n\n" stderr="shared-child nonfinal-drop pid=741666 child_record=ready operational_probe=one\nshared-child final-drop kill_on_drop=true pid=741666 reap=ESRCH\n"
shared-child controller_esrch pid=741662 verified=true
shared-child scenario=drop_true controller_pid=741662 status=ok fixture_record=Some("pid=741666 state=ready\n")
shared-child watchdog fixture_closure=verified pid=741666 reap=ESRCH production_reap=true
shared-child controller_started scenario=drop_false pid=741669 root=/root/.local/share/agent-builds/rhai/linux-shared-child-20261003-4bb0848f/agent-build-za974fnb/shared-child-fixture-741653-2
shared-child controller_reaped scenario=drop_false pid=741669 status=exit status: 0
shared-child controller_output scenario=drop_false stdout="\nrunning 1 test\n.\ntest result: ok. 1 passed; 0 failed; 0 ignored; 0 measured; 40 filtered out; finished in 0.02s\n\n" stderr="shared-child nonfinal-drop pid=741672 child_record=ready operational_probe=one\nshared-child final-drop kill_on_drop=false pid=741672 child_record=\"pid=741672 state=exited code=0\\n\" eventual_reap=ESRCH\n"
shared-child controller_esrch pid=741669 verified=true
thread 'shared_child_contract::panic_expectation_rejects_success_and_unrelated_panics' panicked at tests/fixtures/sys_process_shared_child_contract.rs:443:13:
expected controller panic for scenario drop_false, but it succeeded
note: run with `RUST_BACKTRACE=1` environment variable to display a backtrace
shared-child watchdog fixture_closure=verified pid=741672 reap=ESRCH production_reap=true
shared-child controller_started scenario=unrelated_panic_control pid=741674 root=/root/.local/share/agent-builds/rhai/linux-shared-child-20261003-4bb0848f/agent-build-za974fnb/shared-child-fixture-741653-3
shared-child controller_reaped scenario=unrelated_panic_control pid=741674 status=exit status: 101
shared-child controller_output scenario=unrelated_panic_control stdout="\nrunning 1 test\nF\nfailures:\n\nfailures:\n    shared_child_contract::scenario_entry\n\ntest result: FAILED. 0 passed; 1 failed; 0 ignored; 0 measured; 40 filtered out; finished in 0.03s\n\n" stderr="thread 'shared_child_contract::scenario_entry' panicked at tests/fixtures/sys_process_shared_child_contract.rs:302:5:\nunrelated controller panic control\nnote: run with `RUST_BACKTRACE=1` environment variable to display a backtrace\nshared-child controller-panic-cleanup scenario=unrelated_panic_control payload=\"unrelated controller panic control\" fixture_pid=741677 reap=ESRCH verified=true\n"
shared-child controller_esrch pid=741674 verified=true
thread 'shared_child_contract::panic_expectation_rejects_success_and_unrelated_panics' panicked at tests/fixtures/sys_process_shared_child_contract.rs:423:21:
controller did not report the intended panic payload:

running 1 test
F
failures:

failures:
    shared_child_contract::scenario_entry

test result: FAILED. 0 passed; 1 failed; 0 ignored; 0 measured; 40 filtered out; finished in 0.03s

thread 'shared_child_contract::scenario_entry' panicked at tests/fixtures/sys_process_shared_child_contract.rs:302:5:
unrelated controller panic control
note: run with `RUST_BACKTRACE=1` environment variable to display a backtrace
shared-child controller-panic-cleanup scenario=unrelated_panic_control payload="unrelated controller panic control" fixture_pid=741677 reap=ESRCH verified=true

shared-child watchdog fixture_closure=verified pid=741677 reap=ESRCH production_reap=true
shared-child controller_started scenario=panic_cleanup pid=741682 root=/root/.local/share/agent-builds/rhai/linux-shared-child-20261003-4bb0848f/agent-build-za974fnb/shared-child-fixture-741653-4
shared-child controller_reaped scenario=panic_cleanup pid=741682 status=exit status: 101
shared-child controller_output scenario=panic_cleanup stdout="\nrunning 1 test\nF\nfailures:\n\nfailures:\n    shared_child_contract::scenario_entry\n\ntest result: FAILED. 0 passed; 1 failed; 0 ignored; 0 measured; 40 filtered out; finished in 0.03s\n\n" stderr="thread 'shared_child_contract::scenario_entry' panicked at tests/fixtures/sys_process_shared_child_contract.rs:293:5:\nintentional scenario panic with an owned live fixture\nnote: run with `RUST_BACKTRACE=1` environment variable to display a backtrace\nshared-child controller-panic-cleanup scenario=panic_cleanup payload=\"intentional scenario panic with an owned live fixture\" fixture_pid=741685 reap=ESRCH verified=true\n"
shared-child controller_esrch pid=741682 verified=true
shared-child panic-regression fixture_pid=741685 production_reap=verified record="pid=741685 state=exited code=0\n"
shared-child watchdog fixture_closure=verified pid=741685 reap=ESRCH production_reap=true
shared-child controller_started scenario=blocked_input_wait_snapshot pid=741688 root=/root/.local/share/agent-builds/rhai/linux-shared-child-20261003-4bb0848f/agent-build-za974fnb/shared-child-fixture-741653-5
shared-child controller_reaped scenario=blocked_input_wait_snapshot pid=741688 status=exit status: 101
shared-child controller_output scenario=blocked_input_wait_snapshot stdout="\nrunning 1 test\nF\nfailures:\n\nfailures:\n    shared_child_contract::scenario_entry\n\ntest result: FAILED. 0 passed; 1 failed; 0 ignored; 0 measured; 40 filtered out; finished in 0.85s\n\n" stderr="shared-child blocked-stdin ready pid=741691 spawn_elapsed_ms=2\nthread 'shared_child_contract::scenario_entry' panicked at tests/fixtures/sys_process_shared_child_contract.rs:223:5:\nassertion `left == right` failed\n  left: 17\n right: 19\nnote: run with `RUST_BACKTRACE=1` environment variable to display a backtrace\nshared-child controller-panic-cleanup scenario=blocked_input_wait_snapshot payload=\"assertion `left == right` failed\\n  left: 17\\n right: 19\" fixture_pid=741691 reap=ESRCH verified=true\n"
shared-child controller_esrch pid=741688 verified=true
thread 'shared_child_contract::spawn_returns_while_large_stdin_is_blocked_and_wait_snapshots_are_stable' panicked at tests/fixtures/sys_process_shared_child_contract.rs:435:17:
scenario blocked_input_wait_snapshot failed (exit status: 101)
stdout:

running 1 test
F
failures:

failures:
    shared_child_contract::scenario_entry

test result: FAILED. 0 passed; 1 failed; 0 ignored; 0 measured; 40 filtered out; finished in 0.85s


stderr:
shared-child blocked-stdin ready pid=741691 spawn_elapsed_ms=2
thread 'shared_child_contract::scenario_entry' panicked at tests/fixtures/sys_process_shared_child_contract.rs:223:5:
assertion `left == right` failed
  left: 17
 right: 19
note: run with `RUST_BACKTRACE=1` environment variable to display a backtrace
shared-child controller-panic-cleanup scenario=blocked_input_wait_snapshot payload="assertion `left == right` failed\n  left: 17\n right: 19" fixture_pid=741691 reap=ESRCH verified=true

shared-child watchdog fixture_closure=verified pid=741691 reap=ESRCH production_reap=true
error: test failed, to rerun pass `--test sys_process`
