 Downloading crates ...
  Downloaded spin v0.7.2
   Compiling rhai v1.26.1 (/private/var/folders/yk/m4dzf0ss5x9f4j4z3xb2rrv40000gn/T/agent-build-aqmi30bz/source)
   Compiling rhai_codegen v3.2.0 (/private/var/folders/yk/m4dzf0ss5x9f4j4z3xb2rrv40000gn/T/agent-build-aqmi30bz/source/codegen)
warning: unused import: `PathBuf`
 --> src/bin/rhai-run.rs:8:18
  |
8 |     path::{Path, PathBuf},
  |                  ^^^^^^^
  |
  = note: `#[warn(unused_imports)]` (part of `#[warn(unused)]`) on by default

warning: `rhai` (bin "rhai-run") generated 1 warning (run `cargo fix --bin "rhai-run" -p rhai` to apply 1 suggestion)
    Finished `test` profile [unoptimized + debuginfo] target(s) in 11.34s
     Running tests/net_connect.rs (/var/folders/yk/m4dzf0ss5x9f4j4z3xb2rrv40000gn/T/agent-build-aqmi30bz/target/debug/deps/net_connect-a71ac2442d31d40d)

running 4 tests
test authorized_connect_is_observed_and_clone_close_is_shared ... ok
test denied_and_invalid_endpoints_do_not_reach_peer_and_errors_are_catchable ... ok
test net_config_rejects_zero_deadline_and_invalid_handle_limits ... ok
test open_handle_limit_is_shared_across_package_engines_and_released_on_close ... ok

test result: ok. 4 passed; 0 failed; 0 ignored; 0 measured; 0 filtered out; finished in 0.01s

     Running tests/net_listen.rs (/var/folders/yk/m4dzf0ss5x9f4j4z3xb2rrv40000gn/T/agent-build-aqmi30bz/target/debug/deps/net_listen-b902c175f28f1716)

running 7 tests
test accepted_stream_uses_the_shared_package_quota_across_engines ... ok
test authorized_listener_accepts_an_independent_peer ... ok
test bind_failure_releases_listener_quota ... ok
test closing_a_clone_unblocks_an_accept_waiting_on_shared_quota ... FAILED
test denied_and_invalid_listener_endpoints_never_bind ... ok
test listener_clones_share_close_and_final_drop_releases_the_bind ... ok
test no_client_accept_times_out_with_catchable_net_error ... ok

failures:

---- closing_a_clone_unblocks_an_accept_waiting_on_shared_quota stdout ----

thread 'closing_a_clone_unblocks_an_accept_waiting_on_shared_quota' (51463289) panicked at tests/net_listen.rs:180:5:
accept reserves the shared quota before waiting
note: run with `RUST_BACKTRACE=1` environment variable to display a backtrace


failures:
    closing_a_clone_unblocks_an_accept_waiting_on_shared_quota

test result: FAILED. 6 passed; 1 failed; 0 ignored; 0 measured; 0 filtered out; finished in 2.10s

error: test failed, to rerun pass `--test net_listen`
