    Updating git repository `https://github.com/schungx/rustyline`
    Updating crates.io index
    Updating git repository `https://gitlab.com/jD91mZM2/no-std-compat.git`
 Downloading crates ...
  Downloaded byteorder v1.5.0
  Downloaded const-random-macro v0.1.16
  Downloaded maybe-owned v0.3.4
  Downloaded ambient-authority v0.0.2
  Downloaded errno v0.3.14
  Downloaded autocfg v1.5.1
  Downloaded itoa v1.0.15
  Downloaded const-random v0.1.18
  Downloaded crunchy v0.2.4
  Downloaded cfg-if v1.0.5
  Downloaded num-traits v0.2.19
  Downloaded version_check v0.9.5
  Downloaded fs-set-times v0.20.3
  Downloaded io-lifetimes v2.0.4
  Downloaded static_assertions v1.1.0
  Downloaded unicode-ident v1.0.22
  Downloaded thin-vec v0.2.19
  Downloaded smartstring v1.0.1
  Downloaded paste v1.0.15
  Downloaded quote v1.0.41
  Downloaded getrandom v0.2.17
  Downloaded io-extras v0.19.0
  Downloaded rustix-linux-procfs v0.1.1
  Downloaded rmp-serde v1.3.0
  Downloaded once_cell v1.21.4
  Downloaded ahash v0.8.12
  Downloaded smallvec v1.16.2
  Downloaded ipnet v2.12.2
  Downloaded ryu v1.0.20
  Downloaded tiny-keccak v2.0.2
  Downloaded rmp v0.8.14
  Downloaded serde_core v1.0.229
  Downloaded io-lifetimes v3.0.1
  Downloaded cap-std v4.0.3
  Downloaded getrandom v0.3.4
  Downloaded proc-macro2 v1.0.103
  Downloaded bitflags v2.13.2
  Downloaded serde v1.0.229
  Downloaded memchr v2.8.3
  Downloaded cap-primitives v4.0.3
  Downloaded serde_json v1.0.145
  Downloaded portable-atomic v1.15.0
  Downloaded syn v2.0.106
  Downloaded zerocopy v0.8.59
  Downloaded rustix v1.1.5
  Downloaded libc v0.2.189
  Downloaded linux-raw-sys v0.12.1
 Downloading crates ...
  Downloaded web-time v1.1.0
   Compiling autocfg v1.5.1
   Compiling portable-atomic v1.15.0
   Compiling rustix v1.1.5
   Compiling libc v0.2.189
   Compiling crunchy v0.2.4
   Compiling version_check v0.9.5
   Compiling tiny-keccak v2.0.2
   Compiling proc-macro2 v1.0.103
   Compiling io-lifetimes v3.0.1
   Compiling linux-raw-sys v0.12.1
   Compiling bitflags v2.13.2
   Compiling io-lifetimes v2.0.4
   Compiling cfg-if v1.0.5
   Compiling once_cell v1.21.4
   Compiling num-traits v0.2.19
   Compiling unicode-ident v1.0.22
   Compiling quote v1.0.41
   Compiling io-extras v0.19.0
   Compiling getrandom v0.2.17
   Compiling serde_core v1.0.229
   Compiling zerocopy v0.8.59
   Compiling cap-primitives v4.0.3
   Compiling getrandom v0.3.4
   Compiling const-random-macro v0.1.16
   Compiling fs-set-times v0.20.3
   Compiling rustix-linux-procfs v0.1.1
   Compiling smartstring v1.0.1
   Compiling ahash v0.8.12
   Compiling cap-std v4.0.3
   Compiling ipnet v2.12.2
   Compiling ambient-authority v0.0.2
   Compiling paste v1.0.15
   Compiling maybe-owned v0.3.4
   Compiling syn v2.0.106
   Compiling const-random v0.1.18
   Compiling rhai v1.26.1 (/var/roothome/.local/share/agent-builds/rhai/x30-fd-stability-20261007-1530z/agent-build-ojg5j413/source)
   Compiling serde v1.0.229
   Compiling static_assertions v1.1.0
   Compiling rhai_codegen v3.2.0 (/var/roothome/.local/share/agent-builds/rhai/x30-fd-stability-20261007-1530z/agent-build-ojg5j413/source/codegen)
   Compiling serde_json v1.0.145
   Compiling smallvec v1.16.2
   Compiling thin-vec v0.2.19
   Compiling byteorder v1.5.0
   Compiling rmp v0.8.14
   Compiling ryu v1.0.20
   Compiling itoa v1.0.15
   Compiling memchr v2.8.3
   Compiling rmp-serde v1.3.0
warning: variable does not need to be mutable
   --> src/packages/sys/process/unix.rs:678:13
    |
678 |         let mut wait_operation = "wait for child";
    |             ----^^^^^^^^^^^^^^
    |             |
    |             help: remove this `mut`
    |
    = note: `#[warn(unused_mut)]` (part of `#[warn(unused)]`) on by default

warning: unused variable: `termination`
    --> src/packages/sys/process/unix.rs:1118:22
     |
1118 |                 let (termination, _operation) = if self.managed {
     |                      ^^^^^^^^^^^ help: if this is intentional, prefix it with an underscore: `_termination`
     |
     = note: `#[warn(unused_variables)]` (part of `#[warn(unused)]`) on by default

warning: variable does not need to be mutable
    --> src/packages/sys/process/unix.rs:2192:9
     |
2192 |     let mut child =
     |         ----^^^^^
     |         |
     |         help: remove this `mut`

warning: variable does not need to be mutable
    --> src/packages/sys/process/unix.rs:2514:9
     |
2514 |     let mut pending = input.unwrap_or_default();
     |         ----^^^^^^^
     |         |
     |         help: remove this `mut`

warning: variant `OnlyZombieLeader` is never constructed
  --> src/packages/sys/process/unix.rs:50:5
   |
47 | enum GroupCloseOutcome {
   |      ----------------- variant in this enum
...
50 |     OnlyZombieLeader,
   |     ^^^^^^^^^^^^^^^^
   |
   = note: `GroupCloseOutcome` has derived impls for the traits `Clone` and `Debug`, but these are intentionally ignored during dead code analysis
   = note: `#[warn(dead_code)]` (part of `#[warn(unused)]`) on by default

warning: methods `numeric_operations_probe`, `quarantine_observations_probe`, and `fail_reservation` are never used
    --> src/packages/sys/process/unix.rs:1536:8
     |
1409 | impl ExecutionFaults {
     | -------------------- methods in this implementation
...
1536 |     fn numeric_operations_probe(&self) -> Option<Arc<AtomicUsize>> {
     |        ^^^^^^^^^^^^^^^^^^^^^^^^
...
1547 |     fn quarantine_observations_probe(&self) -> Option<Arc<AtomicUsize>> {
     |        ^^^^^^^^^^^^^^^^^^^^^^^^^^^^^
...
1572 |     fn fail_reservation(&self) -> bool {
     |        ^^^^^^^^^^^^^^^^

warning: `rhai` (lib) generated 6 warnings (run `cargo fix --lib -p rhai` to apply 4 suggestions)
warning: unused import: `PathBuf`
 --> src/bin/rhai-run.rs:8:18
  |
8 |     path::{Path, PathBuf},
  |                  ^^^^^^^
  |
  = note: `#[warn(unused_imports)]` (part of `#[warn(unused)]`) on by default

warning: variable does not need to be mutable
   --> tests/sys_process.rs:933:9
    |
933 |     let mut holder = command.spawn().expect("start escaped captured-pipe holder");
    |         ----^^^^^^
    |         |
    |         help: remove this `mut`
    |
    = note: `#[warn(unused_mut)]` (part of `#[warn(unused)]`) on by default

warning: `rhai` (bin "rhai-run") generated 1 warning (run `cargo fix --bin "rhai-run" -p rhai` to apply 1 suggestion)
warning: value assigned to `incomplete` is never read
    --> tests/sys_process.rs:1350:30
     |
1350 |         let mut incomplete = false;
     |                              ^^^^^
     |
     = help: maybe it is overwritten before being read?
     = note: `#[warn(unused_assignments)]` (part of `#[warn(unused)]`) on by default

warning: variable does not need to be mutable
    --> tests/sys_process.rs:2245:9
     |
2245 |     let mut sentinel = managed_spawn_sentinel();
     |         ----^^^^^^^^
     |         |
     |         help: remove this `mut`

warning: variable does not need to be mutable
    --> tests/sys_process.rs:2353:9
     |
2353 |     let mut sentinel = managed_spawn_sentinel();
     |         ----^^^^^^^^
     |         |
     |         help: remove this `mut`

warning: variable does not need to be mutable
    --> tests/sys_process.rs:2543:9
     |
2543 |     let mut sentinel = Sentinel(
     |         ----^^^^^^^^
     |         |
     |         help: remove this `mut`

warning: variable does not need to be mutable
    --> tests/sys_process.rs:2674:9
     |
2674 |     let mut sentinel = managed_spawn_sentinel();
     |         ----^^^^^^^^
     |         |
     |         help: remove this `mut`

warning: variable does not need to be mutable
    --> tests/sys_process.rs:2842:9
     |
2842 |     let mut sentinel = Sentinel(
     |         ----^^^^^^^^
     |         |
     |         help: remove this `mut`

warning: variable does not need to be mutable
    --> tests/sys_process.rs:2982:9
     |
2982 |     let mut sentinel = Sentinel(
     |         ----^^^^^^^^
     |         |
     |         help: remove this `mut`

warning: constant `DIRECT_DROP_RECORD_ENV` is never used
  --> tests/sys_process.rs:40:7
   |
40 | const DIRECT_DROP_RECORD_ENV: &str = "RHAI_SYS_DIRECT_DROP_RECORD";
   |       ^^^^^^^^^^^^^^^^^^^^^^
   |
   = note: `#[warn(dead_code)]` (part of `#[warn(unused)]`) on by default

warning: unused `Dynamic` that must be used
   --> tests/fixtures/sys_process_shared_child_contract.rs:239:5
    |
239 |     engine.eval_with_scope::<Dynamic>(&mut scope, "child.kill()").expect("kill after completion is idempotent");
    |     ^^^^^^^^^^^^^^^^^^^^^^^^^^^^^^^^^^^^^^^^^^^^^^^^^^^^^^^^^^^^^^^^^^^^^^^^^^^^^^^^^^^^^^^^^^^^^^^^^^^^^^^^^^^
    |
    = note: `#[warn(unused_must_use)]` (part of `#[warn(unused)]`) on by default
help: use `let _ = ...` to ignore the resulting value
    |
239 |     let _ = engine.eval_with_scope::<Dynamic>(&mut scope, "child.kill()").expect("kill after completion is idempotent");
    |     +++++++

warning: unused `Dynamic` that must be used
   --> tests/fixtures/sys_process_shared_child_contract.rs:240:5
    |
240 |     engine.eval_with_scope::<Dynamic>(&mut scope, "child.kill()").expect("repeated kill after completion is idempotent");
    |     ^^^^^^^^^^^^^^^^^^^^^^^^^^^^^^^^^^^^^^^^^^^^^^^^^^^^^^^^^^^^^^^^^^^^^^^^^^^^^^^^^^^^^^^^^^^^^^^^^^^^^^^^^^^^^^^^^^^^
    |
help: use `let _ = ...` to ignore the resulting value
    |
240 |     let _ = engine.eval_with_scope::<Dynamic>(&mut scope, "child.kill()").expect("repeated kill after completion is idempotent");
    |     +++++++

warning: `rhai` (test "sys_process") generated 11 warnings (run `cargo fix --test "sys_process" -p rhai` to apply 7 suggestions)
    Finished `test` profile [unoptimized + debuginfo] target(s) in 16.84s
     Running tests/sys_process.rs (/var/roothome/.local/share/agent-builds/rhai/x30-fd-stability-20261007-1530z/agent-build-ojg5j413/target/debug/deps/sys_process-a92db313acb0b004)

thread 'repeated_public_run_calls_keep_fd_count_stable' (1748995) panicked at tests/sys_process.rs:4570:5:
isolated X30 census failed with exit status: 101
stdout:

running 1 test
test repeated_public_run_calls_keep_fd_count_stable_isolated ... FAILED

failures:

failures:
    repeated_public_run_calls_keep_fd_count_stable_isolated

test result: FAILED. 0 passed; 1 failed; 0 ignored; 0 measured; 57 filtered out; finished in 6.62s


stderr:

thread 'repeated_public_run_calls_keep_fd_count_stable_isolated' (1748997) panicked at tests/sys_process.rs:4603:5:
assertion `left == right` failed: 200 sequential public run calls changed the descriptor count
  left: 4
 right: 5
note: run with `RUST_BACKTRACE=1` environment variable to display a backtrace

note: run with `RUST_BACKTRACE=1` environment variable to display a backtrace
error: test failed, to rerun pass `--test sys_process`
