child_wait_preserves_decoded_expansion_reports_and_committed_primary_cause: test
default_and_nonmatching_process_policies_deny_public_run_without_starting_child: test
direct_spawn_kill_on_drop_false_preserves_child_and_capture: test
direct_spawn_try_wait_returns_unit_until_child_exits: test
lossy_run_reports_engine_limit_expansion_without_returning_truncated_text: test
managed_false_drop_leader_fixture: test
managed_false_drop_leaf_fixture: test
managed_false_drop_worker_fixture: test
managed_run_closes_worker_after_leader_exit_and_preserves_sentinel: test
managed_scope_escape_fixture: test
managed_scope_leader_fixture: test
managed_scope_leaf_fixture: test
managed_scope_retained_pipe_holder_fixture: test
managed_scope_retained_pipe_leader_fixture: test
managed_scope_spawn_leader_fixture: test
managed_scope_worker_fixture: test
managed_spawn_final_clone_drop_stops_group_but_nonfinal_drop_does_not: test
managed_spawn_kill_finishes_capture_when_escaped_descendant_holds_pipes: test
managed_spawn_kill_on_drop_false_preserves_group_until_leader_exit: test
managed_spawn_kill_stops_leader_worker_leaf_and_preserves_sentinel: test
managed_spawn_post_reap_cancel_bounds_escaped_capture: test
managed_timeout_kills_leader_after_it_changes_process_group: test
missing_program_and_cwd_report_not_found_without_starting_child: test
process_cwd_uses_the_opened_filesystem_capability_after_root_replacement: test
process_fixture: test
process_output_limit_is_primary_and_retains_each_stream_prefix_at_n_plus_one: test
process_scope_overhead_measurement: test
process_script_output_option_cannot_raise_the_host_cap: test
process_supervisor_handles_large_simultaneous_io_and_exact_per_stream_caps: test
run_deadline_returns_bounded_partial_output_after_terminating_child: test
run_deadline_with_blocked_stdin_and_active_stdout_stderr: test
run_io_contract_blob_stdin_round_trip_with_concurrent_output: test
run_io_contract_empty_output: test
run_io_contract_string_stdin_round_trip: test
run_preserves_argv_boundaries_without_shell_interpolation: test
run_raw_captures_exact_stream_bytes_and_nonzero_exit_as_data: test
run_removes_inherited_environment_variable_from_public_child: test
run_reports_a_real_unix_child_signal_without_an_exit_code: test
shared_child_contract::final_drop_honors_both_kill_on_drop_policies: test
shared_child_contract::fixture_entry: test
shared_child_contract::nonfinal_child_clone_drop_keeps_the_real_child_available: test
shared_child_contract::panic_expectation_rejects_success_and_unrelated_panics: test
shared_child_contract::scenario_entry: test
shared_child_contract::scenario_panic_releases_and_reaps_the_owned_fixture: test
shared_child_contract::script_throw_drops_and_reaps_a_live_child: test
shared_child_contract::spawn_returns_while_large_stdin_is_blocked_and_wait_snapshots_are_stable: test
unit_stdin_means_immediate_eof: test
unit_timeout_disables_configured_default_deadline: test
zero_output_cap_reports_output_limit_with_an_empty_retained_prefix: test

49 tests, 0 benchmarks
