    Updating git repository `https://github.com/schungx/rustyline`
    Updating crates.io index
    Updating git repository `https://gitlab.com/jD91mZM2/no-std-compat.git`
 Downloading crates ...
  Downloaded ipnet v2.12.2
  Downloaded num-traits v0.2.19
  Downloaded itoa v1.0.15
  Downloaded const-random v0.1.18
  Downloaded cfg-if v1.0.5
  Downloaded const-random-macro v0.1.16
  Downloaded maybe-owned v0.3.4
  Downloaded crunchy v0.2.4
  Downloaded ambient-authority v0.0.2
  Downloaded byteorder v1.5.0
  Downloaded getrandom v0.2.17
  Downloaded paste v1.0.15
  Downloaded version_check v0.9.5
  Downloaded bitflags v2.13.2
  Downloaded static_assertions v1.1.0
  Downloaded getrandom v0.3.4
  Downloaded memchr v2.8.3
  Downloaded tiny-keccak v2.0.2
  Downloaded smallvec v1.16.2
  Downloaded quote v1.0.41
  Downloaded io-lifetimes v3.0.1
  Downloaded ryu v1.0.20
  Downloaded rmp-serde v1.3.0
  Downloaded proc-macro2 v1.0.103
  Downloaded serde_json v1.0.145
  Downloaded serde_core v1.0.229
  Downloaded zerocopy v0.8.59
  Downloaded syn v2.0.106
  Downloaded thin-vec v0.2.19
  Downloaded portable-atomic v1.15.0
  Downloaded ahash v0.8.12
  Downloaded rmp v0.8.14
  Downloaded rustix v1.1.5
  Downloaded libc v0.2.189
  Downloaded smartstring v1.0.1
  Downloaded unicode-ident v1.0.22
  Downloaded serde v1.0.229
  Downloaded cap-primitives v4.0.3
  Downloaded cap-std v4.0.3
  Downloaded once_cell v1.21.4
  Downloaded io-lifetimes v2.0.4
  Downloaded fs-set-times v0.20.3
  Downloaded autocfg v1.5.1
  Downloaded io-extras v0.19.0
  Downloaded errno v0.3.14
 Downloading crates ...
  Downloaded web-time v1.1.0
   Compiling libc v0.2.189
   Compiling autocfg v1.5.1
   Compiling version_check v0.9.5
   Compiling crunchy v0.2.4
   Compiling cfg-if v1.0.5
   Compiling tiny-keccak v2.0.2
   Compiling io-lifetimes v2.0.4
   Compiling io-lifetimes v3.0.1
   Compiling rustix v1.1.5
   Compiling proc-macro2 v1.0.103
   Compiling errno v0.3.14
   Compiling num-traits v0.2.19
   Compiling io-extras v0.19.0
   Compiling unicode-ident v1.0.22
   Compiling quote v1.0.41
   Compiling portable-atomic v1.15.0
   Compiling bitflags v2.13.2
   Compiling getrandom v0.2.17
   Compiling once_cell v1.21.4
   Compiling getrandom v0.3.4
   Compiling serde_core v1.0.229
   Compiling cap-primitives v4.0.3
   Compiling zerocopy v0.8.59
   Compiling const-random-macro v0.1.16
   Compiling fs-set-times v0.20.3
   Compiling ahash v0.8.12
   Compiling smartstring v1.0.1
   Compiling ipnet v2.12.2
   Compiling ambient-authority v0.0.2
   Compiling paste v1.0.15
   Compiling maybe-owned v0.3.4
   Compiling cap-std v4.0.3
   Compiling syn v2.0.106
   Compiling const-random v0.1.18
   Compiling serde v1.0.229
   Compiling rhai v1.26.1 (/private/var/folders/yk/m4dzf0ss5x9f4j4z3xb2rrv40000gn/T/agent-build-_o69dgy3/source)
   Compiling static_assertions v1.1.0
   Compiling rhai_codegen v3.2.0 (/private/var/folders/yk/m4dzf0ss5x9f4j4z3xb2rrv40000gn/T/agent-build-_o69dgy3/source/codegen)
   Compiling smallvec v1.16.2
   Compiling thin-vec v0.2.19
   Compiling serde_json v1.0.145
   Compiling byteorder v1.5.0
   Compiling rmp v0.8.14
   Compiling ryu v1.0.20
   Compiling itoa v1.0.15
   Compiling memchr v2.8.3
   Compiling rmp-serde v1.3.0
warning: unused import: `PathBuf`
 --> src/bin/rhai-run.rs:8:18
  |
8 |     path::{Path, PathBuf},
  |                  ^^^^^^^
  |
  = note: `#[warn(unused_imports)]` (part of `#[warn(unused)]`) on by default

warning: `rhai` (bin "rhai-run") generated 1 warning (run `cargo fix --bin "rhai-run" -p rhai` to apply 1 suggestion)
    Finished `test` profile [unoptimized] target(s) in 15.41s
  Executable tests/sys_env.rs (/var/folders/yk/m4dzf0ss5x9f4j4z3xb2rrv40000gn/T/agent-build-_o69dgy3/target/debug/deps/sys_env-7d664e9f26930b30)
  Executable tests/sys_fs.rs (/var/folders/yk/m4dzf0ss5x9f4j4z3xb2rrv40000gn/T/agent-build-_o69dgy3/target/debug/deps/sys_fs-c76f4e506db73b3b)
  Executable tests/sys_policy.rs (/var/folders/yk/m4dzf0ss5x9f4j4z3xb2rrv40000gn/T/agent-build-_o69dgy3/target/debug/deps/sys_policy-c2939995421949f4)
