warning: unused import: `PathBuf`
 --> src/bin/rhai-run.rs:8:18
  |
8 |     path::{Path, PathBuf},
  |                  ^^^^^^^
  |
  = note: `#[warn(unused_imports)]` (part of `#[warn(unused)]`) on by default

warning: `rhai` (bin "rhai-run") generated 1 warning (run `cargo fix --bin "rhai-run" -p rhai` to apply 1 suggestion)
    Finished `test` profile [unoptimized] target(s) in 0.06s
     Running tests/sys_fs.rs (/var/folders/yk/m4dzf0ss5x9f4j4z3xb2rrv40000gn/T/agent-build-_o69dgy3/target/debug/deps/sys_fs-c76f4e506db73b3b)

running 1 test
test test_file_handle_reads_obey_host_cap_and_reject_negative_lengths_without_moving ... 
thread 'test_file_handle_reads_obey_host_cap_and_reject_negative_lengths_without_moving' (52204543) panicked at tests/sys_fs.rs:161:5:
assertion `left == right` failed
  left: "abc"
 right: "wrong expectation"
note: run with `RUST_BACKTRACE=1` environment variable to display a backtrace
FAILED

failures:

failures:
    test_file_handle_reads_obey_host_cap_and_reject_negative_lengths_without_moving

test result: FAILED. 0 passed; 1 failed; 0 ignored; 0 measured; 33 filtered out; finished in 0.01s

error: test failed, to rerun pass `--test sys_fs`
