    Updating git repository `https://github.com/schungx/rustyline`
    Updating crates.io index
    Updating git repository `https://gitlab.com/jD91mZM2/no-std-compat.git`
 Downloading crates ...
  Downloaded ambient-authority v0.0.2
  Downloaded byteorder v1.5.0
  Downloaded crunchy v0.2.4
  Downloaded const-random-macro v0.1.16
  Downloaded ahash v0.8.12
  Downloaded itoa v1.0.15
  Downloaded io-lifetimes v2.0.4
  Downloaded autocfg v1.5.1
  Downloaded fs-set-times v0.20.3
  Downloaded tiny-keccak v2.0.2
  Downloaded cfg-if v1.0.5
  Downloaded version_check v0.9.5
  Downloaded static_assertions v1.1.0
  Downloaded rmp v0.8.14
  Downloaded smartstring v1.0.1
  Downloaded getrandom v0.2.17
  Downloaded unicode-ident v1.0.22
  Downloaded smallvec v1.16.2
  Downloaded rmp-serde v1.3.0
  Downloaded proc-macro2 v1.0.103
  Downloaded thin-vec v0.2.19
  Downloaded serde v1.0.229
  Downloaded serde_core v1.0.229
  Downloaded cap-primitives v4.0.3
  Downloaded memchr v2.8.3
  Downloaded num-traits v0.2.19
  Downloaded getrandom v0.3.4
  Downloaded serde_json v1.0.145
  Downloaded once_cell v1.21.4
  Downloaded cap-std v4.0.3
  Downloaded portable-atomic v1.15.0
  Downloaded io-extras v0.19.0
  Downloaded zerocopy v0.8.59
  Downloaded paste v1.0.15
  Downloaded syn v2.0.106
  Downloaded ipnet v2.12.2
  Downloaded ryu v1.0.20
  Downloaded quote v1.0.41
  Downloaded io-lifetimes v3.0.1
  Downloaded maybe-owned v0.3.4
  Downloaded errno v0.3.14
  Downloaded const-random v0.1.18
  Downloaded rustix v1.1.5
  Downloaded bitflags v2.13.2
  Downloaded libc v0.2.189
 Downloading crates ...
  Downloaded web-time v1.1.0
   Compiling libc v0.2.189
   Compiling autocfg v1.5.1
   Compiling crunchy v0.2.4
   Compiling version_check v0.9.5
   Compiling tiny-keccak v2.0.2
   Compiling rustix v1.1.5
   Compiling cfg-if v1.0.5
   Compiling io-lifetimes v2.0.4
   Compiling proc-macro2 v1.0.103
   Compiling io-lifetimes v3.0.1
   Compiling errno v0.3.14
   Compiling num-traits v0.2.19
   Compiling portable-atomic v1.15.0
   Compiling io-extras v0.19.0
   Compiling unicode-ident v1.0.22
   Compiling quote v1.0.41
   Compiling bitflags v2.13.2
   Compiling getrandom v0.2.17
   Compiling getrandom v0.3.4
   Compiling cap-primitives v4.0.3
   Compiling zerocopy v0.8.59
   Compiling serde_core v1.0.229
   Compiling once_cell v1.21.4
   Compiling const-random-macro v0.1.16
   Compiling fs-set-times v0.20.3
   Compiling smartstring v1.0.1
   Compiling ahash v0.8.12
   Compiling maybe-owned v0.3.4
   Compiling cap-std v4.0.3
   Compiling paste v1.0.15
   Compiling ipnet v2.12.2
   Compiling ambient-authority v0.0.2
   Compiling syn v2.0.106
   Compiling const-random v0.1.18
   Compiling rhai v1.26.1 (/Users/hoppworks/.local/share/agent-builds/rhai/ticket03-darwin-unchecked-host-cap-20261009T205837Z/agent-build-hp2x89g9/source)
   Compiling serde v1.0.229
   Compiling static_assertions v1.1.0
   Compiling rhai_codegen v3.2.0 (/Users/hoppworks/.local/share/agent-builds/rhai/ticket03-darwin-unchecked-host-cap-20261009T205837Z/agent-build-hp2x89g9/source/codegen)
   Compiling byteorder v1.5.0
   Compiling serde_json v1.0.145
   Compiling smallvec v1.16.2
   Compiling thin-vec v0.2.19
   Compiling rmp v0.8.14
   Compiling ryu v1.0.20
   Compiling memchr v2.8.3
warning: the item `TryFrom` is imported redundantly
   --> src/func/func_call.rs:291:21
    |
291 |                 use std::convert::TryFrom;
    |                     ^^^^^^^^^^^^^^^^^^^^^
   --> /rustc/25ef9e3d85d934b27d9dada2f9dd52b1dc63bb04/library/std/src/prelude/mod.rs:129:13
    |
    = note: the item `TryFrom` is already defined here
    |
    = note: `#[warn(unused_imports)]` on by default

   Compiling itoa v1.0.15
   Compiling rmp-serde v1.3.0
warning: unused variable: `ctx`
   --> src/packages/sys/fs.rs:566:36
    |
566 |     .set_into_module(module, move |ctx: NativeCallContext, file: FileHandle| -> Res<String> {
    |                                    ^^^ help: if this is intentional, prefix it with an underscore: `_ctx`
    |
    = note: `#[warn(unused_variables)]` on by default

warning: unused variable: `ctx`
   --> src/packages/sys/fs.rs:591:36
    |
591 |     .set_into_module(module, move |ctx: NativeCallContext, file: FileHandle, len: INT| -> Res<String> {
    |                                    ^^^ help: if this is intentional, prefix it with an underscore: `_ctx`

warning: unused variable: `ctx`
   --> src/packages/sys/fs.rs:619:40
    |
619 |         .set_into_module(module, move |ctx: NativeCallContext, file: FileHandle| -> Res<crate::Blob> {
    |                                        ^^^ help: if this is intentional, prefix it with an underscore: `_ctx`

warning: unused variable: `ctx`
   --> src/packages/sys/fs.rs:636:40
    |
636 |         .set_into_module(module, move |ctx: NativeCallContext, file: FileHandle, len: INT| -> Res<crate::Blob> {
    |                                        ^^^ help: if this is intentional, prefix it with an underscore: `_ctx`

warning: variable does not need to be mutable
   --> src/packages/sys/process/unix.rs:678:13
    |
678 |         let mut wait_operation = "wait for child";
    |             ----^^^^^^^^^^^^^^
    |             |
    |             help: remove this `mut`
    |
    = note: `#[warn(unused_mut)]` on by default

warning: unused variable: `termination`
    --> src/packages/sys/process/unix.rs:1118:22
     |
1118 |                 let (termination, _operation) = if self.managed {
     |                      ^^^^^^^^^^^ help: if this is intentional, prefix it with an underscore: `_termination`

warning: unused variable: `faults`
    --> src/packages/sys/process/unix.rs:2301:13
     |
2301 |     let mut faults = ExecutionFaults::take_for_execution();
     |             ^^^^^^ help: if this is intentional, prefix it with an underscore: `_faults`

warning: unused variable: `ctx`
    --> src/packages/sys/process/unix.rs:2269:5
     |
2269 |     ctx: &NativeCallContext,
     |     ^^^ help: if this is intentional, prefix it with an underscore: `_ctx`

warning: variable does not need to be mutable
    --> src/packages/sys/process/unix.rs:2301:9
     |
2301 |     let mut faults = ExecutionFaults::take_for_execution();
     |         ----^^^^^^
     |         |
     |         help: remove this `mut`

warning: variable does not need to be mutable
    --> src/packages/sys/process/unix.rs:2378:9
     |
2378 |     let mut child =
     |         ----^^^^^
     |         |
     |         help: remove this `mut`

warning: unused variable: `ctx`
    --> src/packages/sys/process/unix.rs:2420:5
     |
2420 |     ctx: &NativeCallContext,
     |     ^^^ help: if this is intentional, prefix it with an underscore: `_ctx`

warning: variable does not need to be mutable
    --> src/packages/sys/process/unix.rs:2721:9
     |
2721 |     let mut pending = input.unwrap_or_default();
     |         ----^^^^^^^
     |         |
     |         help: remove this `mut`

warning: methods `numeric_operations_probe`, `quarantine_observations_probe`, and `fail_reservation` are never used
    --> src/packages/sys/process/unix.rs:1549:8
     |
1422 | impl ExecutionFaults {
     | -------------------- methods in this implementation
...
1549 |     fn numeric_operations_probe(&self) -> Option<Arc<AtomicUsize>> {
     |        ^^^^^^^^^^^^^^^^^^^^^^^^
...
1560 |     fn quarantine_observations_probe(&self) -> Option<Arc<AtomicUsize>> {
     |        ^^^^^^^^^^^^^^^^^^^^^^^^^^^^^
...
1585 |     fn fail_reservation(&self) -> bool {
     |        ^^^^^^^^^^^^^^^^
     |
     = note: `#[warn(dead_code)]` on by default

warning: `rhai` (lib) generated 14 warnings (run `cargo fix --lib -p rhai` to apply 12 suggestions)
warning: unused import: `PathBuf`
 --> src/bin/rhai-run.rs:8:18
  |
8 |     path::{Path, PathBuf},
  |                  ^^^^^^^
  |
  = note: `#[warn(unused_imports)]` on by default

error[E0599]: no method named `set_max_string_size` found for struct `Engine` in the current scope
    --> tests/sys_process.rs:5600:12
     |
5600 |     engine.set_max_string_size(INPUT_BYTES + 4096);
     |            ^^^^^^^^^^^^^^^^^^^ help: there is a method with a similar name: `set_max_strings_interned`

For more information about this error, try `rustc --explain E0599`.
error: could not compile `rhai` (test "sys_process") due to 1 previous error
warning: build failed, waiting for other jobs to finish...
warning: `rhai` (bin "rhai-run") generated 1 warning (run `cargo fix --bin "rhai-run"` to apply 1 suggestion)
