    Updating git repository `https://github.com/schungx/rustyline`
    Updating crates.io index
    Updating git repository `https://gitlab.com/jD91mZM2/no-std-compat.git`
     Locking 130 packages to latest compatible versions
      Adding getrandom v0.3.4 (available: v0.4.3)
      Adding hashbrown v0.16.1 (available: v0.17.1)
      Adding syn v2.0.119 (available: v3.0.6)
 Downloading crates ...
  Downloaded ahash v0.8.12
  Downloaded cfg-if v1.0.5
  Downloaded unicode-ident v1.0.26
  Downloaded memchr v2.8.3
  Downloaded zmij v1.0.23
  Downloaded smallvec v1.16.2
  Downloaded crunchy v0.2.4
  Downloaded autocfg v1.5.1
  Downloaded serde_core v1.0.229
  Downloaded num-traits v0.2.19
  Downloaded rmp v0.8.15
  Downloaded getrandom v0.3.4
  Downloaded const-random v0.1.18
  Downloaded smartstring v1.0.1
  Downloaded itoa v1.0.18
  Downloaded rmp-serde v1.3.1
  Downloaded getrandom v0.2.17
  Downloaded version_check v0.9.5
  Downloaded thin-vec v0.2.20
  Downloaded tiny-keccak v2.0.2
  Downloaded static_assertions v1.1.0
  Downloaded proc-macro2 v1.0.107
  Downloaded const-random-macro v0.1.16
  Downloaded once_cell v1.21.4
  Downloaded syn v2.0.119
  Downloaded serde_json v1.0.151
  Downloaded bitflags v2.13.2
  Downloaded serde v1.0.229
  Downloaded zerocopy v0.8.59
  Downloaded portable-atomic v1.15.0
  Downloaded libc v0.2.189
  Downloaded quote v1.0.47
 Downloading crates ...
  Downloaded web-time v1.1.0
   Compiling autocfg v1.5.1
   Compiling libc v0.2.189
   Compiling version_check v0.9.5
   Compiling crunchy v0.2.4
   Compiling proc-macro2 v1.0.107
   Compiling tiny-keccak v2.0.2
   Compiling cfg-if v1.0.5
   Compiling num-traits v0.2.19
   Compiling portable-atomic v1.15.0
   Compiling quote v1.0.47
   Compiling unicode-ident v1.0.26
   Compiling getrandom v0.2.17
   Compiling serde_core v1.0.229
   Compiling zerocopy v0.8.59
   Compiling once_cell v1.21.4
   Compiling getrandom v0.3.4
   Compiling const-random-macro v0.1.16
   Compiling ahash v0.8.12
   Compiling smartstring v1.0.1
   Compiling syn v2.0.119
   Compiling const-random v0.1.18
   Compiling serde v1.0.229
   Compiling rhai v1.26.1 (/private/var/folders/yk/m4dzf0ss5x9f4j4z3xb2rrv40000gn/T/agent-build-9l4yb84l/source)
   Compiling zmij v1.0.23
   Compiling static_assertions v1.1.0
   Compiling rhai_codegen v3.2.0 (/private/var/folders/yk/m4dzf0ss5x9f4j4z3xb2rrv40000gn/T/agent-build-9l4yb84l/source/codegen)
   Compiling thin-vec v0.2.20
   Compiling smallvec v1.16.2
   Compiling bitflags v2.13.2
   Compiling serde_json v1.0.151
   Compiling rmp v0.8.15
   Compiling memchr v2.8.3
   Compiling itoa v1.0.18
   Compiling rmp-serde v1.3.1
warning: unused import: `PathBuf`
 --> src/bin/rhai-run.rs:8:18
  |
8 |     path::{Path, PathBuf},
  |                  ^^^^^^^
  |
  = note: `#[warn(unused_imports)]` (part of `#[warn(unused)]`) on by default

warning: variable does not need to be mutable
  --> tests/net_writes.rs:11:24
   |
11 | fn read_bounded_to_end(mut stream: &TcpStream, max_bytes: usize) -> Vec<u8> {
   |                        ----^^^^^^
   |                        |
   |                        help: remove this `mut`
   |
   = note: `#[warn(unused_mut)]` (part of `#[warn(unused)]`) on by default

warning: variable does not need to be mutable
  --> tests/net_writes.rs:62:10
   |
62 |         |mut peer| read_bounded_to_end(&peer, 20 * 1024 * 1024),
   |          ----^^^^
   |          |
   |          help: remove this `mut`

warning: variable does not need to be mutable
  --> tests/net_writes.rs:83:10
   |
83 |         |mut peer| read_bounded_to_end(&peer, 20 * 1024 * 1024),
   |          ----^^^^
   |          |
   |          help: remove this `mut`

warning: variable does not need to be mutable
   --> tests/net_writes.rs:204:10
    |
204 |         |mut peer| read_bounded_to_end(&peer, 20 * 1024 * 1024),
    |          ----^^^^
    |          |
    |          help: remove this `mut`

warning: variable does not need to be mutable
   --> tests/net_writes.rs:261:10
    |
261 |         |mut peer| read_bounded_to_end(&peer, 20 * 1024 * 1024),
    |          ----^^^^
    |          |
    |          help: remove this `mut`

warning: variable does not need to be mutable
   --> tests/net_writes.rs:280:9
    |
280 |     let mut engine = engine(NetConfig::default().allow_listen("127.0.0.1:0".parse().unwrap()));
    |         ----^^^^^^
    |         |
    |         help: remove this `mut`

warning: variable does not need to be mutable
   --> tests/net_writes.rs:284:9
    |
284 |     let mut peer = TcpStream::connect(address.parse::<SocketAddr>().unwrap()).unwrap();
    |         ----^^^^
    |         |
    |         help: remove this `mut`

warning: variable does not need to be mutable
   --> tests/net_writes.rs:301:9
    |
301 |     let mut engine = engine(NetConfig::default().allow_listen("127.0.0.1:0".parse().unwrap()).max_write_bytes(2));
    |         ----^^^^^^
    |         |
    |         help: remove this `mut`

warning: unused return value of `rhai::Scope::<'_>::remove` that must be used
   --> tests/net_writes.rs:241:13
    |
241 |             scope.remove::<String>("payload");
    |             ^^^^^^^^^^^^^^^^^^^^^^^^^^^^^^^^^
    |
    = note: `#[warn(unused_must_use)]` (part of `#[warn(unused)]`) on by default
help: use `let _ = ...` to ignore the resulting value
    |
241 |             let _ = scope.remove::<String>("payload");
    |             +++++++

warning: `rhai` (bin "rhai-run") generated 1 warning (run `cargo fix --bin "rhai-run" -p rhai` to apply 1 suggestion)
warning: `rhai` (test "net_writes") generated 9 warnings (run `cargo fix --test "net_writes" -p rhai` to apply 8 suggestions)
    Finished `test` profile [unoptimized + debuginfo] target(s) in 19.26s
     Running tests/net_writes.rs (/var/folders/yk/m4dzf0ss5x9f4j4z3xb2rrv40000gn/T/agent-build-9l4yb84l/target/debug/deps/net_writes-6b98901fe6045efd)

running 10 tests
test invalid_host_write_bounds_are_rejected ... ok
test script_write_blob_preserves_exact_bytes ... ok
test script_writes_string_and_write_all_report_real_peer_bytes ... ok
test engine_string_limit_rejects_write_before_peer_bytes ... ok
test host_write_cap_rejects_oversize_input_without_peer_bytes ... ok
test read_half_close_is_idempotent_and_keeps_stream_open_for_close ... ok
test accepted_stream_writes_are_read_back_by_the_peer ... ok
test accepted_stream_inherits_host_write_cap ... ok
test write_half_close_keeps_the_read_direction_and_is_idempotent ... ok
test bounded_write_timeout_reports_partial_bytes_matching_peer_readback ... ok

test result: ok. 10 passed; 0 failed; 0 ignored; 0 measured; 0 filtered out; finished in 0.04s

