   Compiling rhai v1.26.1 (/private/var/folders/yk/m4dzf0ss5x9f4j4z3xb2rrv40000gn/T/agent-build-9l4yb84l/source)
warning: unused variable: `ctx`
   --> src/packages/net/stream.rs:559:9
    |
559 |         ctx: NativeCallContext,
    |         ^^^ help: if this is intentional, prefix it with an underscore: `_ctx`
    |
    = note: `#[warn(unused_variables)]` (part of `#[warn(unused)]`) on by default

warning: unused variable: `ctx`
   --> src/packages/net/stream.rs:572:9
    |
572 |         ctx: NativeCallContext,
    |         ^^^ help: if this is intentional, prefix it with an underscore: `_ctx`

warning: unused variable: `ctx`
   --> src/packages/net/stream.rs:586:9
    |
586 |         ctx: NativeCallContext,
    |         ^^^ help: if this is intentional, prefix it with an underscore: `_ctx`

warning: unused variable: `ctx`
   --> src/packages/net/stream.rs:599:9
    |
599 |         ctx: NativeCallContext,
    |         ^^^ help: if this is intentional, prefix it with an underscore: `_ctx`

warning: unused variable: `ctx`
   --> src/packages/net/stream.rs:614:9
    |
614 |         ctx: NativeCallContext,
    |         ^^^ help: if this is intentional, prefix it with an underscore: `_ctx`

warning: unused variable: `ctx`
   --> src/packages/net/stream.rs:628:9
    |
628 |         ctx: NativeCallContext,
    |         ^^^ help: if this is intentional, prefix it with an underscore: `_ctx`

warning: unused variable: `ctx`
   --> src/packages/net/stream.rs:643:9
    |
643 |         ctx: NativeCallContext,
    |         ^^^ help: if this is intentional, prefix it with an underscore: `_ctx`

warning: unused variable: `ctx`
   --> src/packages/net/stream.rs:657:9
    |
657 |         ctx: NativeCallContext,
    |         ^^^ help: if this is intentional, prefix it with an underscore: `_ctx`

warning: unused variable: `ctx`
   --> src/packages/net/stream.rs:672:9
    |
672 |         ctx: NativeCallContext,
    |         ^^^ help: if this is intentional, prefix it with an underscore: `_ctx`

warning: unused variable: `ctx`
   --> src/packages/net/stream.rs:686:9
    |
686 |         ctx: NativeCallContext,
    |         ^^^ help: if this is intentional, prefix it with an underscore: `_ctx`

warning: unused variable: `ctx`
   --> src/packages/net/stream.rs:701:9
    |
701 |         ctx: NativeCallContext,
    |         ^^^ help: if this is intentional, prefix it with an underscore: `_ctx`

warning: unused variable: `ctx`
   --> src/packages/net/stream.rs:715:9
    |
715 |         ctx: NativeCallContext,
    |         ^^^ help: if this is intentional, prefix it with an underscore: `_ctx`

warning: unused variable: `ctx`
   --> src/packages/net/stream.rs:729:9
    |
729 |         ctx: NativeCallContext,
    |         ^^^ help: if this is intentional, prefix it with an underscore: `_ctx`

warning: unused variable: `ctx`
   --> src/packages/net/stream.rs:742:9
    |
742 |         ctx: NativeCallContext,
    |         ^^^ help: if this is intentional, prefix it with an underscore: `_ctx`

warning: unused variable: `ctx`
   --> src/packages/net/stream.rs:756:9
    |
756 |         ctx: NativeCallContext,
    |         ^^^ help: if this is intentional, prefix it with an underscore: `_ctx`

warning: unused variable: `ctx`
   --> src/packages/net/stream.rs:769:9
    |
769 |         ctx: NativeCallContext,
    |         ^^^ help: if this is intentional, prefix it with an underscore: `_ctx`

warning: `rhai` (lib) generated 16 warnings (run `cargo fix --lib -p rhai` to apply 16 suggestions)
warning: unused import: `PathBuf`
 --> src/bin/rhai-run.rs:8:18
  |
8 |     path::{Path, PathBuf},
  |                  ^^^^^^^
  |
  = note: `#[warn(unused_imports)]` (part of `#[warn(unused)]`) on by default

warning: variable does not need to be mutable
  --> tests/net_writes.rs:11:24
   |
11 | fn read_bounded_to_end(mut stream: &TcpStream, max_bytes: usize) -> Vec<u8> {
   |                        ----^^^^^^
   |                        |
   |                        help: remove this `mut`
   |
   = note: `#[warn(unused_mut)]` (part of `#[warn(unused)]`) on by default

warning: variable does not need to be mutable
  --> tests/net_writes.rs:62:10
   |
62 |         |mut peer| read_bounded_to_end(&peer, 20 * 1024 * 1024),
   |          ----^^^^
   |          |
   |          help: remove this `mut`

warning: variable does not need to be mutable
  --> tests/net_writes.rs:83:10
   |
83 |         |mut peer| read_bounded_to_end(&peer, 20 * 1024 * 1024),
   |          ----^^^^
   |          |
   |          help: remove this `mut`

warning: variable does not need to be mutable
   --> tests/net_writes.rs:204:10
    |
204 |         |mut peer| read_bounded_to_end(&peer, 20 * 1024 * 1024),
    |          ----^^^^
    |          |
    |          help: remove this `mut`

warning: variable does not need to be mutable
   --> tests/net_writes.rs:261:10
    |
261 |         |mut peer| read_bounded_to_end(&peer, 20 * 1024 * 1024),
    |          ----^^^^
    |          |
    |          help: remove this `mut`

warning: variable does not need to be mutable
   --> tests/net_writes.rs:280:9
    |
280 |     let mut engine = engine(NetConfig::default().allow_listen("127.0.0.1:0".parse().unwrap()));
    |         ----^^^^^^
    |         |
    |         help: remove this `mut`

warning: variable does not need to be mutable
   --> tests/net_writes.rs:284:9
    |
284 |     let mut peer = TcpStream::connect(address.parse::<SocketAddr>().unwrap()).unwrap();
    |         ----^^^^
    |         |
    |         help: remove this `mut`

warning: variable does not need to be mutable
   --> tests/net_writes.rs:301:9
    |
301 |     let mut engine = engine(NetConfig::default().allow_listen("127.0.0.1:0".parse().unwrap()).max_write_bytes(2));
    |         ----^^^^^^
    |         |
    |         help: remove this `mut`

warning: `rhai` (bin "rhai-run") generated 1 warning (run `cargo fix --bin "rhai-run" -p rhai` to apply 1 suggestion)
warning: `rhai` (test "net_writes") generated 8 warnings (run `cargo fix --test "net_writes" -p rhai` to apply 8 suggestions)
    Finished `test` profile [unoptimized + debuginfo] target(s) in 8.98s
     Running tests/net_writes.rs (/var/folders/yk/m4dzf0ss5x9f4j4z3xb2rrv40000gn/T/agent-build-9l4yb84l/target/debug/deps/net_writes-cfe5583a5f184920)

running 9 tests
test invalid_host_write_bounds_are_rejected ... ok
test host_write_cap_rejects_oversize_input_without_peer_bytes ... ok
test read_half_close_is_idempotent_and_keeps_stream_open_for_close ... ok
test script_write_blob_preserves_exact_bytes ... ok
test accepted_stream_inherits_host_write_cap ... ok
test accepted_stream_writes_are_read_back_by_the_peer ... ok
test script_writes_string_and_write_all_report_real_peer_bytes ... ok
test write_half_close_keeps_the_read_direction_and_is_idempotent ... ok
test bounded_write_timeout_reports_partial_bytes_matching_peer_readback ... ok

test result: ok. 9 passed; 0 failed; 0 ignored; 0 measured; 0 filtered out; finished in 0.04s

