   Compiling rhai v1.26.1 (/private/var/folders/yk/m4dzf0ss5x9f4j4z3xb2rrv40000gn/T/agent-build-9l4yb84l/source)
warning: unused import: `PathBuf`
 --> src/bin/rhai-run.rs:8:18
  |
8 |     path::{Path, PathBuf},
  |                  ^^^^^^^
  |
  = note: `#[warn(unused_imports)]` (part of `#[warn(unused)]`) on by default

warning: variable does not need to be mutable
  --> tests/net_writes.rs:11:24
   |
11 | fn read_bounded_to_end(mut stream: &TcpStream, max_bytes: usize) -> Vec<u8> {
   |                        ----^^^^^^
   |                        |
   |                        help: remove this `mut`
   |
   = note: `#[warn(unused_mut)]` (part of `#[warn(unused)]`) on by default

warning: variable does not need to be mutable
  --> tests/net_writes.rs:62:10
   |
62 |         |mut peer| read_bounded_to_end(&peer, 20 * 1024 * 1024),
   |          ----^^^^
   |          |
   |          help: remove this `mut`

warning: variable does not need to be mutable
  --> tests/net_writes.rs:83:10
   |
83 |         |mut peer| read_bounded_to_end(&peer, 20 * 1024 * 1024),
   |          ----^^^^
   |          |
   |          help: remove this `mut`

warning: variable does not need to be mutable
   --> tests/net_writes.rs:204:10
    |
204 |         |mut peer| read_bounded_to_end(&peer, 20 * 1024 * 1024),
    |          ----^^^^
    |          |
    |          help: remove this `mut`

warning: variable does not need to be mutable
   --> tests/net_writes.rs:261:10
    |
261 |         |mut peer| read_bounded_to_end(&peer, 20 * 1024 * 1024),
    |          ----^^^^
    |          |
    |          help: remove this `mut`

warning: variable does not need to be mutable
   --> tests/net_writes.rs:280:9
    |
280 |     let mut engine = engine(NetConfig::default().allow_listen("127.0.0.1:0".parse().unwrap()));
    |         ----^^^^^^
    |         |
    |         help: remove this `mut`

warning: variable does not need to be mutable
   --> tests/net_writes.rs:284:9
    |
284 |     let mut peer = TcpStream::connect(address.parse::<SocketAddr>().unwrap()).unwrap();
    |         ----^^^^
    |         |
    |         help: remove this `mut`

warning: variable does not need to be mutable
   --> tests/net_writes.rs:301:9
    |
301 |     let mut engine = engine(NetConfig::default().allow_listen("127.0.0.1:0".parse().unwrap()).max_write_bytes(2));
    |         ----^^^^^^
    |         |
    |         help: remove this `mut`

warning: unused return value of `rhai::Scope::<'_>::remove` that must be used
   --> tests/net_writes.rs:241:13
    |
241 |             scope.remove::<String>("payload");
    |             ^^^^^^^^^^^^^^^^^^^^^^^^^^^^^^^^^
    |
    = note: `#[warn(unused_must_use)]` (part of `#[warn(unused)]`) on by default
help: use `let _ = ...` to ignore the resulting value
    |
241 |             let _ = scope.remove::<String>("payload");
    |             +++++++

warning: `rhai` (bin "rhai-run") generated 1 warning (run `cargo fix --bin "rhai-run" -p rhai` to apply 1 suggestion)
warning: `rhai` (test "net_writes") generated 9 warnings (run `cargo fix --test "net_writes" -p rhai` to apply 8 suggestions)
    Finished `test` profile [unoptimized + debuginfo] target(s) in 2.18s
     Running tests/net_writes.rs (/var/folders/yk/m4dzf0ss5x9f4j4z3xb2rrv40000gn/T/agent-build-9l4yb84l/target/debug/deps/net_writes-6b98901fe6045efd)

running 1 test

thread 'script_write_blob_preserves_exact_bytes' (51842620) panicked at tests/net_writes.rs:101:9:
assertion `left == right` failed
  left: [0, 255, 65]
 right: [0, 254, 65]
note: run with `RUST_BACKTRACE=1` environment variable to display a backtrace
test script_write_blob_preserves_exact_bytes ... FAILED

failures:

failures:
    script_write_blob_preserves_exact_bytes

test result: FAILED. 0 passed; 1 failed; 0 ignored; 0 measured; 9 filtered out; finished in 0.01s

error: test failed, to rerun pass `--test net_writes`
