 Downloading crates ...
  Downloaded serde_derive v1.0.229
  Downloaded syn v3.0.6
   Compiling syn v3.0.6
   Compiling serde v1.0.229
   Compiling rhai v1.26.1 (/private/var/folders/yk/m4dzf0ss5x9f4j4z3xb2rrv40000gn/T/agent-build-kms1hey7/source)
   Compiling rhai_codegen v3.2.0 (/private/var/folders/yk/m4dzf0ss5x9f4j4z3xb2rrv40000gn/T/agent-build-kms1hey7/source/codegen)
   Compiling serde_derive v1.0.229
   Compiling smallvec v1.16.2
   Compiling rmp-serde v1.3.1
warning: unused import: `PathBuf`
 --> src/bin/rhai-run.rs:8:18
  |
8 |     path::{Path, PathBuf},
  |                  ^^^^^^^
  |
  = note: `#[warn(unused_imports)]` (part of `#[warn(unused)]`) on by default

warning: variable does not need to be mutable
  --> tests/net_writes.rs:11:24
   |
11 | fn read_bounded_to_end(mut stream: &TcpStream, max_bytes: usize) -> Vec<u8> {
   |                        ----^^^^^^
   |                        |
   |                        help: remove this `mut`
   |
   = note: `#[warn(unused_mut)]` (part of `#[warn(unused)]`) on by default

warning: variable does not need to be mutable
  --> tests/net_writes.rs:62:10
   |
62 |         |mut peer| read_bounded_to_end(&peer, 20 * 1024 * 1024),
   |          ----^^^^
   |          |
   |          help: remove this `mut`

warning: variable does not need to be mutable
  --> tests/net_writes.rs:83:10
   |
83 |         |mut peer| read_bounded_to_end(&peer, 20 * 1024 * 1024),
   |          ----^^^^
   |          |
   |          help: remove this `mut`

warning: variable does not need to be mutable
   --> tests/net_writes.rs:202:10
    |
202 |         |mut peer| read_bounded_to_end(&peer, 20 * 1024 * 1024),
    |          ----^^^^
    |          |
    |          help: remove this `mut`

warning: variable does not need to be mutable
   --> tests/net_writes.rs:255:10
    |
255 |         |mut peer| read_bounded_to_end(&peer, 20 * 1024 * 1024),
    |          ----^^^^
    |          |
    |          help: remove this `mut`

warning: variable does not need to be mutable
   --> tests/net_writes.rs:274:9
    |
274 |     let mut engine = engine(NetConfig::default().allow_listen("127.0.0.1:0".parse().unwrap()));
    |         ----^^^^^^
    |         |
    |         help: remove this `mut`

warning: variable does not need to be mutable
   --> tests/net_writes.rs:278:9
    |
278 |     let mut peer = TcpStream::connect(address.parse::<SocketAddr>().unwrap()).unwrap();
    |         ----^^^^
    |         |
    |         help: remove this `mut`

warning: variable does not need to be mutable
   --> tests/net_writes.rs:295:9
    |
295 |     let mut engine = engine(NetConfig::default().allow_listen("127.0.0.1:0".parse().unwrap()).max_write_bytes(2));
    |         ----^^^^^^
    |         |
    |         help: remove this `mut`

warning: `rhai` (bin "rhai-run") generated 1 warning (run `cargo fix --bin "rhai-run" -p rhai` to apply 1 suggestion)
warning: `rhai` (test "net_writes") generated 8 warnings (run `cargo fix --test "net_writes" -p rhai` to apply 8 suggestions)
    Finished `test` profile [unoptimized + debuginfo] target(s) in 11.73s
     Running tests/net_writes.rs (/var/folders/yk/m4dzf0ss5x9f4j4z3xb2rrv40000gn/T/agent-build-kms1hey7/target/debug/deps/net_writes-33bd0951ec2313d3)

running 10 tests
test invalid_host_write_bounds_are_rejected ... ok

thread 'engine_string_limit_rejects_write_before_peer_bytes' (51812623) panicked at tests/net_writes.rs:237:18:
called `Result::unwrap()` on an `Err` value: ErrorParsing(LiteralTooLarge("Length of string", 3), 1:22)
note: run with `RUST_BACKTRACE=1` environment variable to display a backtrace
test read_half_close_is_idempotent_and_keeps_stream_open_for_close ... ok
test accepted_stream_writes_are_read_back_by_the_peer ... ok
test accepted_stream_inherits_host_write_cap ... ok
test host_write_cap_rejects_oversize_input_without_peer_bytes ... ok
test script_writes_string_and_write_all_report_real_peer_bytes ... ok
test script_write_blob_preserves_exact_bytes ... ok
test write_half_close_keeps_the_read_direction_and_is_idempotent ... ok
test bounded_write_timeout_reports_partial_bytes_matching_peer_readback ... ok

thread '<unnamed>' (51812635) panicked at tests/net_writes.rs:39:21:
script did not connect

thread 'engine_string_limit_rejects_write_before_peer_bytes' (51812623) panicked at tests/net_writes.rs:51:35:
peer exits after script operation: Any { .. }
test engine_string_limit_rejects_write_before_peer_bytes ... FAILED

failures:

failures:
    engine_string_limit_rejects_write_before_peer_bytes

test result: FAILED. 9 passed; 1 failed; 0 ignored; 0 measured; 0 filtered out; finished in 2.01s

error: test failed, to rerun pass `--test net_writes`
