warning: the item `TryFrom` is imported redundantly
   --> src/func/func_call.rs:291:21
    |
291 |                 use std::convert::TryFrom;
    |                     ^^^^^^^^^^^^^^^^^^^^^
   --> /rustc/25ef9e3d85d934b27d9dada2f9dd52b1dc63bb04/library/std/src/prelude/mod.rs:129:13
    |
    = note: the item `TryFrom` is already defined here
    |
    = note: `#[warn(unused_imports)]` on by default

warning: variable does not need to be mutable
   --> src/packages/sys/process/unix.rs:668:13
    |
668 |         let mut wait_operation = "wait for child";
    |             ----^^^^^^^^^^^^^^
    |             |
    |             help: remove this `mut`
    |
    = note: `#[warn(unused_mut)]` on by default

warning: unused variable: `termination`
    --> src/packages/sys/process/unix.rs:1106:22
     |
1106 |                 let (termination, _operation) = if self.managed {
     |                      ^^^^^^^^^^^ help: if this is intentional, prefix it with an underscore: `_termination`
     |
     = note: `#[warn(unused_variables)]` on by default

warning: variable does not need to be mutable
    --> src/packages/sys/process/unix.rs:2134:9
     |
2134 |     let mut child =
     |         ----^^^^^
     |         |
     |         help: remove this `mut`

warning: variable does not need to be mutable
    --> src/packages/sys/process/unix.rs:2456:9
     |
2456 |     let mut pending = input.unwrap_or_default();
     |         ----^^^^^^^
     |         |
     |         help: remove this `mut`

warning: variant `OnlyZombieLeader` is never constructed
  --> src/packages/sys/process/unix.rs:50:5
   |
47 | enum GroupCloseOutcome {
   |      ----------------- variant in this enum
...
50 |     OnlyZombieLeader,
   |     ^^^^^^^^^^^^^^^^
   |
   = note: `GroupCloseOutcome` has derived impls for the traits `Clone` and `Debug`, but these are intentionally ignored during dead code analysis
   = note: `#[warn(dead_code)]` on by default

warning: methods `numeric_operations_probe`, `quarantine_observations_probe`, and `fail_reservation` are never used
    --> src/packages/sys/process/unix.rs:1470:8
     |
1390 | impl ExecutionFaults {
     | -------------------- methods in this implementation
...
1470 |     fn numeric_operations_probe(&self) -> Option<Arc<AtomicUsize>> {
     |        ^^^^^^^^^^^^^^^^^^^^^^^^
...
1481 |     fn quarantine_observations_probe(&self) -> Option<Arc<AtomicUsize>> {
     |        ^^^^^^^^^^^^^^^^^^^^^^^^^^^^^
...
1506 |     fn fail_reservation(&self) -> bool {
     |        ^^^^^^^^^^^^^^^^

warning: `rhai` (lib) generated 7 warnings (run `cargo fix --lib -p rhai` to apply 4 suggestions)
warning: variable does not need to be mutable
   --> tests/sys_process.rs:912:9
    |
912 |     let mut holder = command.spawn().expect("start escaped captured-pipe holder");
    |         ----^^^^^^
    |         |
    |         help: remove this `mut`
    |
    = note: `#[warn(unused_mut)]` on by default

warning: value assigned to `incomplete` is never read
    --> tests/sys_process.rs:1329:17
     |
1329 |         let mut incomplete = false;
     |                 ^^^^^^^^^^
     |
     = help: maybe it is overwritten before being read?
     = note: `#[warn(unused_assignments)]` on by default

warning: unused variable: `state`
    --> tests/sys_process.rs:1631:26
     |
1631 |                 Ok(Some((state, parent, group, start)))
     |                          ^^^^^ help: if this is intentional, prefix it with an underscore: `_state`
     |
     = note: `#[warn(unused_variables)]` on by default

warning: variable does not need to be mutable
    --> tests/sys_process.rs:2224:9
     |
2224 |     let mut sentinel = managed_spawn_sentinel();
     |         ----^^^^^^^^
     |         |
     |         help: remove this `mut`

warning: variable does not need to be mutable
    --> tests/sys_process.rs:2332:9
     |
2332 |     let mut sentinel = managed_spawn_sentinel();
     |         ----^^^^^^^^
     |         |
     |         help: remove this `mut`

warning: variable does not need to be mutable
    --> tests/sys_process.rs:2522:9
     |
2522 |     let mut sentinel = Sentinel(
     |         ----^^^^^^^^
     |         |
     |         help: remove this `mut`

warning: variable does not need to be mutable
    --> tests/sys_process.rs:2653:9
     |
2653 |     let mut sentinel = managed_spawn_sentinel();
     |         ----^^^^^^^^
     |         |
     |         help: remove this `mut`

warning: variable does not need to be mutable
    --> tests/sys_process.rs:2821:9
     |
2821 |     let mut sentinel = Sentinel(
     |         ----^^^^^^^^
     |         |
     |         help: remove this `mut`

warning: variable does not need to be mutable
    --> tests/sys_process.rs:2961:9
     |
2961 |     let mut sentinel = Sentinel(
     |         ----^^^^^^^^
     |         |
     |         help: remove this `mut`

warning: constant `DIRECT_DROP_RECORD_ENV` is never used
  --> tests/sys_process.rs:38:7
   |
38 | const DIRECT_DROP_RECORD_ENV: &str = "RHAI_SYS_DIRECT_DROP_RECORD";
   |       ^^^^^^^^^^^^^^^^^^^^^^
   |
   = note: `#[warn(dead_code)]` on by default

warning: unused `Dynamic` that must be used
   --> tests/fixtures/sys_process_shared_child_contract.rs:239:5
    |
239 |     engine.eval_with_scope::<Dynamic>(&mut scope, "child.kill()").expect("kill after completion is idempotent");
    |     ^^^^^^^^^^^^^^^^^^^^^^^^^^^^^^^^^^^^^^^^^^^^^^^^^^^^^^^^^^^^^^^^^^^^^^^^^^^^^^^^^^^^^^^^^^^^^^^^^^^^^^^^^^^
    |
    = note: `#[warn(unused_must_use)]` on by default
help: use `let _ = ...` to ignore the resulting value
    |
239 |     let _ = engine.eval_with_scope::<Dynamic>(&mut scope, "child.kill()").expect("kill after completion is idempotent");
    |     +++++++

warning: unused `Dynamic` that must be used
   --> tests/fixtures/sys_process_shared_child_contract.rs:240:5
    |
240 |     engine.eval_with_scope::<Dynamic>(&mut scope, "child.kill()").expect("repeated kill after completion is idempotent");
    |     ^^^^^^^^^^^^^^^^^^^^^^^^^^^^^^^^^^^^^^^^^^^^^^^^^^^^^^^^^^^^^^^^^^^^^^^^^^^^^^^^^^^^^^^^^^^^^^^^^^^^^^^^^^^^^^^^^^^^
    |
help: use `let _ = ...` to ignore the resulting value
    |
240 |     let _ = engine.eval_with_scope::<Dynamic>(&mut scope, "child.kill()").expect("repeated kill after completion is idempotent");
    |     +++++++

warning: unused import: `PathBuf`
 --> src/bin/rhai-run.rs:8:18
  |
8 |     path::{Path, PathBuf},
  |                  ^^^^^^^
  |
  = note: `#[warn(unused_imports)]` on by default

warning: `rhai` (test "sys_process") generated 12 warnings (run `cargo fix --test "sys_process"` to apply 8 suggestions)
warning: `rhai` (bin "rhai-run") generated 1 warning (run `cargo fix --bin "rhai-run"` to apply 1 suggestion)
    Finished test [unoptimized] target(s) in 0.03s
     Running tests/sys_process.rs (/root/.local/share/agent-builds/rhai/linux-managed-escaped-pipe-20261003-52360864-108/agent-build-92vbkoh2/target/debug/deps/sys_process-7540f7d2e1301f52)
managed_pidfd_acquired pid=1592977 start=4867207 ppid=1592974 pgid=1592977
managed_pidfd_acquired pid=1592979 start=4867207 ppid=1592977 pgid=1592977
managed_pidfd_acquired pid=1592981 start=4867207 ppid=1592979 pgid=1592977
managed_held_zombie_boundary host_live_at_return=true leader=1592977 leader_start=4867207 leader_reaped=true worker=1592979 worker_start=4867207 worker_state=Z worker_pgid=1592977 leaf=1592981 leaf_start=4867207 leaf_state=Z leaf_pgid=1592977 group=1592977 kill_zero_result=0 kill_zero_errno=0 capture_complete=true host=1592974 host_start=4867206 api_success=false api_outcome=typed_process_io cause_op=observe_process_group_closure cause_op_matches=true kind=TimedOut exit=Some(0) stdout_complete=true stderr_complete=true diagnostic=true cause_details=Some(Process { cause: Io { op: "observe process group closure", target: "/var/roothome/.local/share/agent-builds/rhai/linux-managed-escaped-pipe-20261003-52360864-108/agent-build-92vbkoh2/target/debug/deps/sys_process-7540f7d2e1301f52", kind: TimedOut, message: "managed process scope remained present after leader reap" }, report: ProcessReport { stdout: [10, 114, 117, 110, 110, 105, 110, 103, 32, 49, 32, 116, 101, 115, 116, 10, 46, 10, 116, 101, 115, 116, 32, 114, 101, 115, 117, 108, 116, 58, 32, 111, 107, 46, 32, 49, 32, 112, 97, 115, 115, 101, 100, 59, 32, 48, 32, 102, 97, 105, 108, 101, 100, 59, 32, 48, 32, 105, 103, 110, 111, 114, 101, 100, 59, 32, 48, 32, 109, 101, 97, 115, 117, 114, 101, 100, 59, 32, 52, 55, 32, 102, 105, 108, 116, 101, 114, 101, 100, 32, 111, 117, 116, 59, 32, 102, 105, 110, 105, 115, 104, 101, 100, 32, 105, 110, 32, 48, 46, 48, 49, 115, 10, 10], stderr: [], stdout_complete: true, stderr_complete: true, exit: Some(Code(0)), timed_out: false, cleanup_diagnostics: [ProcessDiagnostic { operation: "observe process group closure", io_kind: None, message: "managed scope remains present under retained process ownership" }] } }) cleanup_diagnostics=[ProcessDiagnostic { operation: "observe process group closure", io_kind: None, message: "managed scope remains present under retained process ownership" }]
 held="pid=1592972 start=4867206 host_status=0 worker=Some(1592979) worker_start=Some(4867207) leaf=Some(1592981) leaf_start=Some(4867207) held_zombies=true\n" reaper_status=ExitStatus(unix_wait_status(0))
managed_held_zombie_cleanup worker=1592979 reaped=true leaf=1592981 reaped=true
managed_fixture_cleanup worker_pid=Some(1592979) worker_esrch=true leaf_pid=Some(1592981) leaf_esrch=true
managed_spawn_fixture_leader_cleanup leader_pid=Some(1592977) leader_esrch=true
