    Updating git repository `https://github.com/schungx/rustyline`
    Updating crates.io index
    Updating git repository `https://gitlab.com/jD91mZM2/no-std-compat.git`
 Downloading crates ...
  Downloaded cap-primitives v4.0.3
  Downloaded autocfg v1.5.1
  Downloaded cfg-if v1.0.5
  Downloaded cap-std v4.0.3
  Downloaded ambient-authority v0.0.2
  Downloaded once_cell v1.21.4
  Downloaded crunchy v0.2.4
  Downloaded io-lifetimes v3.0.1
  Downloaded unicode-ident v1.0.22
  Downloaded ipnet v2.12.2
  Downloaded const-random v0.1.18
  Downloaded rmp v0.8.14
  Downloaded syn v2.0.106
  Downloaded static_assertions v1.1.0
  Downloaded smartstring v1.0.1
  Downloaded serde v1.0.229
  Downloaded ryu v1.0.20
  Downloaded smallvec v1.16.2
  Downloaded proc-macro2 v1.0.103
  Downloaded ahash v0.8.12
  Downloaded num-traits v0.2.19
  Downloaded io-lifetimes v2.0.4
  Downloaded io-extras v0.19.0
  Downloaded zerocopy v0.8.59
  Downloaded rustix v1.1.5
  Downloaded getrandom v0.2.17
  Downloaded libc v0.2.189
  Downloaded version_check v0.9.5
  Downloaded rustix-linux-procfs v0.1.1
  Downloaded quote v1.0.41
  Downloaded memchr v2.8.3
  Downloaded itoa v1.0.15
  Downloaded getrandom v0.3.4
  Downloaded byteorder v1.5.0
  Downloaded tiny-keccak v2.0.2
  Downloaded fs-set-times v0.20.3
  Downloaded rmp-serde v1.3.0
  Downloaded serde_json v1.0.145
  Downloaded maybe-owned v0.3.4
  Downloaded portable-atomic v1.15.0
  Downloaded bitflags v2.13.2
  Downloaded serde_core v1.0.229
  Downloaded const-random-macro v0.1.16
  Downloaded paste v1.0.15
  Downloaded thin-vec v0.2.19
  Downloaded errno v0.3.14
  Downloaded linux-raw-sys v0.12.1
 Downloading crates ...
  Downloaded web-time v1.1.0
   Compiling autocfg v1.5.1
   Compiling portable-atomic v1.15.0
   Compiling libc v0.2.189
   Compiling rustix v1.1.5
   Compiling version_check v0.9.5
   Compiling crunchy v0.2.4
   Compiling bitflags v2.13.2
   Compiling io-lifetimes v2.0.4
   Compiling tiny-keccak v2.0.2
   Compiling proc-macro2 v1.0.103
   Compiling cfg-if v1.0.5
   Compiling io-lifetimes v3.0.1
   Compiling linux-raw-sys v0.12.1
   Compiling once_cell v1.21.4
   Compiling num-traits v0.2.19
   Compiling io-extras v0.19.0
   Compiling quote v1.0.41
   Compiling unicode-ident v1.0.22
   Compiling getrandom v0.2.17
   Compiling getrandom v0.3.4
   Compiling zerocopy v0.8.59
   Compiling cap-primitives v4.0.3
   Compiling serde_core v1.0.229
   Compiling const-random-macro v0.1.16
   Compiling fs-set-times v0.20.3
   Compiling rustix-linux-procfs v0.1.1
   Compiling ahash v0.8.12
   Compiling smartstring v1.0.1
   Compiling ipnet v2.12.2
   Compiling ambient-authority v0.0.2
   Compiling paste v1.0.15
   Compiling cap-std v4.0.3
   Compiling maybe-owned v0.3.4
   Compiling syn v2.0.106
   Compiling const-random v0.1.18
   Compiling static_assertions v1.1.0
   Compiling serde v1.0.229
   Compiling rhai v1.26.1 (/var/roothome/.local/share/agent-builds/rhai/linux-managed-escaped-pipe-20261003-52360864-108/agent-build-92vbkoh2/source)
   Compiling rhai_codegen v3.2.0 (/var/roothome/.local/share/agent-builds/rhai/linux-managed-escaped-pipe-20261003-52360864-108/agent-build-92vbkoh2/source/codegen)
   Compiling thin-vec v0.2.19
   Compiling serde_json v1.0.145
   Compiling byteorder v1.5.0
   Compiling smallvec v1.16.2
   Compiling rmp v0.8.14
   Compiling itoa v1.0.15
   Compiling ryu v1.0.20
   Compiling memchr v2.8.3
warning: the item `TryFrom` is imported redundantly
   --> src/func/func_call.rs:291:21
    |
291 |                 use std::convert::TryFrom;
    |                     ^^^^^^^^^^^^^^^^^^^^^
   --> /rustc/25ef9e3d85d934b27d9dada2f9dd52b1dc63bb04/library/std/src/prelude/mod.rs:129:13
    |
    = note: the item `TryFrom` is already defined here
    |
    = note: `#[warn(unused_imports)]` on by default

   Compiling rmp-serde v1.3.0
warning: variable does not need to be mutable
   --> src/packages/sys/process/unix.rs:668:13
    |
668 |         let mut wait_operation = "wait for child";
    |             ----^^^^^^^^^^^^^^
    |             |
    |             help: remove this `mut`
    |
    = note: `#[warn(unused_mut)]` on by default

warning: unused variable: `termination`
    --> src/packages/sys/process/unix.rs:1106:22
     |
1106 |                 let (termination, _operation) = if self.managed {
     |                      ^^^^^^^^^^^ help: if this is intentional, prefix it with an underscore: `_termination`
     |
     = note: `#[warn(unused_variables)]` on by default

warning: variable does not need to be mutable
    --> src/packages/sys/process/unix.rs:2134:9
     |
2134 |     let mut child =
     |         ----^^^^^
     |         |
     |         help: remove this `mut`

warning: variable does not need to be mutable
    --> src/packages/sys/process/unix.rs:2456:9
     |
2456 |     let mut pending = input.unwrap_or_default();
     |         ----^^^^^^^
     |         |
     |         help: remove this `mut`

warning: variant `OnlyZombieLeader` is never constructed
  --> src/packages/sys/process/unix.rs:50:5
   |
47 | enum GroupCloseOutcome {
   |      ----------------- variant in this enum
...
50 |     OnlyZombieLeader,
   |     ^^^^^^^^^^^^^^^^
   |
   = note: `GroupCloseOutcome` has derived impls for the traits `Clone` and `Debug`, but these are intentionally ignored during dead code analysis
   = note: `#[warn(dead_code)]` on by default

warning: methods `numeric_operations_probe`, `quarantine_observations_probe`, and `fail_reservation` are never used
    --> src/packages/sys/process/unix.rs:1470:8
     |
1390 | impl ExecutionFaults {
     | -------------------- methods in this implementation
...
1470 |     fn numeric_operations_probe(&self) -> Option<Arc<AtomicUsize>> {
     |        ^^^^^^^^^^^^^^^^^^^^^^^^
...
1481 |     fn quarantine_observations_probe(&self) -> Option<Arc<AtomicUsize>> {
     |        ^^^^^^^^^^^^^^^^^^^^^^^^^^^^^
...
1506 |     fn fail_reservation(&self) -> bool {
     |        ^^^^^^^^^^^^^^^^

warning: `rhai` (lib) generated 7 warnings (run `cargo fix --lib -p rhai` to apply 4 suggestions)
warning: unused import: `PathBuf`
 --> src/bin/rhai-run.rs:8:18
  |
8 |     path::{Path, PathBuf},
  |                  ^^^^^^^
  |
  = note: `#[warn(unused_imports)]` on by default

warning: variable does not need to be mutable
   --> tests/sys_process.rs:912:9
    |
912 |     let mut holder = command.spawn().expect("start escaped captured-pipe holder");
    |         ----^^^^^^
    |         |
    |         help: remove this `mut`
    |
    = note: `#[warn(unused_mut)]` on by default

warning: value assigned to `incomplete` is never read
    --> tests/sys_process.rs:1329:17
     |
1329 |         let mut incomplete = false;
     |                 ^^^^^^^^^^
     |
     = help: maybe it is overwritten before being read?
     = note: `#[warn(unused_assignments)]` on by default

warning: unused variable: `state`
    --> tests/sys_process.rs:1631:26
     |
1631 |                 Ok(Some((state, parent, group, start)))
     |                          ^^^^^ help: if this is intentional, prefix it with an underscore: `_state`
     |
     = note: `#[warn(unused_variables)]` on by default

warning: variable does not need to be mutable
    --> tests/sys_process.rs:2224:9
     |
2224 |     let mut sentinel = managed_spawn_sentinel();
     |         ----^^^^^^^^
     |         |
     |         help: remove this `mut`

warning: variable does not need to be mutable
    --> tests/sys_process.rs:2332:9
     |
2332 |     let mut sentinel = managed_spawn_sentinel();
     |         ----^^^^^^^^
     |         |
     |         help: remove this `mut`

warning: variable does not need to be mutable
    --> tests/sys_process.rs:2522:9
     |
2522 |     let mut sentinel = Sentinel(
     |         ----^^^^^^^^
     |         |
     |         help: remove this `mut`

warning: variable does not need to be mutable
    --> tests/sys_process.rs:2653:9
     |
2653 |     let mut sentinel = managed_spawn_sentinel();
     |         ----^^^^^^^^
     |         |
     |         help: remove this `mut`

warning: variable does not need to be mutable
    --> tests/sys_process.rs:2821:9
     |
2821 |     let mut sentinel = Sentinel(
     |         ----^^^^^^^^
     |         |
     |         help: remove this `mut`

warning: variable does not need to be mutable
    --> tests/sys_process.rs:2961:9
     |
2961 |     let mut sentinel = Sentinel(
     |         ----^^^^^^^^
     |         |
     |         help: remove this `mut`

warning: `rhai` (bin "rhai-run") generated 1 warning (run `cargo fix --bin "rhai-run"` to apply 1 suggestion)
warning: constant `DIRECT_DROP_RECORD_ENV` is never used
  --> tests/sys_process.rs:38:7
   |
38 | const DIRECT_DROP_RECORD_ENV: &str = "RHAI_SYS_DIRECT_DROP_RECORD";
   |       ^^^^^^^^^^^^^^^^^^^^^^
   |
   = note: `#[warn(dead_code)]` on by default

warning: unused `Dynamic` that must be used
   --> tests/fixtures/sys_process_shared_child_contract.rs:239:5
    |
239 |     engine.eval_with_scope::<Dynamic>(&mut scope, "child.kill()").expect("kill after completion is idempotent");
    |     ^^^^^^^^^^^^^^^^^^^^^^^^^^^^^^^^^^^^^^^^^^^^^^^^^^^^^^^^^^^^^^^^^^^^^^^^^^^^^^^^^^^^^^^^^^^^^^^^^^^^^^^^^^^
    |
    = note: `#[warn(unused_must_use)]` on by default
help: use `let _ = ...` to ignore the resulting value
    |
239 |     let _ = engine.eval_with_scope::<Dynamic>(&mut scope, "child.kill()").expect("kill after completion is idempotent");
    |     +++++++

warning: unused `Dynamic` that must be used
   --> tests/fixtures/sys_process_shared_child_contract.rs:240:5
    |
240 |     engine.eval_with_scope::<Dynamic>(&mut scope, "child.kill()").expect("repeated kill after completion is idempotent");
    |     ^^^^^^^^^^^^^^^^^^^^^^^^^^^^^^^^^^^^^^^^^^^^^^^^^^^^^^^^^^^^^^^^^^^^^^^^^^^^^^^^^^^^^^^^^^^^^^^^^^^^^^^^^^^^^^^^^^^^
    |
help: use `let _ = ...` to ignore the resulting value
    |
240 |     let _ = engine.eval_with_scope::<Dynamic>(&mut scope, "child.kill()").expect("repeated kill after completion is idempotent");
    |     +++++++

warning: `rhai` (test "sys_process") generated 12 warnings (run `cargo fix --test "sys_process"` to apply 8 suggestions)
    Finished test [unoptimized] target(s) in 17.42s
     Running tests/sys_process.rs (/root/.local/share/agent-builds/rhai/linux-managed-escaped-pipe-20261003-52360864-108/agent-build-92vbkoh2/target/debug/deps/sys_process-7540f7d2e1301f52)
managed_pipe_pidfd_acquired pid=1591948 start=4866475 ppid=1591940 pgid=1591948
managed_pipe_pidfd_acquired pid=1591950 start=4866476 ppid=1591948 pgid=1591937
managed-scope sentinel_cleanup pid=1591937 status=Some(ExitStatus(unix_wait_status(9))) esrch=true
managed_deadline_escaped_pipe_boundary host=1591940 host_start=4866475 reaper=1591938 reaper_start=4866475 leader=1591948 leader_start=4866475 leader_live=false leader_pidfd_exited=true managed_group=1591948 group_probe=-1 group_errno=3 holder=1591950 holder_start=4866476 holder_group=1591937 holder_live=true holder_pidfd_live=true host_live=true reaper_live=true sentinel=1591937 sentinel_start=4866475 sentinel_group=1591937 sentinel_live=true timeout_report=true partial_capture=true no_watchdog=true
 api="host=1591940 host_start=4866475 api_success=true api_outcome=timeout_report success=Some(false) timed_out=Some(true) stdout_complete=Some(false) stderr_complete=Some(false) stdout_marker=true stderr_marker=true\n" challenge="pid=1591950 stdout_result=-1 stdout_error=32 stderr_result=-1 stderr_error=32\n" no_watchdog_through_challenge=true holder_reap="holder=1591950 start=4866476 pgid=1591937 reaped=true wait_status=25856\n" reaper_cleanup="pid=1591938 start=4866475 host_status=0 complete=true holder=1591950 start=4866476 pgid=1591937 reaped=true wait_status=25856\n" reaper_ok=true host_absent=true host_absence="not found" leader_absent=true leader_absence="not found" holder_absent=true holder_absence="not found" sentinel_absent=true sentinel_absence="not found" sentinel_group_probe=-1 sentinel_group_errno=3
thread 'managed_run_deadline_cancels_escaped_pipe_holder_under_fixture_reaper' panicked at tests/sys_process.rs:2804:5:
managed-escaped-pipe-control require-timeout-report assertion
note: run with `RUST_BACKTRACE=1` environment variable to display a backtrace
managed_fixture_cleanup worker_pid=None worker_esrch=false leaf_pid=None leaf_esrch=true
managed_spawn_fixture_leader_cleanup leader_pid=Some(1591948) leader_esrch=true
error: test failed, to rerun pass `--test sys_process`
