    Updating git repository `https://github.com/schungx/rustyline`
    Updating crates.io index
    Updating git repository `https://gitlab.com/jD91mZM2/no-std-compat.git`
 Downloading crates ...
  Downloaded autocfg v1.5.1
  Downloaded ahash v0.8.12
  Downloaded const-random-macro v0.1.16
  Downloaded itoa v1.0.18
  Downloaded bumpalo v3.20.3
  Downloaded serde_spanned v1.1.1
  Downloaded wasm-bindgen-macro v0.2.129
  Downloaded cfg-if v1.0.5
  Downloaded wasm-bindgen-shared v0.2.129
  Downloaded version_check v0.9.5
  Downloaded const-random v0.1.18
  Downloaded equivalent v1.0.2
  Downloaded futures-task v0.3.34
  Downloaded windows-link v0.2.1
  Downloaded winapi-util v0.1.11
  Downloaded target-tuple v1.0.2
  Downloaded crunchy v0.2.4
  Downloaded glob v0.3.4
  Downloaded rustversion v1.0.23
  Downloaded futures-core v0.3.34
  Downloaded static_assertions v1.1.0
  Downloaded pin-project-lite v0.2.17
  Downloaded zmij v1.0.23
  Downloaded web-time v1.1.0
  Downloaded getrandom v0.2.17
  Downloaded thin-vec v0.2.20
  Downloaded rmp-serde v1.3.1
  Downloaded once_cell v1.21.4
  Downloaded smartstring v1.0.1
  Downloaded unicode-ident v1.0.26
  Downloaded trybuild v1.0.121
  Downloaded serde_derive v1.0.229
  Downloaded toml_parser v1.1.3+spec-1.1.0
  Downloaded num-traits v0.2.19
  Downloaded r-efi v5.3.0
  Downloaded wit-bindgen v0.57.1
  Downloaded wasm-bindgen v0.2.129
  Downloaded toml v1.1.6+spec-1.1.0
  Downloaded bitflags v2.13.2
  Downloaded memchr v2.8.3
  Downloaded js-sys v0.3.106
  Downloaded wasm-bindgen-macro-support v0.2.129
  Downloaded serde v1.0.229
  Downloaded indexmap v2.14.2
  Downloaded zerocopy-derive v0.8.61
  Downloaded wasip2 v1.0.4+wasi-0.2.12
  Downloaded serde_json v1.0.151
  Downloaded hashbrown v0.17.1
  Downloaded winnow v1.0.4
  Downloaded portable-atomic v1.15.0
  Downloaded futures-util v0.3.34
  Downloaded proc-macro2 v1.0.107
  Downloaded serde_core v1.0.229
  Downloaded getrandom v0.3.4
  Downloaded syn v3.0.6
  Downloaded zerocopy v0.8.61
  Downloaded syn v2.0.119
  Downloaded smallvec v1.16.2
  Downloaded rmp v0.8.15
  Downloaded wasi v0.11.1+wasi-snapshot-preview1
  Downloaded toml_writer v1.1.2+spec-1.1.0
  Downloaded toml_datetime v1.1.1+spec-1.1.0
  Downloaded tiny-keccak v2.0.2
  Downloaded termcolor v1.4.1
  Downloaded slab v0.4.12
  Downloaded quote v1.0.47
  Downloaded libc v0.2.189
  Downloaded windows-sys v0.61.2
