 Downloading crates ...
  Downloaded ambient-authority v0.0.2
  Downloaded errno v0.3.14
  Downloaded ipnet v2.12.2
  Downloaded io-lifetimes v2.0.4
  Downloaded maybe-owned v0.3.4
  Downloaded fs-set-times v0.20.3
  Downloaded spin v0.7.2
  Downloaded io-extras v0.19.0
  Downloaded io-lifetimes v3.0.1
  Downloaded cap-std v4.0.3
  Downloaded cap-primitives v4.0.3
  Downloaded rustix v1.1.5
   Compiling libc v0.2.189
   Compiling autocfg v1.5.1
   Compiling version_check v0.9.5
   Compiling crunchy v0.2.4
   Compiling rustix v1.1.5
   Compiling io-lifetimes v2.0.4
   Compiling cfg-if v1.0.5
   Compiling tiny-keccak v2.0.2
   Compiling io-lifetimes v3.0.1
   Compiling serde_core v1.0.229
   Compiling proc-macro2 v1.0.107
   Compiling errno v0.3.14
   Compiling num-traits v0.2.19
   Compiling portable-atomic v1.15.0
   Compiling io-extras v0.19.0
   Compiling bitflags v2.13.2
   Compiling unicode-ident v1.0.26
   Compiling quote v1.0.47
   Compiling getrandom v0.2.17
   Compiling serde v1.0.229
   Compiling zerocopy v0.8.61
   Compiling once_cell v1.21.4
   Compiling getrandom v0.3.4
   Compiling cap-primitives v4.0.3
   Compiling zmij v1.0.23
   Compiling const-random-macro v0.1.16
   Compiling fs-set-times v0.20.3
   Compiling smartstring v1.0.1
   Compiling ahash v0.8.12
   Compiling cap-std v4.0.3
   Compiling maybe-owned v0.3.4
   Compiling serde_json v1.0.151
   Compiling ambient-authority v0.0.2
   Compiling ipnet v2.12.2
   Compiling syn v2.0.119
   Compiling rmp v0.8.15
   Compiling const-random v0.1.18
   Compiling rhai v1.26.1 (/Users/hoppworks/.local/share/agent-builds/rhai/x31-darwin-wait-entry-20261008-attempt02-6E20FCE49BCE4470B9FBFABA4485690E/agent-build-g19znid2/source)
   Compiling itoa v1.0.18
   Compiling memchr v2.8.3
   Compiling static_assertions v1.1.0
   Compiling rmp-serde v1.3.1
   Compiling rhai_codegen v3.2.0 (/Users/hoppworks/.local/share/agent-builds/rhai/x31-darwin-wait-entry-20261008-attempt02-6E20FCE49BCE4470B9FBFABA4485690E/agent-build-g19znid2/source/codegen)
   Compiling thin-vec v0.2.20
   Compiling smallvec v1.16.2
warning: variable does not need to be mutable
   --> src/packages/sys/process/unix.rs:678:13
    |
678 |         let mut wait_operation = "wait for child";
    |             ----^^^^^^^^^^^^^^
    |             |
    |             help: remove this `mut`
    |
    = note: `#[warn(unused_mut)]` (part of `#[warn(unused)]`) on by default

warning: unused variable: `termination`
    --> src/packages/sys/process/unix.rs:1118:22
     |
1118 |                 let (termination, _operation) = if self.managed {
     |                      ^^^^^^^^^^^ help: if this is intentional, prefix it with an underscore: `_termination`
     |
     = note: `#[warn(unused_variables)]` (part of `#[warn(unused)]`) on by default

warning: variable does not need to be mutable
    --> src/packages/sys/process/unix.rs:2378:9
     |
2378 |     let mut child =
     |         ----^^^^^
     |         |
     |         help: remove this `mut`

warning: variable does not need to be mutable
    --> src/packages/sys/process/unix.rs:2721:9
     |
2721 |     let mut pending = input.unwrap_or_default();
     |         ----^^^^^^^
     |         |
     |         help: remove this `mut`

warning: function `schedule_first_cause_plan` is never used
    --> src/packages/sys/process/unix.rs:3724:8
     |
3724 |     fn schedule_first_cause_plan(
     |        ^^^^^^^^^^^^^^^^^^^^^^^^^
     |
     = note: `#[warn(dead_code)]` (part of `#[warn(unused)]`) on by default

warning: function `synchronize_overflow_deadline_for_next_execution` is never used
    --> src/packages/sys/process/unix.rs:3964:8
     |
3964 |     fn synchronize_overflow_deadline_for_next_execution(
     |        ^^^^^^^^^^^^^^^^^^^^^^^^^^^^^^^^^^^^^^^^^^^^^^^^

warning: function `try_release_fifo` is never used
    --> src/packages/sys/process/unix.rs:4471:8
     |
4471 |     fn try_release_fifo(path: &Path) -> io::Result<()> {
     |        ^^^^^^^^^^^^^^^^

warning: function `public_child_error` is never used
    --> src/packages/sys/process/unix.rs:5023:8
     |
5023 |     fn public_child_error(
     |        ^^^^^^^^^^^^^^^^^^

warning: unused `dynamic::Dynamic` that must be used
    --> src/packages/sys/process/unix.rs:4672:9
     |
4672 | /         engine
4673 | |             .eval_with_scope::<crate::Dynamic>(&mut cancel_scope, "child.kill()")
4674 | |             .expect("public cancellation should wake the blocked waiter");
     | |_________________________________________________________________________^
     |
     = note: `#[warn(unused_must_use)]` (part of `#[warn(unused)]`) on by default
help: use `let _ = ...` to ignore the resulting value
     |
4672 |         let _ = engine
     |         +++++++

warning: `rhai` (lib test) generated 9 warnings (run `cargo fix --lib -p rhai --tests` to apply 4 suggestions)
    Finished `test` profile [unoptimized + debuginfo] target(s) in 22.69s
     Running unittests src/lib.rs (/Users/hoppworks/.local/share/agent-builds/rhai/x31-darwin-wait-entry-20261008-attempt02-6E20FCE49BCE4470B9FBFABA4485690E/agent-build-g19znid2/target/debug/deps/rhai-5a028b9e646c843a)

running 1 test
test packages::sys::process::unix::tests::public_wait_is_cancelled_after_entering_condvar ... wait-entry checkpoint pid=40792 count=1 nonterminal=true

thread 'packages::sys::process::unix::tests::public_wait_is_cancelled_after_entering_condvar' (8054678) panicked at src/packages/sys/process/unix.rs:4664:9:
X31 RED: wait-entry assertion sensitivity control
note: run with `RUST_BACKTRACE=1` environment variable to display a backtrace
wait-entry fixture cleanup pid=40792 reap=ESRCH
FAILED

failures:

failures:
    packages::sys::process::unix::tests::public_wait_is_cancelled_after_entering_condvar

test result: FAILED. 0 passed; 1 failed; 0 ignored; 0 measured; 26 filtered out; finished in 0.04s

error: test failed, to rerun pass `--lib`
