Source revision: f7aed036027beb500a3fbd0e538cd181b7f8a184
Source archive SHA256: 52b5ca5e668d152950e8e35926236d44c215990685a469b596b42f939ecfef38  /root/rhai-linux-sys-proof-task/source.tar
Runtime directory: /tmp/agent-build-ol392c2n
Linux workhorse 7.2.4-ogc3.1.fc44.x86_64 #1 SMP PREEMPT_DYNAMIC Sun Sep 13 01:41:06 UTC 2026 x86_64 GNU/Linux
NAME="Bazzite"
VERSION="44.20260921.0 (Kinoite)"
RELEASE_TYPE=stable
ID=bazzite
ID_LIKE="fedora"
VERSION_ID=44
VERSION_CODENAME="Kinoite"
PRETTY_NAME="Bazzite"
ANSI_COLOR="0;38;2;138;43;226"
LOGO=bazzite-logo
CPE_NAME="cpe:/o:universal-blue:bazzite:44"
DEFAULT_HOSTNAME="bazzite"
HOME_URL="https://bazzite.gg"
DOCUMENTATION_URL="https://docs.bazzite.gg"
SUPPORT_URL="https://discord.bazzite.gg"
BUG_REPORT_URL="https://github.com/ublue-os/bazzite/issues/"
SUPPORT_END=2027-05-19
VARIANT="Kinoite"
VARIANT_ID=bazzite-nvidia-open
OSTREE_VERSION='44.20260921.0'
BUILD_ID="Stable (F44.20260921)"
BOOTLOADER_NAME="Bazzite Stable (F44.20260921)"
IMAGE_ID="bazzite-nvidia-open-44.20260921"
rustc 1.97.1 (8bab26f4f 2026-07-14)
binary: rustc
commit-hash: 8bab26f4f68e0e26f0bb7960be334d5b520ea452
commit-date: 2026-07-14
host: x86_64-unknown-linux-gnu
release: 1.97.1
LLVM version: 22.1.6
cargo 1.97.1 (c980f4866 2026-06-30)
release: 1.97.1
commit-hash: c980f4866141969fab6254a680546a277789d6f0
commit-date: 2026-06-30
host: x86_64-unknown-linux-gnu
libgit2: 1.9.2 (sys:0.20.4 vendored)
libcurl: 8.20.0-DEV (sys:0.4.88+curl-8.20.0 vendored ssl:OpenSSL/3.6.2)
ssl: OpenSSL 3.6.2 7 Apr 2026
os: Fedora 44.0.0 [64-bit]
Command: cargo test --features testing-environ,sys,metadata --test sys_policy --test sys_env --test sys_fs -- --nocapture
    Updating git repository `https://github.com/schungx/rustyline`
    Updating crates.io index
    Updating git repository `https://gitlab.com/jD91mZM2/no-std-compat.git`
     Locking 130 packages to latest compatible versions
      Adding getrandom v0.3.4 (available: v0.4.3)
      Adding hashbrown v0.16.1 (available: v0.17.1)
      Adding syn v2.0.119 (available: v3.0.6)
 Downloading crates ...
  Downloaded ahash v0.8.12
  Downloaded const-random v0.1.18
  Downloaded errno v0.3.14
  Downloaded itoa v1.0.18
  Downloaded cfg-if v1.0.5
  Downloaded io-lifetimes v2.0.4
  Downloaded fs-set-times v0.20.3
  Downloaded maybe-owned v0.3.4
  Downloaded const-random-macro v0.1.16
  Downloaded crunchy v0.2.4
  Downloaded version_check v0.9.5
  Downloaded autocfg v1.5.1
  Downloaded ipnet v2.12.2
  Downloaded ambient-authority v0.0.2
  Downloaded rustix-linux-procfs v0.1.1
  Downloaded static_assertions v1.1.0
  Downloaded smartstring v1.0.1
  Downloaded quote v1.0.47
  Downloaded io-extras v0.19.0
  Downloaded num-traits v0.2.19
  Downloaded zmij v1.0.23
  Downloaded tiny-keccak v2.0.2
  Downloaded io-lifetimes v3.0.1
  Downloaded once_cell v1.21.4
  Downloaded cap-std v4.0.3
  Downloaded rmp-serde v1.3.1
  Downloaded unicode-ident v1.0.26
  Downloaded bitflags v2.13.2
  Downloaded serde_core v1.0.229
  Downloaded thin-vec v0.2.20
  Downloaded getrandom v0.2.17
  Downloaded serde_derive v1.0.229
  Downloaded getrandom v0.3.4
  Downloaded rmp v0.8.15
  Downloaded smallvec v1.16.2
  Downloaded proc-macro2 v1.0.107
  Downloaded cap-primitives v4.0.3
  Downloaded memchr v2.8.3
  Downloaded serde v1.0.229
  Downloaded serde_json v1.0.151
  Downloaded portable-atomic v1.15.0
  Downloaded zerocopy v0.8.59
  Downloaded syn v2.0.119
  Downloaded syn v3.0.6
  Downloaded rustix v1.1.5
  Downloaded libc v0.2.189
  Downloaded linux-raw-sys v0.12.1
   Compiling proc-macro2 v1.0.107
   Compiling unicode-ident v1.0.26
   Compiling quote v1.0.47
   Compiling autocfg v1.5.1
   Compiling portable-atomic v1.15.0
   Compiling libc v0.2.189
   Compiling version_check v0.9.5
   Compiling rustix v1.1.5
   Compiling serde_core v1.0.229
   Compiling crunchy v0.2.4
   Compiling linux-raw-sys v0.12.1
   Compiling cfg-if v1.0.5
   Compiling io-lifetimes v3.0.1
   Compiling tiny-keccak v2.0.2
   Compiling bitflags v2.13.2
   Compiling io-lifetimes v2.0.4
   Compiling serde v1.0.229
   Compiling io-extras v0.19.0
   Compiling cap-primitives v4.0.3
   Compiling zerocopy v0.8.59
   Compiling once_cell v1.21.4
   Compiling getrandom v0.3.4
   Compiling zmij v1.0.23
   Compiling serde_json v1.0.151
   Compiling maybe-owned v0.3.4
   Compiling ipnet v2.12.2
   Compiling ambient-authority v0.0.2
   Compiling cap-std v4.0.3
   Compiling memchr v2.8.3
   Compiling itoa v1.0.18
   Compiling rhai v1.26.1 (/tmp/agent-build-ol392c2n/source)
   Compiling static_assertions v1.1.0
   Compiling thin-vec v0.2.20
   Compiling ahash v0.8.12
   Compiling num-traits v0.2.19
   Compiling smartstring v1.0.1
   Compiling syn v3.0.6
   Compiling syn v2.0.119
   Compiling rmp v0.8.15
   Compiling getrandom v0.2.17
   Compiling const-random-macro v0.1.16
   Compiling const-random v0.1.18
   Compiling serde_derive v1.0.229
   Compiling fs-set-times v0.20.3
   Compiling rustix-linux-procfs v0.1.1
   Compiling rhai_codegen v3.2.0 (/tmp/agent-build-ol392c2n/source/codegen)
   Compiling smallvec v1.16.2
   Compiling rmp-serde v1.3.1
warning: unused import: `PathBuf`
 --> src/bin/rhai-run.rs:8:18
  |
8 |     path::{Path, PathBuf},
  |                  ^^^^^^^
  |
  = note: `#[warn(unused_imports)]` (part of `#[warn(unused)]`) on by default

warning: `rhai` (bin "rhai-run") generated 1 warning (run `cargo fix --bin "rhai-run" -p rhai` to apply 1 suggestion)
    Finished `test` profile [unoptimized + debuginfo] target(s) in 12.00s
     Running tests/sys_env.rs (/tmp/agent-build-ol392c2n/target/debug/deps/sys_env-60c4083dcf8d335b)

running 7 tests
test test_env_default_policy_hides_all ... ok
test test_env_allow_list_unset_variable ... ok
test test_env_allow_list_value ... ok
test test_cwd_matches_process ... ok
test test_env_var_non_utf8 ... ok
test test_env_var_set_and_unset ... ok
test test_env_vars_all ... ok

test result: ok. 7 passed; 0 failed; 0 ignored; 0 measured; 0 filtered out; finished in 0.01s

     Running tests/sys_fs.rs (/tmp/agent-build-ol392c2n/target/debug/deps/sys_fs-e40d61d194c19165)

running 24 tests
test test_rename_and_copy ... ok
test test_empty_and_mixed_writes ... ok
test test_metadata_symlink_and_readonly ... ok
test test_read_file_cases ... ok
test test_wrong_entry_kind ... ok
test test_remove_cases ... ok
test test_predicates_and_metadata ... ok
test test_write_into_missing_parent ... ok
test test_create_dir_cases ... ok
test test_unrestricted_missing_parents ... ok
test test_read_binary ... ok
test test_read_dir_cases ... ok
test test_unrestricted_relative_paths ... ok
test test_path_spellings ... ok
test test_unicode_names ... ok
test test_rename_overwrite_and_directory ... ok
test test_unrestricted_round_trip ... ok
test test_non_utf8_file_name ... ok
test test_unrestricted_symlinks_follow_host_semantics ... ok
test test_write_append_blob ... ok
test test_unrestricted_symlink_then_parent_uses_host_resolution ... ok
test test_deep_tree_and_many_entries ... ok
test test_no_handle_leak ... ok
test test_large_file_round_trip ... ok

test result: ok. 24 passed; 0 failed; 0 ignored; 0 measured; 0 filtered out; finished in 0.08s

     Running tests/sys_policy.rs (/tmp/agent-build-ol392c2n/target/debug/deps/sys_policy-1940722e8aed73a6)

running 24 tests
test test_missing_root_fails_early ... ok
test test_error_variants ... ok
test test_absolute_paths ... ok
test test_absolute_path_with_parent_components ... ok
test test_symlinked_root ... ok
test test_config_builder ... ok
test test_copy_across_roots ... ok
test test_errors_are_catchable ... ok
test test_plain_engine_has_no_sys_functions ... ok
test test_error_position ... ok
test test_host_can_downcast ... ok
test test_nested_roots_longest_prefix ... ok
test test_default_config_denies_fs ... ok
test test_unrestricted_respects_access_level ... ok
test test_symlink_escape_is_denied ... ok
test test_configured_root_symlink_then_parent_uses_os_resolution ... ok
test test_read_only_root ... ok
test test_root_with_dot_components ... ok
test test_parent_traversal_is_denied ... ok
test test_multiple_roots ... ok
test test_function_metadata ... ok
test test_remove_dir_all_needs_delete_access ... ok
test test_static_module_and_sharing ... ok
test test_env_allow_list ... ok

test result: ok. 24 passed; 0 failed; 0 ignored; 0 measured; 0 filtered out; finished in 0.01s


Full sys suite exit status: 0

False assertion control (expect failure): wrong read_dir error variant
   Compiling rhai v1.26.1 (/tmp/agent-build-ol392c2n/source)
warning: unused import: `PathBuf`
 --> src/bin/rhai-run.rs:8:18
  |
8 |     path::{Path, PathBuf},
  |                  ^^^^^^^
  |
  = note: `#[warn(unused_imports)]` (part of `#[warn(unused)]`) on by default

warning: `rhai` (bin "rhai-run") generated 1 warning (run `cargo fix --bin "rhai-run" -p rhai` to apply 1 suggestion)
    Finished `test` profile [unoptimized + debuginfo] target(s) in 0.19s
     Running tests/sys_fs.rs (/tmp/agent-build-ol392c2n/target/debug/deps/sys_fs-e40d61d194c19165)

running 1 test

thread 'test_non_utf8_file_name' (173942) panicked at tests/sys_fs.rs:350:5:
NotUtf8: directory entry "bad\xFF.txt"
note: run with `RUST_BACKTRACE=1` environment variable to display a backtrace
test test_non_utf8_file_name ... FAILED

failures:

failures:
    test_non_utf8_file_name

test result: FAILED. 0 passed; 1 failed; 0 ignored; 0 measured; 23 filtered out; finished in 0.00s

error: test failed, to rerun pass `--test sys_fs`
False assertion control exit status: 101

Correct assertion restored byte-for-byte; rerun public invalid UTF-8 test
   Compiling rhai v1.26.1 (/tmp/agent-build-ol392c2n/source)
warning: unused import: `PathBuf`
 --> src/bin/rhai-run.rs:8:18
  |
8 |     path::{Path, PathBuf},
  |                  ^^^^^^^
  |
  = note: `#[warn(unused_imports)]` (part of `#[warn(unused)]`) on by default

warning: `rhai` (bin "rhai-run") generated 1 warning (run `cargo fix --bin "rhai-run" -p rhai` to apply 1 suggestion)
    Finished `test` profile [unoptimized + debuginfo] target(s) in 0.21s
     Running tests/sys_fs.rs (/tmp/agent-build-ol392c2n/target/debug/deps/sys_fs-e40d61d194c19165)

running 1 test
test test_non_utf8_file_name ... ok

test result: ok. 1 passed; 0 failed; 0 ignored; 0 measured; 23 filtered out; finished in 0.00s

Correct assertion exit status: 0

Final source assertion SHA256: 241d914bc2361c51cc9ab75983aee9d34c96e873202e00a77a85fe54babbcf11  /tmp/agent-build-ol392c2n/source/tests/sys_fs.rs
