$ cargo test --locked --features testing-environ,sys,metadata --test sys_fs test_file_handle_reads_obey_host_cap_and_reject_negative_lengths_without_moving -- --exact
 Downloading crates ...
  Downloaded getrandom v0.3.4
  Downloaded zmij v1.0.23
  Downloaded serde_derive v1.0.229
  Downloaded rmp v0.8.15
  Downloaded serde_core v1.0.229
  Downloaded serde v1.0.229
  Downloaded memchr v2.8.3
  Downloaded itoa v1.0.18
   Compiling libc v0.2.189
   Compiling serde_core v1.0.229
   Compiling errno v0.3.14
   Compiling syn v3.0.6
   Compiling bitflags v2.13.2
   Compiling serde v1.0.229
   Compiling serde_derive v1.0.229
   Compiling rustix v1.1.5
   Compiling io-lifetimes v2.0.4
   Compiling io-lifetimes v3.0.1
   Compiling getrandom v0.3.4
   Compiling zmij v1.0.23
   Compiling io-extras v0.19.0
   Compiling fs-set-times v0.20.3
   Compiling num-traits v0.2.19
   Compiling portable-atomic v1.15.0
   Compiling ahash v0.8.12
   Compiling ambient-authority v0.0.2
   Compiling serde_json v1.0.151
   Compiling maybe-owned v0.3.4
   Compiling ipnet v2.12.2
   Compiling cap-primitives v4.0.3
   Compiling once_cell v1.21.4
   Compiling zerocopy v0.8.59
   Compiling const-random v0.1.18
   Compiling rhai v1.26.1 (/private/var/folders/yk/m4dzf0ss5x9f4j4z3xb2rrv40000gn/T/agent-build-1zssqo0x/source)
   Compiling static_assertions v1.1.0
   Compiling itoa v1.0.18
   Compiling memchr v2.8.3
   Compiling smartstring v1.0.1
   Compiling rhai_codegen v3.2.0 (/private/var/folders/yk/m4dzf0ss5x9f4j4z3xb2rrv40000gn/T/agent-build-1zssqo0x/source/codegen)
   Compiling cap-std v4.0.3
   Compiling smallvec v1.16.2
   Compiling thin-vec v0.2.20
   Compiling rmp v0.8.15
   Compiling rmp-serde v1.3.1
warning: unused import: `PathBuf`
 --> src/bin/rhai-run.rs:8:18
  |
8 |     path::{Path, PathBuf},
  |                  ^^^^^^^
  |
  = note: `#[warn(unused_imports)]` (part of `#[warn(unused)]`) on by default

warning: `rhai` (bin "rhai-run") generated 1 warning (run `cargo fix --bin "rhai-run" -p rhai` to apply 1 suggestion)
    Finished `test` profile [unoptimized] target(s) in 9.10s
     Running tests/sys_fs.rs (/private/var/folders/yk/m4dzf0ss5x9f4j4z3xb2rrv40000gn/T/agent-build-1zssqo0x/target/debug/deps/sys_fs-9089f120999ab78e)

running 1 test
test test_file_handle_reads_obey_host_cap_and_reject_negative_lengths_without_moving ... ok

test result: ok. 1 passed; 0 failed; 0 ignored; 0 measured; 33 filtered out; finished in 0.01s

