$ cargo check --no-default-features --locked --features net --target wasm32-wasip1
   Compiling zerocopy v0.8.59
    Checking portable-atomic v1.15.0
   Compiling ahash v0.8.12
    Checking once_cell v1.21.4
   Compiling num-traits v0.2.19
   Compiling smartstring v1.0.1
    Checking const-random v0.1.18
    Checking cfg-if v1.0.5
   Compiling rhai v1.26.1 (/private/var/folders/yk/m4dzf0ss5x9f4j4z3xb2rrv40000gn/T/agent-build-h4yunwvf/source)
    Checking static_assertions v1.1.0
    Checking smallvec v1.16.2
    Checking web-time v1.1.0
    Checking bitflags v2.13.2
    Checking thin-vec v0.2.20
error: the `net` feature is not available on WASM targets
  --> src/packages/net/mod.rs:39:1
   |
39 | compile_error!("the `net` feature is not available on WASM targets");
   | ^^^^^^^^^^^^^^^^^^^^^^^^^^^^^^^^^^^^^^^^^^^^^^^^^^^^^^^^^^^^^^^^^^^^

error: could not compile `rhai` (lib) due to 1 previous error
