$ cargo check --no-default-features --features sys,no_std
    Updating git repository `https://github.com/schungx/rustyline`
    Updating crates.io index
    Updating git repository `https://gitlab.com/jD91mZM2/no-std-compat.git`
     Locking 130 packages to latest compatible versions
      Adding getrandom v0.3.4 (available: v0.4.3)
      Adding hashbrown v0.16.1 (available: v0.17.1)
      Adding syn v2.0.119 (available: v3.0.6)
 Downloading crates ...
  Downloaded equivalent v1.0.2
  Downloaded allocator-api2 v0.2.21
  Downloaded core-error v0.0.0
  Downloaded hashbrown v0.16.1
  Downloaded foldhash v0.2.0
  Downloaded libm v0.2.16
   Compiling libc v0.2.189
   Compiling rustix v1.1.5
   Compiling io-lifetimes v3.0.1
   Compiling io-lifetimes v2.0.4
    Checking errno v0.3.14
   Compiling cfg-if v1.0.5
    Checking bitflags v2.13.2
   Compiling io-extras v0.19.0
   Compiling portable-atomic v1.15.0
   Compiling getrandom v0.2.17
   Compiling tiny-keccak v2.0.2
   Compiling cap-primitives v4.0.3
   Compiling libm v0.2.16
   Compiling once_cell v1.21.4
   Compiling zerocopy v0.8.59
    Checking fs-set-times v0.20.3
   Compiling const-random-macro v0.1.16
   Compiling num-traits v0.2.19
   Compiling smartstring v1.0.1
   Compiling ahash v0.8.12
   Compiling core-error v0.0.0
    Checking ambient-authority v0.0.2
    Checking maybe-owned v0.3.4
   Compiling cap-std v4.0.3
    Checking ipnet v2.12.2
   Compiling syn v2.0.119
